<!doctype html public "-//w3c//dtd html 4.0 transitional//en">
<html><head>
<title>Static Call Graph - [.\Objects\RAM\rtx-app-ram.axf]</title></head>
<body><HR>
<H1>Static Call Graph for image .\Objects\RAM\rtx-app-ram.axf</H1><HR>
<BR><P>#&#060CALLGRAPH&#062# ARM Linker, 5060960: Last Updated: Mon Jul 18 20:44:18 2022
<BR><P>
<H3>Maximum Stack Usage =        392 bytes + Unknown(Functions without stacksize, Cycles, Untraceable Function Pointers)</H3><H3>
Call chain for Maximum Stack Depth:</H3>
task_kcd &rArr; printLMbuffer &rArr; k_mpool_dealloc &rArr; removeNodes &rArr; coalesce &rArr;  coalesce (Cycle)
<P>
<H3>
Functions with no stack information
</H3><UL>
 <LI><a href="#[50]">K_RESTORE</a>
 <LI><a href="#[52]">__user_initial_stackheap</a>
</UL>
</UL>
<P>
<H3>
Mutually Recursive functions
</H3> <LI><a href="#[5]">NMI_Handler</a>&nbsp;&nbsp;&nbsp;&rArr;&nbsp;&nbsp;&nbsp;<a href="#[5]">NMI_Handler</a><BR>
 <LI><a href="#[6]">HardFault_Handler</a>&nbsp;&nbsp;&nbsp;&rArr;&nbsp;&nbsp;&nbsp;<a href="#[6]">HardFault_Handler</a><BR>
 <LI><a href="#[7]">MemManage_Handler</a>&nbsp;&nbsp;&nbsp;&rArr;&nbsp;&nbsp;&nbsp;<a href="#[7]">MemManage_Handler</a><BR>
 <LI><a href="#[8]">BusFault_Handler</a>&nbsp;&nbsp;&nbsp;&rArr;&nbsp;&nbsp;&nbsp;<a href="#[8]">BusFault_Handler</a><BR>
 <LI><a href="#[9]">UsageFault_Handler</a>&nbsp;&nbsp;&nbsp;&rArr;&nbsp;&nbsp;&nbsp;<a href="#[9]">UsageFault_Handler</a><BR>
 <LI><a href="#[b]">DebugMon_Handler</a>&nbsp;&nbsp;&nbsp;&rArr;&nbsp;&nbsp;&nbsp;<a href="#[b]">DebugMon_Handler</a><BR>
 <LI><a href="#[c]">PendSV_Handler</a>&nbsp;&nbsp;&nbsp;&rArr;&nbsp;&nbsp;&nbsp;<a href="#[c]">PendSV_Handler</a><BR>
 <LI><a href="#[d]">SysTick_Handler</a>&nbsp;&nbsp;&nbsp;&rArr;&nbsp;&nbsp;&nbsp;<a href="#[d]">SysTick_Handler</a><BR>
 <LI><a href="#[24]">ADC_IRQHandler</a>&nbsp;&nbsp;&nbsp;&rArr;&nbsp;&nbsp;&nbsp;<a href="#[24]">ADC_IRQHandler</a><BR>
 <LI><a href="#[a1]">locateNode</a>&nbsp;&nbsp;&nbsp;&rArr;&nbsp;&nbsp;&nbsp;<a href="#[a1]">locateNode</a><BR>
 <LI><a href="#[84]">coalesce</a>&nbsp;&nbsp;&nbsp;&rArr;&nbsp;&nbsp;&nbsp;<a href="#[84]">coalesce</a><BR>
 <LI><a href="#[82]">updateParentNodes</a>&nbsp;&nbsp;&nbsp;&rArr;&nbsp;&nbsp;&nbsp;<a href="#[82]">updateParentNodes</a><BR>
</UL>
<P>
<H3>
Function Pointers
</H3><UL>
 <LI><a href="#[24]">ADC_IRQHandler</a> from startup_lpc17xx.o(.text) referenced from startup_lpc17xx.o(RESET)
 <LI><a href="#[25]">BOD_IRQHandler</a> from startup_lpc17xx.o(.text) referenced from startup_lpc17xx.o(RESET)
 <LI><a href="#[8]">BusFault_Handler</a> from startup_lpc17xx.o(.text) referenced from startup_lpc17xx.o(RESET)
 <LI><a href="#[30]">CANActivity_IRQHandler</a> from startup_lpc17xx.o(.text) referenced from startup_lpc17xx.o(RESET)
 <LI><a href="#[27]">CAN_IRQHandler</a> from startup_lpc17xx.o(.text) referenced from startup_lpc17xx.o(RESET)
 <LI><a href="#[28]">DMA_IRQHandler</a> from startup_lpc17xx.o(.text) referenced from startup_lpc17xx.o(RESET)
 <LI><a href="#[b]">DebugMon_Handler</a> from startup_lpc17xx.o(.text) referenced from startup_lpc17xx.o(RESET)
 <LI><a href="#[20]">EINT0_IRQHandler</a> from startup_lpc17xx.o(.text) referenced from startup_lpc17xx.o(RESET)
 <LI><a href="#[21]">EINT1_IRQHandler</a> from startup_lpc17xx.o(.text) referenced from startup_lpc17xx.o(RESET)
 <LI><a href="#[22]">EINT2_IRQHandler</a> from startup_lpc17xx.o(.text) referenced from startup_lpc17xx.o(RESET)
 <LI><a href="#[23]">EINT3_IRQHandler</a> from startup_lpc17xx.o(.text) referenced from startup_lpc17xx.o(RESET)
 <LI><a href="#[2a]">ENET_IRQHandler</a> from startup_lpc17xx.o(.text) referenced from startup_lpc17xx.o(RESET)
 <LI><a href="#[6]">HardFault_Handler</a> from startup_lpc17xx.o(.text) referenced from startup_lpc17xx.o(RESET)
 <LI><a href="#[18]">I2C0_IRQHandler</a> from startup_lpc17xx.o(.text) referenced from startup_lpc17xx.o(RESET)
 <LI><a href="#[19]">I2C1_IRQHandler</a> from startup_lpc17xx.o(.text) referenced from startup_lpc17xx.o(RESET)
 <LI><a href="#[1a]">I2C2_IRQHandler</a> from startup_lpc17xx.o(.text) referenced from startup_lpc17xx.o(RESET)
 <LI><a href="#[29]">I2S_IRQHandler</a> from startup_lpc17xx.o(.text) referenced from startup_lpc17xx.o(RESET)
 <LI><a href="#[2c]">MCPWM_IRQHandler</a> from startup_lpc17xx.o(.text) referenced from startup_lpc17xx.o(RESET)
 <LI><a href="#[7]">MemManage_Handler</a> from startup_lpc17xx.o(.text) referenced from startup_lpc17xx.o(RESET)
 <LI><a href="#[5]">NMI_Handler</a> from startup_lpc17xx.o(.text) referenced from startup_lpc17xx.o(RESET)
 <LI><a href="#[1e]">PLL0_IRQHandler</a> from startup_lpc17xx.o(.text) referenced from startup_lpc17xx.o(RESET)
 <LI><a href="#[2e]">PLL1_IRQHandler</a> from startup_lpc17xx.o(.text) referenced from startup_lpc17xx.o(RESET)
 <LI><a href="#[17]">PWM1_IRQHandler</a> from startup_lpc17xx.o(.text) referenced from startup_lpc17xx.o(RESET)
 <LI><a href="#[c]">PendSV_Handler</a> from startup_lpc17xx.o(.text) referenced from startup_lpc17xx.o(RESET)
 <LI><a href="#[2d]">QEI_IRQHandler</a> from startup_lpc17xx.o(.text) referenced from startup_lpc17xx.o(RESET)
 <LI><a href="#[2b]">RIT_IRQHandler</a> from startup_lpc17xx.o(.text) referenced from startup_lpc17xx.o(RESET)
 <LI><a href="#[1f]">RTC_IRQHandler</a> from startup_lpc17xx.o(.text) referenced from startup_lpc17xx.o(RESET)
 <LI><a href="#[4]">Reset_Handler</a> from startup_lpc17xx.o(.text) referenced from startup_lpc17xx.o(RESET)
 <LI><a href="#[1b]">SPI_IRQHandler</a> from startup_lpc17xx.o(.text) referenced from startup_lpc17xx.o(RESET)
 <LI><a href="#[1c]">SSP0_IRQHandler</a> from startup_lpc17xx.o(.text) referenced from startup_lpc17xx.o(RESET)
 <LI><a href="#[1d]">SSP1_IRQHandler</a> from startup_lpc17xx.o(.text) referenced from startup_lpc17xx.o(RESET)
 <LI><a href="#[a]">SVC_Handler</a> from hal.o(i.SVC_Handler) referenced from startup_lpc17xx.o(RESET)
 <LI><a href="#[36]">SVC_RTE</a> from hal.o(.emb_text) referenced from k_task.o(i.k_tsk_create)
 <LI><a href="#[36]">SVC_RTE</a> from hal.o(.emb_text) referenced from k_task.o(i.k_tsk_create_new)
 <LI><a href="#[d]">SysTick_Handler</a> from startup_lpc17xx.o(.text) referenced from startup_lpc17xx.o(RESET)
 <LI><a href="#[31]">SystemInit</a> from system_lpc17xx.o(i.SystemInit) referenced from startup_lpc17xx.o(.text)
 <LI><a href="#[f]">TIMER0_IRQHandler</a> from timer.o(i.TIMER0_IRQHandler) referenced from startup_lpc17xx.o(RESET)
 <LI><a href="#[10]">TIMER1_IRQHandler</a> from startup_lpc17xx.o(.text) referenced from startup_lpc17xx.o(RESET)
 <LI><a href="#[11]">TIMER2_IRQHandler</a> from startup_lpc17xx.o(.text) referenced from startup_lpc17xx.o(RESET)
 <LI><a href="#[12]">TIMER3_IRQHandler</a> from startup_lpc17xx.o(.text) referenced from startup_lpc17xx.o(RESET)
 <LI><a href="#[13]">UART0_IRQHandler</a> from uart_irq.o(i.UART0_IRQHandler) referenced from startup_lpc17xx.o(RESET)
 <LI><a href="#[14]">UART1_IRQHandler</a> from startup_lpc17xx.o(.text) referenced from startup_lpc17xx.o(RESET)
 <LI><a href="#[15]">UART2_IRQHandler</a> from startup_lpc17xx.o(.text) referenced from startup_lpc17xx.o(RESET)
 <LI><a href="#[16]">UART3_IRQHandler</a> from startup_lpc17xx.o(.text) referenced from startup_lpc17xx.o(RESET)
 <LI><a href="#[2f]">USBActivity_IRQHandler</a> from startup_lpc17xx.o(.text) referenced from startup_lpc17xx.o(RESET)
 <LI><a href="#[26]">USB_IRQHandler</a> from startup_lpc17xx.o(.text) referenced from startup_lpc17xx.o(RESET)
 <LI><a href="#[9]">UsageFault_Handler</a> from startup_lpc17xx.o(.text) referenced from startup_lpc17xx.o(RESET)
 <LI><a href="#[e]">WDT_IRQHandler</a> from startup_lpc17xx.o(.text) referenced from startup_lpc17xx.o(RESET)
 <LI><a href="#[3f]">__main</a> from __main.o(!!!main) referenced from startup_lpc17xx.o(.text)
 <LI><a href="#[39]">k_pre_rtx_init</a> from k_rtx_init.o(i.k_pre_rtx_init) referenced from main.o(i.main)
 <LI><a href="#[3a]">priv_task1</a> from ae_tasks.o(i.priv_task1) referenced from ae_tasks.o(i.set_ae_tasks)
 <LI><a href="#[38]">putc</a> from uart_polling.o(i.putc) referenced from main.o(i.main)
 <LI><a href="#[3e]">putcp</a> from printf.o(i.putcp) referenced from printf.o(i.tfp_sprintf)
 <LI><a href="#[3b]">task1</a> from ae_tasks.o(i.task1) referenced from ae_tasks.o(i.set_ae_tasks)
 <LI><a href="#[3c]">task2</a> from ae_tasks.o(i.task2) referenced from ae_tasks.o(i.task1)
 <LI><a href="#[3d]">task3</a> from ae_tasks.o(i.task3) referenced from ae_tasks.o(i.task1)
 <LI><a href="#[35]">task_cdisp</a> from cdisp_task.o(i.task_cdisp) referenced from k_rtx_init.o(i.k_rtx_init)
 <LI><a href="#[33]">task_kcd</a> from kcd_task.o(i.task_kcd) referenced from k_rtx_init.o(i.k_rtx_init)
 <LI><a href="#[37]">task_null</a> from null_task.o(i.task_null) referenced from k_task.o(i.k_tsk_init_first)
 <LI><a href="#[34]">task_wall_clock</a> from wall_clock_task.o(i.task_wall_clock) referenced from k_rtx_init.o(i.k_rtx_init)
</UL>
<P>
<H3>
Global Symbols
</H3>
<P><STRONG><a name="[3f]"></a>__main</STRONG> (Thumb, 8 bytes, Stack size 0 bytes, __main.o(!!!main))
<BR><BR>[Calls]<UL><LI><a href="#[41]">&gt;&gt;</a>&nbsp;&nbsp;&nbsp;__rt_entry
<LI><a href="#[40]">&gt;&gt;</a>&nbsp;&nbsp;&nbsp;__scatterload
</UL>

<P><STRONG><a name="[40]"></a>__scatterload</STRONG> (Thumb, 0 bytes, Stack size unknown bytes, __scatter.o(!!!scatter))
<BR><BR>[Called By]<UL><LI><a href="#[3f]">&gt;&gt;</a>&nbsp;&nbsp;&nbsp;__main
</UL>

<P><STRONG><a name="[42]"></a>__scatterload_rt2</STRONG> (Thumb, 44 bytes, Stack size unknown bytes, __scatter.o(!!!scatter), UNUSED)
<BR><BR>[Calls]<UL><LI><a href="#[41]">&gt;&gt;</a>&nbsp;&nbsp;&nbsp;__rt_entry
</UL>

<P><STRONG><a name="[b9]"></a>__scatterload_rt2_thumb_only</STRONG> (Thumb, 0 bytes, Stack size unknown bytes, __scatter.o(!!!scatter), UNUSED)

<P><STRONG><a name="[ba]"></a>__scatterload_null</STRONG> (Thumb, 0 bytes, Stack size unknown bytes, __scatter.o(!!!scatter), UNUSED)

<P><STRONG><a name="[43]"></a>__scatterload_copy</STRONG> (Thumb, 26 bytes, Stack size unknown bytes, __scatter_copy.o(!!handler_copy), UNUSED)
<BR><BR>[Calls]<UL><LI><a href="#[43]">&gt;&gt;</a>&nbsp;&nbsp;&nbsp;__scatterload_copy
</UL>
<BR>[Called By]<UL><LI><a href="#[43]">&gt;&gt;</a>&nbsp;&nbsp;&nbsp;__scatterload_copy
</UL>

<P><STRONG><a name="[bb]"></a>__scatterload_zeroinit</STRONG> (Thumb, 28 bytes, Stack size unknown bytes, __scatter_zi.o(!!handler_zi), UNUSED)

<P><STRONG><a name="[47]"></a>__rt_lib_init</STRONG> (Thumb, 0 bytes, Stack size unknown bytes, libinit.o(.ARM.Collect$$libinit$$00000000))
<BR><BR>[Called By]<UL><LI><a href="#[46]">&gt;&gt;</a>&nbsp;&nbsp;&nbsp;__rt_entry_li
</UL>

<P><STRONG><a name="[bc]"></a>__rt_lib_init_alloca_1</STRONG> (Thumb, 0 bytes, Stack size unknown bytes, libinit2.o(.ARM.Collect$$libinit$$0000002E))

<P><STRONG><a name="[bd]"></a>__rt_lib_init_argv_1</STRONG> (Thumb, 0 bytes, Stack size unknown bytes, libinit2.o(.ARM.Collect$$libinit$$0000002C))

<P><STRONG><a name="[be]"></a>__rt_lib_init_atexit_1</STRONG> (Thumb, 0 bytes, Stack size unknown bytes, libinit2.o(.ARM.Collect$$libinit$$0000001B))

<P><STRONG><a name="[bf]"></a>__rt_lib_init_clock_1</STRONG> (Thumb, 0 bytes, Stack size unknown bytes, libinit2.o(.ARM.Collect$$libinit$$00000021))

<P><STRONG><a name="[c0]"></a>__rt_lib_init_cpp_1</STRONG> (Thumb, 0 bytes, Stack size unknown bytes, libinit2.o(.ARM.Collect$$libinit$$00000032))

<P><STRONG><a name="[c1]"></a>__rt_lib_init_exceptions_1</STRONG> (Thumb, 0 bytes, Stack size unknown bytes, libinit2.o(.ARM.Collect$$libinit$$00000030))

<P><STRONG><a name="[c2]"></a>__rt_lib_init_fp_1</STRONG> (Thumb, 0 bytes, Stack size unknown bytes, libinit2.o(.ARM.Collect$$libinit$$00000002))

<P><STRONG><a name="[c3]"></a>__rt_lib_init_fp_trap_1</STRONG> (Thumb, 0 bytes, Stack size unknown bytes, libinit2.o(.ARM.Collect$$libinit$$0000001F))

<P><STRONG><a name="[c4]"></a>__rt_lib_init_getenv_1</STRONG> (Thumb, 0 bytes, Stack size unknown bytes, libinit2.o(.ARM.Collect$$libinit$$00000023))

<P><STRONG><a name="[c5]"></a>__rt_lib_init_heap_1</STRONG> (Thumb, 0 bytes, Stack size unknown bytes, libinit2.o(.ARM.Collect$$libinit$$0000000A))

<P><STRONG><a name="[c6]"></a>__rt_lib_init_lc_collate_1</STRONG> (Thumb, 0 bytes, Stack size unknown bytes, libinit2.o(.ARM.Collect$$libinit$$00000011))

<P><STRONG><a name="[c7]"></a>__rt_lib_init_lc_ctype_1</STRONG> (Thumb, 0 bytes, Stack size unknown bytes, libinit2.o(.ARM.Collect$$libinit$$00000013))

<P><STRONG><a name="[c8]"></a>__rt_lib_init_lc_monetary_1</STRONG> (Thumb, 0 bytes, Stack size unknown bytes, libinit2.o(.ARM.Collect$$libinit$$00000015))

<P><STRONG><a name="[c9]"></a>__rt_lib_init_lc_numeric_1</STRONG> (Thumb, 0 bytes, Stack size unknown bytes, libinit2.o(.ARM.Collect$$libinit$$00000017))

<P><STRONG><a name="[ca]"></a>__rt_lib_init_lc_time_1</STRONG> (Thumb, 0 bytes, Stack size unknown bytes, libinit2.o(.ARM.Collect$$libinit$$00000019))

<P><STRONG><a name="[cb]"></a>__rt_lib_init_preinit_1</STRONG> (Thumb, 0 bytes, Stack size unknown bytes, libinit2.o(.ARM.Collect$$libinit$$00000004))

<P><STRONG><a name="[cc]"></a>__rt_lib_init_rand_1</STRONG> (Thumb, 0 bytes, Stack size unknown bytes, libinit2.o(.ARM.Collect$$libinit$$0000000E))

<P><STRONG><a name="[cd]"></a>__rt_lib_init_return</STRONG> (Thumb, 0 bytes, Stack size unknown bytes, libinit2.o(.ARM.Collect$$libinit$$00000033))

<P><STRONG><a name="[ce]"></a>__rt_lib_init_signal_1</STRONG> (Thumb, 0 bytes, Stack size unknown bytes, libinit2.o(.ARM.Collect$$libinit$$0000001D))

<P><STRONG><a name="[cf]"></a>__rt_lib_init_stdio_1</STRONG> (Thumb, 0 bytes, Stack size unknown bytes, libinit2.o(.ARM.Collect$$libinit$$00000025))

<P><STRONG><a name="[d0]"></a>__rt_lib_init_user_alloc_1</STRONG> (Thumb, 0 bytes, Stack size unknown bytes, libinit2.o(.ARM.Collect$$libinit$$0000000C))

<P><STRONG><a name="[4c]"></a>__rt_lib_shutdown</STRONG> (Thumb, 0 bytes, Stack size unknown bytes, libshutdown.o(.ARM.Collect$$libshutdown$$00000000))
<BR><BR>[Called By]<UL><LI><a href="#[4b]">&gt;&gt;</a>&nbsp;&nbsp;&nbsp;__rt_exit_ls
</UL>

<P><STRONG><a name="[d1]"></a>__rt_lib_shutdown_cpp_1</STRONG> (Thumb, 0 bytes, Stack size unknown bytes, libshutdown2.o(.ARM.Collect$$libshutdown$$00000004))

<P><STRONG><a name="[d2]"></a>__rt_lib_shutdown_fini_1</STRONG> (Thumb, 0 bytes, Stack size unknown bytes, libshutdown2.o(.ARM.Collect$$libshutdown$$00000002))

<P><STRONG><a name="[d3]"></a>__rt_lib_shutdown_fp_trap_1</STRONG> (Thumb, 0 bytes, Stack size unknown bytes, libshutdown2.o(.ARM.Collect$$libshutdown$$00000009))

<P><STRONG><a name="[d4]"></a>__rt_lib_shutdown_heap_1</STRONG> (Thumb, 0 bytes, Stack size unknown bytes, libshutdown2.o(.ARM.Collect$$libshutdown$$00000011))

<P><STRONG><a name="[d5]"></a>__rt_lib_shutdown_return</STRONG> (Thumb, 0 bytes, Stack size unknown bytes, libshutdown2.o(.ARM.Collect$$libshutdown$$00000012))

<P><STRONG><a name="[d6]"></a>__rt_lib_shutdown_signal_1</STRONG> (Thumb, 0 bytes, Stack size unknown bytes, libshutdown2.o(.ARM.Collect$$libshutdown$$0000000C))

<P><STRONG><a name="[d7]"></a>__rt_lib_shutdown_stdio_1</STRONG> (Thumb, 0 bytes, Stack size unknown bytes, libshutdown2.o(.ARM.Collect$$libshutdown$$00000006))

<P><STRONG><a name="[d8]"></a>__rt_lib_shutdown_user_alloc_1</STRONG> (Thumb, 0 bytes, Stack size unknown bytes, libshutdown2.o(.ARM.Collect$$libshutdown$$0000000E))

<P><STRONG><a name="[41]"></a>__rt_entry</STRONG> (Thumb, 0 bytes, Stack size unknown bytes, __rtentry.o(.ARM.Collect$$rtentry$$00000000))
<BR><BR>[Called By]<UL><LI><a href="#[3f]">&gt;&gt;</a>&nbsp;&nbsp;&nbsp;__main
<LI><a href="#[42]">&gt;&gt;</a>&nbsp;&nbsp;&nbsp;__scatterload_rt2
</UL>

<P><STRONG><a name="[d9]"></a>__rt_entry_presh_1</STRONG> (Thumb, 0 bytes, Stack size unknown bytes, __rtentry2.o(.ARM.Collect$$rtentry$$00000002))

<P><STRONG><a name="[44]"></a>__rt_entry_sh</STRONG> (Thumb, 0 bytes, Stack size unknown bytes, __rtentry4.o(.ARM.Collect$$rtentry$$00000004))
<BR><BR>[Stack]<UL><LI>Max Depth = 8 + Unknown Stack Size
<LI>Call Chain = __rt_entry_sh &rArr; __user_setup_stackheap
</UL>
<BR>[Calls]<UL><LI><a href="#[45]">&gt;&gt;</a>&nbsp;&nbsp;&nbsp;__user_setup_stackheap
</UL>

<P><STRONG><a name="[46]"></a>__rt_entry_li</STRONG> (Thumb, 0 bytes, Stack size unknown bytes, __rtentry2.o(.ARM.Collect$$rtentry$$0000000A))
<BR><BR>[Calls]<UL><LI><a href="#[47]">&gt;&gt;</a>&nbsp;&nbsp;&nbsp;__rt_lib_init
</UL>

<P><STRONG><a name="[da]"></a>__rt_entry_postsh_1</STRONG> (Thumb, 0 bytes, Stack size unknown bytes, __rtentry2.o(.ARM.Collect$$rtentry$$00000009))

<P><STRONG><a name="[48]"></a>__rt_entry_main</STRONG> (Thumb, 0 bytes, Stack size unknown bytes, __rtentry2.o(.ARM.Collect$$rtentry$$0000000D))
<BR><BR>[Stack]<UL><LI>Max Depth = 76 + Unknown Stack Size
<LI>Call Chain = __rt_entry_main &rArr; main &rArr; ae_init &rArr; ae_set_init_tasks_info &rArr; set_ae_init_tasks &rArr; set_ae_tasks
</UL>
<BR>[Calls]<UL><LI><a href="#[4a]">&gt;&gt;</a>&nbsp;&nbsp;&nbsp;exit
<LI><a href="#[49]">&gt;&gt;</a>&nbsp;&nbsp;&nbsp;main
</UL>

<P><STRONG><a name="[db]"></a>__rt_entry_postli_1</STRONG> (Thumb, 0 bytes, Stack size unknown bytes, __rtentry2.o(.ARM.Collect$$rtentry$$0000000C))

<P><STRONG><a name="[53]"></a>__rt_exit</STRONG> (Thumb, 0 bytes, Stack size unknown bytes, rtexit.o(.ARM.Collect$$rtexit$$00000000))
<BR><BR>[Called By]<UL><LI><a href="#[4a]">&gt;&gt;</a>&nbsp;&nbsp;&nbsp;exit
</UL>

<P><STRONG><a name="[4b]"></a>__rt_exit_ls</STRONG> (Thumb, 0 bytes, Stack size unknown bytes, rtexit2.o(.ARM.Collect$$rtexit$$00000003))
<BR><BR>[Calls]<UL><LI><a href="#[4c]">&gt;&gt;</a>&nbsp;&nbsp;&nbsp;__rt_lib_shutdown
</UL>

<P><STRONG><a name="[dc]"></a>__rt_exit_prels_1</STRONG> (Thumb, 0 bytes, Stack size unknown bytes, rtexit2.o(.ARM.Collect$$rtexit$$00000002))

<P><STRONG><a name="[4d]"></a>__rt_exit_exit</STRONG> (Thumb, 0 bytes, Stack size unknown bytes, rtexit2.o(.ARM.Collect$$rtexit$$00000004))
<BR><BR>[Calls]<UL><LI><a href="#[4e]">&gt;&gt;</a>&nbsp;&nbsp;&nbsp;_sys_exit
</UL>

<P><STRONG><a name="[36]"></a>SVC_RTE</STRONG> (Thumb, 0 bytes, Stack size 0 bytes, hal.o(.emb_text))
<BR>[Address Reference Count : 2]<UL><LI> k_task.o(i.k_tsk_create)
<LI> k_task.o(i.k_tsk_create_new)
</UL>
<P><STRONG><a name="[dd]"></a>__rte</STRONG> (Thumb, 8 bytes, Stack size 0 bytes, hal.o(.emb_text), UNUSED)

<P><STRONG><a name="[a0]"></a>k_tsk_switch</STRONG> (Thumb, 44 bytes, Stack size 0 bytes, k_task.o(.emb_text))
<BR><BR>[Called By]<UL><LI><a href="#[6e]">&gt;&gt;</a>&nbsp;&nbsp;&nbsp;k_tsk_run_new
</UL>

<P><STRONG><a name="[50]"></a>K_RESTORE</STRONG> (Thumb, 0 bytes, Stack size unknown bytes, k_task.o(.emb_text))
<BR><BR>[Called By]<UL><LI><a href="#[4f]">&gt;&gt;</a>&nbsp;&nbsp;&nbsp;k_tsk_start
</UL>

<P><STRONG><a name="[4f]"></a>k_tsk_start</STRONG> (Thumb, 2 bytes, Stack size 0 bytes, k_task.o(.emb_text))
<BR><BR>[Calls]<UL><LI><a href="#[50]">&gt;&gt;</a>&nbsp;&nbsp;&nbsp;K_RESTORE
</UL>
<BR>[Called By]<UL><LI><a href="#[54]">&gt;&gt;</a>&nbsp;&nbsp;&nbsp;k_rtx_init
</UL>

<P><STRONG><a name="[4]"></a>Reset_Handler</STRONG> (Thumb, 8 bytes, Stack size 0 bytes, startup_lpc17xx.o(.text))
<BR>[Address Reference Count : 1]<UL><LI> startup_lpc17xx.o(RESET)
</UL>
<P><STRONG><a name="[5]"></a>NMI_Handler</STRONG> (Thumb, 2 bytes, Stack size 0 bytes, startup_lpc17xx.o(.text))
<BR><BR>[Calls]<UL><LI><a href="#[5]">&gt;&gt;</a>&nbsp;&nbsp;&nbsp;NMI_Handler
</UL>
<BR>[Called By]<UL><LI><a href="#[5]">&gt;&gt;</a>&nbsp;&nbsp;&nbsp;NMI_Handler
</UL>
<BR>[Address Reference Count : 1]<UL><LI> startup_lpc17xx.o(RESET)
</UL>
<P><STRONG><a name="[6]"></a>HardFault_Handler</STRONG> (Thumb, 2 bytes, Stack size 0 bytes, startup_lpc17xx.o(.text))
<BR><BR>[Calls]<UL><LI><a href="#[6]">&gt;&gt;</a>&nbsp;&nbsp;&nbsp;HardFault_Handler
</UL>
<BR>[Called By]<UL><LI><a href="#[6]">&gt;&gt;</a>&nbsp;&nbsp;&nbsp;HardFault_Handler
</UL>
<BR>[Address Reference Count : 1]<UL><LI> startup_lpc17xx.o(RESET)
</UL>
<P><STRONG><a name="[7]"></a>MemManage_Handler</STRONG> (Thumb, 2 bytes, Stack size 0 bytes, startup_lpc17xx.o(.text))
<BR><BR>[Calls]<UL><LI><a href="#[7]">&gt;&gt;</a>&nbsp;&nbsp;&nbsp;MemManage_Handler
</UL>
<BR>[Called By]<UL><LI><a href="#[7]">&gt;&gt;</a>&nbsp;&nbsp;&nbsp;MemManage_Handler
</UL>
<BR>[Address Reference Count : 1]<UL><LI> startup_lpc17xx.o(RESET)
</UL>
<P><STRONG><a name="[8]"></a>BusFault_Handler</STRONG> (Thumb, 2 bytes, Stack size 0 bytes, startup_lpc17xx.o(.text))
<BR><BR>[Calls]<UL><LI><a href="#[8]">&gt;&gt;</a>&nbsp;&nbsp;&nbsp;BusFault_Handler
</UL>
<BR>[Called By]<UL><LI><a href="#[8]">&gt;&gt;</a>&nbsp;&nbsp;&nbsp;BusFault_Handler
</UL>
<BR>[Address Reference Count : 1]<UL><LI> startup_lpc17xx.o(RESET)
</UL>
<P><STRONG><a name="[9]"></a>UsageFault_Handler</STRONG> (Thumb, 2 bytes, Stack size 0 bytes, startup_lpc17xx.o(.text))
<BR><BR>[Calls]<UL><LI><a href="#[9]">&gt;&gt;</a>&nbsp;&nbsp;&nbsp;UsageFault_Handler
</UL>
<BR>[Called By]<UL><LI><a href="#[9]">&gt;&gt;</a>&nbsp;&nbsp;&nbsp;UsageFault_Handler
</UL>
<BR>[Address Reference Count : 1]<UL><LI> startup_lpc17xx.o(RESET)
</UL>
<P><STRONG><a name="[b]"></a>DebugMon_Handler</STRONG> (Thumb, 2 bytes, Stack size 0 bytes, startup_lpc17xx.o(.text))
<BR><BR>[Calls]<UL><LI><a href="#[b]">&gt;&gt;</a>&nbsp;&nbsp;&nbsp;DebugMon_Handler
</UL>
<BR>[Called By]<UL><LI><a href="#[b]">&gt;&gt;</a>&nbsp;&nbsp;&nbsp;DebugMon_Handler
</UL>
<BR>[Address Reference Count : 1]<UL><LI> startup_lpc17xx.o(RESET)
</UL>
<P><STRONG><a name="[c]"></a>PendSV_Handler</STRONG> (Thumb, 2 bytes, Stack size 0 bytes, startup_lpc17xx.o(.text))
<BR><BR>[Calls]<UL><LI><a href="#[c]">&gt;&gt;</a>&nbsp;&nbsp;&nbsp;PendSV_Handler
</UL>
<BR>[Called By]<UL><LI><a href="#[c]">&gt;&gt;</a>&nbsp;&nbsp;&nbsp;PendSV_Handler
</UL>
<BR>[Address Reference Count : 1]<UL><LI> startup_lpc17xx.o(RESET)
</UL>
<P><STRONG><a name="[d]"></a>SysTick_Handler</STRONG> (Thumb, 2 bytes, Stack size 0 bytes, startup_lpc17xx.o(.text))
<BR><BR>[Calls]<UL><LI><a href="#[d]">&gt;&gt;</a>&nbsp;&nbsp;&nbsp;SysTick_Handler
</UL>
<BR>[Called By]<UL><LI><a href="#[d]">&gt;&gt;</a>&nbsp;&nbsp;&nbsp;SysTick_Handler
</UL>
<BR>[Address Reference Count : 1]<UL><LI> startup_lpc17xx.o(RESET)
</UL>
<P><STRONG><a name="[24]"></a>ADC_IRQHandler</STRONG> (Thumb, 0 bytes, Stack size 0 bytes, startup_lpc17xx.o(.text))
<BR><BR>[Calls]<UL><LI><a href="#[24]">&gt;&gt;</a>&nbsp;&nbsp;&nbsp;ADC_IRQHandler
</UL>
<BR>[Called By]<UL><LI><a href="#[24]">&gt;&gt;</a>&nbsp;&nbsp;&nbsp;ADC_IRQHandler
</UL>
<BR>[Address Reference Count : 1]<UL><LI> startup_lpc17xx.o(RESET)
</UL>
<P><STRONG><a name="[25]"></a>BOD_IRQHandler</STRONG> (Thumb, 0 bytes, Stack size 0 bytes, startup_lpc17xx.o(.text))
<BR>[Address Reference Count : 1]<UL><LI> startup_lpc17xx.o(RESET)
</UL>
<P><STRONG><a name="[30]"></a>CANActivity_IRQHandler</STRONG> (Thumb, 0 bytes, Stack size 0 bytes, startup_lpc17xx.o(.text))
<BR>[Address Reference Count : 1]<UL><LI> startup_lpc17xx.o(RESET)
</UL>
<P><STRONG><a name="[27]"></a>CAN_IRQHandler</STRONG> (Thumb, 0 bytes, Stack size 0 bytes, startup_lpc17xx.o(.text))
<BR>[Address Reference Count : 1]<UL><LI> startup_lpc17xx.o(RESET)
</UL>
<P><STRONG><a name="[28]"></a>DMA_IRQHandler</STRONG> (Thumb, 0 bytes, Stack size 0 bytes, startup_lpc17xx.o(.text))
<BR>[Address Reference Count : 1]<UL><LI> startup_lpc17xx.o(RESET)
</UL>
<P><STRONG><a name="[20]"></a>EINT0_IRQHandler</STRONG> (Thumb, 0 bytes, Stack size 0 bytes, startup_lpc17xx.o(.text))
<BR>[Address Reference Count : 1]<UL><LI> startup_lpc17xx.o(RESET)
</UL>
<P><STRONG><a name="[21]"></a>EINT1_IRQHandler</STRONG> (Thumb, 0 bytes, Stack size 0 bytes, startup_lpc17xx.o(.text))
<BR>[Address Reference Count : 1]<UL><LI> startup_lpc17xx.o(RESET)
</UL>
<P><STRONG><a name="[22]"></a>EINT2_IRQHandler</STRONG> (Thumb, 0 bytes, Stack size 0 bytes, startup_lpc17xx.o(.text))
<BR>[Address Reference Count : 1]<UL><LI> startup_lpc17xx.o(RESET)
</UL>
<P><STRONG><a name="[23]"></a>EINT3_IRQHandler</STRONG> (Thumb, 0 bytes, Stack size 0 bytes, startup_lpc17xx.o(.text))
<BR>[Address Reference Count : 1]<UL><LI> startup_lpc17xx.o(RESET)
</UL>
<P><STRONG><a name="[2a]"></a>ENET_IRQHandler</STRONG> (Thumb, 0 bytes, Stack size 0 bytes, startup_lpc17xx.o(.text))
<BR>[Address Reference Count : 1]<UL><LI> startup_lpc17xx.o(RESET)
</UL>
<P><STRONG><a name="[18]"></a>I2C0_IRQHandler</STRONG> (Thumb, 0 bytes, Stack size 0 bytes, startup_lpc17xx.o(.text))
<BR>[Address Reference Count : 1]<UL><LI> startup_lpc17xx.o(RESET)
</UL>
<P><STRONG><a name="[19]"></a>I2C1_IRQHandler</STRONG> (Thumb, 0 bytes, Stack size 0 bytes, startup_lpc17xx.o(.text))
<BR>[Address Reference Count : 1]<UL><LI> startup_lpc17xx.o(RESET)
</UL>
<P><STRONG><a name="[1a]"></a>I2C2_IRQHandler</STRONG> (Thumb, 0 bytes, Stack size 0 bytes, startup_lpc17xx.o(.text))
<BR>[Address Reference Count : 1]<UL><LI> startup_lpc17xx.o(RESET)
</UL>
<P><STRONG><a name="[29]"></a>I2S_IRQHandler</STRONG> (Thumb, 0 bytes, Stack size 0 bytes, startup_lpc17xx.o(.text))
<BR>[Address Reference Count : 1]<UL><LI> startup_lpc17xx.o(RESET)
</UL>
<P><STRONG><a name="[2c]"></a>MCPWM_IRQHandler</STRONG> (Thumb, 0 bytes, Stack size 0 bytes, startup_lpc17xx.o(.text))
<BR>[Address Reference Count : 1]<UL><LI> startup_lpc17xx.o(RESET)
</UL>
<P><STRONG><a name="[1e]"></a>PLL0_IRQHandler</STRONG> (Thumb, 0 bytes, Stack size 0 bytes, startup_lpc17xx.o(.text))
<BR>[Address Reference Count : 1]<UL><LI> startup_lpc17xx.o(RESET)
</UL>
<P><STRONG><a name="[2e]"></a>PLL1_IRQHandler</STRONG> (Thumb, 0 bytes, Stack size 0 bytes, startup_lpc17xx.o(.text))
<BR>[Address Reference Count : 1]<UL><LI> startup_lpc17xx.o(RESET)
</UL>
<P><STRONG><a name="[17]"></a>PWM1_IRQHandler</STRONG> (Thumb, 0 bytes, Stack size 0 bytes, startup_lpc17xx.o(.text))
<BR>[Address Reference Count : 1]<UL><LI> startup_lpc17xx.o(RESET)
</UL>
<P><STRONG><a name="[2d]"></a>QEI_IRQHandler</STRONG> (Thumb, 0 bytes, Stack size 0 bytes, startup_lpc17xx.o(.text))
<BR>[Address Reference Count : 1]<UL><LI> startup_lpc17xx.o(RESET)
</UL>
<P><STRONG><a name="[2b]"></a>RIT_IRQHandler</STRONG> (Thumb, 0 bytes, Stack size 0 bytes, startup_lpc17xx.o(.text))
<BR>[Address Reference Count : 1]<UL><LI> startup_lpc17xx.o(RESET)
</UL>
<P><STRONG><a name="[1f]"></a>RTC_IRQHandler</STRONG> (Thumb, 0 bytes, Stack size 0 bytes, startup_lpc17xx.o(.text))
<BR>[Address Reference Count : 1]<UL><LI> startup_lpc17xx.o(RESET)
</UL>
<P><STRONG><a name="[1b]"></a>SPI_IRQHandler</STRONG> (Thumb, 0 bytes, Stack size 0 bytes, startup_lpc17xx.o(.text))
<BR>[Address Reference Count : 1]<UL><LI> startup_lpc17xx.o(RESET)
</UL>
<P><STRONG><a name="[1c]"></a>SSP0_IRQHandler</STRONG> (Thumb, 0 bytes, Stack size 0 bytes, startup_lpc17xx.o(.text))
<BR>[Address Reference Count : 1]<UL><LI> startup_lpc17xx.o(RESET)
</UL>
<P><STRONG><a name="[1d]"></a>SSP1_IRQHandler</STRONG> (Thumb, 0 bytes, Stack size 0 bytes, startup_lpc17xx.o(.text))
<BR>[Address Reference Count : 1]<UL><LI> startup_lpc17xx.o(RESET)
</UL>
<P><STRONG><a name="[10]"></a>TIMER1_IRQHandler</STRONG> (Thumb, 0 bytes, Stack size 0 bytes, startup_lpc17xx.o(.text))
<BR>[Address Reference Count : 1]<UL><LI> startup_lpc17xx.o(RESET)
</UL>
<P><STRONG><a name="[11]"></a>TIMER2_IRQHandler</STRONG> (Thumb, 0 bytes, Stack size 0 bytes, startup_lpc17xx.o(.text))
<BR>[Address Reference Count : 1]<UL><LI> startup_lpc17xx.o(RESET)
</UL>
<P><STRONG><a name="[12]"></a>TIMER3_IRQHandler</STRONG> (Thumb, 0 bytes, Stack size 0 bytes, startup_lpc17xx.o(.text))
<BR>[Address Reference Count : 1]<UL><LI> startup_lpc17xx.o(RESET)
</UL>
<P><STRONG><a name="[14]"></a>UART1_IRQHandler</STRONG> (Thumb, 0 bytes, Stack size 0 bytes, startup_lpc17xx.o(.text))
<BR>[Address Reference Count : 1]<UL><LI> startup_lpc17xx.o(RESET)
</UL>
<P><STRONG><a name="[15]"></a>UART2_IRQHandler</STRONG> (Thumb, 0 bytes, Stack size 0 bytes, startup_lpc17xx.o(.text))
<BR>[Address Reference Count : 1]<UL><LI> startup_lpc17xx.o(RESET)
</UL>
<P><STRONG><a name="[16]"></a>UART3_IRQHandler</STRONG> (Thumb, 0 bytes, Stack size 0 bytes, startup_lpc17xx.o(.text))
<BR>[Address Reference Count : 1]<UL><LI> startup_lpc17xx.o(RESET)
</UL>
<P><STRONG><a name="[2f]"></a>USBActivity_IRQHandler</STRONG> (Thumb, 0 bytes, Stack size 0 bytes, startup_lpc17xx.o(.text))
<BR>[Address Reference Count : 1]<UL><LI> startup_lpc17xx.o(RESET)
</UL>
<P><STRONG><a name="[26]"></a>USB_IRQHandler</STRONG> (Thumb, 0 bytes, Stack size 0 bytes, startup_lpc17xx.o(.text))
<BR>[Address Reference Count : 1]<UL><LI> startup_lpc17xx.o(RESET)
</UL>
<P><STRONG><a name="[e]"></a>WDT_IRQHandler</STRONG> (Thumb, 0 bytes, Stack size 0 bytes, startup_lpc17xx.o(.text))
<BR>[Address Reference Count : 1]<UL><LI> startup_lpc17xx.o(RESET)
</UL>
<P><STRONG><a name="[52]"></a>__user_initial_stackheap</STRONG> (Thumb, 0 bytes, Stack size unknown bytes, startup_lpc17xx.o(.text))
<BR><BR>[Called By]<UL><LI><a href="#[45]">&gt;&gt;</a>&nbsp;&nbsp;&nbsp;__user_setup_stackheap
</UL>

<P><STRONG><a name="[de]"></a>__use_two_region_memory</STRONG> (Thumb, 2 bytes, Stack size 0 bytes, heapauxi.o(.text), UNUSED)

<P><STRONG><a name="[df]"></a>__rt_heap_escrow$2region</STRONG> (Thumb, 2 bytes, Stack size 0 bytes, heapauxi.o(.text), UNUSED)

<P><STRONG><a name="[e0]"></a>__rt_heap_expand$2region</STRONG> (Thumb, 2 bytes, Stack size 0 bytes, heapauxi.o(.text), UNUSED)

<P><STRONG><a name="[45]"></a>__user_setup_stackheap</STRONG> (Thumb, 74 bytes, Stack size 8 bytes, sys_stackheap_outer.o(.text))
<BR><BR>[Stack]<UL><LI>Max Depth = 8 + Unknown Stack Size
<LI>Call Chain = __user_setup_stackheap
</UL>
<BR>[Calls]<UL><LI><a href="#[52]">&gt;&gt;</a>&nbsp;&nbsp;&nbsp;__user_initial_stackheap
<LI><a href="#[51]">&gt;&gt;</a>&nbsp;&nbsp;&nbsp;__user_perproc_libspace
</UL>
<BR>[Called By]<UL><LI><a href="#[44]">&gt;&gt;</a>&nbsp;&nbsp;&nbsp;__rt_entry_sh
</UL>

<P><STRONG><a name="[4a]"></a>exit</STRONG> (Thumb, 18 bytes, Stack size 8 bytes, exit.o(.text))
<BR><BR>[Stack]<UL><LI>Max Depth = 8 + Unknown Stack Size
<LI>Call Chain = exit
</UL>
<BR>[Calls]<UL><LI><a href="#[53]">&gt;&gt;</a>&nbsp;&nbsp;&nbsp;__rt_exit
</UL>
<BR>[Called By]<UL><LI><a href="#[48]">&gt;&gt;</a>&nbsp;&nbsp;&nbsp;__rt_entry_main
</UL>

<P><STRONG><a name="[e1]"></a>__user_libspace</STRONG> (Thumb, 8 bytes, Stack size 0 bytes, libspace.o(.text), UNUSED)

<P><STRONG><a name="[51]"></a>__user_perproc_libspace</STRONG> (Thumb, 0 bytes, Stack size 0 bytes, libspace.o(.text))
<BR><BR>[Called By]<UL><LI><a href="#[45]">&gt;&gt;</a>&nbsp;&nbsp;&nbsp;__user_setup_stackheap
</UL>

<P><STRONG><a name="[e2]"></a>__user_perthread_libspace</STRONG> (Thumb, 0 bytes, Stack size 0 bytes, libspace.o(.text), UNUSED)

<P><STRONG><a name="[4e]"></a>_sys_exit</STRONG> (Thumb, 8 bytes, Stack size 0 bytes, sys_exit.o(.text))
<BR><BR>[Called By]<UL><LI><a href="#[4d]">&gt;&gt;</a>&nbsp;&nbsp;&nbsp;__rt_exit_exit
</UL>

<P><STRONG><a name="[e3]"></a>__I$use$semihosting</STRONG> (Thumb, 0 bytes, Stack size 0 bytes, use_no_semi.o(.text), UNUSED)

<P><STRONG><a name="[e4]"></a>__use_no_semihosting_swi</STRONG> (Thumb, 2 bytes, Stack size 0 bytes, use_no_semi.o(.text), UNUSED)

<P><STRONG><a name="[a]"></a>SVC_Handler</STRONG> (Thumb, 296 bytes, Stack size 24 bytes, hal.o(i.SVC_Handler))
<BR><BR>[Stack]<UL><LI>Max Depth = 336 + Unknown Stack Size
<LI>Call Chain = SVC_Handler &rArr; k_rtx_init &rArr; k_tsk_init &rArr; k_tsk_create_new &rArr; k_mpool_alloc &rArr; allocateNode &rArr; allocate &rArr; tfp_printf &rArr; tfp_format &rArr; putchw
</UL>
<BR>[Calls]<UL><LI><a href="#[5a]">&gt;&gt;</a>&nbsp;&nbsp;&nbsp;k_tsk_yield
<LI><a href="#[5b]">&gt;&gt;</a>&nbsp;&nbsp;&nbsp;k_tsk_set_prio
<LI><a href="#[5e]">&gt;&gt;</a>&nbsp;&nbsp;&nbsp;k_tsk_ls
<LI><a href="#[5d]">&gt;&gt;</a>&nbsp;&nbsp;&nbsp;k_tsk_gettid
<LI><a href="#[5c]">&gt;&gt;</a>&nbsp;&nbsp;&nbsp;k_tsk_get
<LI><a href="#[59]">&gt;&gt;</a>&nbsp;&nbsp;&nbsp;k_tsk_exit
<LI><a href="#[58]">&gt;&gt;</a>&nbsp;&nbsp;&nbsp;k_tsk_create
<LI><a href="#[60]">&gt;&gt;</a>&nbsp;&nbsp;&nbsp;k_send_msg
<LI><a href="#[54]">&gt;&gt;</a>&nbsp;&nbsp;&nbsp;k_rtx_init
<LI><a href="#[67]">&gt;&gt;</a>&nbsp;&nbsp;&nbsp;k_rt_tsk_susp
<LI><a href="#[66]">&gt;&gt;</a>&nbsp;&nbsp;&nbsp;k_rt_tsk_set
<LI><a href="#[68]">&gt;&gt;</a>&nbsp;&nbsp;&nbsp;k_rt_tsk_get
<LI><a href="#[63]">&gt;&gt;</a>&nbsp;&nbsp;&nbsp;k_recv_msg_nb
<LI><a href="#[62]">&gt;&gt;</a>&nbsp;&nbsp;&nbsp;k_recv_msg
<LI><a href="#[57]">&gt;&gt;</a>&nbsp;&nbsp;&nbsp;k_mpool_dump
<LI><a href="#[64]">&gt;&gt;</a>&nbsp;&nbsp;&nbsp;k_mbx_ls
<LI><a href="#[65]">&gt;&gt;</a>&nbsp;&nbsp;&nbsp;k_mbx_get
<LI><a href="#[5f]">&gt;&gt;</a>&nbsp;&nbsp;&nbsp;k_mbx_create
<LI><a href="#[61]">&gt;&gt;</a>&nbsp;&nbsp;&nbsp;k_send_msg_nb
<LI><a href="#[56]">&gt;&gt;</a>&nbsp;&nbsp;&nbsp;k_mpool_dealloc
<LI><a href="#[55]">&gt;&gt;</a>&nbsp;&nbsp;&nbsp;k_mpool_alloc
</UL>
<BR>[Address Reference Count : 1]<UL><LI> startup_lpc17xx.o(RESET)
</UL>
<P><STRONG><a name="[e5]"></a>__semihosting_library_function</STRONG> (Thumb, 0 bytes, Stack size 24 bytes, indicate_semi.o(.text), UNUSED)

<P><STRONG><a name="[31]"></a>SystemInit</STRONG> (Thumb, 302 bytes, Stack size 0 bytes, system_lpc17xx.o(i.SystemInit))
<BR><BR>[Called By]<UL><LI><a href="#[49]">&gt;&gt;</a>&nbsp;&nbsp;&nbsp;main
</UL>
<BR>[Address Reference Count : 1]<UL><LI> startup_lpc17xx.o(.text)
</UL>
<P><STRONG><a name="[f]"></a>TIMER0_IRQHandler</STRONG> (Thumb, 184 bytes, Stack size 16 bytes, timer.o(i.TIMER0_IRQHandler))
<BR><BR>[Stack]<UL><LI>Max Depth = 56<LI>Call Chain = TIMER0_IRQHandler &rArr; pushToEDF &rArr; isShorter
</UL>
<BR>[Calls]<UL><LI><a href="#[6b]">&gt;&gt;</a>&nbsp;&nbsp;&nbsp;removeSpecificTCB
<LI><a href="#[6c]">&gt;&gt;</a>&nbsp;&nbsp;&nbsp;pushToEDF
<LI><a href="#[6e]">&gt;&gt;</a>&nbsp;&nbsp;&nbsp;k_tsk_run_new
<LI><a href="#[6d]">&gt;&gt;</a>&nbsp;&nbsp;&nbsp;addTCBtoFront
<LI><a href="#[6a]">&gt;&gt;</a>&nbsp;&nbsp;&nbsp;subtractTime
<LI><a href="#[69]">&gt;&gt;</a>&nbsp;&nbsp;&nbsp;get_tick
</UL>
<BR>[Address Reference Count : 1]<UL><LI> startup_lpc17xx.o(RESET)
</UL>
<P><STRONG><a name="[13]"></a>UART0_IRQHandler</STRONG> (Thumb, 202 bytes, Stack size 32 bytes, uart_irq.o(i.UART0_IRQHandler))
<BR><BR>[Stack]<UL><LI>Max Depth = 304<LI>Call Chain = UART0_IRQHandler &rArr; k_mpool_dealloc &rArr; removeNodes &rArr; coalesce &rArr;  coalesce (Cycle)
</UL>
<BR>[Calls]<UL><LI><a href="#[70]">&gt;&gt;</a>&nbsp;&nbsp;&nbsp;k_tsk_run_new_put_current_task_to_rq
<LI><a href="#[61]">&gt;&gt;</a>&nbsp;&nbsp;&nbsp;k_send_msg_nb
<LI><a href="#[6f]">&gt;&gt;</a>&nbsp;&nbsp;&nbsp;k_recv_msg_nb_uart
<LI><a href="#[56]">&gt;&gt;</a>&nbsp;&nbsp;&nbsp;k_mpool_dealloc
<LI><a href="#[55]">&gt;&gt;</a>&nbsp;&nbsp;&nbsp;k_mpool_alloc
</UL>
<BR>[Address Reference Count : 1]<UL><LI> startup_lpc17xx.o(RESET)
</UL>
<P><STRONG><a name="[9c]"></a>addMessage</STRONG> (Thumb, 132 bytes, Stack size 20 bytes, mailbox.o(i.addMessage))
<BR><BR>[Stack]<UL><LI>Max Depth = 20<LI>Call Chain = addMessage
</UL>
<BR>[Called By]<UL><LI><a href="#[93]">&gt;&gt;</a>&nbsp;&nbsp;&nbsp;sendAll
<LI><a href="#[60]">&gt;&gt;</a>&nbsp;&nbsp;&nbsp;k_send_msg
<LI><a href="#[61]">&gt;&gt;</a>&nbsp;&nbsp;&nbsp;k_send_msg_nb
</UL>

<P><STRONG><a name="[73]"></a>addNode</STRONG> (Thumb, 152 bytes, Stack size 32 bytes, free_list.o(i.addNode))
<BR><BR>[Stack]<UL><LI>Max Depth = 152<LI>Call Chain = addNode &rArr; tfp_printf &rArr; tfp_format &rArr; putchw
</UL>
<BR>[Calls]<UL><LI><a href="#[74]">&gt;&gt;</a>&nbsp;&nbsp;&nbsp;tfp_printf
</UL>
<BR>[Called By]<UL><LI><a href="#[91]">&gt;&gt;</a>&nbsp;&nbsp;&nbsp;removeNodes
<LI><a href="#[84]">&gt;&gt;</a>&nbsp;&nbsp;&nbsp;coalesce
</UL>

<P><STRONG><a name="[75]"></a>addTCBtoBack</STRONG> (Thumb, 68 bytes, Stack size 12 bytes, ready_queue.o(i.addTCBtoBack))
<BR><BR>[Stack]<UL><LI>Max Depth = 12<LI>Call Chain = addTCBtoBack
</UL>
<BR>[Calls]<UL><LI><a href="#[76]">&gt;&gt;</a>&nbsp;&nbsp;&nbsp;priorityLevelToIndex
</UL>
<BR>[Called By]<UL><LI><a href="#[9a]">&gt;&gt;</a>&nbsp;&nbsp;&nbsp;k_tsk_create_new
<LI><a href="#[93]">&gt;&gt;</a>&nbsp;&nbsp;&nbsp;sendAll
<LI><a href="#[5a]">&gt;&gt;</a>&nbsp;&nbsp;&nbsp;k_tsk_yield
<LI><a href="#[5b]">&gt;&gt;</a>&nbsp;&nbsp;&nbsp;k_tsk_set_prio
<LI><a href="#[59]">&gt;&gt;</a>&nbsp;&nbsp;&nbsp;k_tsk_exit
<LI><a href="#[58]">&gt;&gt;</a>&nbsp;&nbsp;&nbsp;k_tsk_create
<LI><a href="#[60]">&gt;&gt;</a>&nbsp;&nbsp;&nbsp;k_send_msg
<LI><a href="#[67]">&gt;&gt;</a>&nbsp;&nbsp;&nbsp;k_rt_tsk_susp
<LI><a href="#[70]">&gt;&gt;</a>&nbsp;&nbsp;&nbsp;k_tsk_run_new_put_current_task_to_rq
<LI><a href="#[61]">&gt;&gt;</a>&nbsp;&nbsp;&nbsp;k_send_msg_nb
</UL>

<P><STRONG><a name="[6d]"></a>addTCBtoFront</STRONG> (Thumb, 60 bytes, Stack size 12 bytes, ready_queue.o(i.addTCBtoFront))
<BR><BR>[Stack]<UL><LI>Max Depth = 12<LI>Call Chain = addTCBtoFront
</UL>
<BR>[Calls]<UL><LI><a href="#[76]">&gt;&gt;</a>&nbsp;&nbsp;&nbsp;priorityLevelToIndex
</UL>
<BR>[Called By]<UL><LI><a href="#[5b]">&gt;&gt;</a>&nbsp;&nbsp;&nbsp;k_tsk_set_prio
<LI><a href="#[58]">&gt;&gt;</a>&nbsp;&nbsp;&nbsp;k_tsk_create
<LI><a href="#[60]">&gt;&gt;</a>&nbsp;&nbsp;&nbsp;k_send_msg
<LI><a href="#[63]">&gt;&gt;</a>&nbsp;&nbsp;&nbsp;k_recv_msg_nb
<LI><a href="#[62]">&gt;&gt;</a>&nbsp;&nbsp;&nbsp;k_recv_msg
<LI><a href="#[f]">&gt;&gt;</a>&nbsp;&nbsp;&nbsp;TIMER0_IRQHandler
<LI><a href="#[61]">&gt;&gt;</a>&nbsp;&nbsp;&nbsp;k_send_msg_nb
</UL>

<P><STRONG><a name="[77]"></a>addTCBtoRecvBLK</STRONG> (Thumb, 68 bytes, Stack size 8 bytes, ready_queue.o(i.addTCBtoRecvBLK))
<BR><BR>[Stack]<UL><LI>Max Depth = 8<LI>Call Chain = addTCBtoRecvBLK
</UL>
<BR>[Calls]<UL><LI><a href="#[76]">&gt;&gt;</a>&nbsp;&nbsp;&nbsp;priorityLevelToIndex
</UL>
<BR>[Called By]<UL><LI><a href="#[62]">&gt;&gt;</a>&nbsp;&nbsp;&nbsp;k_recv_msg
</UL>

<P><STRONG><a name="[78]"></a>ae_init</STRONG> (Thumb, 48 bytes, Stack size 24 bytes, ae.o(i.ae_init))
<BR><BR>[Stack]<UL><LI>Max Depth = 60<LI>Call Chain = ae_init &rArr; ae_set_init_tasks_info &rArr; set_ae_init_tasks &rArr; set_ae_tasks
</UL>
<BR>[Calls]<UL><LI><a href="#[79]">&gt;&gt;</a>&nbsp;&nbsp;&nbsp;ae_set_sys_info
<LI><a href="#[7a]">&gt;&gt;</a>&nbsp;&nbsp;&nbsp;ae_set_init_tasks_info
</UL>
<BR>[Called By]<UL><LI><a href="#[49]">&gt;&gt;</a>&nbsp;&nbsp;&nbsp;main
</UL>

<P><STRONG><a name="[7a]"></a>ae_set_init_tasks_info</STRONG> (Thumb, 22 bytes, Stack size 16 bytes, ae.o(i.ae_set_init_tasks_info))
<BR><BR>[Stack]<UL><LI>Max Depth = 36<LI>Call Chain = ae_set_init_tasks_info &rArr; set_ae_init_tasks &rArr; set_ae_tasks
</UL>
<BR>[Calls]<UL><LI><a href="#[7b]">&gt;&gt;</a>&nbsp;&nbsp;&nbsp;set_ae_init_tasks
</UL>
<BR>[Called By]<UL><LI><a href="#[78]">&gt;&gt;</a>&nbsp;&nbsp;&nbsp;ae_init
</UL>

<P><STRONG><a name="[79]"></a>ae_set_sys_info</STRONG> (Thumb, 22 bytes, Stack size 0 bytes, ae.o(i.ae_set_sys_info))
<BR><BR>[Called By]<UL><LI><a href="#[78]">&gt;&gt;</a>&nbsp;&nbsp;&nbsp;ae_init
</UL>

<P><STRONG><a name="[7c]"></a>allocate</STRONG> (Thumb, 302 bytes, Stack size 32 bytes, free_list.o(i.allocate))
<BR><BR>[Stack]<UL><LI>Max Depth = 152<LI>Call Chain = allocate &rArr; tfp_printf &rArr; tfp_format &rArr; putchw
</UL>
<BR>[Calls]<UL><LI><a href="#[74]">&gt;&gt;</a>&nbsp;&nbsp;&nbsp;tfp_printf
<LI><a href="#[7e]">&gt;&gt;</a>&nbsp;&nbsp;&nbsp;findSize
<LI><a href="#[7d]">&gt;&gt;</a>&nbsp;&nbsp;&nbsp;findLevel
</UL>
<BR>[Called By]<UL><LI><a href="#[7f]">&gt;&gt;</a>&nbsp;&nbsp;&nbsp;allocateNode
</UL>

<P><STRONG><a name="[7f]"></a>allocateNode</STRONG> (Thumb, 150 bytes, Stack size 32 bytes, bit_array.o(i.allocateNode))
<BR><BR>[Stack]<UL><LI>Max Depth = 184<LI>Call Chain = allocateNode &rArr; allocate &rArr; tfp_printf &rArr; tfp_format &rArr; putchw
</UL>
<BR>[Calls]<UL><LI><a href="#[74]">&gt;&gt;</a>&nbsp;&nbsp;&nbsp;tfp_printf
<LI><a href="#[7d]">&gt;&gt;</a>&nbsp;&nbsp;&nbsp;findLevel
<LI><a href="#[7c]">&gt;&gt;</a>&nbsp;&nbsp;&nbsp;allocate
<LI><a href="#[82]">&gt;&gt;</a>&nbsp;&nbsp;&nbsp;updateParentNodes
<LI><a href="#[81]">&gt;&gt;</a>&nbsp;&nbsp;&nbsp;getBitPositionMask
<LI><a href="#[80]">&gt;&gt;</a>&nbsp;&nbsp;&nbsp;convertLevelToIndex
</UL>
<BR>[Called By]<UL><LI><a href="#[55]">&gt;&gt;</a>&nbsp;&nbsp;&nbsp;k_mpool_alloc
</UL>

<P><STRONG><a name="[b2]"></a>assignTaskId</STRONG> (Thumb, 58 bytes, Stack size 0 bytes, kcd_task.o(i.assignTaskId))
<BR><BR>[Called By]<UL><LI><a href="#[33]">&gt;&gt;</a>&nbsp;&nbsp;&nbsp;task_kcd
</UL>

<P><STRONG><a name="[83]"></a>canSendMsg</STRONG> (Thumb, 66 bytes, Stack size 28 bytes, ready_queue.o(i.canSendMsg))
<BR><BR>[Stack]<UL><LI>Max Depth = 44<LI>Call Chain = canSendMsg &rArr; removeSpecificTCB
</UL>
<BR>[Calls]<UL><LI><a href="#[6b]">&gt;&gt;</a>&nbsp;&nbsp;&nbsp;removeSpecificTCB
</UL>
<BR>[Called By]<UL><LI><a href="#[9d]">&gt;&gt;</a>&nbsp;&nbsp;&nbsp;sendQScheduler
</UL>

<P><STRONG><a name="[84]"></a>coalesce</STRONG> (Thumb, 318 bytes, Stack size 40 bytes, bit_array.o(i.coalesce))
<BR><BR>[Stack]<UL><LI>Max Depth = 192 + In Cycle
<LI>Call Chain = coalesce &rArr;  coalesce (Cycle)
</UL>
<BR>[Calls]<UL><LI><a href="#[74]">&gt;&gt;</a>&nbsp;&nbsp;&nbsp;tfp_printf
<LI><a href="#[85]">&gt;&gt;</a>&nbsp;&nbsp;&nbsp;removeNode
<LI><a href="#[73]">&gt;&gt;</a>&nbsp;&nbsp;&nbsp;addNode
<LI><a href="#[81]">&gt;&gt;</a>&nbsp;&nbsp;&nbsp;getBitPositionMask
<LI><a href="#[80]">&gt;&gt;</a>&nbsp;&nbsp;&nbsp;convertLevelToIndex
<LI><a href="#[84]">&gt;&gt;</a>&nbsp;&nbsp;&nbsp;coalesce
</UL>
<BR>[Called By]<UL><LI><a href="#[91]">&gt;&gt;</a>&nbsp;&nbsp;&nbsp;removeNodes
<LI><a href="#[84]">&gt;&gt;</a>&nbsp;&nbsp;&nbsp;coalesce
</UL>

<P><STRONG><a name="[80]"></a>convertLevelToIndex</STRONG> (Thumb, 16 bytes, Stack size 0 bytes, bit_array.o(i.convertLevelToIndex))
<BR><BR>[Called By]<UL><LI><a href="#[91]">&gt;&gt;</a>&nbsp;&nbsp;&nbsp;removeNodes
<LI><a href="#[7f]">&gt;&gt;</a>&nbsp;&nbsp;&nbsp;allocateNode
<LI><a href="#[84]">&gt;&gt;</a>&nbsp;&nbsp;&nbsp;coalesce
</UL>

<P><STRONG><a name="[a6]"></a>countDigits</STRONG> (Thumb, 32 bytes, Stack size 0 bytes, kcd_task.o(i.countDigits))
<BR><BR>[Called By]<UL><LI><a href="#[a8]">&gt;&gt;</a>&nbsp;&nbsp;&nbsp;printLTbuffer
<LI><a href="#[a4]">&gt;&gt;</a>&nbsp;&nbsp;&nbsp;printLMbuffer
</UL>

<P><STRONG><a name="[86]"></a>deallocateMailbox</STRONG> (Thumb, 26 bytes, Stack size 8 bytes, mailbox.o(i.deallocateMailbox))
<BR><BR>[Stack]<UL><LI>Max Depth = 280<LI>Call Chain = deallocateMailbox &rArr; k_mpool_dealloc &rArr; removeNodes &rArr; coalesce &rArr;  coalesce (Cycle)
</UL>
<BR>[Calls]<UL><LI><a href="#[56]">&gt;&gt;</a>&nbsp;&nbsp;&nbsp;k_mpool_dealloc
</UL>
<BR>[Called By]<UL><LI><a href="#[59]">&gt;&gt;</a>&nbsp;&nbsp;&nbsp;k_tsk_exit
</UL>

<P><STRONG><a name="[7d]"></a>findLevel</STRONG> (Thumb, 32 bytes, Stack size 16 bytes, helper.o(i.findLevel))
<BR><BR>[Stack]<UL><LI>Max Depth = 16<LI>Call Chain = findLevel
</UL>
<BR>[Calls]<UL><LI><a href="#[87]">&gt;&gt;</a>&nbsp;&nbsp;&nbsp;log_2
</UL>
<BR>[Called By]<UL><LI><a href="#[7f]">&gt;&gt;</a>&nbsp;&nbsp;&nbsp;allocateNode
<LI><a href="#[7c]">&gt;&gt;</a>&nbsp;&nbsp;&nbsp;allocate
</UL>

<P><STRONG><a name="[7e]"></a>findSize</STRONG> (Thumb, 20 bytes, Stack size 12 bytes, helper.o(i.findSize))
<BR><BR>[Stack]<UL><LI>Max Depth = 12<LI>Call Chain = findSize
</UL>
<BR>[Calls]<UL><LI><a href="#[88]">&gt;&gt;</a>&nbsp;&nbsp;&nbsp;power
</UL>
<BR>[Called By]<UL><LI><a href="#[92]">&gt;&gt;</a>&nbsp;&nbsp;&nbsp;printListLevelInOrder
<LI><a href="#[7c]">&gt;&gt;</a>&nbsp;&nbsp;&nbsp;allocate
</UL>

<P><STRONG><a name="[81]"></a>getBitPositionMask</STRONG> (Thumb, 16 bytes, Stack size 0 bytes, bit_array.o(i.getBitPositionMask))
<BR><BR>[Called By]<UL><LI><a href="#[91]">&gt;&gt;</a>&nbsp;&nbsp;&nbsp;removeNodes
<LI><a href="#[7f]">&gt;&gt;</a>&nbsp;&nbsp;&nbsp;allocateNode
<LI><a href="#[82]">&gt;&gt;</a>&nbsp;&nbsp;&nbsp;updateParentNodes
<LI><a href="#[a1]">&gt;&gt;</a>&nbsp;&nbsp;&nbsp;locateNode
<LI><a href="#[84]">&gt;&gt;</a>&nbsp;&nbsp;&nbsp;coalesce
</UL>

<P><STRONG><a name="[89]"></a>getHeight</STRONG> (Thumb, 32 bytes, Stack size 24 bytes, bit_array.o(i.getHeight))
<BR><BR>[Stack]<UL><LI>Max Depth = 24<LI>Call Chain = getHeight
</UL>
<BR>[Calls]<UL><LI><a href="#[87]">&gt;&gt;</a>&nbsp;&nbsp;&nbsp;log_2
</UL>
<BR>[Called By]<UL><LI><a href="#[91]">&gt;&gt;</a>&nbsp;&nbsp;&nbsp;removeNodes
</UL>

<P><STRONG><a name="[94]"></a>getMessage</STRONG> (Thumb, 186 bytes, Stack size 44 bytes, mailbox.o(i.getMessage))
<BR><BR>[Stack]<UL><LI>Max Depth = 44<LI>Call Chain = getMessage
</UL>
<BR>[Called By]<UL><LI><a href="#[63]">&gt;&gt;</a>&nbsp;&nbsp;&nbsp;k_recv_msg_nb
<LI><a href="#[62]">&gt;&gt;</a>&nbsp;&nbsp;&nbsp;k_recv_msg
<LI><a href="#[6f]">&gt;&gt;</a>&nbsp;&nbsp;&nbsp;k_recv_msg_nb_uart
</UL>

<P><STRONG><a name="[b3]"></a>getTaskId</STRONG> (Thumb, 60 bytes, Stack size 0 bytes, kcd_task.o(i.getTaskId))
<BR><BR>[Called By]<UL><LI><a href="#[33]">&gt;&gt;</a>&nbsp;&nbsp;&nbsp;task_kcd
</UL>

<P><STRONG><a name="[95]"></a>getTotalTimeMicroSeconds</STRONG> (Thumb, 18 bytes, Stack size 0 bytes, k_task.o(i.getTotalTimeMicroSeconds))
<BR><BR>[Called By]<UL><LI><a href="#[66]">&gt;&gt;</a>&nbsp;&nbsp;&nbsp;k_rt_tsk_set
</UL>

<P><STRONG><a name="[ad]"></a>getXPosition</STRONG> (Thumb, 20 bytes, Stack size 8 bytes, bit_array.o(i.getXPosition))
<BR><BR>[Stack]<UL><LI>Max Depth = 8<LI>Call Chain = getXPosition
</UL>
<BR>[Called By]<UL><LI><a href="#[91]">&gt;&gt;</a>&nbsp;&nbsp;&nbsp;removeNodes
</UL>

<P><STRONG><a name="[69]"></a>get_tick</STRONG> (Thumb, 58 bytes, Stack size 0 bytes, timer.o(i.get_tick))
<BR><BR>[Called By]<UL><LI><a href="#[34]">&gt;&gt;</a>&nbsp;&nbsp;&nbsp;task_wall_clock
<LI><a href="#[f]">&gt;&gt;</a>&nbsp;&nbsp;&nbsp;TIMER0_IRQHandler
</UL>

<P><STRONG><a name="[a3]"></a>init_printf</STRONG> (Thumb, 10 bytes, Stack size 0 bytes, printf.o(i.init_printf))
<BR><BR>[Called By]<UL><LI><a href="#[49]">&gt;&gt;</a>&nbsp;&nbsp;&nbsp;main
</UL>

<P><STRONG><a name="[8d]"></a>initializeArrayOfFreeLists</STRONG> (Thumb, 56 bytes, Stack size 12 bytes, free_list.o(i.initializeArrayOfFreeLists))
<BR><BR>[Stack]<UL><LI>Max Depth = 12<LI>Call Chain = initializeArrayOfFreeLists
</UL>
<BR>[Called By]<UL><LI><a href="#[8c]">&gt;&gt;</a>&nbsp;&nbsp;&nbsp;initializeBitArray
</UL>

<P><STRONG><a name="[99]"></a>initializeArrayOfReadyQueues</STRONG> (Thumb, 30 bytes, Stack size 8 bytes, ready_queue.o(i.initializeArrayOfReadyQueues))
<BR><BR>[Stack]<UL><LI>Max Depth = 8<LI>Call Chain = initializeArrayOfReadyQueues
</UL>
<BR>[Called By]<UL><LI><a href="#[54]">&gt;&gt;</a>&nbsp;&nbsp;&nbsp;k_rtx_init
</UL>

<P><STRONG><a name="[8c]"></a>initializeBitArray</STRONG> (Thumb, 82 bytes, Stack size 24 bytes, bit_array.o(i.initializeBitArray))
<BR><BR>[Stack]<UL><LI>Max Depth = 36<LI>Call Chain = initializeBitArray &rArr; initializeArrayOfFreeLists
</UL>
<BR>[Calls]<UL><LI><a href="#[87]">&gt;&gt;</a>&nbsp;&nbsp;&nbsp;log_2
<LI><a href="#[8d]">&gt;&gt;</a>&nbsp;&nbsp;&nbsp;initializeArrayOfFreeLists
</UL>
<BR>[Called By]<UL><LI><a href="#[90]">&gt;&gt;</a>&nbsp;&nbsp;&nbsp;k_mpool_create
</UL>

<P><STRONG><a name="[8e]"></a>initializeMailbox</STRONG> (Thumb, 44 bytes, Stack size 16 bytes, mailbox.o(i.initializeMailbox))
<BR><BR>[Stack]<UL><LI>Max Depth = 216<LI>Call Chain = initializeMailbox &rArr; k_mpool_alloc &rArr; allocateNode &rArr; allocate &rArr; tfp_printf &rArr; tfp_format &rArr; putchw
</UL>
<BR>[Calls]<UL><LI><a href="#[55]">&gt;&gt;</a>&nbsp;&nbsp;&nbsp;k_mpool_alloc
</UL>
<BR>[Called By]<UL><LI><a href="#[5f]">&gt;&gt;</a>&nbsp;&nbsp;&nbsp;k_mbx_create
<LI><a href="#[96]">&gt;&gt;</a>&nbsp;&nbsp;&nbsp;uart_irq_init
</UL>

<P><STRONG><a name="[ac]"></a>isShorter</STRONG> (Thumb, 44 bytes, Stack size 20 bytes, edf.o(i.isShorter))
<BR><BR>[Stack]<UL><LI>Max Depth = 20<LI>Call Chain = isShorter
</UL>
<BR>[Called By]<UL><LI><a href="#[6c]">&gt;&gt;</a>&nbsp;&nbsp;&nbsp;pushToEDF
</UL>

<P><STRONG><a name="[5f]"></a>k_mbx_create</STRONG> (Thumb, 82 bytes, Stack size 8 bytes, k_msg.o(i.k_mbx_create))
<BR><BR>[Stack]<UL><LI>Max Depth = 224<LI>Call Chain = k_mbx_create &rArr; initializeMailbox &rArr; k_mpool_alloc &rArr; allocateNode &rArr; allocate &rArr; tfp_printf &rArr; tfp_format &rArr; putchw
</UL>
<BR>[Calls]<UL><LI><a href="#[8e]">&gt;&gt;</a>&nbsp;&nbsp;&nbsp;initializeMailbox
</UL>
<BR>[Called By]<UL><LI><a href="#[a]">&gt;&gt;</a>&nbsp;&nbsp;&nbsp;SVC_Handler
</UL>

<P><STRONG><a name="[65]"></a>k_mbx_get</STRONG> (Thumb, 98 bytes, Stack size 0 bytes, k_msg.o(i.k_mbx_get))
<BR><BR>[Called By]<UL><LI><a href="#[a]">&gt;&gt;</a>&nbsp;&nbsp;&nbsp;SVC_Handler
<LI><a href="#[a4]">&gt;&gt;</a>&nbsp;&nbsp;&nbsp;printLMbuffer
</UL>

<P><STRONG><a name="[64]"></a>k_mbx_ls</STRONG> (Thumb, 88 bytes, Stack size 12 bytes, k_msg.o(i.k_mbx_ls))
<BR><BR>[Stack]<UL><LI>Max Depth = 12<LI>Call Chain = k_mbx_ls
</UL>
<BR>[Called By]<UL><LI><a href="#[33]">&gt;&gt;</a>&nbsp;&nbsp;&nbsp;task_kcd
<LI><a href="#[a]">&gt;&gt;</a>&nbsp;&nbsp;&nbsp;SVC_Handler
</UL>

<P><STRONG><a name="[8f]"></a>k_mem_init</STRONG> (Thumb, 48 bytes, Stack size 8 bytes, k_mem.o(i.k_mem_init))
<BR><BR>[Stack]<UL><LI>Max Depth = 68<LI>Call Chain = k_mem_init &rArr; k_mpool_create &rArr; initializeBitArray &rArr; initializeArrayOfFreeLists
</UL>
<BR>[Calls]<UL><LI><a href="#[90]">&gt;&gt;</a>&nbsp;&nbsp;&nbsp;k_mpool_create
</UL>
<BR>[Called By]<UL><LI><a href="#[39]">&gt;&gt;</a>&nbsp;&nbsp;&nbsp;k_pre_rtx_init
</UL>

<P><STRONG><a name="[55]"></a>k_mpool_alloc</STRONG> (Thumb, 70 bytes, Stack size 16 bytes, k_mem.o(i.k_mpool_alloc))
<BR><BR>[Stack]<UL><LI>Max Depth = 200<LI>Call Chain = k_mpool_alloc &rArr; allocateNode &rArr; allocate &rArr; tfp_printf &rArr; tfp_format &rArr; putchw
</UL>
<BR>[Calls]<UL><LI><a href="#[7f]">&gt;&gt;</a>&nbsp;&nbsp;&nbsp;allocateNode
</UL>
<BR>[Called By]<UL><LI><a href="#[9a]">&gt;&gt;</a>&nbsp;&nbsp;&nbsp;k_tsk_create_new
<LI><a href="#[39]">&gt;&gt;</a>&nbsp;&nbsp;&nbsp;k_pre_rtx_init
<LI><a href="#[58]">&gt;&gt;</a>&nbsp;&nbsp;&nbsp;k_tsk_create
<LI><a href="#[66]">&gt;&gt;</a>&nbsp;&nbsp;&nbsp;k_rt_tsk_set
<LI><a href="#[a]">&gt;&gt;</a>&nbsp;&nbsp;&nbsp;SVC_Handler
<LI><a href="#[8e]">&gt;&gt;</a>&nbsp;&nbsp;&nbsp;initializeMailbox
<LI><a href="#[96]">&gt;&gt;</a>&nbsp;&nbsp;&nbsp;uart_irq_init
<LI><a href="#[13]">&gt;&gt;</a>&nbsp;&nbsp;&nbsp;UART0_IRQHandler
<LI><a href="#[a8]">&gt;&gt;</a>&nbsp;&nbsp;&nbsp;printLTbuffer
<LI><a href="#[a4]">&gt;&gt;</a>&nbsp;&nbsp;&nbsp;printLMbuffer
</UL>

<P><STRONG><a name="[90]"></a>k_mpool_create</STRONG> (Thumb, 98 bytes, Stack size 24 bytes, k_mem.o(i.k_mpool_create))
<BR><BR>[Stack]<UL><LI>Max Depth = 60<LI>Call Chain = k_mpool_create &rArr; initializeBitArray &rArr; initializeArrayOfFreeLists
</UL>
<BR>[Calls]<UL><LI><a href="#[8c]">&gt;&gt;</a>&nbsp;&nbsp;&nbsp;initializeBitArray
</UL>
<BR>[Called By]<UL><LI><a href="#[8f]">&gt;&gt;</a>&nbsp;&nbsp;&nbsp;k_mem_init
</UL>

<P><STRONG><a name="[56]"></a>k_mpool_dealloc</STRONG> (Thumb, 104 bytes, Stack size 16 bytes, k_mem.o(i.k_mpool_dealloc))
<BR><BR>[Stack]<UL><LI>Max Depth = 272<LI>Call Chain = k_mpool_dealloc &rArr; removeNodes &rArr; coalesce &rArr;  coalesce (Cycle)
</UL>
<BR>[Calls]<UL><LI><a href="#[91]">&gt;&gt;</a>&nbsp;&nbsp;&nbsp;removeNodes
</UL>
<BR>[Called By]<UL><LI><a href="#[86]">&gt;&gt;</a>&nbsp;&nbsp;&nbsp;deallocateMailbox
<LI><a href="#[59]">&gt;&gt;</a>&nbsp;&nbsp;&nbsp;k_tsk_exit
<LI><a href="#[a]">&gt;&gt;</a>&nbsp;&nbsp;&nbsp;SVC_Handler
<LI><a href="#[13]">&gt;&gt;</a>&nbsp;&nbsp;&nbsp;UART0_IRQHandler
<LI><a href="#[a8]">&gt;&gt;</a>&nbsp;&nbsp;&nbsp;printLTbuffer
<LI><a href="#[a4]">&gt;&gt;</a>&nbsp;&nbsp;&nbsp;printLMbuffer
</UL>

<P><STRONG><a name="[57]"></a>k_mpool_dump</STRONG> (Thumb, 92 bytes, Stack size 16 bytes, k_mem.o(i.k_mpool_dump))
<BR><BR>[Stack]<UL><LI>Max Depth = 168<LI>Call Chain = k_mpool_dump &rArr; printListLevelInOrder &rArr; tfp_printf &rArr; tfp_format &rArr; putchw
</UL>
<BR>[Calls]<UL><LI><a href="#[74]">&gt;&gt;</a>&nbsp;&nbsp;&nbsp;tfp_printf
<LI><a href="#[92]">&gt;&gt;</a>&nbsp;&nbsp;&nbsp;printListLevelInOrder
</UL>
<BR>[Called By]<UL><LI><a href="#[a]">&gt;&gt;</a>&nbsp;&nbsp;&nbsp;SVC_Handler
</UL>

<P><STRONG><a name="[39]"></a>k_pre_rtx_init</STRONG> (Thumb, 46 bytes, Stack size 16 bytes, k_rtx_init.o(i.k_pre_rtx_init))
<BR><BR>[Stack]<UL><LI>Max Depth = 216<LI>Call Chain = k_pre_rtx_init &rArr; k_mpool_alloc &rArr; allocateNode &rArr; allocate &rArr; tfp_printf &rArr; tfp_format &rArr; putchw
</UL>
<BR>[Calls]<UL><LI><a href="#[8f]">&gt;&gt;</a>&nbsp;&nbsp;&nbsp;k_mem_init
<LI><a href="#[55]">&gt;&gt;</a>&nbsp;&nbsp;&nbsp;k_mpool_alloc
</UL>
<BR>[Address Reference Count : 1]<UL><LI> main.o(i.main)
</UL>
<P><STRONG><a name="[62]"></a>k_recv_msg</STRONG> (Thumb, 166 bytes, Stack size 16 bytes, k_msg.o(i.k_recv_msg))
<BR><BR>[Stack]<UL><LI>Max Depth = 92<LI>Call Chain = k_recv_msg &rArr; sendAll &rArr; sendQScheduler &rArr; canSendMsg &rArr; removeSpecificTCB
</UL>
<BR>[Calls]<UL><LI><a href="#[94]">&gt;&gt;</a>&nbsp;&nbsp;&nbsp;getMessage
<LI><a href="#[77]">&gt;&gt;</a>&nbsp;&nbsp;&nbsp;addTCBtoRecvBLK
<LI><a href="#[93]">&gt;&gt;</a>&nbsp;&nbsp;&nbsp;sendAll
<LI><a href="#[6e]">&gt;&gt;</a>&nbsp;&nbsp;&nbsp;k_tsk_run_new
<LI><a href="#[6d]">&gt;&gt;</a>&nbsp;&nbsp;&nbsp;addTCBtoFront
</UL>
<BR>[Called By]<UL><LI><a href="#[a]">&gt;&gt;</a>&nbsp;&nbsp;&nbsp;SVC_Handler
</UL>

<P><STRONG><a name="[63]"></a>k_recv_msg_nb</STRONG> (Thumb, 112 bytes, Stack size 16 bytes, k_msg.o(i.k_recv_msg_nb))
<BR><BR>[Stack]<UL><LI>Max Depth = 92<LI>Call Chain = k_recv_msg_nb &rArr; sendAll &rArr; sendQScheduler &rArr; canSendMsg &rArr; removeSpecificTCB
</UL>
<BR>[Calls]<UL><LI><a href="#[94]">&gt;&gt;</a>&nbsp;&nbsp;&nbsp;getMessage
<LI><a href="#[93]">&gt;&gt;</a>&nbsp;&nbsp;&nbsp;sendAll
<LI><a href="#[6e]">&gt;&gt;</a>&nbsp;&nbsp;&nbsp;k_tsk_run_new
<LI><a href="#[6d]">&gt;&gt;</a>&nbsp;&nbsp;&nbsp;addTCBtoFront
</UL>
<BR>[Called By]<UL><LI><a href="#[a]">&gt;&gt;</a>&nbsp;&nbsp;&nbsp;SVC_Handler
</UL>

<P><STRONG><a name="[6f]"></a>k_recv_msg_nb_uart</STRONG> (Thumb, 68 bytes, Stack size 16 bytes, k_msg.o(i.k_recv_msg_nb_uart))
<BR><BR>[Stack]<UL><LI>Max Depth = 60<LI>Call Chain = k_recv_msg_nb_uart &rArr; getMessage
</UL>
<BR>[Calls]<UL><LI><a href="#[94]">&gt;&gt;</a>&nbsp;&nbsp;&nbsp;getMessage
</UL>
<BR>[Called By]<UL><LI><a href="#[13]">&gt;&gt;</a>&nbsp;&nbsp;&nbsp;UART0_IRQHandler
</UL>

<P><STRONG><a name="[68]"></a>k_rt_tsk_get</STRONG> (Thumb, 100 bytes, Stack size 0 bytes, k_task.o(i.k_rt_tsk_get))
<BR><BR>[Called By]<UL><LI><a href="#[a]">&gt;&gt;</a>&nbsp;&nbsp;&nbsp;SVC_Handler
</UL>

<P><STRONG><a name="[66]"></a>k_rt_tsk_set</STRONG> (Thumb, 172 bytes, Stack size 16 bytes, k_task.o(i.k_rt_tsk_set))
<BR><BR>[Stack]<UL><LI>Max Depth = 216<LI>Call Chain = k_rt_tsk_set &rArr; k_mpool_alloc &rArr; allocateNode &rArr; allocate &rArr; tfp_printf &rArr; tfp_format &rArr; putchw
</UL>
<BR>[Calls]<UL><LI><a href="#[95]">&gt;&gt;</a>&nbsp;&nbsp;&nbsp;getTotalTimeMicroSeconds
<LI><a href="#[5b]">&gt;&gt;</a>&nbsp;&nbsp;&nbsp;k_tsk_set_prio
<LI><a href="#[6c]">&gt;&gt;</a>&nbsp;&nbsp;&nbsp;pushToEDF
<LI><a href="#[6e]">&gt;&gt;</a>&nbsp;&nbsp;&nbsp;k_tsk_run_new
<LI><a href="#[55]">&gt;&gt;</a>&nbsp;&nbsp;&nbsp;k_mpool_alloc
</UL>
<BR>[Called By]<UL><LI><a href="#[a]">&gt;&gt;</a>&nbsp;&nbsp;&nbsp;SVC_Handler
</UL>

<P><STRONG><a name="[67]"></a>k_rt_tsk_susp</STRONG> (Thumb, 78 bytes, Stack size 8 bytes, k_task.o(i.k_rt_tsk_susp))
<BR><BR>[Stack]<UL><LI>Max Depth = 40<LI>Call Chain = k_rt_tsk_susp &rArr; k_tsk_run_new &rArr; scheduler &rArr; removeTCB
</UL>
<BR>[Calls]<UL><LI><a href="#[75]">&gt;&gt;</a>&nbsp;&nbsp;&nbsp;addTCBtoBack
<LI><a href="#[6e]">&gt;&gt;</a>&nbsp;&nbsp;&nbsp;k_tsk_run_new
</UL>
<BR>[Called By]<UL><LI><a href="#[a]">&gt;&gt;</a>&nbsp;&nbsp;&nbsp;SVC_Handler
</UL>

<P><STRONG><a name="[54]"></a>k_rtx_init</STRONG> (Thumb, 220 bytes, Stack size 40 bytes, k_rtx_init.o(i.k_rtx_init))
<BR><BR>[Stack]<UL><LI>Max Depth = 312 + Unknown Stack Size
<LI>Call Chain = k_rtx_init &rArr; k_tsk_init &rArr; k_tsk_create_new &rArr; k_mpool_alloc &rArr; allocateNode &rArr; allocate &rArr; tfp_printf &rArr; tfp_format &rArr; putchw
</UL>
<BR>[Calls]<UL><LI><a href="#[4f]">&gt;&gt;</a>&nbsp;&nbsp;&nbsp;k_tsk_start
<LI><a href="#[9b]">&gt;&gt;</a>&nbsp;&nbsp;&nbsp;k_tsk_init
<LI><a href="#[9a]">&gt;&gt;</a>&nbsp;&nbsp;&nbsp;k_tsk_create_new
<LI><a href="#[99]">&gt;&gt;</a>&nbsp;&nbsp;&nbsp;initializeArrayOfReadyQueues
<LI><a href="#[97]">&gt;&gt;</a>&nbsp;&nbsp;&nbsp;timer_irq_init
<LI><a href="#[98]">&gt;&gt;</a>&nbsp;&nbsp;&nbsp;timer_freerun_init
<LI><a href="#[96]">&gt;&gt;</a>&nbsp;&nbsp;&nbsp;uart_irq_init
</UL>
<BR>[Called By]<UL><LI><a href="#[a]">&gt;&gt;</a>&nbsp;&nbsp;&nbsp;SVC_Handler
</UL>

<P><STRONG><a name="[60]"></a>k_send_msg</STRONG> (Thumb, 264 bytes, Stack size 24 bytes, k_msg.o(i.k_send_msg))
<BR><BR>[Stack]<UL><LI>Max Depth = 56<LI>Call Chain = k_send_msg &rArr; k_tsk_run_new &rArr; scheduler &rArr; removeTCB
</UL>
<BR>[Calls]<UL><LI><a href="#[75]">&gt;&gt;</a>&nbsp;&nbsp;&nbsp;addTCBtoBack
<LI><a href="#[9c]">&gt;&gt;</a>&nbsp;&nbsp;&nbsp;addMessage
<LI><a href="#[6b]">&gt;&gt;</a>&nbsp;&nbsp;&nbsp;removeSpecificTCB
<LI><a href="#[6e]">&gt;&gt;</a>&nbsp;&nbsp;&nbsp;k_tsk_run_new
<LI><a href="#[6d]">&gt;&gt;</a>&nbsp;&nbsp;&nbsp;addTCBtoFront
</UL>
<BR>[Called By]<UL><LI><a href="#[a]">&gt;&gt;</a>&nbsp;&nbsp;&nbsp;SVC_Handler
</UL>

<P><STRONG><a name="[61]"></a>k_send_msg_nb</STRONG> (Thumb, 292 bytes, Stack size 24 bytes, k_msg.o(i.k_send_msg_nb))
<BR><BR>[Stack]<UL><LI>Max Depth = 56<LI>Call Chain = k_send_msg_nb &rArr; k_tsk_run_new &rArr; scheduler &rArr; removeTCB
</UL>
<BR>[Calls]<UL><LI><a href="#[75]">&gt;&gt;</a>&nbsp;&nbsp;&nbsp;addTCBtoBack
<LI><a href="#[9c]">&gt;&gt;</a>&nbsp;&nbsp;&nbsp;addMessage
<LI><a href="#[6b]">&gt;&gt;</a>&nbsp;&nbsp;&nbsp;removeSpecificTCB
<LI><a href="#[6e]">&gt;&gt;</a>&nbsp;&nbsp;&nbsp;k_tsk_run_new
<LI><a href="#[6d]">&gt;&gt;</a>&nbsp;&nbsp;&nbsp;addTCBtoFront
</UL>
<BR>[Called By]<UL><LI><a href="#[a]">&gt;&gt;</a>&nbsp;&nbsp;&nbsp;SVC_Handler
<LI><a href="#[13]">&gt;&gt;</a>&nbsp;&nbsp;&nbsp;UART0_IRQHandler
</UL>

<P><STRONG><a name="[58]"></a>k_tsk_create</STRONG> (Thumb, 334 bytes, Stack size 40 bytes, k_task.o(i.k_tsk_create))
<BR><BR>[Stack]<UL><LI>Max Depth = 240<LI>Call Chain = k_tsk_create &rArr; k_mpool_alloc &rArr; allocateNode &rArr; allocate &rArr; tfp_printf &rArr; tfp_format &rArr; putchw
</UL>
<BR>[Calls]<UL><LI><a href="#[75]">&gt;&gt;</a>&nbsp;&nbsp;&nbsp;addTCBtoBack
<LI><a href="#[6e]">&gt;&gt;</a>&nbsp;&nbsp;&nbsp;k_tsk_run_new
<LI><a href="#[6d]">&gt;&gt;</a>&nbsp;&nbsp;&nbsp;addTCBtoFront
<LI><a href="#[55]">&gt;&gt;</a>&nbsp;&nbsp;&nbsp;k_mpool_alloc
</UL>
<BR>[Called By]<UL><LI><a href="#[a]">&gt;&gt;</a>&nbsp;&nbsp;&nbsp;SVC_Handler
</UL>

<P><STRONG><a name="[9a]"></a>k_tsk_create_new</STRONG> (Thumb, 328 bytes, Stack size 32 bytes, k_task.o(i.k_tsk_create_new))
<BR><BR>[Stack]<UL><LI>Max Depth = 232<LI>Call Chain = k_tsk_create_new &rArr; k_mpool_alloc &rArr; allocateNode &rArr; allocate &rArr; tfp_printf &rArr; tfp_format &rArr; putchw
</UL>
<BR>[Calls]<UL><LI><a href="#[75]">&gt;&gt;</a>&nbsp;&nbsp;&nbsp;addTCBtoBack
<LI><a href="#[6c]">&gt;&gt;</a>&nbsp;&nbsp;&nbsp;pushToEDF
<LI><a href="#[55]">&gt;&gt;</a>&nbsp;&nbsp;&nbsp;k_mpool_alloc
</UL>
<BR>[Called By]<UL><LI><a href="#[9b]">&gt;&gt;</a>&nbsp;&nbsp;&nbsp;k_tsk_init
<LI><a href="#[54]">&gt;&gt;</a>&nbsp;&nbsp;&nbsp;k_rtx_init
</UL>

<P><STRONG><a name="[59]"></a>k_tsk_exit</STRONG> (Thumb, 108 bytes, Stack size 8 bytes, k_task.o(i.k_tsk_exit))
<BR><BR>[Stack]<UL><LI>Max Depth = 288<LI>Call Chain = k_tsk_exit &rArr; deallocateMailbox &rArr; k_mpool_dealloc &rArr; removeNodes &rArr; coalesce &rArr;  coalesce (Cycle)
</UL>
<BR>[Calls]<UL><LI><a href="#[86]">&gt;&gt;</a>&nbsp;&nbsp;&nbsp;deallocateMailbox
<LI><a href="#[75]">&gt;&gt;</a>&nbsp;&nbsp;&nbsp;addTCBtoBack
<LI><a href="#[9d]">&gt;&gt;</a>&nbsp;&nbsp;&nbsp;sendQScheduler
<LI><a href="#[74]">&gt;&gt;</a>&nbsp;&nbsp;&nbsp;tfp_printf
<LI><a href="#[6e]">&gt;&gt;</a>&nbsp;&nbsp;&nbsp;k_tsk_run_new
<LI><a href="#[56]">&gt;&gt;</a>&nbsp;&nbsp;&nbsp;k_mpool_dealloc
</UL>
<BR>[Called By]<UL><LI><a href="#[a]">&gt;&gt;</a>&nbsp;&nbsp;&nbsp;SVC_Handler
</UL>

<P><STRONG><a name="[5c]"></a>k_tsk_get</STRONG> (Thumb, 198 bytes, Stack size 0 bytes, k_task.o(i.k_tsk_get))
<BR><BR>[Called By]<UL><LI><a href="#[a]">&gt;&gt;</a>&nbsp;&nbsp;&nbsp;SVC_Handler
</UL>

<P><STRONG><a name="[5d]"></a>k_tsk_gettid</STRONG> (Thumb, 8 bytes, Stack size 0 bytes, k_task.o(i.k_tsk_gettid))
<BR><BR>[Called By]<UL><LI><a href="#[a]">&gt;&gt;</a>&nbsp;&nbsp;&nbsp;SVC_Handler
</UL>

<P><STRONG><a name="[9b]"></a>k_tsk_init</STRONG> (Thumb, 154 bytes, Stack size 40 bytes, k_task.o(i.k_tsk_init))
<BR><BR>[Stack]<UL><LI>Max Depth = 272<LI>Call Chain = k_tsk_init &rArr; k_tsk_create_new &rArr; k_mpool_alloc &rArr; allocateNode &rArr; allocate &rArr; tfp_printf &rArr; tfp_format &rArr; putchw
</UL>
<BR>[Calls]<UL><LI><a href="#[9e]">&gt;&gt;</a>&nbsp;&nbsp;&nbsp;k_tsk_init_first
<LI><a href="#[9a]">&gt;&gt;</a>&nbsp;&nbsp;&nbsp;k_tsk_create_new
</UL>
<BR>[Called By]<UL><LI><a href="#[54]">&gt;&gt;</a>&nbsp;&nbsp;&nbsp;k_rtx_init
</UL>

<P><STRONG><a name="[9e]"></a>k_tsk_init_first</STRONG> (Thumb, 22 bytes, Stack size 0 bytes, k_task.o(i.k_tsk_init_first))
<BR><BR>[Called By]<UL><LI><a href="#[9b]">&gt;&gt;</a>&nbsp;&nbsp;&nbsp;k_tsk_init
</UL>

<P><STRONG><a name="[5e]"></a>k_tsk_ls</STRONG> (Thumb, 74 bytes, Stack size 12 bytes, k_task.o(i.k_tsk_ls))
<BR><BR>[Stack]<UL><LI>Max Depth = 12<LI>Call Chain = k_tsk_ls
</UL>
<BR>[Called By]<UL><LI><a href="#[33]">&gt;&gt;</a>&nbsp;&nbsp;&nbsp;task_kcd
<LI><a href="#[a]">&gt;&gt;</a>&nbsp;&nbsp;&nbsp;SVC_Handler
</UL>

<P><STRONG><a name="[6e]"></a>k_tsk_run_new</STRONG> (Thumb, 88 bytes, Stack size 8 bytes, k_task.o(i.k_tsk_run_new))
<BR><BR>[Stack]<UL><LI>Max Depth = 32<LI>Call Chain = k_tsk_run_new &rArr; scheduler &rArr; removeTCB
</UL>
<BR>[Calls]<UL><LI><a href="#[9f]">&gt;&gt;</a>&nbsp;&nbsp;&nbsp;scheduler
<LI><a href="#[a0]">&gt;&gt;</a>&nbsp;&nbsp;&nbsp;k_tsk_switch
</UL>
<BR>[Called By]<UL><LI><a href="#[5a]">&gt;&gt;</a>&nbsp;&nbsp;&nbsp;k_tsk_yield
<LI><a href="#[5b]">&gt;&gt;</a>&nbsp;&nbsp;&nbsp;k_tsk_set_prio
<LI><a href="#[59]">&gt;&gt;</a>&nbsp;&nbsp;&nbsp;k_tsk_exit
<LI><a href="#[58]">&gt;&gt;</a>&nbsp;&nbsp;&nbsp;k_tsk_create
<LI><a href="#[60]">&gt;&gt;</a>&nbsp;&nbsp;&nbsp;k_send_msg
<LI><a href="#[67]">&gt;&gt;</a>&nbsp;&nbsp;&nbsp;k_rt_tsk_susp
<LI><a href="#[66]">&gt;&gt;</a>&nbsp;&nbsp;&nbsp;k_rt_tsk_set
<LI><a href="#[63]">&gt;&gt;</a>&nbsp;&nbsp;&nbsp;k_recv_msg_nb
<LI><a href="#[62]">&gt;&gt;</a>&nbsp;&nbsp;&nbsp;k_recv_msg
<LI><a href="#[f]">&gt;&gt;</a>&nbsp;&nbsp;&nbsp;TIMER0_IRQHandler
<LI><a href="#[70]">&gt;&gt;</a>&nbsp;&nbsp;&nbsp;k_tsk_run_new_put_current_task_to_rq
<LI><a href="#[61]">&gt;&gt;</a>&nbsp;&nbsp;&nbsp;k_send_msg_nb
</UL>

<P><STRONG><a name="[70]"></a>k_tsk_run_new_put_current_task_to_rq</STRONG> (Thumb, 24 bytes, Stack size 8 bytes, k_task.o(i.k_tsk_run_new_put_current_task_to_rq))
<BR><BR>[Stack]<UL><LI>Max Depth = 40<LI>Call Chain = k_tsk_run_new_put_current_task_to_rq &rArr; k_tsk_run_new &rArr; scheduler &rArr; removeTCB
</UL>
<BR>[Calls]<UL><LI><a href="#[75]">&gt;&gt;</a>&nbsp;&nbsp;&nbsp;addTCBtoBack
<LI><a href="#[6e]">&gt;&gt;</a>&nbsp;&nbsp;&nbsp;k_tsk_run_new
</UL>
<BR>[Called By]<UL><LI><a href="#[13]">&gt;&gt;</a>&nbsp;&nbsp;&nbsp;UART0_IRQHandler
</UL>

<P><STRONG><a name="[5b]"></a>k_tsk_set_prio</STRONG> (Thumb, 244 bytes, Stack size 16 bytes, k_task.o(i.k_tsk_set_prio))
<BR><BR>[Stack]<UL><LI>Max Depth = 48<LI>Call Chain = k_tsk_set_prio &rArr; k_tsk_run_new &rArr; scheduler &rArr; removeTCB
</UL>
<BR>[Calls]<UL><LI><a href="#[75]">&gt;&gt;</a>&nbsp;&nbsp;&nbsp;addTCBtoBack
<LI><a href="#[6b]">&gt;&gt;</a>&nbsp;&nbsp;&nbsp;removeSpecificTCB
<LI><a href="#[6e]">&gt;&gt;</a>&nbsp;&nbsp;&nbsp;k_tsk_run_new
<LI><a href="#[6d]">&gt;&gt;</a>&nbsp;&nbsp;&nbsp;addTCBtoFront
</UL>
<BR>[Called By]<UL><LI><a href="#[66]">&gt;&gt;</a>&nbsp;&nbsp;&nbsp;k_rt_tsk_set
<LI><a href="#[a]">&gt;&gt;</a>&nbsp;&nbsp;&nbsp;SVC_Handler
</UL>

<P><STRONG><a name="[5a]"></a>k_tsk_yield</STRONG> (Thumb, 44 bytes, Stack size 8 bytes, k_task.o(i.k_tsk_yield))
<BR><BR>[Stack]<UL><LI>Max Depth = 128<LI>Call Chain = k_tsk_yield &rArr; tfp_printf &rArr; tfp_format &rArr; putchw
</UL>
<BR>[Calls]<UL><LI><a href="#[75]">&gt;&gt;</a>&nbsp;&nbsp;&nbsp;addTCBtoBack
<LI><a href="#[74]">&gt;&gt;</a>&nbsp;&nbsp;&nbsp;tfp_printf
<LI><a href="#[6e]">&gt;&gt;</a>&nbsp;&nbsp;&nbsp;k_tsk_run_new
</UL>
<BR>[Called By]<UL><LI><a href="#[a]">&gt;&gt;</a>&nbsp;&nbsp;&nbsp;SVC_Handler
</UL>

<P><STRONG><a name="[a1]"></a>locateNode</STRONG> (Thumb, 48 bytes, Stack size 16 bytes, bit_array.o(i.locateNode))
<BR><BR>[Stack]<UL><LI>Max Depth = 16 + In Cycle
<LI>Call Chain = locateNode &rArr;  locateNode (Cycle)
</UL>
<BR>[Calls]<UL><LI><a href="#[a1]">&gt;&gt;</a>&nbsp;&nbsp;&nbsp;locateNode
<LI><a href="#[81]">&gt;&gt;</a>&nbsp;&nbsp;&nbsp;getBitPositionMask
</UL>
<BR>[Called By]<UL><LI><a href="#[91]">&gt;&gt;</a>&nbsp;&nbsp;&nbsp;removeNodes
<LI><a href="#[a1]">&gt;&gt;</a>&nbsp;&nbsp;&nbsp;locateNode
</UL>

<P><STRONG><a name="[87]"></a>log_2</STRONG> (Thumb, 16 bytes, Stack size 0 bytes, helper.o(i.log_2))
<BR><BR>[Called By]<UL><LI><a href="#[91]">&gt;&gt;</a>&nbsp;&nbsp;&nbsp;removeNodes
<LI><a href="#[8c]">&gt;&gt;</a>&nbsp;&nbsp;&nbsp;initializeBitArray
<LI><a href="#[7d]">&gt;&gt;</a>&nbsp;&nbsp;&nbsp;findLevel
<LI><a href="#[89]">&gt;&gt;</a>&nbsp;&nbsp;&nbsp;getHeight
</UL>

<P><STRONG><a name="[49]"></a>main</STRONG> (Thumb, 84 bytes, Stack size 16 bytes, main.o(i.main))
<BR><BR>[Stack]<UL><LI>Max Depth = 76<LI>Call Chain = main &rArr; ae_init &rArr; ae_set_init_tasks_info &rArr; set_ae_init_tasks &rArr; set_ae_tasks
</UL>
<BR>[Calls]<UL><LI><a href="#[a2]">&gt;&gt;</a>&nbsp;&nbsp;&nbsp;uart_init
<LI><a href="#[78]">&gt;&gt;</a>&nbsp;&nbsp;&nbsp;ae_init
<LI><a href="#[31]">&gt;&gt;</a>&nbsp;&nbsp;&nbsp;SystemInit
<LI><a href="#[a3]">&gt;&gt;</a>&nbsp;&nbsp;&nbsp;init_printf
</UL>
<BR>[Called By]<UL><LI><a href="#[48]">&gt;&gt;</a>&nbsp;&nbsp;&nbsp;__rt_entry_main
</UL>

<P><STRONG><a name="[ae]"></a>popFromEDF</STRONG> (Thumb, 36 bytes, Stack size 0 bytes, edf.o(i.popFromEDF))
<BR><BR>[Called By]<UL><LI><a href="#[9f]">&gt;&gt;</a>&nbsp;&nbsp;&nbsp;scheduler
</UL>

<P><STRONG><a name="[88]"></a>power</STRONG> (Thumb, 36 bytes, Stack size 0 bytes, helper.o(i.power))
<BR><BR>[Called By]<UL><LI><a href="#[7e]">&gt;&gt;</a>&nbsp;&nbsp;&nbsp;findSize
</UL>

<P><STRONG><a name="[a4]"></a>printLMbuffer</STRONG> (Thumb, 198 bytes, Stack size 40 bytes, kcd_task.o(i.printLMbuffer))
<BR><BR>[Stack]<UL><LI>Max Depth = 312<LI>Call Chain = printLMbuffer &rArr; k_mpool_dealloc &rArr; removeNodes &rArr; coalesce &rArr;  coalesce (Cycle)
</UL>
<BR>[Calls]<UL><LI><a href="#[65]">&gt;&gt;</a>&nbsp;&nbsp;&nbsp;k_mbx_get
<LI><a href="#[56]">&gt;&gt;</a>&nbsp;&nbsp;&nbsp;k_mpool_dealloc
<LI><a href="#[55]">&gt;&gt;</a>&nbsp;&nbsp;&nbsp;k_mpool_alloc
<LI><a href="#[a7]">&gt;&gt;</a>&nbsp;&nbsp;&nbsp;printToConsole
<LI><a href="#[a6]">&gt;&gt;</a>&nbsp;&nbsp;&nbsp;countDigits
<LI><a href="#[a5]">&gt;&gt;</a>&nbsp;&nbsp;&nbsp;tfp_sprintf
</UL>
<BR>[Called By]<UL><LI><a href="#[33]">&gt;&gt;</a>&nbsp;&nbsp;&nbsp;task_kcd
</UL>

<P><STRONG><a name="[a8]"></a>printLTbuffer</STRONG> (Thumb, 152 bytes, Stack size 32 bytes, kcd_task.o(i.printLTbuffer))
<BR><BR>[Stack]<UL><LI>Max Depth = 304<LI>Call Chain = printLTbuffer &rArr; k_mpool_dealloc &rArr; removeNodes &rArr; coalesce &rArr;  coalesce (Cycle)
</UL>
<BR>[Calls]<UL><LI><a href="#[56]">&gt;&gt;</a>&nbsp;&nbsp;&nbsp;k_mpool_dealloc
<LI><a href="#[55]">&gt;&gt;</a>&nbsp;&nbsp;&nbsp;k_mpool_alloc
<LI><a href="#[a7]">&gt;&gt;</a>&nbsp;&nbsp;&nbsp;printToConsole
<LI><a href="#[a6]">&gt;&gt;</a>&nbsp;&nbsp;&nbsp;countDigits
<LI><a href="#[a5]">&gt;&gt;</a>&nbsp;&nbsp;&nbsp;tfp_sprintf
</UL>
<BR>[Called By]<UL><LI><a href="#[33]">&gt;&gt;</a>&nbsp;&nbsp;&nbsp;task_kcd
</UL>

<P><STRONG><a name="[92]"></a>printListLevelInOrder</STRONG> (Thumb, 54 bytes, Stack size 32 bytes, k_mem.o(i.printListLevelInOrder))
<BR><BR>[Stack]<UL><LI>Max Depth = 152<LI>Call Chain = printListLevelInOrder &rArr; tfp_printf &rArr; tfp_format &rArr; putchw
</UL>
<BR>[Calls]<UL><LI><a href="#[74]">&gt;&gt;</a>&nbsp;&nbsp;&nbsp;tfp_printf
<LI><a href="#[7e]">&gt;&gt;</a>&nbsp;&nbsp;&nbsp;findSize
</UL>
<BR>[Called By]<UL><LI><a href="#[57]">&gt;&gt;</a>&nbsp;&nbsp;&nbsp;k_mpool_dump
</UL>

<P><STRONG><a name="[a7]"></a>printToConsole</STRONG> (Thumb, 64 bytes, Stack size 24 bytes, kcd_task.o(i.printToConsole))
<BR><BR>[Stack]<UL><LI>Max Depth = 24<LI>Call Chain = printToConsole
</UL>
<BR>[Called By]<UL><LI><a href="#[33]">&gt;&gt;</a>&nbsp;&nbsp;&nbsp;task_kcd
<LI><a href="#[ab]">&gt;&gt;</a>&nbsp;&nbsp;&nbsp;prnCNF
<LI><a href="#[a8]">&gt;&gt;</a>&nbsp;&nbsp;&nbsp;printLTbuffer
<LI><a href="#[a4]">&gt;&gt;</a>&nbsp;&nbsp;&nbsp;printLMbuffer
</UL>

<P><STRONG><a name="[b1]"></a>printToUART</STRONG> (Thumb, 116 bytes, Stack size 32 bytes, cdisp_task.o(i.printToUART))
<BR><BR>[Stack]<UL><LI>Max Depth = 32<LI>Call Chain = printToUART
</UL>
<BR>[Called By]<UL><LI><a href="#[35]">&gt;&gt;</a>&nbsp;&nbsp;&nbsp;task_cdisp
</UL>

<P><STRONG><a name="[76]"></a>priorityLevelToIndex</STRONG> (Thumb, 22 bytes, Stack size 0 bytes, ready_queue.o(i.priorityLevelToIndex))
<BR><BR>[Called By]<UL><LI><a href="#[77]">&gt;&gt;</a>&nbsp;&nbsp;&nbsp;addTCBtoRecvBLK
<LI><a href="#[75]">&gt;&gt;</a>&nbsp;&nbsp;&nbsp;addTCBtoBack
<LI><a href="#[6b]">&gt;&gt;</a>&nbsp;&nbsp;&nbsp;removeSpecificTCB
<LI><a href="#[6d]">&gt;&gt;</a>&nbsp;&nbsp;&nbsp;addTCBtoFront
</UL>

<P><STRONG><a name="[3a]"></a>priv_task1</STRONG> (Thumb, 126 bytes, Stack size 16 bytes, ae_tasks.o(i.priv_task1))
<BR><BR>[Stack]<UL><LI>Max Depth = 136<LI>Call Chain = priv_task1 &rArr; tfp_printf &rArr; tfp_format &rArr; putchw
</UL>
<BR>[Calls]<UL><LI><a href="#[74]">&gt;&gt;</a>&nbsp;&nbsp;&nbsp;tfp_printf
<LI><a href="#[aa]">&gt;&gt;</a>&nbsp;&nbsp;&nbsp;uart_put_string
<LI><a href="#[a9]">&gt;&gt;</a>&nbsp;&nbsp;&nbsp;uart_put_char
</UL>
<BR>[Address Reference Count : 1]<UL><LI> ae_tasks.o(i.set_ae_tasks)
</UL>
<P><STRONG><a name="[ab]"></a>prnCNF</STRONG> (Thumb, 30 bytes, Stack size 8 bytes, kcd_task.o(i.prnCNF))
<BR><BR>[Stack]<UL><LI>Max Depth = 128<LI>Call Chain = prnCNF &rArr; tfp_sprintf &rArr; tfp_format &rArr; putchw
</UL>
<BR>[Calls]<UL><LI><a href="#[a7]">&gt;&gt;</a>&nbsp;&nbsp;&nbsp;printToConsole
<LI><a href="#[a5]">&gt;&gt;</a>&nbsp;&nbsp;&nbsp;tfp_sprintf
</UL>
<BR>[Called By]<UL><LI><a href="#[33]">&gt;&gt;</a>&nbsp;&nbsp;&nbsp;task_kcd
</UL>

<P><STRONG><a name="[6c]"></a>pushToEDF</STRONG> (Thumb, 98 bytes, Stack size 20 bytes, edf.o(i.pushToEDF))
<BR><BR>[Stack]<UL><LI>Max Depth = 40<LI>Call Chain = pushToEDF &rArr; isShorter
</UL>
<BR>[Calls]<UL><LI><a href="#[ac]">&gt;&gt;</a>&nbsp;&nbsp;&nbsp;isShorter
</UL>
<BR>[Called By]<UL><LI><a href="#[9a]">&gt;&gt;</a>&nbsp;&nbsp;&nbsp;k_tsk_create_new
<LI><a href="#[66]">&gt;&gt;</a>&nbsp;&nbsp;&nbsp;k_rt_tsk_set
<LI><a href="#[f]">&gt;&gt;</a>&nbsp;&nbsp;&nbsp;TIMER0_IRQHandler
</UL>

<P><STRONG><a name="[38]"></a>putc</STRONG> (Thumb, 28 bytes, Stack size 12 bytes, uart_polling.o(i.putc))
<BR><BR>[Stack]<UL><LI>Max Depth = 24<LI>Call Chain = putc &rArr; uart_put_string
</UL>
<BR>[Calls]<UL><LI><a href="#[aa]">&gt;&gt;</a>&nbsp;&nbsp;&nbsp;uart_put_string
<LI><a href="#[a9]">&gt;&gt;</a>&nbsp;&nbsp;&nbsp;uart_put_char
</UL>
<BR>[Address Reference Count : 1]<UL><LI> main.o(i.main)
</UL>
<P><STRONG><a name="[85]"></a>removeNode</STRONG> (Thumb, 168 bytes, Stack size 32 bytes, free_list.o(i.removeNode))
<BR><BR>[Stack]<UL><LI>Max Depth = 152<LI>Call Chain = removeNode &rArr; tfp_printf &rArr; tfp_format &rArr; putchw
</UL>
<BR>[Calls]<UL><LI><a href="#[74]">&gt;&gt;</a>&nbsp;&nbsp;&nbsp;tfp_printf
</UL>
<BR>[Called By]<UL><LI><a href="#[84]">&gt;&gt;</a>&nbsp;&nbsp;&nbsp;coalesce
</UL>

<P><STRONG><a name="[91]"></a>removeNodes</STRONG> (Thumb, 430 bytes, Stack size 64 bytes, bit_array.o(i.removeNodes))
<BR><BR>[Stack]<UL><LI>Max Depth = 256<LI>Call Chain = removeNodes &rArr; coalesce &rArr;  coalesce (Cycle)
</UL>
<BR>[Calls]<UL><LI><a href="#[74]">&gt;&gt;</a>&nbsp;&nbsp;&nbsp;tfp_printf
<LI><a href="#[87]">&gt;&gt;</a>&nbsp;&nbsp;&nbsp;log_2
<LI><a href="#[73]">&gt;&gt;</a>&nbsp;&nbsp;&nbsp;addNode
<LI><a href="#[a1]">&gt;&gt;</a>&nbsp;&nbsp;&nbsp;locateNode
<LI><a href="#[ad]">&gt;&gt;</a>&nbsp;&nbsp;&nbsp;getXPosition
<LI><a href="#[89]">&gt;&gt;</a>&nbsp;&nbsp;&nbsp;getHeight
<LI><a href="#[81]">&gt;&gt;</a>&nbsp;&nbsp;&nbsp;getBitPositionMask
<LI><a href="#[80]">&gt;&gt;</a>&nbsp;&nbsp;&nbsp;convertLevelToIndex
<LI><a href="#[84]">&gt;&gt;</a>&nbsp;&nbsp;&nbsp;coalesce
</UL>
<BR>[Called By]<UL><LI><a href="#[56]">&gt;&gt;</a>&nbsp;&nbsp;&nbsp;k_mpool_dealloc
</UL>

<P><STRONG><a name="[6b]"></a>removeSpecificTCB</STRONG> (Thumb, 94 bytes, Stack size 16 bytes, ready_queue.o(i.removeSpecificTCB))
<BR><BR>[Stack]<UL><LI>Max Depth = 16<LI>Call Chain = removeSpecificTCB
</UL>
<BR>[Calls]<UL><LI><a href="#[76]">&gt;&gt;</a>&nbsp;&nbsp;&nbsp;priorityLevelToIndex
</UL>
<BR>[Called By]<UL><LI><a href="#[83]">&gt;&gt;</a>&nbsp;&nbsp;&nbsp;canSendMsg
<LI><a href="#[5b]">&gt;&gt;</a>&nbsp;&nbsp;&nbsp;k_tsk_set_prio
<LI><a href="#[60]">&gt;&gt;</a>&nbsp;&nbsp;&nbsp;k_send_msg
<LI><a href="#[f]">&gt;&gt;</a>&nbsp;&nbsp;&nbsp;TIMER0_IRQHandler
<LI><a href="#[61]">&gt;&gt;</a>&nbsp;&nbsp;&nbsp;k_send_msg_nb
</UL>

<P><STRONG><a name="[af]"></a>removeTCB</STRONG> (Thumb, 54 bytes, Stack size 8 bytes, ready_queue.o(i.removeTCB))
<BR><BR>[Stack]<UL><LI>Max Depth = 8<LI>Call Chain = removeTCB
</UL>
<BR>[Called By]<UL><LI><a href="#[9f]">&gt;&gt;</a>&nbsp;&nbsp;&nbsp;scheduler
</UL>

<P><STRONG><a name="[9f]"></a>scheduler</STRONG> (Thumb, 68 bytes, Stack size 16 bytes, k_task.o(i.scheduler))
<BR><BR>[Stack]<UL><LI>Max Depth = 24<LI>Call Chain = scheduler &rArr; removeTCB
</UL>
<BR>[Calls]<UL><LI><a href="#[af]">&gt;&gt;</a>&nbsp;&nbsp;&nbsp;removeTCB
<LI><a href="#[ae]">&gt;&gt;</a>&nbsp;&nbsp;&nbsp;popFromEDF
</UL>
<BR>[Called By]<UL><LI><a href="#[6e]">&gt;&gt;</a>&nbsp;&nbsp;&nbsp;k_tsk_run_new
</UL>

<P><STRONG><a name="[93]"></a>sendAll</STRONG> (Thumb, 48 bytes, Stack size 8 bytes, k_msg.o(i.sendAll))
<BR><BR>[Stack]<UL><LI>Max Depth = 76<LI>Call Chain = sendAll &rArr; sendQScheduler &rArr; canSendMsg &rArr; removeSpecificTCB
</UL>
<BR>[Calls]<UL><LI><a href="#[75]">&gt;&gt;</a>&nbsp;&nbsp;&nbsp;addTCBtoBack
<LI><a href="#[9c]">&gt;&gt;</a>&nbsp;&nbsp;&nbsp;addMessage
<LI><a href="#[9d]">&gt;&gt;</a>&nbsp;&nbsp;&nbsp;sendQScheduler
</UL>
<BR>[Called By]<UL><LI><a href="#[63]">&gt;&gt;</a>&nbsp;&nbsp;&nbsp;k_recv_msg_nb
<LI><a href="#[62]">&gt;&gt;</a>&nbsp;&nbsp;&nbsp;k_recv_msg
</UL>

<P><STRONG><a name="[9d]"></a>sendQScheduler</STRONG> (Thumb, 72 bytes, Stack size 24 bytes, k_msg.o(i.sendQScheduler))
<BR><BR>[Stack]<UL><LI>Max Depth = 68<LI>Call Chain = sendQScheduler &rArr; canSendMsg &rArr; removeSpecificTCB
</UL>
<BR>[Calls]<UL><LI><a href="#[83]">&gt;&gt;</a>&nbsp;&nbsp;&nbsp;canSendMsg
</UL>
<BR>[Called By]<UL><LI><a href="#[93]">&gt;&gt;</a>&nbsp;&nbsp;&nbsp;sendAll
<LI><a href="#[59]">&gt;&gt;</a>&nbsp;&nbsp;&nbsp;k_tsk_exit
</UL>

<P><STRONG><a name="[7b]"></a>set_ae_init_tasks</STRONG> (Thumb, 24 bytes, Stack size 12 bytes, ae_tasks.o(i.set_ae_init_tasks))
<BR><BR>[Stack]<UL><LI>Max Depth = 20<LI>Call Chain = set_ae_init_tasks &rArr; set_ae_tasks
</UL>
<BR>[Calls]<UL><LI><a href="#[b0]">&gt;&gt;</a>&nbsp;&nbsp;&nbsp;set_ae_tasks
</UL>
<BR>[Called By]<UL><LI><a href="#[7a]">&gt;&gt;</a>&nbsp;&nbsp;&nbsp;ae_set_init_tasks_info
</UL>

<P><STRONG><a name="[b0]"></a>set_ae_tasks</STRONG> (Thumb, 70 bytes, Stack size 8 bytes, ae_tasks.o(i.set_ae_tasks))
<BR><BR>[Stack]<UL><LI>Max Depth = 8<LI>Call Chain = set_ae_tasks
</UL>
<BR>[Called By]<UL><LI><a href="#[7b]">&gt;&gt;</a>&nbsp;&nbsp;&nbsp;set_ae_init_tasks
</UL>

<P><STRONG><a name="[6a]"></a>subtractTime</STRONG> (Thumb, 70 bytes, Stack size 0 bytes, timer.o(i.subtractTime))
<BR><BR>[Called By]<UL><LI><a href="#[f]">&gt;&gt;</a>&nbsp;&nbsp;&nbsp;TIMER0_IRQHandler
</UL>

<P><STRONG><a name="[3b]"></a>task1</STRONG> (Thumb, 292 bytes, Stack size 48 bytes, ae_tasks.o(i.task1))
<BR><BR>[Stack]<UL><LI>Max Depth = 168<LI>Call Chain = task1 &rArr; tfp_printf &rArr; tfp_format &rArr; putchw
</UL>
<BR>[Calls]<UL><LI><a href="#[74]">&gt;&gt;</a>&nbsp;&nbsp;&nbsp;tfp_printf
<LI><a href="#[aa]">&gt;&gt;</a>&nbsp;&nbsp;&nbsp;uart_put_string
<LI><a href="#[a9]">&gt;&gt;</a>&nbsp;&nbsp;&nbsp;uart_put_char
</UL>
<BR>[Address Reference Count : 1]<UL><LI> ae_tasks.o(i.set_ae_tasks)
</UL>
<P><STRONG><a name="[3c]"></a>task2</STRONG> (Thumb, 40 bytes, Stack size 16 bytes, ae_tasks.o(i.task2))
<BR><BR>[Stack]<UL><LI>Max Depth = 28<LI>Call Chain = task2 &rArr; uart_put_string
</UL>
<BR>[Calls]<UL><LI><a href="#[aa]">&gt;&gt;</a>&nbsp;&nbsp;&nbsp;uart_put_string
</UL>
<BR>[Address Reference Count : 1]<UL><LI> ae_tasks.o(i.task1)
</UL>
<P><STRONG><a name="[3d]"></a>task3</STRONG> (Thumb, 14 bytes, Stack size 8 bytes, ae_tasks.o(i.task3))
<BR><BR>[Stack]<UL><LI>Max Depth = 20<LI>Call Chain = task3 &rArr; uart_put_string
</UL>
<BR>[Calls]<UL><LI><a href="#[aa]">&gt;&gt;</a>&nbsp;&nbsp;&nbsp;uart_put_string
</UL>
<BR>[Address Reference Count : 1]<UL><LI> ae_tasks.o(i.task1)
</UL>
<P><STRONG><a name="[35]"></a>task_cdisp</STRONG> (Thumb, 44 bytes, Stack size 0 bytes, cdisp_task.o(i.task_cdisp))
<BR><BR>[Stack]<UL><LI>Max Depth = 32<LI>Call Chain = task_cdisp &rArr; printToUART
</UL>
<BR>[Calls]<UL><LI><a href="#[b1]">&gt;&gt;</a>&nbsp;&nbsp;&nbsp;printToUART
</UL>
<BR>[Address Reference Count : 1]<UL><LI> k_rtx_init.o(i.k_rtx_init)
</UL>
<P><STRONG><a name="[33]"></a>task_kcd</STRONG> (Thumb, 408 bytes, Stack size 80 bytes, kcd_task.o(i.task_kcd))
<BR><BR>[Stack]<UL><LI>Max Depth = 392<LI>Call Chain = task_kcd &rArr; printLMbuffer &rArr; k_mpool_dealloc &rArr; removeNodes &rArr; coalesce &rArr;  coalesce (Cycle)
</UL>
<BR>[Calls]<UL><LI><a href="#[5e]">&gt;&gt;</a>&nbsp;&nbsp;&nbsp;k_tsk_ls
<LI><a href="#[64]">&gt;&gt;</a>&nbsp;&nbsp;&nbsp;k_mbx_ls
<LI><a href="#[ab]">&gt;&gt;</a>&nbsp;&nbsp;&nbsp;prnCNF
<LI><a href="#[a7]">&gt;&gt;</a>&nbsp;&nbsp;&nbsp;printToConsole
<LI><a href="#[a8]">&gt;&gt;</a>&nbsp;&nbsp;&nbsp;printLTbuffer
<LI><a href="#[a4]">&gt;&gt;</a>&nbsp;&nbsp;&nbsp;printLMbuffer
<LI><a href="#[b3]">&gt;&gt;</a>&nbsp;&nbsp;&nbsp;getTaskId
<LI><a href="#[b2]">&gt;&gt;</a>&nbsp;&nbsp;&nbsp;assignTaskId
<LI><a href="#[a5]">&gt;&gt;</a>&nbsp;&nbsp;&nbsp;tfp_sprintf
</UL>
<BR>[Address Reference Count : 1]<UL><LI> k_rtx_init.o(i.k_rtx_init)
</UL>
<P><STRONG><a name="[37]"></a>task_null</STRONG> (Thumb, 6 bytes, Stack size 0 bytes, null_task.o(i.task_null))
<BR>[Address Reference Count : 1]<UL><LI> k_task.o(i.k_tsk_init_first)
</UL>
<P><STRONG><a name="[34]"></a>task_wall_clock</STRONG> (Thumb, 198 bytes, Stack size 8 bytes, wall_clock_task.o(i.task_wall_clock))
<BR><BR>[Stack]<UL><LI>Max Depth = 128<LI>Call Chain = task_wall_clock &rArr; tfp_printf &rArr; tfp_format &rArr; putchw
</UL>
<BR>[Calls]<UL><LI><a href="#[74]">&gt;&gt;</a>&nbsp;&nbsp;&nbsp;tfp_printf
<LI><a href="#[69]">&gt;&gt;</a>&nbsp;&nbsp;&nbsp;get_tick
<LI><a href="#[b4]">&gt;&gt;</a>&nbsp;&nbsp;&nbsp;timeFormat
</UL>
<BR>[Address Reference Count : 1]<UL><LI> k_rtx_init.o(i.k_rtx_init)
</UL>
<P><STRONG><a name="[b5]"></a>tfp_format</STRONG> (Thumb, 296 bytes, Stack size 56 bytes, printf.o(i.tfp_format))
<BR><BR>[Stack]<UL><LI>Max Depth = 96<LI>Call Chain = tfp_format &rArr; putchw
</UL>
<BR>[Calls]<UL><LI><a href="#[8b]">&gt;&gt;</a>&nbsp;&nbsp;&nbsp;ui2a
<LI><a href="#[b6]">&gt;&gt;</a>&nbsp;&nbsp;&nbsp;putchw
<LI><a href="#[8a]">&gt;&gt;</a>&nbsp;&nbsp;&nbsp;i2a
<LI><a href="#[71]">&gt;&gt;</a>&nbsp;&nbsp;&nbsp;a2i
</UL>
<BR>[Called By]<UL><LI><a href="#[74]">&gt;&gt;</a>&nbsp;&nbsp;&nbsp;tfp_printf
<LI><a href="#[a5]">&gt;&gt;</a>&nbsp;&nbsp;&nbsp;tfp_sprintf
</UL>

<P><STRONG><a name="[74]"></a>tfp_printf</STRONG> (Thumb, 34 bytes, Stack size 24 bytes, printf.o(i.tfp_printf))
<BR><BR>[Stack]<UL><LI>Max Depth = 120<LI>Call Chain = tfp_printf &rArr; tfp_format &rArr; putchw
</UL>
<BR>[Calls]<UL><LI><a href="#[b5]">&gt;&gt;</a>&nbsp;&nbsp;&nbsp;tfp_format
</UL>
<BR>[Called By]<UL><LI><a href="#[34]">&gt;&gt;</a>&nbsp;&nbsp;&nbsp;task_wall_clock
<LI><a href="#[91]">&gt;&gt;</a>&nbsp;&nbsp;&nbsp;removeNodes
<LI><a href="#[7f]">&gt;&gt;</a>&nbsp;&nbsp;&nbsp;allocateNode
<LI><a href="#[92]">&gt;&gt;</a>&nbsp;&nbsp;&nbsp;printListLevelInOrder
<LI><a href="#[5a]">&gt;&gt;</a>&nbsp;&nbsp;&nbsp;k_tsk_yield
<LI><a href="#[59]">&gt;&gt;</a>&nbsp;&nbsp;&nbsp;k_tsk_exit
<LI><a href="#[57]">&gt;&gt;</a>&nbsp;&nbsp;&nbsp;k_mpool_dump
<LI><a href="#[85]">&gt;&gt;</a>&nbsp;&nbsp;&nbsp;removeNode
<LI><a href="#[7c]">&gt;&gt;</a>&nbsp;&nbsp;&nbsp;allocate
<LI><a href="#[73]">&gt;&gt;</a>&nbsp;&nbsp;&nbsp;addNode
<LI><a href="#[84]">&gt;&gt;</a>&nbsp;&nbsp;&nbsp;coalesce
<LI><a href="#[3b]">&gt;&gt;</a>&nbsp;&nbsp;&nbsp;task1
<LI><a href="#[3a]">&gt;&gt;</a>&nbsp;&nbsp;&nbsp;priv_task1
</UL>

<P><STRONG><a name="[a5]"></a>tfp_sprintf</STRONG> (Thumb, 38 bytes, Stack size 24 bytes, printf.o(i.tfp_sprintf))
<BR><BR>[Stack]<UL><LI>Max Depth = 120<LI>Call Chain = tfp_sprintf &rArr; tfp_format &rArr; putchw
</UL>
<BR>[Calls]<UL><LI><a href="#[b5]">&gt;&gt;</a>&nbsp;&nbsp;&nbsp;tfp_format
<LI><a href="#[3e]">&gt;&gt;</a>&nbsp;&nbsp;&nbsp;putcp
</UL>
<BR>[Called By]<UL><LI><a href="#[33]">&gt;&gt;</a>&nbsp;&nbsp;&nbsp;task_kcd
<LI><a href="#[ab]">&gt;&gt;</a>&nbsp;&nbsp;&nbsp;prnCNF
<LI><a href="#[a8]">&gt;&gt;</a>&nbsp;&nbsp;&nbsp;printLTbuffer
<LI><a href="#[a4]">&gt;&gt;</a>&nbsp;&nbsp;&nbsp;printLMbuffer
</UL>

<P><STRONG><a name="[b4]"></a>timeFormat</STRONG> (Thumb, 152 bytes, Stack size 16 bytes, wall_clock_task.o(i.timeFormat))
<BR><BR>[Stack]<UL><LI>Max Depth = 16<LI>Call Chain = timeFormat
</UL>
<BR>[Called By]<UL><LI><a href="#[34]">&gt;&gt;</a>&nbsp;&nbsp;&nbsp;task_wall_clock
</UL>

<P><STRONG><a name="[98]"></a>timer_freerun_init</STRONG> (Thumb, 136 bytes, Stack size 0 bytes, timer.o(i.timer_freerun_init))
<BR><BR>[Called By]<UL><LI><a href="#[54]">&gt;&gt;</a>&nbsp;&nbsp;&nbsp;k_rtx_init
</UL>

<P><STRONG><a name="[97]"></a>timer_irq_init</STRONG> (Thumb, 114 bytes, Stack size 16 bytes, timer.o(i.timer_irq_init))
<BR><BR>[Stack]<UL><LI>Max Depth = 16<LI>Call Chain = timer_irq_init
</UL>
<BR>[Called By]<UL><LI><a href="#[54]">&gt;&gt;</a>&nbsp;&nbsp;&nbsp;k_rtx_init
</UL>

<P><STRONG><a name="[a2]"></a>uart_init</STRONG> (Thumb, 96 bytes, Stack size 0 bytes, uart_polling.o(i.uart_init))
<BR><BR>[Called By]<UL><LI><a href="#[49]">&gt;&gt;</a>&nbsp;&nbsp;&nbsp;main
</UL>

<P><STRONG><a name="[96]"></a>uart_irq_init</STRONG> (Thumb, 168 bytes, Stack size 16 bytes, uart_irq.o(i.uart_irq_init))
<BR><BR>[Stack]<UL><LI>Max Depth = 232<LI>Call Chain = uart_irq_init &rArr; initializeMailbox &rArr; k_mpool_alloc &rArr; allocateNode &rArr; allocate &rArr; tfp_printf &rArr; tfp_format &rArr; putchw
</UL>
<BR>[Calls]<UL><LI><a href="#[55]">&gt;&gt;</a>&nbsp;&nbsp;&nbsp;k_mpool_alloc
<LI><a href="#[8e]">&gt;&gt;</a>&nbsp;&nbsp;&nbsp;initializeMailbox
<LI><a href="#[b7]">&gt;&gt;</a>&nbsp;&nbsp;&nbsp;__NVIC_SetPriority
<LI><a href="#[b8]">&gt;&gt;</a>&nbsp;&nbsp;&nbsp;__NVIC_EnableIRQ
</UL>
<BR>[Called By]<UL><LI><a href="#[54]">&gt;&gt;</a>&nbsp;&nbsp;&nbsp;k_rtx_init
</UL>

<P><STRONG><a name="[a9]"></a>uart_put_char</STRONG> (Thumb, 42 bytes, Stack size 0 bytes, uart_polling.o(i.uart_put_char))
<BR><BR>[Called By]<UL><LI><a href="#[aa]">&gt;&gt;</a>&nbsp;&nbsp;&nbsp;uart_put_string
<LI><a href="#[38]">&gt;&gt;</a>&nbsp;&nbsp;&nbsp;putc
<LI><a href="#[3b]">&gt;&gt;</a>&nbsp;&nbsp;&nbsp;task1
<LI><a href="#[3a]">&gt;&gt;</a>&nbsp;&nbsp;&nbsp;priv_task1
</UL>

<P><STRONG><a name="[aa]"></a>uart_put_string</STRONG> (Thumb, 38 bytes, Stack size 12 bytes, uart_polling.o(i.uart_put_string))
<BR><BR>[Stack]<UL><LI>Max Depth = 12<LI>Call Chain = uart_put_string
</UL>
<BR>[Calls]<UL><LI><a href="#[a9]">&gt;&gt;</a>&nbsp;&nbsp;&nbsp;uart_put_char
</UL>
<BR>[Called By]<UL><LI><a href="#[38]">&gt;&gt;</a>&nbsp;&nbsp;&nbsp;putc
<LI><a href="#[3d]">&gt;&gt;</a>&nbsp;&nbsp;&nbsp;task3
<LI><a href="#[3c]">&gt;&gt;</a>&nbsp;&nbsp;&nbsp;task2
<LI><a href="#[3b]">&gt;&gt;</a>&nbsp;&nbsp;&nbsp;task1
<LI><a href="#[3a]">&gt;&gt;</a>&nbsp;&nbsp;&nbsp;priv_task1
</UL>

<P><STRONG><a name="[82]"></a>updateParentNodes</STRONG> (Thumb, 74 bytes, Stack size 16 bytes, bit_array.o(i.updateParentNodes))
<BR><BR>[Stack]<UL><LI>Max Depth = 16 + In Cycle
<LI>Call Chain = updateParentNodes &rArr;  updateParentNodes (Cycle)
</UL>
<BR>[Calls]<UL><LI><a href="#[82]">&gt;&gt;</a>&nbsp;&nbsp;&nbsp;updateParentNodes
<LI><a href="#[81]">&gt;&gt;</a>&nbsp;&nbsp;&nbsp;getBitPositionMask
</UL>
<BR>[Called By]<UL><LI><a href="#[7f]">&gt;&gt;</a>&nbsp;&nbsp;&nbsp;allocateNode
<LI><a href="#[82]">&gt;&gt;</a>&nbsp;&nbsp;&nbsp;updateParentNodes
</UL>
<P>
<H3>
Local Symbols
</H3>
<P><STRONG><a name="[b8]"></a>__NVIC_EnableIRQ</STRONG> (Thumb, 34 bytes, Stack size 0 bytes, uart_irq.o(i.__NVIC_EnableIRQ))
<BR><BR>[Called By]<UL><LI><a href="#[96]">&gt;&gt;</a>&nbsp;&nbsp;&nbsp;uart_irq_init
</UL>

<P><STRONG><a name="[b7]"></a>__NVIC_SetPriority</STRONG> (Thumb, 32 bytes, Stack size 8 bytes, uart_irq.o(i.__NVIC_SetPriority))
<BR><BR>[Stack]<UL><LI>Max Depth = 8<LI>Call Chain = __NVIC_SetPriority
</UL>
<BR>[Called By]<UL><LI><a href="#[96]">&gt;&gt;</a>&nbsp;&nbsp;&nbsp;uart_irq_init
</UL>

<P><STRONG><a name="[72]"></a>a2d</STRONG> (Thumb, 50 bytes, Stack size 0 bytes, printf.o(i.a2d))
<BR><BR>[Called By]<UL><LI><a href="#[71]">&gt;&gt;</a>&nbsp;&nbsp;&nbsp;a2i
</UL>

<P><STRONG><a name="[71]"></a>a2i</STRONG> (Thumb, 58 bytes, Stack size 32 bytes, printf.o(i.a2i))
<BR><BR>[Stack]<UL><LI>Max Depth = 32<LI>Call Chain = a2i
</UL>
<BR>[Calls]<UL><LI><a href="#[72]">&gt;&gt;</a>&nbsp;&nbsp;&nbsp;a2d
</UL>
<BR>[Called By]<UL><LI><a href="#[b5]">&gt;&gt;</a>&nbsp;&nbsp;&nbsp;tfp_format
</UL>

<P><STRONG><a name="[8a]"></a>i2a</STRONG> (Thumb, 32 bytes, Stack size 16 bytes, printf.o(i.i2a))
<BR><BR>[Stack]<UL><LI>Max Depth = 36<LI>Call Chain = i2a &rArr; ui2a
</UL>
<BR>[Calls]<UL><LI><a href="#[8b]">&gt;&gt;</a>&nbsp;&nbsp;&nbsp;ui2a
</UL>
<BR>[Called By]<UL><LI><a href="#[b5]">&gt;&gt;</a>&nbsp;&nbsp;&nbsp;tfp_format
</UL>

<P><STRONG><a name="[b6]"></a>putchw</STRONG> (Thumb, 82 bytes, Stack size 40 bytes, printf.o(i.putchw))
<BR><BR>[Stack]<UL><LI>Max Depth = 40<LI>Call Chain = putchw
</UL>
<BR>[Called By]<UL><LI><a href="#[b5]">&gt;&gt;</a>&nbsp;&nbsp;&nbsp;tfp_format
</UL>

<P><STRONG><a name="[3e]"></a>putcp</STRONG> (Thumb, 10 bytes, Stack size 0 bytes, printf.o(i.putcp))
<BR><BR>[Called By]<UL><LI><a href="#[a5]">&gt;&gt;</a>&nbsp;&nbsp;&nbsp;tfp_sprintf
</UL>
<BR>[Address Reference Count : 1]<UL><LI> printf.o(i.tfp_sprintf)
</UL>
<P><STRONG><a name="[8b]"></a>ui2a</STRONG> (Thumb, 86 bytes, Stack size 20 bytes, printf.o(i.ui2a))
<BR><BR>[Stack]<UL><LI>Max Depth = 20<LI>Call Chain = ui2a
</UL>
<BR>[Called By]<UL><LI><a href="#[b5]">&gt;&gt;</a>&nbsp;&nbsp;&nbsp;tfp_format
<LI><a href="#[8a]">&gt;&gt;</a>&nbsp;&nbsp;&nbsp;i2a
</UL>
<P>
<H3>
Undefined Global Symbols
</H3><HR></body></html>
