Component: ARM Compiler 5.06 update 7 (build 960) Tool: armlink [4d3601]

==============================================================================

Section Cross References

    uart_polling.o(i.putc) refers to uart_polling.o(i.uart_put_string) for uart_put_string
    uart_polling.o(i.putc) refers to uart_polling.o(i.uart_put_char) for uart_put_char
    uart_polling.o(i.uart_put_string) refers to uart_polling.o(i.uart_put_char) for uart_put_char
    uart_irq.o(i.UART0_IRQHandler) refers to k_mem.o(i.k_mpool_alloc) for k_mpool_alloc
    uart_irq.o(i.UART0_IRQHandler) refers to k_msg.o(i.k_send_msg_nb) for k_send_msg_nb
    uart_irq.o(i.UART0_IRQHandler) refers to k_mem.o(i.k_mpool_dealloc) for k_mpool_dealloc
    uart_irq.o(i.UART0_IRQHandler) refers to k_msg.o(i.k_recv_msg_nb_uart) for k_recv_msg_nb_uart
    uart_irq.o(i.UART0_IRQHandler) refers to k_task.o(i.k_tsk_run_new_put_current_task_to_rq) for k_tsk_run_new_put_current_task_to_rq
    uart_irq.o(i.UART0_IRQHandler) refers to uart_irq.o(.data) for g_send_char
    uart_irq.o(i.uart_irq_init) refers to k_mem.o(i.k_mpool_alloc) for k_mpool_alloc
    uart_irq.o(i.uart_irq_init) refers to mailbox.o(i.initializeMailbox) for initializeMailbox
    uart_irq.o(i.uart_irq_init) refers to uart_irq.o(i.__NVIC_SetPriority) for __NVIC_SetPriority
    uart_irq.o(i.uart_irq_init) refers to uart_irq.o(i.__NVIC_EnableIRQ) for __NVIC_EnableIRQ
    uart_irq.o(i.uart_irq_init) refers to uart_irq.o(.data) for uart_mailbox
    timer.o(i.TIMER0_IRQHandler) refers to timer.o(.data) for g_timer_count
    timer.o(i.timer_irq_init) refers to timer.o(.data) for g_timer_count
    hal.o(i.SVC_Handler) refers to k_rtx_init.o(i.k_rtx_init) for k_rtx_init
    hal.o(i.SVC_Handler) refers to k_mem.o(i.k_mpool_alloc) for k_mpool_alloc
    hal.o(i.SVC_Handler) refers to k_mem.o(i.k_mpool_dealloc) for k_mpool_dealloc
    hal.o(i.SVC_Handler) refers to k_mem.o(i.k_mpool_dump) for k_mpool_dump
    hal.o(i.SVC_Handler) refers to k_task.o(i.k_tsk_create) for k_tsk_create
    hal.o(i.SVC_Handler) refers to k_task.o(i.k_tsk_exit) for k_tsk_exit
    hal.o(i.SVC_Handler) refers to k_task.o(i.k_tsk_yield) for k_tsk_yield
    hal.o(i.SVC_Handler) refers to k_task.o(i.k_tsk_set_prio) for k_tsk_set_prio
    hal.o(i.SVC_Handler) refers to k_task.o(i.k_tsk_get) for k_tsk_get
    hal.o(i.SVC_Handler) refers to k_task.o(i.k_tsk_gettid) for k_tsk_gettid
    hal.o(i.SVC_Handler) refers to k_task.o(i.k_tsk_ls) for k_tsk_ls
    hal.o(i.SVC_Handler) refers to k_msg.o(i.k_mbx_create) for k_mbx_create
    hal.o(i.SVC_Handler) refers to k_msg.o(i.k_send_msg) for k_send_msg
    hal.o(i.SVC_Handler) refers to k_msg.o(i.k_send_msg_nb) for k_send_msg_nb
    hal.o(i.SVC_Handler) refers to k_msg.o(i.k_recv_msg) for k_recv_msg
    hal.o(i.SVC_Handler) refers to k_msg.o(i.k_recv_msg_nb) for k_recv_msg_nb
    hal.o(i.SVC_Handler) refers to k_msg.o(i.k_mbx_ls) for k_mbx_ls
    hal.o(i.SVC_Handler) refers to k_msg.o(i.k_mbx_get) for k_mbx_get
    hal.o(i.SVC_Handler) refers to k_task.o(i.k_rt_tsk_set) for k_rt_tsk_set
    hal.o(i.SVC_Handler) refers to k_task.o(i.k_rt_tsk_susp) for k_rt_tsk_susp
    hal.o(i.SVC_Handler) refers to k_task.o(i.k_rt_tsk_get) for k_rt_tsk_get
    k_mem.o(i.k_mem_init) refers to k_mem.o(i.k_mpool_create) for k_mpool_create
    k_mem.o(i.k_mpool_alloc) refers to bit_array.o(i.allocateNode) for allocateNode
    k_mem.o(i.k_mpool_alloc) refers to k_mem.o(.bss) for array_RAM1
    k_mem.o(i.k_mpool_alloc) refers to k_rtx_init.o(.data) for errno
    k_mem.o(i.k_mpool_create) refers to bit_array.o(i.initializeBitArray) for initializeBitArray
    k_mem.o(i.k_mpool_create) refers to k_rtx_init.o(.data) for errno
    k_mem.o(i.k_mpool_create) refers to k_mem.o(.bss) for bitarray_RAM1
    k_mem.o(i.k_mpool_dealloc) refers to bit_array.o(i.removeNodes) for removeNodes
    k_mem.o(i.k_mpool_dealloc) refers to k_rtx_init.o(.data) for errno
    k_mem.o(i.k_mpool_dealloc) refers to k_mem.o(.bss) for array_RAM1
    k_mem.o(i.k_mpool_dump) refers to k_mem.o(i.printListLevelInOrder) for printListLevelInOrder
    k_mem.o(i.k_mpool_dump) refers to printf.o(i.tfp_printf) for tfp_printf
    k_mem.o(i.k_mpool_dump) refers to k_mem.o(.bss) for free_list_RAM1
    k_mem.o(i.printListLevelInOrder) refers to helper.o(i.findSize) for findSize
    k_mem.o(i.printListLevelInOrder) refers to printf.o(i.tfp_printf) for tfp_printf
    k_msg.o(i.k_mbx_create) refers to mailbox.o(i.initializeMailbox) for initializeMailbox
    k_msg.o(i.k_mbx_create) refers to k_task.o(.data) for gp_current_task
    k_msg.o(i.k_mbx_create) refers to k_rtx_init.o(.data) for errno
    k_msg.o(i.k_mbx_get) refers to uart_irq.o(.data) for uart_mailbox
    k_msg.o(i.k_mbx_get) refers to k_rtx_init.o(.data) for errno
    k_msg.o(i.k_mbx_get) refers to k_task.o(.bss) for g_tcbs
    k_msg.o(i.k_mbx_ls) refers to k_rtx_init.o(.data) for errno
[...]
    ae_tasks.o(i.set_ae_tasks) refers to ae_tasks.o(i.task1) for task1
    ae_tasks.o(i.task1) refers to printf.o(i.tfp_printf) for tfp_printf
    ae_tasks.o(i.task1) refers to uart_polling.o(i.uart_put_char) for uart_put_char
    ae_tasks.o(i.task1) refers to uart_polling.o(i.uart_put_string) for uart_put_string
    ae_tasks.o(i.task1) refers to ae_tasks.o(.bss) for g_buf1
    ae_tasks.o(i.task2) refers to uart_polling.o(i.uart_put_string) for uart_put_string
    ae_tasks.o(i.task3) refers to uart_polling.o(i.uart_put_string) for uart_put_string
    sys_exit.o(.text) refers (Special) to use_no_semi.o(.text) for __I$use$semihosting
    sys_exit.o(.text) refers (Special) to indicate_semi.o(.text) for __semihosting_library_function
    rtexit2.o(.ARM.Collect$$rtexit$$00000003) refers to libshutdown.o(.ARM.Collect$$libshutdown$$00000000) for __rt_lib_shutdown
    rtexit2.o(.ARM.Collect$$rtexit$$00000004) refers to sys_exit.o(.text) for _sys_exit
    rtexit2.o(.ARM.exidx) refers to rtexit2.o(.ARM.Collect$$rtexit$$00000001) for .ARM.Collect$$rtexit$$00000001
    rtexit2.o(.ARM.exidx) refers to rtexit2.o(.ARM.Collect$$rtexit$$00000003) for .ARM.Collect$$rtexit$$00000003
    rtexit2.o(.ARM.exidx) refers to rtexit2.o(.ARM.Collect$$rtexit$$00000004) for .ARM.Collect$$rtexit$$00000004
    __raise.o(.text) refers to defsig.o(CL$$defsig) for __default_signal_handler
    defsig_general.o(.text) refers to sys_wrch.o(.text) for _ttywrch
    argv_veneer.o(.emb_text) refers to no_argv.o(.text) for __ARM_get_argv
    ae_tasks_util.o(i.dump_mailboxes) refers to printf.o(i.tfp_printf) for tfp_printf
    ae_tasks_util.o(i.dump_mailboxes) refers to ae_tasks_util.o(i.dump_mbx_info) for dump_mbx_info
    ae_tasks_util.o(i.dump_mbx_info) refers to printf.o(i.tfp_printf) for tfp_printf
    ae_tasks_util.o(i.dump_task_info) refers to printf.o(i.tfp_printf) for tfp_printf
    ae_tasks_util.o(i.dump_tasks) refers to ae_tasks_util.o(i.dump_task_info) for dump_task_info
    ae_tasks_util.o(i.dump_tasks) refers to printf.o(i.tfp_printf) for tfp_printf
    sys_wrch.o(.text) refers (Special) to use_no_semi.o(.text) for __I$use$semihosting
    sys_wrch.o(.text) refers (Special) to indicate_semi.o(.text) for __semihosting_library_function
    defsig.o(CL$$defsig) refers to defsig_fpe_inner.o(.text) for __rt_SIGFPE_inner
    defsig.o(CL$$defsig) refers to defsig_rtmem_inner.o(.text) for __rt_SIGRTMEM_inner
    _get_argv_nomalloc.o(.text) refers (Special) to hrguard.o(.text) for __heap_region$guard
    _get_argv_nomalloc.o(.text) refers to defsig_rtmem_outer.o(.text) for __rt_SIGRTMEM
    _get_argv_nomalloc.o(.text) refers to sys_command.o(.text) for _sys_command_string
    libshutdown.o(.ARM.Collect$$libshutdown$$00000000) refers (Special) to libshutdown2.o(.ARM.Collect$$libshutdown$$00000004) for __rt_lib_shutdown_cpp_1
    libshutdown.o(.ARM.Collect$$libshutdown$$00000000) refers (Special) to libshutdown2.o(.ARM.Collect$$libshutdown$$00000002) for __rt_lib_shutdown_fini_1
    libshutdown.o(.ARM.Collect$$libshutdown$$00000000) refers (Special) to libshutdown2.o(.ARM.Collect$$libshutdown$$00000009) for __rt_lib_shutdown_fp_trap_1
    libshutdown.o(.ARM.Collect$$libshutdown$$00000000) refers (Special) to libshutdown2.o(.ARM.Collect$$libshutdown$$00000011) for __rt_lib_shutdown_heap_1
    libshutdown.o(.ARM.Collect$$libshutdown$$00000000) refers (Special) to libshutdown2.o(.ARM.Collect$$libshutdown$$00000012) for __rt_lib_shutdown_return
    libshutdown.o(.ARM.Collect$$libshutdown$$00000000) refers (Special) to libshutdown2.o(.ARM.Collect$$libshutdown$$0000000C) for __rt_lib_shutdown_signal_1
    libshutdown.o(.ARM.Collect$$libshutdown$$00000000) refers (Special) to libshutdown2.o(.ARM.Collect$$libshutdown$$00000006) for __rt_lib_shutdown_stdio_1
    libshutdown.o(.ARM.Collect$$libshutdown$$00000000) refers (Special) to libshutdown2.o(.ARM.Collect$$libshutdown$$0000000E) for __rt_lib_shutdown_user_alloc_1
    sys_command.o(.text) refers (Special) to use_no_semi.o(.text) for __I$use$semihosting
    sys_command.o(.text) refers (Special) to indicate_semi.o(.text) for __semihosting_library_function
    defsig_abrt_inner.o(.text) refers to defsig_general.o(.text) for __default_signal_display
    defsig_rtred_inner.o(.text) refers to defsig_general.o(.text) for __default_signal_display
    defsig_rtmem_inner.o(.text) refers to defsig_general.o(.text) for __default_signal_display
    defsig_rtmem_outer.o(.text) refers to defsig_rtmem_inner.o(.text) for __rt_SIGRTMEM_inner
    defsig_rtmem_outer.o(.text) refers to defsig_exit.o(.text) for __sig_exit
    defsig_rtmem_formal.o(.text) refers to rt_raise.o(.text) for __rt_raise
    defsig_stak_inner.o(.text) refers to defsig_general.o(.text) for __default_signal_display
    defsig_pvfn_inner.o(.text) refers to defsig_general.o(.text) for __default_signal_display
    defsig_cppl_inner.o(.text) refers to defsig_general.o(.text) for __default_signal_display
    defsig_segv_inner.o(.text) refers to defsig_general.o(.text) for __default_signal_display
    defsig_other.o(.text) refers to defsig_general.o(.text) for __default_signal_display


==============================================================================

Removing Unused input sections from the image.

    Removing uart_polling.o(.rev16_text), (4 bytes).
    Removing uart_polling.o(.revsh_text), (4 bytes).
    Removing uart_polling.o(.rrx_text), (6 bytes).
    Removing uart_polling.o(i.uart_get_char), (48 bytes).
    Removing uart_irq.o(.rev16_text), (4 bytes).
    Removing uart_irq.o(.revsh_text), (4 bytes).
    Removing uart_irq.o(.rrx_text), (6 bytes).
    Removing timer.o(.rev16_text), (4 bytes).
    Removing timer.o(.revsh_text), (4 bytes).
    Removing timer.o(.rrx_text), (6 bytes).
    Removing timer.o(i.get_tick), (72 bytes).
    Removing timer.o(i.timer_freerun_init), (152 bytes).
    Removing timer.o(i.timer_irq_init), (128 bytes).
    Removing hal.o(.rev16_text), (4 bytes).
    Removing hal.o(.revsh_text), (4 bytes).
    Removing hal.o(.rrx_text), (6 bytes).
    Removing k_mem.o(.rev16_text), (4 bytes).
    Removing k_mem.o(.revsh_text), (4 bytes).
    Removing k_mem.o(.rrx_text), (6 bytes).
    Removing k_mem.o(.constdata), (12 bytes).
    Removing k_msg.o(.rev16_text), (4 bytes).
    Removing k_msg.o(.revsh_text), (4 bytes).
    Removing k_msg.o(.rrx_text), (6 bytes).
    Removing k_rtx_init.o(.rev16_text), (4 bytes).
    Removing k_rtx_init.o(.revsh_text), (4 bytes).
    Removing k_rtx_init.o(.rrx_text), (6 bytes).
    Removing k_rtx_init.o(i.k_get_sys_info), (6 bytes).
    Removing k_task.o(.rev16_text), (4 bytes).
    Removing k_task.o(.revsh_text), (4 bytes).
    Removing k_task.o(.rrx_text), (6 bytes).
    Removing bit_array.o(.rev16_text), (4 bytes).
    Removing bit_array.o(.revsh_text), (4 bytes).
    Removing bit_array.o(.rrx_text), (6 bytes).
    Removing free_list.o(.rev16_text), (4 bytes).
    Removing free_list.o(.revsh_text), (4 bytes).
    Removing free_list.o(.rrx_text), (6 bytes).
    Removing helper.o(i.findAddressDelta), (20 bytes).
    Removing tester.o(.rev16_text), (4 bytes).
    Removing tester.o(.revsh_text), (4 bytes).
    Removing tester.o(.rrx_text), (6 bytes).
    Removing tester.o(i.printBitArray), (164 bytes).
    Removing tester.o(i.printBitLevel), (124 bytes).
    Removing tester.o(i.printLinkedList), (76 bytes).
    Removing tester.o(i.printListLevelReverse), (52 bytes).
    Removing ready_queue.o(.rev16_text), (4 bytes).
    Removing ready_queue.o(.revsh_text), (4 bytes).
    Removing ready_queue.o(.rrx_text), (6 bytes).
    Removing mailbox.o(.rev16_text), (4 bytes).
    Removing mailbox.o(.revsh_text), (4 bytes).
    Removing mailbox.o(.rrx_text), (6 bytes).
    Removing mailbox.o(i.isMailboxFull), (18 bytes).
    Removing cdisp_task.o(.rev16_text), (4 bytes).
    Removing cdisp_task.o(.revsh_text), (4 bytes).
    Removing cdisp_task.o(.rrx_text), (6 bytes).
    Removing kcd_task.o(.rev16_text), (4 bytes).
    Removing kcd_task.o(.revsh_text), (4 bytes).
    Removing kcd_task.o(.rrx_text), (6 bytes).
    Removing null_task.o(.rev16_text), (4 bytes).
    Removing null_task.o(.revsh_text), (4 bytes).
    Removing null_task.o(.rrx_text), (6 bytes).
    Removing wall_clock_task.o(i.task_wall_clock), (2 bytes).
    Removing system_lpc17xx.o(.rev16_text), (4 bytes).
    Removing system_lpc17xx.o(.revsh_text), (4 bytes).
    Removing system_lpc17xx.o(.rrx_text), (6 bytes).
    Removing system_lpc17xx.o(i.SystemCoreClockUpdate), (424 bytes).
    Removing system_lpc17xx.o(.data), (4 bytes).
    Removing main.o(.rev16_text), (4 bytes).
    Removing main.o(.revsh_text), (4 bytes).
    Removing ae.o(i.ae_exit), (4 bytes).
    Removing ae_tasks.o(i.task3), (36 bytes).

70 unused section(s) (total 1588 bytes) removed from the image.

==============================================================================

Image Symbol Table

    Local Symbols

    Symbol Name                              Value     Ov Type        Size  Object(Section)

    RESET                                    0x00000000   Section      204  startup_lpc17xx.o(RESET)
    ../clib/angel/boardlib.s                 0x00000000   Number         0  boardinit2.o ABSOLUTE
    ../clib/angel/boardlib.s                 0x00000000   Number         0  boardinit3.o ABSOLUTE
    ../clib/angel/boardlib.s                 0x00000000   Number         0  boardshut.o ABSOLUTE
    ../clib/angel/boardlib.s                 0x00000000   Number         0  boardinit1.o ABSOLUTE
    ../clib/angel/handlers.s                 0x00000000   Number         0  __scatter_zi.o ABSOLUTE
    ../clib/angel/handlers.s                 0x00000000   Number         0  __scatter_copy.o ABSOLUTE
    ../clib/angel/kernel.s                   0x00000000   Number         0  __rtentry4.o ABSOLUTE
    ../clib/angel/kernel.s                   0x00000000   Number         0  rtexit2.o ABSOLUTE
    ../clib/angel/kernel.s                   0x00000000   Number         0  __rtentry2.o ABSOLUTE
    ../clib/angel/kernel.s                   0x00000000   Number         0  rtexit.o ABSOLUTE
    ../clib/angel/kernel.s                   0x00000000   Number         0  __rtentry.o ABSOLUTE
    ../clib/angel/rt.s                       0x00000000   Number         0  aeabi_ldiv0_sigfpe.o ABSOLUTE
    ../clib/angel/rt.s                       0x00000000   Number         0  rt_div0.o ABSOLUTE
    ../clib/angel/rt.s                       0x00000000   Number         0  rt_raise.o ABSOLUTE
    ../clib/angel/rt.s                       0x00000000   Number         0  aeabi_ldiv0.o ABSOLUTE
    ../clib/angel/scatter.s                  0x00000000   Number         0  __scatter.o ABSOLUTE
    ../clib/angel/startup.s                  0x00000000   Number         0  __main.o ABSOLUTE
    ../clib/angel/sys.s                      0x00000000   Number         0  libspace.o ABSOLUTE
    ../clib/angel/sys.s                      0x00000000   Number         0  indicate_semi.o ABSOLUTE
    ../clib/angel/sys.s                      0x00000000   Number         0  sys_stackheap_outer.o ABSOLUTE
    ../clib/angel/sys.s                      0x00000000   Number         0  use_no_semi.o ABSOLUTE
    ../clib/angel/sysapp.c                   0x00000000   Number         0  sys_exit.o ABSOLUTE
    ../clib/angel/sysapp.c                   0x00000000   Number         0  sys_wrch.o ABSOLUTE
    ../clib/angel/sysapp.c                   0x00000000   Number         0  sys_command.o ABSOLUTE
    ../clib/armsys.c                         0x00000000   Number         0  argv_veneer.o ABSOLUTE
    ../clib/armsys.c                         0x00000000   Number         0  no_argv.o ABSOLUTE
    ../clib/armsys.c                         0x00000000   Number         0  _get_argv_nomalloc.o ABSOLUTE
    ../clib/armsys.c                         0x00000000   Number         0  argv_veneer.o ABSOLUTE
    ../clib/heapalloc.c                      0x00000000   Number         0  hrguard.o ABSOLUTE
    ../clib/heapaux.c                        0x00000000   Number         0  heapauxi.o ABSOLUTE
    ../clib/libinit.s                        0x00000000   Number         0  libinit2.o ABSOLUTE
    ../clib/libinit.s                        0x00000000   Number         0  libinit.o ABSOLUTE
    ../clib/libinit.s                        0x00000000   Number         0  libshutdown.o ABSOLUTE
    ../clib/libinit.s                        0x00000000   Number         0  libshutdown2.o ABSOLUTE
    ../clib/longlong.s                       0x00000000   Number         0  lludivv7m.o ABSOLUTE
    ../clib/signal.c                         0x00000000   Number         0  __raise.o ABSOLUTE
    ../clib/signal.c                         0x00000000   Number         0  defsig_fpe_inner.o ABSOLUTE
    ../clib/signal.c                         0x00000000   Number         0  defsig_rtmem_inner.o ABSOLUTE
    ../clib/signal.c                         0x00000000   Number         0  defsig_fpe_formal.o ABSOLUTE
    ../clib/signal.c                         0x00000000   Number         0  defsig_fpe_outer.o ABSOLUTE
    ../clib/signal.c                         0x00000000   Number         0  defsig_rtmem_formal.o ABSOLUTE
    ../clib/signal.c                         0x00000000   Number         0  defsig_stak_inner.o ABSOLUTE
    ../clib/signal.c                         0x00000000   Number         0  defsig_pvfn_inner.o ABSOLUTE
    ../clib/signal.c                         0x00000000   Number         0  defsig_cppl_inner.o ABSOLUTE
    ../clib/signal.c                         0x00000000   Number         0  defsig_segv_inner.o ABSOLUTE
    ../clib/signal.c                         0x00000000   Number         0  defsig_other.o ABSOLUTE
    ../clib/signal.c                         0x00000000   Number         0  defsig_rtred_inner.o ABSOLUTE
    ../clib/signal.c                         0x00000000   Number         0  defsig_abrt_inner.o ABSOLUTE
    ../clib/signal.c                         0x00000000   Number         0  defsig_rtmem_outer.o ABSOLUTE
    ../clib/signal.c                         0x00000000   Number         0  defsig_exit.o ABSOLUTE
    ../clib/signal.c                         0x00000000   Number         0  defsig_general.o ABSOLUTE
    ../clib/signal.s                         0x00000000   Number         0  defsig.o ABSOLUTE
    ../clib/stdlib.c                         0x00000000   Number         0  exit.o ABSOLUTE
    ../fplib/fpinit.s                        0x00000000   Number         0  fpinit.o ABSOLUTE
    RTE\Device\LPC1768\startup_LPC17xx.s     0x00000000   Number         0  startup_lpc17xx.o ABSOLUTE
    RTE\Device\LPC1768\system_LPC17xx.c      0x00000000   Number         0  system_lpc17xx.o ABSOLUTE
    RTE\\Device\\LPC1768\\system_LPC17xx.c   0x00000000   Number         0  system_lpc17xx.o ABSOLUTE
    dc.s                                     0x00000000   Number         0  dc.o ABSOLUTE
    src\\bsp\\LPC1768\\timer.c               0x00000000   Number         0  timer.o ABSOLUTE
    src\\bsp\\LPC1768\\uart_irq.c            0x00000000   Number         0  uart_irq.o ABSOLUTE
    src\\bsp\\LPC1768\\uart_polling.c        0x00000000   Number         0  uart_polling.o ABSOLUTE
    src\\kernel\\HAL.c                       0x00000000   Number         0  hal.o ABSOLUTE
    src\\kernel\\bit_array.c                 0x00000000   Number         0  bit_array.o ABSOLUTE
    src\\kernel\\free_list.c                 0x00000000   Number         0  free_list.o ABSOLUTE
    src\\kernel\\k_mem.c                     0x00000000   Number         0  k_mem.o ABSOLUTE
    src\\kernel\\k_msg.c                     0x00000000   Number         0  k_msg.o ABSOLUTE
    src\\kernel\\k_rtx_init.c                0x00000000   Number         0  k_rtx_init.o ABSOLUTE
    src\\kernel\\k_task.c                    0x00000000   Number         0  k_task.o ABSOLUTE
    src\\kernel\\mailbox.c                   0x00000000   Number         0  mailbox.o ABSOLUTE
    src\\kernel\\ready_queue.c               0x00000000   Number         0  ready_queue.o ABSOLUTE
    src\\kernel\\tester.c                    0x00000000   Number         0  tester.o ABSOLUTE
    src\\main.c                              0x00000000   Number         0  main.o ABSOLUTE
    src\\tasks\\cdisp_task.c                 0x00000000   Number         0  cdisp_task.o ABSOLUTE
    src\\tasks\\kcd_task.c                   0x00000000   Number         0  kcd_task.o ABSOLUTE
    src\\tasks\\null_task.c                  0x00000000   Number         0  null_task.o ABSOLUTE
    src\ae\ae.c                              0x00000000   Number         0  ae.o ABSOLUTE
    src\ae\ae_tasks.c                        0x00000000   Number         0  ae_tasks.o ABSOLUTE
    src\ae\ae_tasks_util.c                   0x00000000   Number         0  ae_tasks_util.o ABSOLUTE
    src\bsp\LPC1768\timer.c                  0x00000000   Number         0  timer.o ABSOLUTE
    src\bsp\LPC1768\uart_irq.c               0x00000000   Number         0  uart_irq.o ABSOLUTE
    src\bsp\LPC1768\uart_polling.c           0x00000000   Number         0  uart_polling.o ABSOLUTE
    src\kernel\HAL.c                         0x00000000   Number         0  hal.o ABSOLUTE
    src\kernel\bit_array.c                   0x00000000   Number         0  bit_array.o ABSOLUTE
    src\kernel\free_list.c                   0x00000000   Number         0  free_list.o ABSOLUTE
    src\kernel\helper.c                      0x00000000   Number         0  helper.o ABSOLUTE
    src\kernel\k_mem.c                       0x00000000   Number         0  k_mem.o ABSOLUTE
    src\kernel\k_msg.c                       0x00000000   Number         0  k_msg.o ABSOLUTE
    src\kernel\k_rtx_init.c                  0x00000000   Number         0  k_rtx_init.o ABSOLUTE
    src\kernel\k_task.c                      0x00000000   Number         0  k_task.o ABSOLUTE
    src\kernel\mailbox.c                     0x00000000   Number         0  mailbox.o ABSOLUTE
    src\kernel\ready_queue.c                 0x00000000   Number         0  ready_queue.o ABSOLUTE
    src\kernel\tester.c                      0x00000000   Number         0  tester.o ABSOLUTE
    src\libu\printf.c                        0x00000000   Number         0  printf.o ABSOLUTE
    src\main.c                               0x00000000   Number         0  main.o ABSOLUTE
    src\tasks\cdisp_task.c                   0x00000000   Number         0  cdisp_task.o ABSOLUTE
    src\tasks\kcd_task.c                     0x00000000   Number         0  kcd_task.o ABSOLUTE
    src\tasks\null_task.c                    0x00000000   Number         0  null_task.o ABSOLUTE
    src\tasks\wall_clock_task.c              0x00000000   Number         0  wall_clock_task.o ABSOLUTE
    !!!main                                  0x000000cc   Section        8  __main.o(!!!main)
    !!!scatter                               0x000000d4   Section       52  __scatter.o(!!!scatter)
    !!handler_copy                           0x00000108   Section       26  __scatter_copy.o(!!handler_copy)
    !!handler_zi                             0x00000124   Section       28  __scatter_zi.o(!!handler_zi)
    .ARM.Collect$$libinit$$00000000          0x00000140   Section        2  libinit.o(.ARM.Collect$$libinit$$00000000)
    .ARM.Collect$$libinit$$00000002          0x00000142   Section        0  libinit2.o(.ARM.Collect$$libinit$$00000002)
    .ARM.Collect$$libinit$$00000004          0x00000142   Section        0  libinit2.o(.ARM.Collect$$libinit$$00000004)
    .ARM.Collect$$libinit$$0000000A          0x00000142   Section        0  libinit2.o(.ARM.Collect$$libinit$$0000000A)
    .ARM.Collect$$libinit$$0000000C          0x00000142   Section        0  libinit2.o(.ARM.Collect$$libinit$$0000000C)
    .ARM.Collect$$libinit$$0000000E          0x00000142   Section        0  libinit2.o(.ARM.Collect$$libinit$$0000000E)
    .ARM.Collect$$libinit$$00000011          0x00000142   Section        0  libinit2.o(.ARM.Collect$$libinit$$00000011)
    .ARM.Collect$$libinit$$00000013          0x00000142   Section        0  libinit2.o(.ARM.Collect$$libinit$$00000013)
    .ARM.Collect$$libinit$$00000015          0x00000142   Section        0  libinit2.o(.ARM.Collect$$libinit$$00000015)
    .ARM.Collect$$libinit$$00000017          0x00000142   Section        0  libinit2.o(.ARM.Collect$$libinit$$00000017)
    .ARM.Collect$$libinit$$00000019          0x00000142   Section        0  libinit2.o(.ARM.Collect$$libinit$$00000019)
    .ARM.Collect$$libinit$$0000001B          0x00000142   Section        0  libinit2.o(.ARM.Collect$$libinit$$0000001B)
    .ARM.Collect$$libinit$$0000001D          0x00000142   Section        0  libinit2.o(.ARM.Collect$$libinit$$0000001D)
    .ARM.Collect$$libinit$$0000001F          0x00000142   Section        0  libinit2.o(.ARM.Collect$$libinit$$0000001F)
    .ARM.Collect$$libinit$$00000021          0x00000142   Section        0  libinit2.o(.ARM.Collect$$libinit$$00000021)
    .ARM.Collect$$libinit$$00000023          0x00000142   Section        0  libinit2.o(.ARM.Collect$$libinit$$00000023)
    .ARM.Collect$$libinit$$00000025          0x00000142   Section        0  libinit2.o(.ARM.Collect$$libinit$$00000025)
    .ARM.Collect$$libinit$$0000002C          0x00000142   Section        0  libinit2.o(.ARM.Collect$$libinit$$0000002C)
    .ARM.Collect$$libinit$$0000002E          0x00000142   Section        0  libinit2.o(.ARM.Collect$$libinit$$0000002E)
    .ARM.Collect$$libinit$$00000030          0x00000142   Section        0  libinit2.o(.ARM.Collect$$libinit$$00000030)
    .ARM.Collect$$libinit$$00000032          0x00000142   Section        0  libinit2.o(.ARM.Collect$$libinit$$00000032)
    .ARM.Collect$$libinit$$00000033          0x00000142   Section        2  libinit2.o(.ARM.Collect$$libinit$$00000033)
    .ARM.Collect$$libshutdown$$00000000      0x00000144   Section        2  libshutdown.o(.ARM.Collect$$libshutdown$$00000000)
    .ARM.Collect$$libshutdown$$00000002      0x00000146   Section        0  libshutdown2.o(.ARM.Collect$$libshutdown$$00000002)
    .ARM.Collect$$libshutdown$$00000004      0x00000146   Section        0  libshutdown2.o(.ARM.Collect$$libshutdown$$00000004)
    .ARM.Collect$$libshutdown$$00000006      0x00000146   Section        0  libshutdown2.o(.ARM.Collect$$libshutdown$$00000006)
    .ARM.Collect$$libshutdown$$00000009      0x00000146   Section        0  libshutdown2.o(.ARM.Collect$$libshutdown$$00000009)
    .ARM.Collect$$libshutdown$$0000000C      0x00000146   Section        0  libshutdown2.o(.ARM.Collect$$libshutdown$$0000000C)
    .ARM.Collect$$libshutdown$$0000000E      0x00000146   Section        0  libshutdown2.o(.ARM.Collect$$libshutdown$$0000000E)
    .ARM.Collect$$libshutdown$$00000011      0x00000146   Section        0  libshutdown2.o(.ARM.Collect$$libshutdown$$00000011)
    .ARM.Collect$$libshutdown$$00000012      0x00000146   Section        2  libshutdown2.o(.ARM.Collect$$libshutdown$$00000012)
    .ARM.Collect$$rtentry$$00000000          0x00000148   Section        0  __rtentry.o(.ARM.Collect$$rtentry$$00000000)
    .ARM.Collect$$rtentry$$00000002          0x00000148   Section        0  __rtentry2.o(.ARM.Collect$$rtentry$$00000002)
    .ARM.Collect$$rtentry$$00000004          0x00000148   Section        6  __rtentry4.o(.ARM.Collect$$rtentry$$00000004)
    .ARM.Collect$$rtentry$$00000009          0x0000014e   Section        0  __rtentry2.o(.ARM.Collect$$rtentry$$00000009)
    .ARM.Collect$$rtentry$$0000000A          0x0000014e   Section        4  __rtentry2.o(.ARM.Collect$$rtentry$$0000000A)
    .ARM.Collect$$rtentry$$0000000C          0x00000152   Section        0  __rtentry2.o(.ARM.Collect$$rtentry$$0000000C)
    .ARM.Collect$$rtentry$$0000000D          0x00000152   Section        8  __rtentry2.o(.ARM.Collect$$rtentry$$0000000D)
    .ARM.Collect$$rtexit$$00000000           0x0000015a   Section        2  rtexit.o(.ARM.Collect$$rtexit$$00000000)
    .ARM.Collect$$rtexit$$00000002           0x0000015c   Section        0  rtexit2.o(.ARM.Collect$$rtexit$$00000002)
    .ARM.Collect$$rtexit$$00000003           0x0000015c   Section        4  rtexit2.o(.ARM.Collect$$rtexit$$00000003)
    .ARM.Collect$$rtexit$$00000004           0x00000160   Section        6  rtexit2.o(.ARM.Collect$$rtexit$$00000004)
    .emb_text                                0x00000168   Section        8  hal.o(.emb_text)
    .emb_text                                0x00000170   Section       50  k_task.o(.emb_text)
    .text                                    0x000001a4   Section       60  startup_lpc17xx.o(.text)
    .text                                    0x000001e0   Section        0  heapauxi.o(.text)
    .text                                    0x000001e6   Section       74  sys_stackheap_outer.o(.text)
    .text                                    0x00000230   Section        0  exit.o(.text)
    .text                                    0x00000244   Section        8  libspace.o(.text)
    .text                                    0x0000024c   Section        0  sys_exit.o(.text)
    .text                                    0x00000258   Section        2  use_no_semi.o(.text)
    .text                                    0x0000025a   Section        0  indicate_semi.o(.text)
    i.TIMER0_IRQHandler                      0x0000025c   Section        0  timer.o(i.TIMER0_IRQHandler)
    i.__NVIC_EnableIRQ                       0x00000274   Section        0  uart_irq.o(i.__NVIC_EnableIRQ)
    __NVIC_EnableIRQ                         0x00000275   Thumb Code    34  uart_irq.o(i.__NVIC_EnableIRQ)
    i.__NVIC_SetPriority                     0x00000298   Section        0  uart_irq.o(i.__NVIC_SetPriority)
    __NVIC_SetPriority                       0x00000299   Thumb Code    32  uart_irq.o(i.__NVIC_SetPriority)
    i.a2d                                    0x000002c0   Section        0  printf.o(i.a2d)
    a2d                                      0x000002c1   Thumb Code    50  printf.o(i.a2d)
    i.k_rt_tsk_set                           0x000002f2   Section        0  k_task.o(i.k_rt_tsk_set)
    i.k_rt_tsk_susp                          0x000002f8   Section        0  k_task.o(i.k_rt_tsk_susp)
    .ARM.__at_0x02FC                         0x000002fc   Section        4  startup_lpc17xx.o(.ARM.__at_0x02FC)
    i.SVC_Handler                            0x00000300   Section        0  hal.o(i.SVC_Handler)
    i.SystemInit                             0x00000428   Section        0  system_lpc17xx.o(i.SystemInit)
    i.UART0_IRQHandler                       0x00000568   Section        0  uart_irq.o(i.UART0_IRQHandler)
    i.a2i                                    0x00000644   Section        0  printf.o(i.a2i)
    a2i                                      0x00000645   Thumb Code    58  printf.o(i.a2i)
    i.addMessage                             0x0000067e   Section        0  mailbox.o(i.addMessage)
    i.addNode                                0x00000714   Section        0  free_list.o(i.addNode)
    i.addTCBtoBack                           0x00000840   Section        0  ready_queue.o(i.addTCBtoBack)
    i.addTCBtoFront                          0x00000884   Section        0  ready_queue.o(i.addTCBtoFront)
    i.addTCBtoRecvBLK                        0x000008c0   Section        0  ready_queue.o(i.addTCBtoRecvBLK)
    i.ae_init                                0x00000904   Section        0  ae.o(i.ae_init)
    i.ae_set_init_tasks_info                 0x00000934   Section        0  ae.o(i.ae_set_init_tasks_info)
    i.ae_set_sys_info                        0x0000094a   Section        0  ae.o(i.ae_set_sys_info)
    i.allocate                               0x00000960   Section        0  free_list.o(i.allocate)
    i.allocateNode                           0x00000b70   Section        0  bit_array.o(i.allocateNode)
    i.assignTaskId                           0x00000c18   Section        0  kcd_task.o(i.assignTaskId)
    i.canSendMsg                             0x00000c60   Section        0  ready_queue.o(i.canSendMsg)
    i.coalesce                               0x00000ca4   Section        0  bit_array.o(i.coalesce)
    i.convertLevelToIndex                    0x00000e58   Section        0  bit_array.o(i.convertLevelToIndex)
    i.deallocateMailbox                      0x00000e68   Section        0  mailbox.o(i.deallocateMailbox)
    i.dump_mailboxes                         0x00000e78   Section        0  ae_tasks_util.o(i.dump_mailboxes)
    i.dump_mbx_info                          0x00000ebc   Section        0  ae_tasks_util.o(i.dump_mbx_info)
    i.dump_task_info                         0x00000f2c   Section        0  ae_tasks_util.o(i.dump_task_info)
    i.dump_tasks                             0x0000108c   Section        0  ae_tasks_util.o(i.dump_tasks)
    i.findLevel                              0x000010dc   Section        0  helper.o(i.findLevel)
    i.findSize                               0x000010fc   Section        0  helper.o(i.findSize)
    i.getBitPositionMask                     0x00001110   Section        0  bit_array.o(i.getBitPositionMask)
    i.getHeight                              0x00001120   Section        0  bit_array.o(i.getHeight)
    i.getMessage                             0x00001140   Section        0  mailbox.o(i.getMessage)
    i.getTaskId                              0x00001200   Section        0  kcd_task.o(i.getTaskId)
    i.getXPosition                           0x00001248   Section        0  bit_array.o(i.getXPosition)
    i.i2a                                    0x0000125c   Section        0  printf.o(i.i2a)
    i2a                                      0x0000125d   Thumb Code    32  printf.o(i.i2a)
    i.init_printf                            0x0000127c   Section        0  printf.o(i.init_printf)
    i.initializeArrayOfFreeLists             0x00001290   Section        0  free_list.o(i.initializeArrayOfFreeLists)
    i.initializeArrayOfReadyQueues           0x000012c8   Section        0  ready_queue.o(i.initializeArrayOfReadyQueues)
    i.initializeBitArray                     0x000012e6   Section        0  bit_array.o(i.initializeBitArray)
    i.initializeMailbox                      0x00001338   Section        0  mailbox.o(i.initializeMailbox)
    i.k_mbx_create                           0x00001368   Section        0  k_msg.o(i.k_mbx_create)
    i.k_mbx_get                              0x000013c4   Section        0  k_msg.o(i.k_mbx_get)
    i.k_mbx_ls                               0x00001440   Section        0  k_msg.o(i.k_mbx_ls)
    i.k_mem_init                             0x000014ac   Section        0  k_mem.o(i.k_mem_init)
    i.k_mpool_alloc                          0x000014ec   Section        0  k_mem.o(i.k_mpool_alloc)
    i.k_mpool_create                         0x00001540   Section        0  k_mem.o(i.k_mpool_create)
    i.k_mpool_dealloc                        0x000015d0   Section        0  k_mem.o(i.k_mpool_dealloc)
    i.k_mpool_dump                           0x00001644   Section        0  k_mem.o(i.k_mpool_dump)
    i.k_pre_rtx_init                         0x000016e8   Section        0  k_rtx_init.o(i.k_pre_rtx_init)
    i.k_recv_msg                             0x00001718   Section        0  k_msg.o(i.k_recv_msg)
    i.k_recv_msg_nb                          0x000017cc   Section        0  k_msg.o(i.k_recv_msg_nb)
    i.k_recv_msg_nb_uart                     0x00001848   Section        0  k_msg.o(i.k_recv_msg_nb_uart)
    i.k_rt_tsk_get                           0x00001894   Section        0  k_task.o(i.k_rt_tsk_get)
    i.k_rtx_init                             0x000018b0   Section        0  k_rtx_init.o(i.k_rtx_init)
    i.k_send_msg                             0x00001968   Section        0  k_msg.o(i.k_send_msg)
    i.k_send_msg_nb                          0x00001a98   Section        0  k_msg.o(i.k_send_msg_nb)
    i.k_tsk_create                           0x00001be4   Section        0  k_task.o(i.k_tsk_create)
    i.k_tsk_create_new                       0x00001d50   Section        0  k_task.o(i.k_tsk_create_new)
    i.k_tsk_exit                             0x00001e6c   Section        0  k_task.o(i.k_tsk_exit)
    i.k_tsk_get                              0x00001ec0   Section        0  k_task.o(i.k_tsk_get)
    i.k_tsk_gettid                           0x00001fc0   Section        0  k_task.o(i.k_tsk_gettid)
    i.k_tsk_init                             0x00001fcc   Section        0  k_task.o(i.k_tsk_init)
    i.k_tsk_init_first                       0x0000207c   Section        0  k_task.o(i.k_tsk_init_first)
    i.k_tsk_ls                               0x00002098   Section        0  k_task.o(i.k_tsk_ls)
    i.k_tsk_run_new                          0x000020f4   Section        0  k_task.o(i.k_tsk_run_new)
    i.k_tsk_run_new_put_current_task_to_rq   0x00002150   Section        0  k_task.o(i.k_tsk_run_new_put_current_task_to_rq)
    i.k_tsk_set_prio                         0x00002170   Section        0  k_task.o(i.k_tsk_set_prio)
    i.k_tsk_yield                            0x0000227c   Section        0  k_task.o(i.k_tsk_yield)
    i.locateNode                             0x000022d8   Section        0  bit_array.o(i.locateNode)
    i.log_2                                  0x00002308   Section        0  helper.o(i.log_2)
    i.main                                   0x00002318   Section        0  main.o(i.main)
    i.power                                  0x00002380   Section        0  helper.o(i.power)
    i.printLSbuffer                          0x000023a4   Section        0  kcd_task.o(i.printLSbuffer)
    i.printListLevel                         0x000023ec   Section        0  tester.o(i.printListLevel)
    i.printListLevelInOrder                  0x00002420   Section        0  k_mem.o(i.printListLevelInOrder)
    i.printToConsole                         0x00002468   Section        0  kcd_task.o(i.printToConsole)
    i.printToUART                            0x000024a8   Section        0  cdisp_task.o(i.printToUART)
    i.priorityLevelToIndex                   0x000024ee   Section        0  ready_queue.o(i.priorityLevelToIndex)
    i.priv_task1                             0x00002504   Section        0  ae_tasks.o(i.priv_task1)
    i.putc                                   0x0000270c   Section        0  uart_polling.o(i.putc)
    i.putchw                                 0x00002750   Section        0  printf.o(i.putchw)
    putchw                                   0x00002751   Thumb Code    82  printf.o(i.putchw)
    i.putcp                                  0x000027a2   Section        0  printf.o(i.putcp)
    putcp                                    0x000027a3   Thumb Code    10  printf.o(i.putcp)
    i.removeNode                             0x000027ac   Section        0  free_list.o(i.removeNode)
    i.removeNodes                            0x000028d8   Section        0  bit_array.o(i.removeNodes)
    i.removeSpecificTCB                      0x00002b64   Section        0  ready_queue.o(i.removeSpecificTCB)
    i.removeTCB                              0x00002bc2   Section        0  ready_queue.o(i.removeTCB)
    i.scheduler                              0x00002bf8   Section        0  k_task.o(i.scheduler)
    i.sendAll                                0x00002c2c   Section        0  k_msg.o(i.sendAll)
    i.sendQScheduler                         0x00002c64   Section        0  k_msg.o(i.sendQScheduler)
    i.set_ae_init_tasks                      0x00002cb4   Section        0  ae_tasks.o(i.set_ae_init_tasks)
    i.set_ae_tasks                           0x00002cd0   Section        0  ae_tasks.o(i.set_ae_tasks)
    i.task1                                  0x00002d20   Section        0  ae_tasks.o(i.task1)
    i.task2                                  0x00002e6c   Section        0  ae_tasks.o(i.task2)
    i.task_cdisp                             0x00002ea8   Section        0  cdisp_task.o(i.task_cdisp)
    i.task_kcd                               0x00002efc   Section        0  kcd_task.o(i.task_kcd)
    i.task_null                              0x00003110   Section        0  null_task.o(i.task_null)
    i.tfp_format                             0x00003116   Section        0  printf.o(i.tfp_format)
    i.tfp_printf                             0x00003240   Section        0  printf.o(i.tfp_printf)
    i.tfp_sprintf                            0x0000326c   Section        0  printf.o(i.tfp_sprintf)
    i.uart_init                              0x00003298   Section        0  uart_polling.o(i.uart_init)
    i.uart_irq_init                          0x00003304   Section        0  uart_irq.o(i.uart_irq_init)
    i.uart_put_char                          0x000033bc   Section        0  uart_polling.o(i.uart_put_char)
    i.uart_put_string                        0x000033f0   Section        0  uart_polling.o(i.uart_put_string)
    i.ui2a                                   0x00003416   Section        0  printf.o(i.ui2a)
    ui2a                                     0x00003417   Thumb Code    86  printf.o(i.ui2a)
    i.updateParentNodes                      0x0000346c   Section        0  bit_array.o(i.updateParentNodes)
    .conststring                             0x000034b8   Section       72  ae_tasks.o(.conststring)
    .data                                    0x10000000   Section       16  uart_irq.o(.data)
    gp_buffer                                0x10000004   Data           4  uart_irq.o(.data)
    .data                                    0x10000010   Section        4  timer.o(.data)
    .data                                    0x10000014   Section        4  k_rtx_init.o(.data)
    .data                                    0x10000018   Section        9  k_task.o(.data)
    .data                                    0x10000021   Section        1  bit_array.o(.data)
    .data                                    0x10000022   Section        1  free_list.o(.data)
    .data                                    0x10000024   Section        8  printf.o(.data)
    stdout_putf                              0x10000024   Data           4  printf.o(.data)
    stdout_putp                              0x10000028   Data           4  printf.o(.data)
    .data                                    0x1000002c   Section       16  main.o(.data)
    sys                                      0x1000002c   Data           8  main.o(.data)
    p_tasks                                  0x10000034   Data           4  main.o(.data)
    num                                      0x10000038   Data           4  main.o(.data)
    .bss                                     0x10000040   Section     2024  k_mem.o(.bss)
    .bss                                     0x10000828   Section       88  k_rtx_init.o(.bss)
    .bss                                     0x10000880   Section      760  k_task.o(.bss)
    .bss                                     0x10000b78   Section       62  kcd_task.o(.bss)
    .bss                                     0x10000bb8   Section       96  libspace.o(.bss)
    .bss                                     0x10000c18   Section      290  ae_tasks.o(.bss)
    HEAP                                     0x10000d40   Section        0  startup_lpc17xx.o(HEAP)
    STACK                                    0x10000d40   Section      512  startup_lpc17xx.o(STACK)
    Heap_Mem                                 0x10000d40   Data           0  startup_lpc17xx.o(HEAP)
    Stack_Mem                                0x10000d40   Data         512  startup_lpc17xx.o(STACK)
    __initial_sp                             0x10000f40   Data           0  startup_lpc17xx.o(STACK)

    Global Symbols

    Symbol Name                              Value     Ov Type        Size  Object(Section)

    BuildAttributes$$THM_ISAv4$P$D$K$B$S$PE$A:L22UL41UL21$X:L11$S22US41US21$IEEE1$IW$USESV6$~STKCKD$USESV7$~SHL$OSPACE$ROPI$EBA8$UX$STANDARDLIB$REQ8$PRES8$EABIv2 0x00000000   Number         0  anon$$obj.o ABSOLUTE
    __ARM_use_no_argv                        0x00000000   Number         0  main.o ABSOLUTE
    __Vectors                                0x00000000   Data           4  startup_lpc17xx.o(RESET)
    __ARM_exceptions_init                     - Undefined Weak Reference
    __alloca_initialize                       - Undefined Weak Reference
    __arm_fini_                               - Undefined Weak Reference
    __arm_preinit_                            - Undefined Weak Reference
    __cpp_initialize__aeabi_                  - Undefined Weak Reference
    __cxa_finalize                            - Undefined Weak Reference
    __rt_locale                               - Undefined Weak Reference
    __sigvec_lookup                           - Undefined Weak Reference
    _atexit_init                              - Undefined Weak Reference
    _call_atexit_fns                          - Undefined Weak Reference
    _clock_init                               - Undefined Weak Reference
    _fp_trap_init                             - Undefined Weak Reference
    _fp_trap_shutdown                         - Undefined Weak Reference
    _get_lc_collate                           - Undefined Weak Reference
    _get_lc_ctype                             - Undefined Weak Reference
    _get_lc_monetary                          - Undefined Weak Reference
    _get_lc_numeric                           - Undefined Weak Reference
    _get_lc_time                              - Undefined Weak Reference
    _getenv_init                              - Undefined Weak Reference
    _handle_redirection                       - Undefined Weak Reference
    _init_alloc                               - Undefined Weak Reference
    _init_user_alloc                          - Undefined Weak Reference
    _initio                                   - Undefined Weak Reference
    _rand_init                                - Undefined Weak Reference
    _signal_finish                            - Undefined Weak Reference
    _signal_init                              - Undefined Weak Reference
    _terminate_alloc                          - Undefined Weak Reference
    _terminate_user_alloc                     - Undefined Weak Reference
    _terminateio                              - Undefined Weak Reference
    __main                                   0x000000cd   Thumb Code     8  __main.o(!!!main)
    __scatterload                            0x000000d5   Thumb Code     0  __scatter.o(!!!scatter)
    __scatterload_rt2                        0x000000d5   Thumb Code    44  __scatter.o(!!!scatter)
    __scatterload_rt2_thumb_only             0x000000d5   Thumb Code     0  __scatter.o(!!!scatter)
    __scatterload_null                       0x000000e3   Thumb Code     0  __scatter.o(!!!scatter)
    __scatterload_copy                       0x00000109   Thumb Code    26  __scatter_copy.o(!!handler_copy)
    __scatterload_zeroinit                   0x00000125   Thumb Code    28  __scatter_zi.o(!!handler_zi)
    __rt_lib_init                            0x00000141   Thumb Code     0  libinit.o(.ARM.Collect$$libinit$$00000000)
    __rt_lib_init_alloca_1                   0x00000143   Thumb Code     0  libinit2.o(.ARM.Collect$$libinit$$0000002E)
    __rt_lib_init_argv_1                     0x00000143   Thumb Code     0  libinit2.o(.ARM.Collect$$libinit$$0000002C)
    __rt_lib_init_atexit_1                   0x00000143   Thumb Code     0  libinit2.o(.ARM.Collect$$libinit$$0000001B)
    __rt_lib_init_clock_1                    0x00000143   Thumb Code     0  libinit2.o(.ARM.Collect$$libinit$$00000021)
    __rt_lib_init_cpp_1                      0x00000143   Thumb Code     0  libinit2.o(.ARM.Collect$$libinit$$00000032)
    __rt_lib_init_exceptions_1               0x00000143   Thumb Code     0  libinit2.o(.ARM.Collect$$libinit$$00000030)
    __rt_lib_init_fp_1                       0x00000143   Thumb Code     0  libinit2.o(.ARM.Collect$$libinit$$00000002)
    __rt_lib_init_fp_trap_1                  0x00000143   Thumb Code     0  libinit2.o(.ARM.Collect$$libinit$$0000001F)
    __rt_lib_init_getenv_1                   0x00000143   Thumb Code     0  libinit2.o(.ARM.Collect$$libinit$$00000023)
    __rt_lib_init_heap_1                     0x00000143   Thumb Code     0  libinit2.o(.ARM.Collect$$libinit$$0000000A)
    __rt_lib_init_lc_collate_1               0x00000143   Thumb Code     0  libinit2.o(.ARM.Collect$$libinit$$00000011)
    __rt_lib_init_lc_ctype_1                 0x00000143   Thumb Code     0  libinit2.o(.ARM.Collect$$libinit$$00000013)
    __rt_lib_init_lc_monetary_1              0x00000143   Thumb Code     0  libinit2.o(.ARM.Collect$$libinit$$00000015)
    __rt_lib_init_lc_numeric_1               0x00000143   Thumb Code     0  libinit2.o(.ARM.Collect$$libinit$$00000017)
    __rt_lib_init_lc_time_1                  0x00000143   Thumb Code     0  libinit2.o(.ARM.Collect$$libinit$$00000019)
    __rt_lib_init_preinit_1                  0x00000143   Thumb Code     0  libinit2.o(.ARM.Collect$$libinit$$00000004)
    __rt_lib_init_rand_1                     0x00000143   Thumb Code     0  libinit2.o(.ARM.Collect$$libinit$$0000000E)
    __rt_lib_init_return                     0x00000143   Thumb Code     0  libinit2.o(.ARM.Collect$$libinit$$00000033)
    __rt_lib_init_signal_1                   0x00000143   Thumb Code     0  libinit2.o(.ARM.Collect$$libinit$$0000001D)
    __rt_lib_init_stdio_1                    0x00000143   Thumb Code     0  libinit2.o(.ARM.Collect$$libinit$$00000025)
    __rt_lib_init_user_alloc_1               0x00000143   Thumb Code     0  libinit2.o(.ARM.Collect$$libinit$$0000000C)
    __rt_lib_shutdown                        0x00000145   Thumb Code     0  libshutdown.o(.ARM.Collect$$libshutdown$$00000000)
    __rt_lib_shutdown_cpp_1                  0x00000147   Thumb Code     0  libshutdown2.o(.ARM.Collect$$libshutdown$$00000004)
    __rt_lib_shutdown_fini_1                 0x00000147   Thumb Code     0  libshutdown2.o(.ARM.Collect$$libshutdown$$00000002)
    __rt_lib_shutdown_fp_trap_1              0x00000147   Thumb Code     0  libshutdown2.o(.ARM.Collect$$libshutdown$$00000009)
    __rt_lib_shutdown_heap_1                 0x00000147   Thumb Code     0  libshutdown2.o(.ARM.Collect$$libshutdown$$00000011)
    __rt_lib_shutdown_return                 0x00000147   Thumb Code     0  libshutdown2.o(.ARM.Collect$$libshutdown$$00000012)
    __rt_lib_shutdown_signal_1               0x00000147   Thumb Code     0  libshutdown2.o(.ARM.Collect$$libshutdown$$0000000C)
    __rt_lib_shutdown_stdio_1                0x00000147   Thumb Code     0  libshutdown2.o(.ARM.Collect$$libshutdown$$00000006)
    __rt_lib_shutdown_user_alloc_1           0x00000147   Thumb Code     0  libshutdown2.o(.ARM.Collect$$libshutdown$$0000000E)
    __rt_entry                               0x00000149   Thumb Code     0  __rtentry.o(.ARM.Collect$$rtentry$$00000000)
    __rt_entry_presh_1                       0x00000149   Thumb Code     0  __rtentry2.o(.ARM.Collect$$rtentry$$00000002)
    __rt_entry_sh                            0x00000149   Thumb Code     0  __rtentry4.o(.ARM.Collect$$rtentry$$00000004)
    __rt_entry_li                            0x0000014f   Thumb Code     0  __rtentry2.o(.ARM.Collect$$rtentry$$0000000A)
    __rt_entry_postsh_1                      0x0000014f   Thumb Code     0  __rtentry2.o(.ARM.Collect$$rtentry$$00000009)
    __rt_entry_main                          0x00000153   Thumb Code     0  __rtentry2.o(.ARM.Collect$$rtentry$$0000000D)
    __rt_entry_postli_1                      0x00000153   Thumb Code     0  __rtentry2.o(.ARM.Collect$$rtentry$$0000000C)
    __rt_exit                                0x0000015b   Thumb Code     0  rtexit.o(.ARM.Collect$$rtexit$$00000000)
    __rt_exit_ls                             0x0000015d   Thumb Code     0  rtexit2.o(.ARM.Collect$$rtexit$$00000003)
    __rt_exit_prels_1                        0x0000015d   Thumb Code     0  rtexit2.o(.ARM.Collect$$rtexit$$00000002)
    __rt_exit_exit                           0x00000161   Thumb Code     0  rtexit2.o(.ARM.Collect$$rtexit$$00000004)
    SVC_RTE                                  0x00000169   Thumb Code     0  hal.o(.emb_text)
    __rte                                    0x00000169   Thumb Code     8  hal.o(.emb_text)
    k_tsk_switch                             0x00000171   Thumb Code    44  k_task.o(.emb_text)
    K_RESTORE                                0x00000183   Thumb Code     0  k_task.o(.emb_text)
    k_tsk_start                              0x000001a1   Thumb Code     2  k_task.o(.emb_text)
    Reset_Handler                            0x000001a5   Thumb Code     8  startup_lpc17xx.o(.text)
    NMI_Handler                              0x000001ad   Thumb Code     2  startup_lpc17xx.o(.text)
    HardFault_Handler                        0x000001af   Thumb Code     2  startup_lpc17xx.o(.text)
    MemManage_Handler                        0x000001b1   Thumb Code     2  startup_lpc17xx.o(.text)
    BusFault_Handler                         0x000001b3   Thumb Code     2  startup_lpc17xx.o(.text)
    UsageFault_Handler                       0x000001b5   Thumb Code     2  startup_lpc17xx.o(.text)
    DebugMon_Handler                         0x000001b9   Thumb Code     2  startup_lpc17xx.o(.text)
    PendSV_Handler                           0x000001bb   Thumb Code     2  startup_lpc17xx.o(.text)
    SysTick_Handler                          0x000001bd   Thumb Code     2  startup_lpc17xx.o(.text)
    ADC_IRQHandler                           0x000001bf   Thumb Code     0  startup_lpc17xx.o(.text)
    BOD_IRQHandler                           0x000001bf   Thumb Code     0  startup_lpc17xx.o(.text)
    CANActivity_IRQHandler                   0x000001bf   Thumb Code     0  startup_lpc17xx.o(.text)
    CAN_IRQHandler                           0x000001bf   Thumb Code     0  startup_lpc17xx.o(.text)
    DMA_IRQHandler                           0x000001bf   Thumb Code     0  startup_lpc17xx.o(.text)
    EINT0_IRQHandler                         0x000001bf   Thumb Code     0  startup_lpc17xx.o(.text)
    EINT1_IRQHandler                         0x000001bf   Thumb Code     0  startup_lpc17xx.o(.text)
    EINT2_IRQHandler                         0x000001bf   Thumb Code     0  startup_lpc17xx.o(.text)
    EINT3_IRQHandler                         0x000001bf   Thumb Code     0  startup_lpc17xx.o(.text)
    ENET_IRQHandler                          0x000001bf   Thumb Code     0  startup_lpc17xx.o(.text)
    I2C0_IRQHandler                          0x000001bf   Thumb Code     0  startup_lpc17xx.o(.text)
    I2C1_IRQHandler                          0x000001bf   Thumb Code     0  startup_lpc17xx.o(.text)
    I2C2_IRQHandler                          0x000001bf   Thumb Code     0  startup_lpc17xx.o(.text)
    I2S_IRQHandler                           0x000001bf   Thumb Code     0  startup_lpc17xx.o(.text)
    MCPWM_IRQHandler                         0x000001bf   Thumb Code     0  startup_lpc17xx.o(.text)
    PLL0_IRQHandler                          0x000001bf   Thumb Code     0  startup_lpc17xx.o(.text)
    PLL1_IRQHandler                          0x000001bf   Thumb Code     0  startup_lpc17xx.o(.text)
    PWM1_IRQHandler                          0x000001bf   Thumb Code     0  startup_lpc17xx.o(.text)
    QEI_IRQHandler                           0x000001bf   Thumb Code     0  startup_lpc17xx.o(.text)
    RIT_IRQHandler                           0x000001bf   Thumb Code     0  startup_lpc17xx.o(.text)
    RTC_IRQHandler                           0x000001bf   Thumb Code     0  startup_lpc17xx.o(.text)
    SPI_IRQHandler                           0x000001bf   Thumb Code     0  startup_lpc17xx.o(.text)
    SSP0_IRQHandler                          0x000001bf   Thumb Code     0  startup_lpc17xx.o(.text)
    SSP1_IRQHandler                          0x000001bf   Thumb Code     0  startup_lpc17xx.o(.text)
    TIMER1_IRQHandler                        0x000001bf   Thumb Code     0  startup_lpc17xx.o(.text)
    TIMER2_IRQHandler                        0x000001bf   Thumb Code     0  startup_lpc17xx.o(.text)
    TIMER3_IRQHandler                        0x000001bf   Thumb Code     0  startup_lpc17xx.o(.text)
    UART1_IRQHandler                         0x000001bf   Thumb Code     0  startup_lpc17xx.o(.text)
    UART2_IRQHandler                         0x000001bf   Thumb Code     0  startup_lpc17xx.o(.text)
    UART3_IRQHandler                         0x000001bf   Thumb Code     0  startup_lpc17xx.o(.text)
    USBActivity_IRQHandler                   0x000001bf   Thumb Code     0  startup_lpc17xx.o(.text)
    USB_IRQHandler                           0x000001bf   Thumb Code     0  startup_lpc17xx.o(.text)
    WDT_IRQHandler                           0x000001bf   Thumb Code     0  startup_lpc17xx.o(.text)
    __user_initial_stackheap                 0x000001c1   Thumb Code     0  startup_lpc17xx.o(.text)
    __use_two_region_memory                  0x000001e1   Thumb Code     2  heapauxi.o(.text)
    __rt_heap_escrow$2region                 0x000001e3   Thumb Code     2  heapauxi.o(.text)
    __rt_heap_expand$2region                 0x000001e5   Thumb Code     2  heapauxi.o(.text)
    __user_setup_stackheap                   0x000001e7   Thumb Code    74  sys_stackheap_outer.o(.text)
    exit                                     0x00000231   Thumb Code    18  exit.o(.text)
    __user_libspace                          0x00000245   Thumb Code     8  libspace.o(.text)
    __user_perproc_libspace                  0x00000245   Thumb Code     0  libspace.o(.text)
    __user_perthread_libspace                0x00000245   Thumb Code     0  libspace.o(.text)
    _sys_exit                                0x0000024d   Thumb Code     8  sys_exit.o(.text)
    __I$use$semihosting                      0x00000259   Thumb Code     0  use_no_semi.o(.text)
    __use_no_semihosting_swi                 0x00000259   Thumb Code     2  use_no_semi.o(.text)
    __semihosting_library_function           0x0000025b   Thumb Code     0  indicate_semi.o(.text)
    TIMER0_IRQHandler                        0x0000025d   Thumb Code    20  timer.o(i.TIMER0_IRQHandler)
    k_rt_tsk_set                             0x000002f3   Thumb Code     6  k_task.o(i.k_rt_tsk_set)
    k_rt_tsk_susp                            0x000002f9   Thumb Code     4  k_task.o(i.k_rt_tsk_susp)
    SVC_Handler                              0x00000301   Thumb Code   296  hal.o(i.SVC_Handler)
    SystemInit                               0x00000429   Thumb Code   302  system_lpc17xx.o(i.SystemInit)
    UART0_IRQHandler                         0x00000569   Thumb Code   202  uart_irq.o(i.UART0_IRQHandler)
    addMessage                               0x0000067f   Thumb Code   150  mailbox.o(i.addMessage)
    addNode                                  0x00000715   Thumb Code   170  free_list.o(i.addNode)
    addTCBtoBack                             0x00000841   Thumb Code    68  ready_queue.o(i.addTCBtoBack)
    addTCBtoFront                            0x00000885   Thumb Code    60  ready_queue.o(i.addTCBtoFront)
    addTCBtoRecvBLK                          0x000008c1   Thumb Code    68  ready_queue.o(i.addTCBtoRecvBLK)
    ae_init                                  0x00000905   Thumb Code    48  ae.o(i.ae_init)
    ae_set_init_tasks_info                   0x00000935   Thumb Code    22  ae.o(i.ae_set_init_tasks_info)
    ae_set_sys_info                          0x0000094b   Thumb Code    22  ae.o(i.ae_set_sys_info)
    allocate                                 0x00000961   Thumb Code   302  free_list.o(i.allocate)
    allocateNode                             0x00000b71   Thumb Code   150  bit_array.o(i.allocateNode)
    assignTaskId                             0x00000c19   Thumb Code    58  kcd_task.o(i.assignTaskId)
    canSendMsg                               0x00000c61   Thumb Code    66  ready_queue.o(i.canSendMsg)
    coalesce                                 0x00000ca5   Thumb Code   318  bit_array.o(i.coalesce)
    convertLevelToIndex                      0x00000e59   Thumb Code    16  bit_array.o(i.convertLevelToIndex)
    deallocateMailbox                        0x00000e69   Thumb Code    14  mailbox.o(i.deallocateMailbox)
    dump_mailboxes                           0x00000e79   Thumb Code    42  ae_tasks_util.o(i.dump_mailboxes)
    dump_mbx_info                            0x00000ebd   Thumb Code    42  ae_tasks_util.o(i.dump_mbx_info)
    dump_task_info                           0x00000f2d   Thumb Code   104  ae_tasks_util.o(i.dump_task_info)
    dump_tasks                               0x0000108d   Thumb Code    56  ae_tasks_util.o(i.dump_tasks)
    findLevel                                0x000010dd   Thumb Code    32  helper.o(i.findLevel)
    findSize                                 0x000010fd   Thumb Code    20  helper.o(i.findSize)
    getBitPositionMask                       0x00001111   Thumb Code    16  bit_array.o(i.getBitPositionMask)
    getHeight                                0x00001121   Thumb Code    32  bit_array.o(i.getHeight)
    getMessage                               0x00001141   Thumb Code   186  mailbox.o(i.getMessage)
    getTaskId                                0x00001201   Thumb Code    60  kcd_task.o(i.getTaskId)
    getXPosition                             0x00001249   Thumb Code    20  bit_array.o(i.getXPosition)
    init_printf                              0x0000127d   Thumb Code    10  printf.o(i.init_printf)
    initializeArrayOfFreeLists               0x00001291   Thumb Code    56  free_list.o(i.initializeArrayOfFreeLists)
    initializeArrayOfReadyQueues             0x000012c9   Thumb Code    30  ready_queue.o(i.initializeArrayOfReadyQueues)
    initializeBitArray                       0x000012e7   Thumb Code    82  bit_array.o(i.initializeBitArray)
    initializeMailbox                        0x00001339   Thumb Code    44  mailbox.o(i.initializeMailbox)
    k_mbx_create                             0x00001369   Thumb Code    82  k_msg.o(i.k_mbx_create)
    k_mbx_get                                0x000013c5   Thumb Code   110  k_msg.o(i.k_mbx_get)
    k_mbx_ls                                 0x00001441   Thumb Code   100  k_msg.o(i.k_mbx_ls)
    k_mem_init                               0x000014ad   Thumb Code    48  k_mem.o(i.k_mem_init)
    k_mpool_alloc                            0x000014ed   Thumb Code    70  k_mem.o(i.k_mpool_alloc)
    k_mpool_create                           0x00001541   Thumb Code    98  k_mem.o(i.k_mpool_create)
    k_mpool_dealloc                          0x000015d1   Thumb Code   104  k_mem.o(i.k_mpool_dealloc)
    k_mpool_dump                             0x00001645   Thumb Code    92  k_mem.o(i.k_mpool_dump)
    k_pre_rtx_init                           0x000016e9   Thumb Code    46  k_rtx_init.o(i.k_pre_rtx_init)
    k_recv_msg                               0x00001719   Thumb Code   166  k_msg.o(i.k_recv_msg)
    k_recv_msg_nb                            0x000017cd   Thumb Code   112  k_msg.o(i.k_recv_msg_nb)
    k_recv_msg_nb_uart                       0x00001849   Thumb Code    68  k_msg.o(i.k_recv_msg_nb_uart)
    k_rt_tsk_get                             0x00001895   Thumb Code    26  k_task.o(i.k_rt_tsk_get)
    k_rtx_init                               0x000018b1   Thumb Code   160  k_rtx_init.o(i.k_rtx_init)
    k_send_msg                               0x00001969   Thumb Code   284  k_msg.o(i.k_send_msg)
    k_send_msg_nb                            0x00001a99   Thumb Code   312  k_msg.o(i.k_send_msg_nb)
    k_tsk_create                             0x00001be5   Thumb Code   342  k_task.o(i.k_tsk_create)
    k_tsk_create_new                         0x00001d51   Thumb Code   272  k_task.o(i.k_tsk_create_new)
    k_tsk_exit                               0x00001e6d   Thumb Code    50  k_task.o(i.k_tsk_exit)
    k_tsk_get                                0x00001ec1   Thumb Code   246  k_task.o(i.k_tsk_get)
    k_tsk_gettid                             0x00001fc1   Thumb Code     8  k_task.o(i.k_tsk_gettid)
    k_tsk_init                               0x00001fcd   Thumb Code   162  k_task.o(i.k_tsk_init)
    k_tsk_init_first                         0x0000207d   Thumb Code    22  k_task.o(i.k_tsk_init_first)
    k_tsk_ls                                 0x00002099   Thumb Code    82  k_task.o(i.k_tsk_ls)
    k_tsk_run_new                            0x000020f5   Thumb Code    88  k_task.o(i.k_tsk_run_new)
    k_tsk_run_new_put_current_task_to_rq     0x00002151   Thumb Code    24  k_task.o(i.k_tsk_run_new_put_current_task_to_rq)
    k_tsk_set_prio                           0x00002171   Thumb Code   246  k_task.o(i.k_tsk_set_prio)
    k_tsk_yield                              0x0000227d   Thumb Code    44  k_task.o(i.k_tsk_yield)
    locateNode                               0x000022d9   Thumb Code    48  bit_array.o(i.locateNode)
    log_2                                    0x00002309   Thumb Code    16  helper.o(i.log_2)
    main                                     0x00002319   Thumb Code    84  main.o(i.main)
    power                                    0x00002381   Thumb Code    36  helper.o(i.power)
    printLSbuffer                            0x000023a5   Thumb Code    68  kcd_task.o(i.printLSbuffer)
    printListLevel                           0x000023ed   Thumb Code    28  tester.o(i.printListLevel)
    printListLevelInOrder                    0x00002421   Thumb Code    54  k_mem.o(i.printListLevelInOrder)
    printToConsole                           0x00002469   Thumb Code    64  kcd_task.o(i.printToConsole)
    printToUART                              0x000024a9   Thumb Code    70  cdisp_task.o(i.printToUART)
    priorityLevelToIndex                     0x000024ef   Thumb Code    22  ready_queue.o(i.priorityLevelToIndex)
    priv_task1                               0x00002505   Thumb Code   308  ae_tasks.o(i.priv_task1)
    putc                                     0x0000270d   Thumb Code    28  uart_polling.o(i.putc)
    removeNode                               0x000027ad   Thumb Code   186  free_list.o(i.removeNode)
    removeNodes                              0x000028d9   Thumb Code   430  bit_array.o(i.removeNodes)
    removeSpecificTCB                        0x00002b65   Thumb Code    94  ready_queue.o(i.removeSpecificTCB)
    removeTCB                                0x00002bc3   Thumb Code    54  ready_queue.o(i.removeTCB)
    scheduler                                0x00002bf9   Thumb Code    44  k_task.o(i.scheduler)
    sendAll                                  0x00002c2d   Thumb Code    48  k_msg.o(i.sendAll)
    sendQScheduler                           0x00002c65   Thumb Code    72  k_msg.o(i.sendQScheduler)
    set_ae_init_tasks                        0x00002cb5   Thumb Code    24  ae_tasks.o(i.set_ae_init_tasks)
    set_ae_tasks                             0x00002cd1   Thumb Code    70  ae_tasks.o(i.set_ae_tasks)
    task1                                    0x00002d21   Thumb Code   200  ae_tasks.o(i.task1)
    task2                                    0x00002e6d   Thumb Code    40  ae_tasks.o(i.task2)
    task_cdisp                               0x00002ea9   Thumb Code    70  cdisp_task.o(i.task_cdisp)
    task_kcd                                 0x00002efd   Thumb Code   454  kcd_task.o(i.task_kcd)
    task_null                                0x00003111   Thumb Code     6  null_task.o(i.task_null)
    tfp_format                               0x00003117   Thumb Code   296  printf.o(i.tfp_format)
    tfp_printf                               0x00003241   Thumb Code    34  printf.o(i.tfp_printf)
    tfp_sprintf                              0x0000326d   Thumb Code    38  printf.o(i.tfp_sprintf)
    uart_init                                0x00003299   Thumb Code    96  uart_polling.o(i.uart_init)
    uart_irq_init                            0x00003305   Thumb Code   168  uart_irq.o(i.uart_irq_init)
    uart_put_char                            0x000033bd   Thumb Code    42  uart_polling.o(i.uart_put_char)
    uart_put_string                          0x000033f1   Thumb Code    38  uart_polling.o(i.uart_put_string)
    updateParentNodes                        0x0000346d   Thumb Code    74  bit_array.o(i.updateParentNodes)
    Region$$Table$$Base                      0x00003500   Number         0  anon$$obj.o(Region$$Table)
    Region$$Table$$Limit                     0x00003520   Number         0  anon$$obj.o(Region$$Table)
    g_buffer                                 0x10000000   Data           1  uart_irq.o(.data)
    g_send_char                              0x10000008   Data           1  uart_irq.o(.data)
    g_char_in                                0x10000009   Data           1  uart_irq.o(.data)
    g_tx_irq                                 0x1000000a   Data           1  uart_irq.o(.data)
    uart_mailbox                             0x1000000c   Data           4  uart_irq.o(.data)
    g_timer_count                            0x10000010   Data           4  timer.o(.data)
    errno                                    0x10000014   Data           4  k_rtx_init.o(.data)
    gp_current_task                          0x10000018   Data           4  k_task.o(.data)
    g_num_active_tasks                       0x1000001c   Data           4  k_task.o(.data)
    debugEntryPrint                          0x10000020   Data           1  k_task.o(.data)
    debugBA                                  0x10000021   Data           1  bit_array.o(.data)
    debug                                    0x10000022   Data           1  free_list.o(.data)
    g_p_stacks                               0x10000040   Data        1536  k_mem.o(.bss)
    array_RAM1                               0x10000640   Data          24  k_mem.o(.bss)
    array_RAM2                               0x10000658   Data          24  k_mem.o(.bss)
    bitarray_RAM1                            0x10000670   Data          31  k_mem.o(.bss)
    bitarray_RAM2                            0x1000068f   Data         255  k_mem.o(.bss)
    free_list_RAM1                           0x10000790   Data          64  k_mem.o(.bss)
    free_list_RAM2                           0x100007d0   Data          88  k_mem.o(.bss)
    readyQueuesArray                         0x10000828   Data          48  k_rtx_init.o(.bss)
    sendQueuesArray                          0x10000858   Data          40  k_rtx_init.o(.bss)
    g_tcbs                                   0x10000880   Data         760  k_task.o(.bss)
    lowercase                                0x10000b78   Data          26  kcd_task.o(.bss)
    uppercase                                0x10000b92   Data          26  kcd_task.o(.bss)
    digits                                   0x10000bac   Data          10  kcd_task.o(.bss)
    __libspace_start                         0x10000bb8   Data          96  libspace.o(.bss)
    __temporary_stack_top$libspace           0x10000c18   Data           0  libspace.o(.bss)
    g_init_tasks                             0x10000c18   Data          24  ae_tasks.o(.bss)
    g_buf1                                   0x10000c30   Data         128  ae_tasks.o(.bss)
    g_buf2                                   0x10000cb0   Data         128  ae_tasks.o(.bss)
    g_tasks                                  0x10000d30   Data          10  ae_tasks.o(.bss)



==============================================================================

Memory Map of the image

  Image Entry point : 0x000000cd

  Load Region LR_IROM1 (Base: 0x00000000, Size: 0x0000355c, Max: 0x00080000, ABSOLUTE)

    Execution Region ER_IROM1 (Exec base: 0x00000000, Load base: 0x00000000, Size: 0x00003520, Max: 0x00080000, ABSOLUTE)

    Exec Addr    Load Addr    Size         Type   Attr      Idx    E Section Name        Object

    0x00000000   0x00000000   0x000000cc   Data   RO         1226    RESET               startup_lpc17xx.o
    0x000000cc   0x000000cc   0x00000008   Code   RO         1276  * !!!main             c_w.l(__main.o)
    0x000000d4   0x000000d4   0x00000034   Code   RO         1634    !!!scatter          c_w.l(__scatter.o)
    0x00000108   0x00000108   0x0000001a   Code   RO         1636    !!handler_copy      c_w.l(__scatter_copy.o)
    0x00000122   0x00000122   0x00000002   PAD
    0x00000124   0x00000124   0x0000001c   Code   RO         1638    !!handler_zi        c_w.l(__scatter_zi.o)
    0x00000140   0x00000140   0x00000002   Code   RO         1373    .ARM.Collect$$libinit$$00000000  c_w.l(libinit.o)
    0x00000142   0x00000142   0x00000000   Code   RO         1422    .ARM.Collect$$libinit$$00000002  c_w.l(libinit2.o)
    0x00000142   0x00000142   0x00000000   Code   RO         1424    .ARM.Collect$$libinit$$00000004  c_w.l(libinit2.o)
    0x00000142   0x00000142   0x00000000   Code   RO         1427    .ARM.Collect$$libinit$$0000000A  c_w.l(libinit2.o)
    0x00000142   0x00000142   0x00000000   Code   RO         1429    .ARM.Collect$$libinit$$0000000C  c_w.l(libinit2.o)
    0x00000142   0x00000142   0x00000000   Code   RO         1431    .ARM.Collect$$libinit$$0000000E  c_w.l(libinit2.o)
    0x00000142   0x00000142   0x00000000   Code   RO         1434    .ARM.Collect$$libinit$$00000011  c_w.l(libinit2.o)
    0x00000142   0x00000142   0x00000000   Code   RO         1436    .ARM.Collect$$libinit$$00000013  c_w.l(libinit2.o)
    0x00000142   0x00000142   0x00000000   Code   RO         1438    .ARM.Collect$$libinit$$00000015  c_w.l(libinit2.o)
    0x00000142   0x00000142   0x00000000   Code   RO         1440    .ARM.Collect$$libinit$$00000017  c_w.l(libinit2.o)
    0x00000142   0x00000142   0x00000000   Code   RO         1442    .ARM.Collect$$libinit$$00000019  c_w.l(libinit2.o)
    0x00000142   0x00000142   0x00000000   Code   RO         1444    .ARM.Collect$$libinit$$0000001B  c_w.l(libinit2.o)
    0x00000142   0x00000142   0x00000000   Code   RO         1446    .ARM.Collect$$libinit$$0000001D  c_w.l(libinit2.o)
    0x00000142   0x00000142   0x00000000   Code   RO         1448    .ARM.Collect$$libinit$$0000001F  c_w.l(libinit2.o)
    0x00000142   0x00000142   0x00000000   Code   RO         1450    .ARM.Collect$$libinit$$00000021  c_w.l(libinit2.o)
    0x00000142   0x00000142   0x00000000   Code   RO         1452    .ARM.Collect$$libinit$$00000023  c_w.l(libinit2.o)
    0x00000142   0x00000142   0x00000000   Code   RO         1454    .ARM.Collect$$libinit$$00000025  c_w.l(libinit2.o)
    0x00000142   0x00000142   0x00000000   Code   RO         1458    .ARM.Collect$$libinit$$0000002C  c_w.l(libinit2.o)
    0x00000142   0x00000142   0x00000000   Code   RO         1460    .ARM.Collect$$libinit$$0000002E  c_w.l(libinit2.o)
    0x00000142   0x00000142   0x00000000   Code   RO         1462    .ARM.Collect$$libinit$$00000030  c_w.l(libinit2.o)
    0x00000142   0x00000142   0x00000000   Code   RO         1464    .ARM.Collect$$libinit$$00000032  c_w.l(libinit2.o)
    0x00000142   0x00000142   0x00000002   Code   RO         1465    .ARM.Collect$$libinit$$00000033  c_w.l(libinit2.o)
    0x00000144   0x00000144   0x00000002   Code   RO         1589    .ARM.Collect$$libshutdown$$00000000  c_w.l(libshutdown.o)
    0x00000146   0x00000146   0x00000000   Code   RO         1615    .ARM.Collect$$libshutdown$$00000002  c_w.l(libshutdown2.o)
    0x00000146   0x00000146   0x00000000   Code   RO         1617    .ARM.Collect$$libshutdown$$00000004  c_w.l(libshutdown2.o)
    0x00000146   0x00000146   0x00000000   Code   RO         1619    .ARM.Collect$$libshutdown$$00000006  c_w.l(libshutdown2.o)
    0x00000146   0x00000146   0x00000000   Code   RO         1622    .ARM.Collect$$libshutdown$$00000009  c_w.l(libshutdown2.o)
    0x00000146   0x00000146   0x00000000   Code   RO         1625    .ARM.Collect$$libshutdown$$0000000C  c_w.l(libshutdown2.o)
    0x00000146   0x00000146   0x00000000   Code   RO         1627    .ARM.Collect$$libshutdown$$0000000E  c_w.l(libshutdown2.o)
    0x00000146   0x00000146   0x00000000   Code   RO         1630    .ARM.Collect$$libshutdown$$00000011  c_w.l(libshutdown2.o)
    0x00000146   0x00000146   0x00000002   Code   RO         1631    .ARM.Collect$$libshutdown$$00000012  c_w.l(libshutdown2.o)
    0x00000148   0x00000148   0x00000000   Code   RO         1278    .ARM.Collect$$rtentry$$00000000  c_w.l(__rtentry.o)
    0x00000148   0x00000148   0x00000000   Code   RO         1284    .ARM.Collect$$rtentry$$00000002  c_w.l(__rtentry2.o)
    0x00000148   0x00000148   0x00000006   Code   RO         1296    .ARM.Collect$$rtentry$$00000004  c_w.l(__rtentry4.o)
    0x0000014e   0x0000014e   0x00000000   Code   RO         1286    .ARM.Collect$$rtentry$$00000009  c_w.l(__rtentry2.o)
    0x0000014e   0x0000014e   0x00000004   Code   RO         1287    .ARM.Collect$$rtentry$$0000000A  c_w.l(__rtentry2.o)
    0x00000152   0x00000152   0x00000000   Code   RO         1289    .ARM.Collect$$rtentry$$0000000C  c_w.l(__rtentry2.o)
    0x00000152   0x00000152   0x00000008   Code   RO         1290    .ARM.Collect$$rtentry$$0000000D  c_w.l(__rtentry2.o)
    0x0000015a   0x0000015a   0x00000002   Code   RO         1413    .ARM.Collect$$rtexit$$00000000  c_w.l(rtexit.o)
    0x0000015c   0x0000015c   0x00000000   Code   RO         1528    .ARM.Collect$$rtexit$$00000002  c_w.l(rtexit2.o)
    0x0000015c   0x0000015c   0x00000004   Code   RO         1529    .ARM.Collect$$rtexit$$00000003  c_w.l(rtexit2.o)
    0x00000160   0x00000160   0x00000006   Code   RO         1530    .ARM.Collect$$rtexit$$00000004  c_w.l(rtexit2.o)
    0x00000166   0x00000166   0x00000002   PAD
    0x00000168   0x00000168   0x00000008   Code   RO          238    .emb_text           hal.o
    0x00000170   0x00000170   0x00000032   Code   RO          516    .emb_text           k_task.o
    0x000001a2   0x000001a2   0x00000002   PAD
    0x000001a4   0x000001a4   0x0000003c   Code   RO         1228    .text               startup_lpc17xx.o
    0x000001e0   0x000001e0   0x00000006   Code   RO         1274    .text               c_w.l(heapauxi.o)
    0x000001e6   0x000001e6   0x0000004a   Code   RO         1360    .text               c_w.l(sys_stackheap_outer.o)
    0x00000230   0x00000230   0x00000012   Code   RO         1362    .text               c_w.l(exit.o)
    0x00000242   0x00000242   0x00000002   PAD
    0x00000244   0x00000244   0x00000008   Code   RO         1410    .text               c_w.l(libspace.o)
    0x0000024c   0x0000024c   0x0000000c   Code   RO         1525    .text               c_w.l(sys_exit.o)
    0x00000258   0x00000258   0x00000002   Code   RO         1578    .text               c_w.l(use_no_semi.o)
    0x0000025a   0x0000025a   0x00000000   Code   RO         1580    .text               c_w.l(indicate_semi.o)
    0x0000025a   0x0000025a   0x00000002   PAD
    0x0000025c   0x0000025c   0x00000018   Code   RO          186    i.TIMER0_IRQHandler  timer.o
    0x00000274   0x00000274   0x00000022   Code   RO           88    i.__NVIC_EnableIRQ  uart_irq.o
    0x00000296   0x00000296   0x00000002   PAD
    0x00000298   0x00000298   0x00000028   Code   RO           89    i.__NVIC_SetPriority  uart_irq.o
    0x000002c0   0x000002c0   0x00000032   Code   RO         1002    i.a2d               printf.o
    0x000002f2   0x000002f2   0x00000006   Code   RO          518    i.k_rt_tsk_set      k_task.o
    0x000002f8   0x000002f8   0x00000004   Code   RO          519    i.k_rt_tsk_susp     k_task.o
    0x000002fc   0x000002fc   0x00000004   Code   RO         1227    .ARM.__at_0x02FC    startup_lpc17xx.o
    0x00000300   0x00000300   0x00000128   Code   RO          239    i.SVC_Handler       hal.o
    0x00000428   0x00000428   0x00000140   Code   RO         1238    i.SystemInit        system_lpc17xx.o
    0x00000568   0x00000568   0x000000dc   Code   RO           87    i.UART0_IRQHandler  uart_irq.o
    0x00000644   0x00000644   0x0000003a   Code   RO         1003    i.a2i               printf.o
    0x0000067e   0x0000067e   0x00000096   Code   RO          950    i.addMessage        mailbox.o
    0x00000714   0x00000714   0x0000012c   Code   RO          737    i.addNode           free_list.o
    0x00000840   0x00000840   0x00000044   Code   RO          884    i.addTCBtoBack      ready_queue.o
    0x00000884   0x00000884   0x0000003c   Code   RO          885    i.addTCBtoFront     ready_queue.o
    0x000008c0   0x000008c0   0x00000044   Code   RO          886    i.addTCBtoRecvBLK   ready_queue.o
    0x00000904   0x00000904   0x00000030   Code   RO         1375    i.ae_init           ae-lib-sim.lib(ae.o)
    0x00000934   0x00000934   0x00000016   Code   RO         1376    i.ae_set_init_tasks_info  ae-lib-sim.lib(ae.o)
    0x0000094a   0x0000094a   0x00000016   Code   RO         1377    i.ae_set_sys_info   ae-lib-sim.lib(ae.o)
    0x00000960   0x00000960   0x00000210   Code   RO          738    i.allocate          free_list.o
    0x00000b70   0x00000b70   0x000000a8   Code   RO          653    i.allocateNode      bit_array.o
    0x00000c18   0x00000c18   0x00000048   Code   RO         1123    i.assignTaskId      kcd_task.o
    0x00000c60   0x00000c60   0x00000042   Code   RO          887    i.canSendMsg        ready_queue.o
    0x00000ca2   0x00000ca2   0x00000002   PAD
    0x00000ca4   0x00000ca4   0x000001b4   Code   RO          654    i.coalesce          bit_array.o
    0x00000e58   0x00000e58   0x00000010   Code   RO          655    i.convertLevelToIndex  bit_array.o
    0x00000e68   0x00000e68   0x0000000e   Code   RO          951    i.deallocateMailbox  mailbox.o
    0x00000e76   0x00000e76   0x00000002   PAD
    0x00000e78   0x00000e78   0x00000044   Code   RO         1542    i.dump_mailboxes    ae-lib-sim.lib(ae_tasks_util.o)
    0x00000ebc   0x00000ebc   0x00000070   Code   RO         1543    i.dump_mbx_info     ae-lib-sim.lib(ae_tasks_util.o)
    0x00000f2c   0x00000f2c   0x00000160   Code   RO         1544    i.dump_task_info    ae-lib-sim.lib(ae_tasks_util.o)
    0x0000108c   0x0000108c   0x00000050   Code   RO         1545    i.dump_tasks        ae-lib-sim.lib(ae_tasks_util.o)
    0x000010dc   0x000010dc   0x00000020   Code   RO          786    i.findLevel         helper.o
    0x000010fc   0x000010fc   0x00000014   Code   RO          787    i.findSize          helper.o
    0x00001110   0x00001110   0x00000010   Code   RO          656    i.getBitPositionMask  bit_array.o
    0x00001120   0x00001120   0x00000020   Code   RO          657    i.getHeight         bit_array.o
    0x00001140   0x00001140   0x000000c0   Code   RO          952    i.getMessage        mailbox.o
    0x00001200   0x00001200   0x00000048   Code   RO         1124    i.getTaskId         kcd_task.o
    0x00001248   0x00001248   0x00000014   Code   RO          658    i.getXPosition      bit_array.o
    0x0000125c   0x0000125c   0x00000020   Code   RO         1004    i.i2a               printf.o
    0x0000127c   0x0000127c   0x00000014   Code   RO         1005    i.init_printf       printf.o
    0x00001290   0x00001290   0x00000038   Code   RO          739    i.initializeArrayOfFreeLists  free_list.o
    0x000012c8   0x000012c8   0x0000001e   Code   RO          888    i.initializeArrayOfReadyQueues  ready_queue.o
    0x000012e6   0x000012e6   0x00000052   Code   RO          659    i.initializeBitArray  bit_array.o
    0x00001338   0x00001338   0x00000030   Code   RO          953    i.initializeMailbox  mailbox.o
    0x00001368   0x00001368   0x0000005c   Code   RO          386    i.k_mbx_create      k_msg.o
    0x000013c4   0x000013c4   0x0000007c   Code   RO          387    i.k_mbx_get         k_msg.o
    0x00001440   0x00001440   0x0000006c   Code   RO          388    i.k_mbx_ls          k_msg.o
    0x000014ac   0x000014ac   0x00000040   Code   RO          321    i.k_mem_init        k_mem.o
    0x000014ec   0x000014ec   0x00000054   Code   RO          322    i.k_mpool_alloc     k_mem.o
    0x00001540   0x00001540   0x00000090   Code   RO          323    i.k_mpool_create    k_mem.o
    0x000015d0   0x000015d0   0x00000074   Code   RO          324    i.k_mpool_dealloc   k_mem.o
    0x00001644   0x00001644   0x000000a4   Code   RO          325    i.k_mpool_dump      k_mem.o
    0x000016e8   0x000016e8   0x0000002e   Code   RO          465    i.k_pre_rtx_init    k_rtx_init.o
    0x00001716   0x00001716   0x00000002   PAD
    0x00001718   0x00001718   0x000000b4   Code   RO          389    i.k_recv_msg        k_msg.o
    0x000017cc   0x000017cc   0x0000007c   Code   RO          390    i.k_recv_msg_nb     k_msg.o
    0x00001848   0x00001848   0x0000004c   Code   RO          391    i.k_recv_msg_nb_uart  k_msg.o
    0x00001894   0x00001894   0x0000001a   Code   RO          517    i.k_rt_tsk_get      k_task.o
    0x000018ae   0x000018ae   0x00000002   PAD
    0x000018b0   0x000018b0   0x000000b8   Code   RO          466    i.k_rtx_init        k_rtx_init.o
    0x00001968   0x00001968   0x00000130   Code   RO          392    i.k_send_msg        k_msg.o
    0x00001a98   0x00001a98   0x0000014c   Code   RO          393    i.k_send_msg_nb     k_msg.o
    0x00001be4   0x00001be4   0x0000016c   Code   RO          520    i.k_tsk_create      k_task.o
    0x00001d50   0x00001d50   0x0000011c   Code   RO          521    i.k_tsk_create_new  k_task.o
    0x00001e6c   0x00001e6c   0x00000054   Code   RO          522    i.k_tsk_exit        k_task.o
    0x00001ec0   0x00001ec0   0x00000100   Code   RO          523    i.k_tsk_get         k_task.o
    0x00001fc0   0x00001fc0   0x0000000c   Code   RO          524    i.k_tsk_gettid      k_task.o
    0x00001fcc   0x00001fcc   0x000000b0   Code   RO          525    i.k_tsk_init        k_task.o
    0x0000207c   0x0000207c   0x0000001c   Code   RO          526    i.k_tsk_init_first  k_task.o
    0x00002098   0x00002098   0x0000005c   Code   RO          527    i.k_tsk_ls          k_task.o
    0x000020f4   0x000020f4   0x0000005c   Code   RO          528    i.k_tsk_run_new     k_task.o
    0x00002150   0x00002150   0x00000020   Code   RO          529    i.k_tsk_run_new_put_current_task_to_rq  k_task.o
    0x00002170   0x00002170   0x0000010c   Code   RO          530    i.k_tsk_set_prio    k_task.o
    0x0000227c   0x0000227c   0x0000005c   Code   RO          531    i.k_tsk_yield       k_task.o
    0x000022d8   0x000022d8   0x00000030   Code   RO          660    i.locateNode        bit_array.o
    0x00002308   0x00002308   0x00000010   Code   RO          788    i.log_2             helper.o
    0x00002318   0x00002318   0x00000068   Code   RO         1302    i.main              ae-lib-sim.lib(main.o)
    0x00002380   0x00002380   0x00000024   Code   RO          789    i.power             helper.o
    0x000023a4   0x000023a4   0x00000048   Code   RO         1125    i.printLSbuffer     kcd_task.o
    0x000023ec   0x000023ec   0x00000034   Code   RO          830    i.printListLevel    tester.o
    0x00002420   0x00002420   0x00000048   Code   RO          326    i.printListLevelInOrder  k_mem.o
    0x00002468   0x00002468   0x00000040   Code   RO         1126    i.printToConsole    kcd_task.o
    0x000024a8   0x000024a8   0x00000046   Code   RO         1067    i.printToUART       cdisp_task.o
    0x000024ee   0x000024ee   0x00000016   Code   RO          889    i.priorityLevelToIndex  ready_queue.o
    0x00002504   0x00002504   0x00000208   Code   RO         1466    i.priv_task1        ae-lib-sim.lib(ae_tasks.o)
    0x0000270c   0x0000270c   0x00000044   Code   RO            4    i.putc              uart_polling.o
    0x00002750   0x00002750   0x00000052   Code   RO         1006    i.putchw            printf.o
    0x000027a2   0x000027a2   0x0000000a   Code   RO         1007    i.putcp             printf.o
    0x000027ac   0x000027ac   0x0000012c   Code   RO          740    i.removeNode        free_list.o
    0x000028d8   0x000028d8   0x0000028c   Code   RO          661    i.removeNodes       bit_array.o
    0x00002b64   0x00002b64   0x0000005e   Code   RO          890    i.removeSpecificTCB  ready_queue.o
    0x00002bc2   0x00002bc2   0x00000036   Code   RO          891    i.removeTCB         ready_queue.o
    0x00002bf8   0x00002bf8   0x00000034   Code   RO          532    i.scheduler         k_task.o
    0x00002c2c   0x00002c2c   0x00000038   Code   RO          394    i.sendAll           k_msg.o
    0x00002c64   0x00002c64   0x00000050   Code   RO          395    i.sendQScheduler    k_msg.o
    0x00002cb4   0x00002cb4   0x0000001c   Code   RO         1467    i.set_ae_init_tasks  ae-lib-sim.lib(ae_tasks.o)
    0x00002cd0   0x00002cd0   0x00000050   Code   RO         1468    i.set_ae_tasks      ae-lib-sim.lib(ae_tasks.o)
    0x00002d20   0x00002d20   0x0000014c   Code   RO         1469    i.task1             ae-lib-sim.lib(ae_tasks.o)
    0x00002e6c   0x00002e6c   0x0000003c   Code   RO         1470    i.task2             ae-lib-sim.lib(ae_tasks.o)
    0x00002ea8   0x00002ea8   0x00000054   Code   RO         1068    i.task_cdisp        cdisp_task.o
    0x00002efc   0x00002efc   0x00000214   Code   RO         1127    i.task_kcd          kcd_task.o
    0x00003110   0x00003110   0x00000006   Code   RO         1187    i.task_null         null_task.o
    0x00003116   0x00003116   0x00000128   Code   RO         1008    i.tfp_format        printf.o
    0x0000323e   0x0000323e   0x00000002   PAD
    0x00003240   0x00003240   0x0000002c   Code   RO         1009    i.tfp_printf        printf.o
    0x0000326c   0x0000326c   0x0000002c   Code   RO         1010    i.tfp_sprintf       printf.o
    0x00003298   0x00003298   0x0000006c   Code   RO            6    i.uart_init         uart_polling.o
    0x00003304   0x00003304   0x000000b8   Code   RO           90    i.uart_irq_init     uart_irq.o
    0x000033bc   0x000033bc   0x00000034   Code   RO            7    i.uart_put_char     uart_polling.o
    0x000033f0   0x000033f0   0x00000026   Code   RO            8    i.uart_put_string   uart_polling.o
    0x00003416   0x00003416   0x00000056   Code   RO         1011    i.ui2a              printf.o
    0x0000346c   0x0000346c   0x0000004a   Code   RO          662    i.updateParentNodes  bit_array.o
    0x000034b6   0x000034b6   0x00000002   PAD
    0x000034b8   0x000034b8   0x00000048   Data   RO         1473    .conststring        ae-lib-sim.lib(ae_tasks.o)
    0x00003500   0x00003500   0x00000020   Data   RO         1632    Region$$Table       anon$$obj.o


    Execution Region RW_IRAM1 (Exec base: 0x10000000, Load base: 0x00003520, Size: 0x00000f40, Max: 0x00007000, ABSOLUTE)

    Exec Addr    Load Addr    Size         Type   Attr      Idx    E Section Name        Object

    0x10000000   0x00003520   0x00000010   Data   RW           91    .data               uart_irq.o
    0x10000010   0x00003530   0x00000004   Data   RW          190    .data               timer.o
    0x10000014   0x00003534   0x00000004   Data   RW          468    .data               k_rtx_init.o
    0x10000018   0x00003538   0x00000009   Data   RW          534    .data               k_task.o
    0x10000021   0x00003541   0x00000001   Data   RW          663    .data               bit_array.o
    0x10000022   0x00003542   0x00000001   Data   RW          741    .data               free_list.o
    0x10000023   0x00003543   0x00000001   PAD
    0x10000024   0x00003544   0x00000008   Data   RW         1012    .data               printf.o
    0x1000002c   0x0000354c   0x00000010   Data   RW         1303    .data               ae-lib-sim.lib(main.o)
    0x1000003c   0x0000355c   0x00000004   PAD
    0x10000040        -       0x000007e8   Zero   RW          327    .bss                k_mem.o
    0x10000828        -       0x00000058   Zero   RW          467    .bss                k_rtx_init.o
    0x10000880        -       0x000002f8   Zero   RW          533    .bss                k_task.o
    0x10000b78        -       0x0000003e   Zero   RW         1128    .bss                kcd_task.o
    0x10000bb6   0x0000355c   0x00000002   PAD
    0x10000bb8        -       0x00000060   Zero   RW         1411    .bss                c_w.l(libspace.o)
    0x10000c18        -       0x00000122   Zero   RW         1472    .bss                ae-lib-sim.lib(ae_tasks.o)
    0x10000d3a   0x0000355c   0x00000006   PAD
    0x10000d40        -       0x00000000   Zero   RW         1225    HEAP                startup_lpc17xx.o
    0x10000d40        -       0x00000200   Zero   RW         1224    STACK               startup_lpc17xx.o


==============================================================================

Image component sizes


      Code (inc. data)   RO Data    RW Data    ZI Data      Debug   Object Name

      1544        358          0          1          0       8246   bit_array.o
       154         14          0          0          0       1806   cdisp_task.o
      1184        470          0          1          0       4199   free_list.o
       304         24          0          0          0      10443   hal.o
       104          0          0          0          0       2351   helper.o
       644        178          0          0       2024       5222   k_mem.o
      1476        122          0          0          0       7172   k_msg.o
       230         24          0          4         88       6383   k_rtx_init.o
      1918        206          0          9        760      16670   k_task.o
       812        108          0          0         62       4828   kcd_task.o
       404         10          0          0          0       4230   mailbox.o
         6          0          0          0          0        420   null_task.o
       722         26          0          8          0       6698   printf.o
       462          0          0          0          0       5792   ready_queue.o
        64         26        204          0        512       1048   startup_lpc17xx.o
       320         18          0          0          0        597   system_lpc17xx.o
        52         24          0          0          0        921   tester.o
        24          4          0          4          0       1488   timer.o
       478         42          0         16          0       7290   uart_irq.o
       266         62          0          0          0      24369   uart_polling.o

    ----------------------------------------------------------------------
     11184       1716        236         44       3448     120173   Object Totals
         0          0         32          0          0          0   (incl. Generated)
        16          0          0          1          2          0   (incl. Padding)

    ----------------------------------------------------------------------

      Code (inc. data)   RO Data    RW Data    ZI Data      Debug   Library Member Name

        92          0          0          0          0       4605   ae.o
      1020        378         72          0        290       4353   ae_tasks.o
       612        368          0          0          0       2971   ae_tasks_util.o
       104         20          0         16          0       4971   main.o
         8          0          0          0          0         68   __main.o
         0          0          0          0          0          0   __rtentry.o
        12          0          0          0          0          0   __rtentry2.o
         6          0          0          0          0          0   __rtentry4.o
        52          8          0          0          0          0   __scatter.o
        26          0          0          0          0          0   __scatter_copy.o
        28          0          0          0          0          0   __scatter_zi.o
        18          0          0          0          0         80   exit.o
         6          0          0          0          0        152   heapauxi.o
         0          0          0          0          0          0   indicate_semi.o
         2          0          0          0          0          0   libinit.o
         2          0          0          0          0          0   libinit2.o
         2          0          0          0          0          0   libshutdown.o
         2          0          0          0          0          0   libshutdown2.o
         8          4          0          0         96         68   libspace.o
         2          0          0          0          0          0   rtexit.o
        10          0          0          0          0          0   rtexit2.o
        12          4          0          0          0         68   sys_exit.o
        74          0          0          0          0         80   sys_stackheap_outer.o
         2          0          0          0          0         68   use_no_semi.o

    ----------------------------------------------------------------------
      2108        782         72         16        396      17484   Library Totals
         8          0          0          0         10          0   (incl. Padding)

    ----------------------------------------------------------------------

      Code (inc. data)   RO Data    RW Data    ZI Data      Debug   Library Name

      1828        766         72         16        290      16900   ae-lib-sim.lib
       272         16          0          0         96        584   c_w.l

    ----------------------------------------------------------------------
      2108        782         72         16        396      17484   Library Totals

    ----------------------------------------------------------------------

==============================================================================


      Code (inc. data)   RO Data    RW Data    ZI Data      Debug   

     13292       2498        308         60       3844     132037   Grand Totals
     13292       2498        308         60       3844     132037   ELF Image Totals
     13292       2498        308         60          0          0   ROM Totals

==============================================================================

    Total RO  Size (Code + RO Data)                13600 (  13.28kB)
    Total RW  Size (RW Data + ZI Data)              3904 (   3.81kB)
    Total ROM Size (Code + RO Data + RW Data)      13660 (  13.34kB)

==============================================================================

