Component: ARM Compiler 5.06 update 7 (build 960) Tool: armlink [4d3601]

==============================================================================

Section Cross References

    uart_polling.o(i.putc) refers to uart_polling.o(i.uart_put_string) for uart_put_string
    uart_polling.o(i.putc) refers to uart_polling.o(i.uart_put_char) for uart_put_char
    uart_polling.o(i.uart_put_string) refers to uart_polling.o(i.uart_put_char) for uart_put_char
    uart_irq.o(i.UART0_IRQHandler) refers to k_mem.o(i.k_mpool_alloc) for k_mpool_alloc
    uart_irq.o(i.UART0_IRQHandler) refers to k_msg.o(i.k_send_msg_nb) for k_send_msg_nb
    uart_irq.o(i.UART0_IRQHandler) refers to k_mem.o(i.k_mpool_dealloc) for k_mpool_dealloc
    uart_irq.o(i.UART0_IRQHandler) refers to k_msg.o(i.k_recv_msg_nb_uart) for k_recv_msg_nb_uart
    uart_irq.o(i.UART0_IRQHandler) refers to k_task.o(i.k_tsk_run_new_put_current_task_to_rq) for k_tsk_run_new_put_current_task_to_rq
    uart_irq.o(i.UART0_IRQHandler) refers to uart_irq.o(.data) for g_send_char
    uart_irq.o(i.uart_irq_init) refers to k_mem.o(i.k_mpool_alloc) for k_mpool_alloc
    uart_irq.o(i.uart_irq_init) refers to mailbox.o(i.initializeMailbox) for initializeMailbox
    uart_irq.o(i.uart_irq_init) refers to uart_irq.o(i.__NVIC_SetPriority) for __NVIC_SetPriority
    uart_irq.o(i.uart_irq_init) refers to uart_irq.o(i.__NVIC_EnableIRQ) for __NVIC_EnableIRQ
    uart_irq.o(i.uart_irq_init) refers to uart_irq.o(.data) for uart_mailbox
    timer.o(i.TIMER0_IRQHandler) refers to timer.o(i.get_tick) for get_tick
    timer.o(i.TIMER0_IRQHandler) refers to timer.o(i.subtractTime) for subtractTime
    timer.o(i.TIMER0_IRQHandler) refers to edf.o(i.popFromEDF) for popFromEDF
    timer.o(i.TIMER0_IRQHandler) refers to edf.o(i.pushToEDF) for pushToEDF
    timer.o(i.TIMER0_IRQHandler) refers to ready_queue.o(i.addTCBtoFront) for addTCBtoFront
    timer.o(i.TIMER0_IRQHandler) refers to k_task.o(i.k_tsk_run_new) for k_tsk_run_new
    timer.o(i.TIMER0_IRQHandler) refers to timer.o(.data) for currentTime
    timer.o(i.TIMER0_IRQHandler) refers to k_rtx_init.o(.bss) for readyQueuesArray
    timer.o(i.TIMER0_IRQHandler) refers to k_task.o(.data) for gp_current_task
    timer.o(i.timer_irq_init) refers to timer.o(.data) for g_timer_count
    hal.o(i.SVC_Handler) refers to k_rtx_init.o(i.k_rtx_init) for k_rtx_init
    hal.o(i.SVC_Handler) refers to k_mem.o(i.k_mpool_alloc) for k_mpool_alloc
    hal.o(i.SVC_Handler) refers to k_mem.o(i.k_mpool_dealloc) for k_mpool_dealloc
    hal.o(i.SVC_Handler) refers to k_mem.o(i.k_mpool_dump) for k_mpool_dump
    hal.o(i.SVC_Handler) refers to k_task.o(i.k_tsk_create) for k_tsk_create
    hal.o(i.SVC_Handler) refers to k_task.o(i.k_tsk_exit) for k_tsk_exit
    hal.o(i.SVC_Handler) refers to k_task.o(i.k_tsk_yield) for k_tsk_yield
    hal.o(i.SVC_Handler) refers to k_task.o(i.k_tsk_set_prio) for k_tsk_set_prio
    hal.o(i.SVC_Handler) refers to k_task.o(i.k_tsk_get) for k_tsk_get
    hal.o(i.SVC_Handler) refers to k_task.o(i.k_tsk_gettid) for k_tsk_gettid
    hal.o(i.SVC_Handler) refers to k_task.o(i.k_tsk_ls) for k_tsk_ls
    hal.o(i.SVC_Handler) refers to k_msg.o(i.k_mbx_create) for k_mbx_create
    hal.o(i.SVC_Handler) refers to k_msg.o(i.k_send_msg) for k_send_msg
    hal.o(i.SVC_Handler) refers to k_msg.o(i.k_send_msg_nb) for k_send_msg_nb
    hal.o(i.SVC_Handler) refers to k_msg.o(i.k_recv_msg) for k_recv_msg
    hal.o(i.SVC_Handler) refers to k_msg.o(i.k_recv_msg_nb) for k_recv_msg_nb
    hal.o(i.SVC_Handler) refers to k_msg.o(i.k_mbx_ls) for k_mbx_ls
    hal.o(i.SVC_Handler) refers to k_msg.o(i.k_mbx_get) for k_mbx_get
    hal.o(i.SVC_Handler) refers to k_task.o(i.k_rt_tsk_set) for k_rt_tsk_set
    hal.o(i.SVC_Handler) refers to k_task.o(i.k_rt_tsk_susp) for k_rt_tsk_susp
    hal.o(i.SVC_Handler) refers to k_task.o(i.k_rt_tsk_get) for k_rt_tsk_get
    k_mem.o(i.k_mem_init) refers to k_mem.o(i.k_mpool_create) for k_mpool_create
    k_mem.o(i.k_mpool_alloc) refers to bit_array.o(i.allocateNode) for allocateNode
    k_mem.o(i.k_mpool_alloc) refers to k_mem.o(.bss) for array_RAM1
    k_mem.o(i.k_mpool_alloc) refers to k_rtx_init.o(.data) for errno
    k_mem.o(i.k_mpool_create) refers to bit_array.o(i.initializeBitArray) for initializeBitArray
    k_mem.o(i.k_mpool_create) refers to k_rtx_init.o(.data) for errno
    k_mem.o(i.k_mpool_create) refers to k_mem.o(.bss) for bitarray_RAM1
    k_mem.o(i.k_mpool_dealloc) refers to bit_array.o(i.removeNodes) for removeNodes
    k_mem.o(i.k_mpool_dealloc) refers to k_rtx_init.o(.data) for errno
    k_mem.o(i.k_mpool_dealloc) refers to k_mem.o(.bss) for array_RAM1
    k_mem.o(i.k_mpool_dump) refers to k_mem.o(i.printListLevelInOrder) for printListLevelInOrder
    k_mem.o(i.k_mpool_dump) refers to printf.o(i.tfp_printf) for tfp_printf
    k_mem.o(i.k_mpool_dump) refers to k_mem.o(.bss) for free_list_RAM1
[...]
    libshutdown.o(.ARM.Collect$$libshutdown$$00000000) refers (Special) to libshutdown2.o(.ARM.Collect$$libshutdown$$00000009) for __rt_lib_shutdown_fp_trap_1
    libshutdown.o(.ARM.Collect$$libshutdown$$00000000) refers (Special) to libshutdown2.o(.ARM.Collect$$libshutdown$$00000011) for __rt_lib_shutdown_heap_1
    libshutdown.o(.ARM.Collect$$libshutdown$$00000000) refers (Special) to libshutdown2.o(.ARM.Collect$$libshutdown$$00000012) for __rt_lib_shutdown_return
    libshutdown.o(.ARM.Collect$$libshutdown$$00000000) refers (Special) to libshutdown2.o(.ARM.Collect$$libshutdown$$0000000C) for __rt_lib_shutdown_signal_1
    libshutdown.o(.ARM.Collect$$libshutdown$$00000000) refers (Special) to libshutdown2.o(.ARM.Collect$$libshutdown$$00000006) for __rt_lib_shutdown_stdio_1
    libshutdown.o(.ARM.Collect$$libshutdown$$00000000) refers (Special) to libshutdown2.o(.ARM.Collect$$libshutdown$$0000000E) for __rt_lib_shutdown_user_alloc_1
    sys_command.o(.text) refers (Special) to use_no_semi.o(.text) for __I$use$semihosting
    sys_command.o(.text) refers (Special) to indicate_semi.o(.text) for __semihosting_library_function
    defsig_abrt_inner.o(.text) refers to defsig_general.o(.text) for __default_signal_display
    defsig_rtred_inner.o(.text) refers to defsig_general.o(.text) for __default_signal_display
    defsig_rtmem_inner.o(.text) refers to defsig_general.o(.text) for __default_signal_display
    defsig_rtmem_outer.o(.text) refers to defsig_rtmem_inner.o(.text) for __rt_SIGRTMEM_inner
    defsig_rtmem_outer.o(.text) refers to defsig_exit.o(.text) for __sig_exit
    defsig_rtmem_formal.o(.text) refers to rt_raise.o(.text) for __rt_raise
    defsig_stak_inner.o(.text) refers to defsig_general.o(.text) for __default_signal_display
    defsig_pvfn_inner.o(.text) refers to defsig_general.o(.text) for __default_signal_display
    defsig_cppl_inner.o(.text) refers to defsig_general.o(.text) for __default_signal_display
    defsig_segv_inner.o(.text) refers to defsig_general.o(.text) for __default_signal_display
    defsig_other.o(.text) refers to defsig_general.o(.text) for __default_signal_display


==============================================================================

Removing Unused input sections from the image.

    Removing uart_polling.o(.rev16_text), (4 bytes).
    Removing uart_polling.o(.revsh_text), (4 bytes).
    Removing uart_polling.o(.rrx_text), (6 bytes).
    Removing uart_polling.o(i.uart_get_char), (48 bytes).
    Removing uart_irq.o(.rev16_text), (4 bytes).
    Removing uart_irq.o(.revsh_text), (4 bytes).
    Removing uart_irq.o(.rrx_text), (6 bytes).
    Removing timer.o(.rev16_text), (4 bytes).
    Removing timer.o(.revsh_text), (4 bytes).
    Removing timer.o(.rrx_text), (6 bytes).
    Removing hal.o(.rev16_text), (4 bytes).
    Removing hal.o(.revsh_text), (4 bytes).
    Removing hal.o(.rrx_text), (6 bytes).
    Removing k_mem.o(.rev16_text), (4 bytes).
    Removing k_mem.o(.revsh_text), (4 bytes).
    Removing k_mem.o(.rrx_text), (6 bytes).
    Removing k_mem.o(.constdata), (12 bytes).
    Removing k_msg.o(.rev16_text), (4 bytes).
    Removing k_msg.o(.revsh_text), (4 bytes).
    Removing k_msg.o(.rrx_text), (6 bytes).
    Removing k_rtx_init.o(.rev16_text), (4 bytes).
    Removing k_rtx_init.o(.revsh_text), (4 bytes).
    Removing k_rtx_init.o(.rrx_text), (6 bytes).
    Removing k_rtx_init.o(i.k_get_sys_info), (6 bytes).
    Removing k_task.o(.rev16_text), (4 bytes).
    Removing k_task.o(.revsh_text), (4 bytes).
    Removing k_task.o(.rrx_text), (6 bytes).
    Removing bit_array.o(.rev16_text), (4 bytes).
    Removing bit_array.o(.revsh_text), (4 bytes).
    Removing bit_array.o(.rrx_text), (6 bytes).
    Removing free_list.o(.rev16_text), (4 bytes).
    Removing free_list.o(.revsh_text), (4 bytes).
    Removing free_list.o(.rrx_text), (6 bytes).
    Removing helper.o(i.findAddressDelta), (20 bytes).
    Removing ready_queue.o(.rev16_text), (4 bytes).
    Removing ready_queue.o(.revsh_text), (4 bytes).
    Removing ready_queue.o(.rrx_text), (6 bytes).
    Removing mailbox.o(.rev16_text), (4 bytes).
    Removing mailbox.o(.revsh_text), (4 bytes).
    Removing mailbox.o(.rrx_text), (6 bytes).
    Removing mailbox.o(i.isMailboxFull), (18 bytes).
    Removing edf.o(.rev16_text), (4 bytes).
    Removing edf.o(.revsh_text), (4 bytes).
    Removing edf.o(.rrx_text), (6 bytes).
    Removing cdisp_task.o(.rev16_text), (4 bytes).
    Removing cdisp_task.o(.revsh_text), (4 bytes).
    Removing cdisp_task.o(.rrx_text), (6 bytes).
    Removing kcd_task.o(.rev16_text), (4 bytes).
    Removing kcd_task.o(.revsh_text), (4 bytes).
    Removing kcd_task.o(.rrx_text), (6 bytes).
    Removing null_task.o(.rev16_text), (4 bytes).
    Removing null_task.o(.revsh_text), (4 bytes).
    Removing null_task.o(.rrx_text), (6 bytes).
    Removing wall_clock_task.o(.rev16_text), (4 bytes).
    Removing wall_clock_task.o(.revsh_text), (4 bytes).
    Removing wall_clock_task.o(.rrx_text), (6 bytes).
    Removing system_lpc17xx.o(.rev16_text), (4 bytes).
    Removing system_lpc17xx.o(.revsh_text), (4 bytes).
    Removing system_lpc17xx.o(.rrx_text), (6 bytes).
    Removing system_lpc17xx.o(i.SystemCoreClockUpdate), (424 bytes).
    Removing system_lpc17xx.o(.data), (4 bytes).
    Removing main.o(.rev16_text), (4 bytes).
    Removing main.o(.revsh_text), (4 bytes).
    Removing ae.o(i.ae_exit), (6 bytes).

64 unused section(s) (total 798 bytes) removed from the image.

==============================================================================

Image Symbol Table

    Local Symbols

    Symbol Name                              Value     Ov Type        Size  Object(Section)

    ../clib/angel/boardlib.s                 0x00000000   Number         0  boardshut.o ABSOLUTE
    ../clib/angel/boardlib.s                 0x00000000   Number         0  boardinit3.o ABSOLUTE
    ../clib/angel/boardlib.s                 0x00000000   Number         0  boardinit1.o ABSOLUTE
    ../clib/angel/boardlib.s                 0x00000000   Number         0  boardinit2.o ABSOLUTE
    ../clib/angel/handlers.s                 0x00000000   Number         0  __scatter_zi.o ABSOLUTE
    ../clib/angel/handlers.s                 0x00000000   Number         0  __scatter_copy.o ABSOLUTE
    ../clib/angel/kernel.s                   0x00000000   Number         0  rtexit.o ABSOLUTE
    ../clib/angel/kernel.s                   0x00000000   Number         0  rtexit2.o ABSOLUTE
    ../clib/angel/kernel.s                   0x00000000   Number         0  __rtentry.o ABSOLUTE
    ../clib/angel/kernel.s                   0x00000000   Number         0  __rtentry2.o ABSOLUTE
    ../clib/angel/kernel.s                   0x00000000   Number         0  __rtentry4.o ABSOLUTE
    ../clib/angel/rt.s                       0x00000000   Number         0  rt_raise.o ABSOLUTE
    ../clib/angel/rt.s                       0x00000000   Number         0  aeabi_ldiv0.o ABSOLUTE
    ../clib/angel/rt.s                       0x00000000   Number         0  aeabi_ldiv0_sigfpe.o ABSOLUTE
    ../clib/angel/rt.s                       0x00000000   Number         0  rt_div0.o ABSOLUTE
    ../clib/angel/scatter.s                  0x00000000   Number         0  __scatter.o ABSOLUTE
    ../clib/angel/startup.s                  0x00000000   Number         0  __main.o ABSOLUTE
    ../clib/angel/sys.s                      0x00000000   Number         0  sys_stackheap_outer.o ABSOLUTE
    ../clib/angel/sys.s                      0x00000000   Number         0  use_no_semi.o ABSOLUTE
    ../clib/angel/sys.s                      0x00000000   Number         0  indicate_semi.o ABSOLUTE
    ../clib/angel/sys.s                      0x00000000   Number         0  libspace.o ABSOLUTE
    ../clib/angel/sysapp.c                   0x00000000   Number         0  sys_command.o ABSOLUTE
    ../clib/angel/sysapp.c                   0x00000000   Number         0  sys_exit.o ABSOLUTE
    ../clib/angel/sysapp.c                   0x00000000   Number         0  sys_wrch.o ABSOLUTE
    ../clib/armsys.c                         0x00000000   Number         0  no_argv.o ABSOLUTE
    ../clib/armsys.c                         0x00000000   Number         0  argv_veneer.o ABSOLUTE
    ../clib/armsys.c                         0x00000000   Number         0  argv_veneer.o ABSOLUTE
    ../clib/armsys.c                         0x00000000   Number         0  _get_argv_nomalloc.o ABSOLUTE
    ../clib/heapalloc.c                      0x00000000   Number         0  hrguard.o ABSOLUTE
    ../clib/heapaux.c                        0x00000000   Number         0  heapauxi.o ABSOLUTE
    ../clib/libinit.s                        0x00000000   Number         0  libshutdown.o ABSOLUTE
    ../clib/libinit.s                        0x00000000   Number         0  libshutdown2.o ABSOLUTE
    ../clib/libinit.s                        0x00000000   Number         0  libinit.o ABSOLUTE
    ../clib/libinit.s                        0x00000000   Number         0  libinit2.o ABSOLUTE
    ../clib/longlong.s                       0x00000000   Number         0  lludivv7m.o ABSOLUTE
    ../clib/signal.c                         0x00000000   Number         0  defsig_fpe_formal.o ABSOLUTE
    ../clib/signal.c                         0x00000000   Number         0  defsig_fpe_outer.o ABSOLUTE
    ../clib/signal.c                         0x00000000   Number         0  defsig_other.o ABSOLUTE
    ../clib/signal.c                         0x00000000   Number         0  defsig_segv_inner.o ABSOLUTE
    ../clib/signal.c                         0x00000000   Number         0  defsig_cppl_inner.o ABSOLUTE
    ../clib/signal.c                         0x00000000   Number         0  defsig_pvfn_inner.o ABSOLUTE
    ../clib/signal.c                         0x00000000   Number         0  defsig_rtmem_formal.o ABSOLUTE
    ../clib/signal.c                         0x00000000   Number         0  defsig_rtmem_outer.o ABSOLUTE
    ../clib/signal.c                         0x00000000   Number         0  defsig_rtmem_inner.o ABSOLUTE
    ../clib/signal.c                         0x00000000   Number         0  defsig_rtred_inner.o ABSOLUTE
    ../clib/signal.c                         0x00000000   Number         0  defsig_exit.o ABSOLUTE
    ../clib/signal.c                         0x00000000   Number         0  __raise.o ABSOLUTE
    ../clib/signal.c                         0x00000000   Number         0  defsig_stak_inner.o ABSOLUTE
    ../clib/signal.c                         0x00000000   Number         0  defsig_fpe_inner.o ABSOLUTE
    ../clib/signal.c                         0x00000000   Number         0  defsig_abrt_inner.o ABSOLUTE
    ../clib/signal.c                         0x00000000   Number         0  defsig_general.o ABSOLUTE
    ../clib/signal.s                         0x00000000   Number         0  defsig.o ABSOLUTE
    ../clib/stdlib.c                         0x00000000   Number         0  exit.o ABSOLUTE
    ../fplib/fpinit.s                        0x00000000   Number         0  fpinit.o ABSOLUTE
    RTE\Device\LPC1768\startup_LPC17xx.s     0x00000000   Number         0  startup_lpc17xx.o ABSOLUTE
    RTE\Device\LPC1768\system_LPC17xx.c      0x00000000   Number         0  system_lpc17xx.o ABSOLUTE
    RTE\\Device\\LPC1768\\system_LPC17xx.c   0x00000000   Number         0  system_lpc17xx.o ABSOLUTE
    dc.s                                     0x00000000   Number         0  dc.o ABSOLUTE
    src\\bsp\\LPC1768\\timer.c               0x00000000   Number         0  timer.o ABSOLUTE
    src\\bsp\\LPC1768\\uart_irq.c            0x00000000   Number         0  uart_irq.o ABSOLUTE
    src\\bsp\\LPC1768\\uart_polling.c        0x00000000   Number         0  uart_polling.o ABSOLUTE
    src\\kernel\\EDF.c                       0x00000000   Number         0  edf.o ABSOLUTE
    src\\kernel\\HAL.c                       0x00000000   Number         0  hal.o ABSOLUTE
    src\\kernel\\bit_array.c                 0x00000000   Number         0  bit_array.o ABSOLUTE
    src\\kernel\\free_list.c                 0x00000000   Number         0  free_list.o ABSOLUTE
    src\\kernel\\k_mem.c                     0x00000000   Number         0  k_mem.o ABSOLUTE
    src\\kernel\\k_msg.c                     0x00000000   Number         0  k_msg.o ABSOLUTE
    src\\kernel\\k_rtx_init.c                0x00000000   Number         0  k_rtx_init.o ABSOLUTE
    src\\kernel\\k_task.c                    0x00000000   Number         0  k_task.o ABSOLUTE
    src\\kernel\\mailbox.c                   0x00000000   Number         0  mailbox.o ABSOLUTE
    src\\kernel\\ready_queue.c               0x00000000   Number         0  ready_queue.o ABSOLUTE
    src\\main.c                              0x00000000   Number         0  main.o ABSOLUTE
    src\\tasks\\cdisp_task.c                 0x00000000   Number         0  cdisp_task.o ABSOLUTE
    src\\tasks\\kcd_task.c                   0x00000000   Number         0  kcd_task.o ABSOLUTE
    src\\tasks\\null_task.c                  0x00000000   Number         0  null_task.o ABSOLUTE
    src\\tasks\\wall_clock_task.c            0x00000000   Number         0  wall_clock_task.o ABSOLUTE
    src\ae\ae.c                              0x00000000   Number         0  ae.o ABSOLUTE
    src\ae\ae_tasks.c                        0x00000000   Number         0  ae_tasks.o ABSOLUTE
    src\bsp\LPC1768\timer.c                  0x00000000   Number         0  timer.o ABSOLUTE
    src\bsp\LPC1768\uart_irq.c               0x00000000   Number         0  uart_irq.o ABSOLUTE
    src\bsp\LPC1768\uart_polling.c           0x00000000   Number         0  uart_polling.o ABSOLUTE
    src\kernel\EDF.c                         0x00000000   Number         0  edf.o ABSOLUTE
    src\kernel\HAL.c                         0x00000000   Number         0  hal.o ABSOLUTE
    src\kernel\bit_array.c                   0x00000000   Number         0  bit_array.o ABSOLUTE
    src\kernel\free_list.c                   0x00000000   Number         0  free_list.o ABSOLUTE
    src\kernel\helper.c                      0x00000000   Number         0  helper.o ABSOLUTE
    src\kernel\k_mem.c                       0x00000000   Number         0  k_mem.o ABSOLUTE
    src\kernel\k_msg.c                       0x00000000   Number         0  k_msg.o ABSOLUTE
    src\kernel\k_rtx_init.c                  0x00000000   Number         0  k_rtx_init.o ABSOLUTE
    src\kernel\k_task.c                      0x00000000   Number         0  k_task.o ABSOLUTE
    src\kernel\mailbox.c                     0x00000000   Number         0  mailbox.o ABSOLUTE
    src\kernel\ready_queue.c                 0x00000000   Number         0  ready_queue.o ABSOLUTE
    src\libu\printf.c                        0x00000000   Number         0  printf.o ABSOLUTE
    src\main.c                               0x00000000   Number         0  main.o ABSOLUTE
    src\tasks\cdisp_task.c                   0x00000000   Number         0  cdisp_task.o ABSOLUTE
    src\tasks\kcd_task.c                     0x00000000   Number         0  kcd_task.o ABSOLUTE
    src\tasks\null_task.c                    0x00000000   Number         0  null_task.o ABSOLUTE
    src\tasks\wall_clock_task.c              0x00000000   Number         0  wall_clock_task.o ABSOLUTE
    RESET                                    0x10000000   Section      204  startup_lpc17xx.o(RESET)
    !!!main                                  0x100000cc   Section        8  __main.o(!!!main)
    !!!scatter                               0x100000d4   Section       52  __scatter.o(!!!scatter)
    !!handler_copy                           0x10000108   Section       26  __scatter_copy.o(!!handler_copy)
    !!handler_zi                             0x10000124   Section       28  __scatter_zi.o(!!handler_zi)
    .ARM.Collect$$libinit$$00000000          0x10000140   Section        2  libinit.o(.ARM.Collect$$libinit$$00000000)
    .ARM.Collect$$libinit$$00000002          0x10000142   Section        0  libinit2.o(.ARM.Collect$$libinit$$00000002)
    .ARM.Collect$$libinit$$00000004          0x10000142   Section        0  libinit2.o(.ARM.Collect$$libinit$$00000004)
    .ARM.Collect$$libinit$$0000000A          0x10000142   Section        0  libinit2.o(.ARM.Collect$$libinit$$0000000A)
    .ARM.Collect$$libinit$$0000000C          0x10000142   Section        0  libinit2.o(.ARM.Collect$$libinit$$0000000C)
    .ARM.Collect$$libinit$$0000000E          0x10000142   Section        0  libinit2.o(.ARM.Collect$$libinit$$0000000E)
    .ARM.Collect$$libinit$$00000011          0x10000142   Section        0  libinit2.o(.ARM.Collect$$libinit$$00000011)
    .ARM.Collect$$libinit$$00000013          0x10000142   Section        0  libinit2.o(.ARM.Collect$$libinit$$00000013)
    .ARM.Collect$$libinit$$00000015          0x10000142   Section        0  libinit2.o(.ARM.Collect$$libinit$$00000015)
    .ARM.Collect$$libinit$$00000017          0x10000142   Section        0  libinit2.o(.ARM.Collect$$libinit$$00000017)
    .ARM.Collect$$libinit$$00000019          0x10000142   Section        0  libinit2.o(.ARM.Collect$$libinit$$00000019)
    .ARM.Collect$$libinit$$0000001B          0x10000142   Section        0  libinit2.o(.ARM.Collect$$libinit$$0000001B)
    .ARM.Collect$$libinit$$0000001D          0x10000142   Section        0  libinit2.o(.ARM.Collect$$libinit$$0000001D)
    .ARM.Collect$$libinit$$0000001F          0x10000142   Section        0  libinit2.o(.ARM.Collect$$libinit$$0000001F)
    .ARM.Collect$$libinit$$00000021          0x10000142   Section        0  libinit2.o(.ARM.Collect$$libinit$$00000021)
    .ARM.Collect$$libinit$$00000023          0x10000142   Section        0  libinit2.o(.ARM.Collect$$libinit$$00000023)
    .ARM.Collect$$libinit$$00000025          0x10000142   Section        0  libinit2.o(.ARM.Collect$$libinit$$00000025)
    .ARM.Collect$$libinit$$0000002C          0x10000142   Section        0  libinit2.o(.ARM.Collect$$libinit$$0000002C)
    .ARM.Collect$$libinit$$0000002E          0x10000142   Section        0  libinit2.o(.ARM.Collect$$libinit$$0000002E)
    .ARM.Collect$$libinit$$00000030          0x10000142   Section        0  libinit2.o(.ARM.Collect$$libinit$$00000030)
    .ARM.Collect$$libinit$$00000032          0x10000142   Section        0  libinit2.o(.ARM.Collect$$libinit$$00000032)
    .ARM.Collect$$libinit$$00000033          0x10000142   Section        2  libinit2.o(.ARM.Collect$$libinit$$00000033)
    .ARM.Collect$$libshutdown$$00000000      0x10000144   Section        2  libshutdown.o(.ARM.Collect$$libshutdown$$00000000)
    .ARM.Collect$$libshutdown$$00000002      0x10000146   Section        0  libshutdown2.o(.ARM.Collect$$libshutdown$$00000002)
    .ARM.Collect$$libshutdown$$00000004      0x10000146   Section        0  libshutdown2.o(.ARM.Collect$$libshutdown$$00000004)
    .ARM.Collect$$libshutdown$$00000006      0x10000146   Section        0  libshutdown2.o(.ARM.Collect$$libshutdown$$00000006)
    .ARM.Collect$$libshutdown$$00000009      0x10000146   Section        0  libshutdown2.o(.ARM.Collect$$libshutdown$$00000009)
    .ARM.Collect$$libshutdown$$0000000C      0x10000146   Section        0  libshutdown2.o(.ARM.Collect$$libshutdown$$0000000C)
    .ARM.Collect$$libshutdown$$0000000E      0x10000146   Section        0  libshutdown2.o(.ARM.Collect$$libshutdown$$0000000E)
    .ARM.Collect$$libshutdown$$00000011      0x10000146   Section        0  libshutdown2.o(.ARM.Collect$$libshutdown$$00000011)
    .ARM.Collect$$libshutdown$$00000012      0x10000146   Section        2  libshutdown2.o(.ARM.Collect$$libshutdown$$00000012)
    .ARM.Collect$$rtentry$$00000000          0x10000148   Section        0  __rtentry.o(.ARM.Collect$$rtentry$$00000000)
    .ARM.Collect$$rtentry$$00000002          0x10000148   Section        0  __rtentry2.o(.ARM.Collect$$rtentry$$00000002)
    .ARM.Collect$$rtentry$$00000004          0x10000148   Section        6  __rtentry4.o(.ARM.Collect$$rtentry$$00000004)
    .ARM.Collect$$rtentry$$00000009          0x1000014e   Section        0  __rtentry2.o(.ARM.Collect$$rtentry$$00000009)
    .ARM.Collect$$rtentry$$0000000A          0x1000014e   Section        4  __rtentry2.o(.ARM.Collect$$rtentry$$0000000A)
    .ARM.Collect$$rtentry$$0000000C          0x10000152   Section        0  __rtentry2.o(.ARM.Collect$$rtentry$$0000000C)
    .ARM.Collect$$rtentry$$0000000D          0x10000152   Section        8  __rtentry2.o(.ARM.Collect$$rtentry$$0000000D)
    .ARM.Collect$$rtexit$$00000000           0x1000015a   Section        2  rtexit.o(.ARM.Collect$$rtexit$$00000000)
    .ARM.Collect$$rtexit$$00000002           0x1000015c   Section        0  rtexit2.o(.ARM.Collect$$rtexit$$00000002)
    .ARM.Collect$$rtexit$$00000003           0x1000015c   Section        4  rtexit2.o(.ARM.Collect$$rtexit$$00000003)
    .ARM.Collect$$rtexit$$00000004           0x10000160   Section        6  rtexit2.o(.ARM.Collect$$rtexit$$00000004)
    .emb_text                                0x10000168   Section        8  hal.o(.emb_text)
    .emb_text                                0x10000170   Section       50  k_task.o(.emb_text)
    .text                                    0x100001a4   Section       60  startup_lpc17xx.o(.text)
    .text                                    0x100001e0   Section        0  heapauxi.o(.text)
    .text                                    0x100001e6   Section       74  sys_stackheap_outer.o(.text)
    .text                                    0x10000230   Section        0  exit.o(.text)
    .text                                    0x10000244   Section        8  libspace.o(.text)
    .text                                    0x1000024c   Section        0  sys_exit.o(.text)
    .text                                    0x10000258   Section        2  use_no_semi.o(.text)
    .text                                    0x1000025a   Section        0  indicate_semi.o(.text)
    i.SVC_Handler                            0x1000025a   Section        0  hal.o(i.SVC_Handler)
    i.SystemInit                             0x10000384   Section        0  system_lpc17xx.o(i.SystemInit)
    i.TIMER0_IRQHandler                      0x100004c4   Section        0  timer.o(i.TIMER0_IRQHandler)
    i.UART0_IRQHandler                       0x10000598   Section        0  uart_irq.o(i.UART0_IRQHandler)
    i.__NVIC_EnableIRQ                       0x10000674   Section        0  uart_irq.o(i.__NVIC_EnableIRQ)
    __NVIC_EnableIRQ                         0x10000675   Thumb Code    34  uart_irq.o(i.__NVIC_EnableIRQ)
    i.__NVIC_SetPriority                     0x10000698   Section        0  uart_irq.o(i.__NVIC_SetPriority)
    __NVIC_SetPriority                       0x10000699   Thumb Code    32  uart_irq.o(i.__NVIC_SetPriority)
    i.a2d                                    0x100006c0   Section        0  printf.o(i.a2d)
    a2d                                      0x100006c1   Thumb Code    50  printf.o(i.a2d)
    i.a2i                                    0x100006f2   Section        0  printf.o(i.a2i)
    a2i                                      0x100006f3   Thumb Code    58  printf.o(i.a2i)
    i.addMessage                             0x1000072c   Section        0  mailbox.o(i.addMessage)
    i.addNode                                0x100007b0   Section        0  free_list.o(i.addNode)
    i.addTCBtoBack                           0x100008c8   Section        0  ready_queue.o(i.addTCBtoBack)
    i.addTCBtoFront                          0x1000090c   Section        0  ready_queue.o(i.addTCBtoFront)
    i.addTCBtoRecvBLK                        0x10000948   Section        0  ready_queue.o(i.addTCBtoRecvBLK)
    i.ae_init                                0x1000098c   Section        0  ae.o(i.ae_init)
    i.ae_set_init_tasks_info                 0x100009bc   Section        0  ae.o(i.ae_set_init_tasks_info)
    i.ae_set_sys_info                        0x100009d2   Section        0  ae.o(i.ae_set_sys_info)
    i.allocate                               0x100009e8   Section        0  free_list.o(i.allocate)
    i.allocateNode                           0x10000bf8   Section        0  bit_array.o(i.allocateNode)
    i.assignTaskId                           0x10000ca0   Section        0  kcd_task.o(i.assignTaskId)
    i.canSendMsg                             0x10000ce8   Section        0  ready_queue.o(i.canSendMsg)
    i.coalesce                               0x10000d2c   Section        0  bit_array.o(i.coalesce)
    i.convertLevelToIndex                    0x10000ee0   Section        0  bit_array.o(i.convertLevelToIndex)
    i.countDigits                            0x10000ef0   Section        0  kcd_task.o(i.countDigits)
    i.deallocateMailbox                      0x10000f10   Section        0  mailbox.o(i.deallocateMailbox)
    i.findLevel                              0x10000f2a   Section        0  helper.o(i.findLevel)
    i.findSize                               0x10000f4a   Section        0  helper.o(i.findSize)
    i.getBitPositionMask                     0x10000f5e   Section        0  bit_array.o(i.getBitPositionMask)
    i.getHeight                              0x10000f6e   Section        0  bit_array.o(i.getHeight)
    i.getMessage                             0x10000f90   Section        0  mailbox.o(i.getMessage)
    i.getTaskId                              0x10001050   Section        0  kcd_task.o(i.getTaskId)
    i.getTotalTimeMicroSeconds               0x10001098   Section        0  k_task.o(i.getTotalTimeMicroSeconds)
    i.getXPosition                           0x100010aa   Section        0  bit_array.o(i.getXPosition)
    i.get_tick                               0x100010c0   Section        0  timer.o(i.get_tick)
    i.i2a                                    0x10001108   Section        0  printf.o(i.i2a)
    i2a                                      0x10001109   Thumb Code    32  printf.o(i.i2a)
    i.init_printf                            0x10001128   Section        0  printf.o(i.init_printf)
    i.initializeArrayOfFreeLists             0x1000113c   Section        0  free_list.o(i.initializeArrayOfFreeLists)
    i.initializeArrayOfReadyQueues           0x10001174   Section        0  ready_queue.o(i.initializeArrayOfReadyQueues)
    i.initializeBitArray                     0x10001192   Section        0  bit_array.o(i.initializeBitArray)
    i.initializeMailbox                      0x100011e4   Section        0  mailbox.o(i.initializeMailbox)
    i.isShorter                              0x10001214   Section        0  edf.o(i.isShorter)
    i.k_mbx_create                           0x10001240   Section        0  k_msg.o(i.k_mbx_create)
    i.k_mbx_create_cstm_task                 0x1000129c   Section        0  k_msg.o(i.k_mbx_create_cstm_task)
    i.k_mbx_get                              0x10001310   Section        0  k_msg.o(i.k_mbx_get)
    i.k_mbx_ls                               0x10001380   Section        0  k_msg.o(i.k_mbx_ls)
    i.k_mem_init                             0x100013e0   Section        0  k_mem.o(i.k_mem_init)
    i.k_mpool_alloc                          0x10001420   Section        0  k_mem.o(i.k_mpool_alloc)
    i.k_mpool_create                         0x10001474   Section        0  k_mem.o(i.k_mpool_create)
    i.k_mpool_dealloc                        0x10001504   Section        0  k_mem.o(i.k_mpool_dealloc)
    i.k_mpool_dump                           0x10001578   Section        0  k_mem.o(i.k_mpool_dump)
    i.k_pre_rtx_init                         0x1000161c   Section        0  k_rtx_init.o(i.k_pre_rtx_init)
    i.k_recv_msg                             0x1000164c   Section        0  k_msg.o(i.k_recv_msg)
    i.k_recv_msg_nb                          0x10001700   Section        0  k_msg.o(i.k_recv_msg_nb)
    i.k_recv_msg_nb_uart                     0x1000177c   Section        0  k_msg.o(i.k_recv_msg_nb_uart)
    i.k_rt_tsk_get                           0x100017c8   Section        0  k_task.o(i.k_rt_tsk_get)
    i.k_rt_tsk_set                           0x10001848   Section        0  k_task.o(i.k_rt_tsk_set)
    i.k_rt_tsk_susp                          0x1000190c   Section        0  k_task.o(i.k_rt_tsk_susp)
    i.k_rtx_init                             0x10001968   Section        0  k_rtx_init.o(i.k_rtx_init)
    i.k_send_msg                             0x10001a7c   Section        0  k_msg.o(i.k_send_msg)
    i.k_send_msg_nb                          0x10001b98   Section        0  k_msg.o(i.k_send_msg_nb)
    i.k_tsk_create                           0x10001cd0   Section        0  k_task.o(i.k_tsk_create)
    i.k_tsk_create_new                       0x10001e34   Section        0  k_task.o(i.k_tsk_create_new)
    i.k_tsk_exit                             0x10001f8c   Section        0  k_task.o(i.k_tsk_exit)
    i.k_tsk_get                              0x1000201c   Section        0  k_task.o(i.k_tsk_get)
    i.k_tsk_gettid                           0x100020ec   Section        0  k_task.o(i.k_tsk_gettid)
    i.k_tsk_init                             0x100020f8   Section        0  k_task.o(i.k_tsk_init)
    i.k_tsk_init_first                       0x100021a0   Section        0  k_task.o(i.k_tsk_init_first)
    i.k_tsk_ls                               0x100021bc   Section        0  k_task.o(i.k_tsk_ls)
    i.k_tsk_run_new                          0x10002210   Section        0  k_task.o(i.k_tsk_run_new)
    i.k_tsk_run_new_put_current_task_to_rq   0x1000226c   Section        0  k_task.o(i.k_tsk_run_new_put_current_task_to_rq)
    i.k_tsk_set_prio                         0x1000228c   Section        0  k_task.o(i.k_tsk_set_prio)
    i.k_tsk_yield                            0x100023d8   Section        0  k_task.o(i.k_tsk_yield)
    i.locateNode                             0x10002434   Section        0  bit_array.o(i.locateNode)
    i.log_2                                  0x10002464   Section        0  helper.o(i.log_2)
    i.main                                   0x10002474   Section        0  main.o(i.main)
    i.parseTime                              0x100024dc   Section        0  wall_clock_task.o(i.parseTime)
    i.popFromEDF                             0x1000251c   Section        0  edf.o(i.popFromEDF)
    i.power                                  0x10002538   Section        0  helper.o(i.power)
    i.printLMbuffer                          0x1000255c   Section        0  kcd_task.o(i.printLMbuffer)
    i.printLTbuffer                          0x10002634   Section        0  kcd_task.o(i.printLTbuffer)
    i.printListLevelInOrder                  0x100026d8   Section        0  k_mem.o(i.printListLevelInOrder)
    i.printToConsole                         0x10002720   Section        0  kcd_task.o(i.printToConsole)
    i.printToConsole2                        0x10002760   Section        0  wall_clock_task.o(i.printToConsole2)
    i.printToUART                            0x100027a0   Section        0  cdisp_task.o(i.printToUART)
    i.priorityLevelToIndex                   0x10002820   Section        0  ready_queue.o(i.priorityLevelToIndex)
    i.priv_task1                             0x10002838   Section        0  ae_tasks.o(i.priv_task1)
    i.prnCNF                                 0x10002938   Section        0  kcd_task.o(i.prnCNF)
    i.pushToEDF                              0x10002970   Section        0  edf.o(i.pushToEDF)
    i.putc                                   0x10002a14   Section        0  uart_polling.o(i.putc)
    i.putchw                                 0x10002a58   Section        0  printf.o(i.putchw)
    putchw                                   0x10002a59   Thumb Code    82  printf.o(i.putchw)
    i.putcp                                  0x10002aaa   Section        0  printf.o(i.putcp)
    putcp                                    0x10002aab   Thumb Code    10  printf.o(i.putcp)
    i.removeNode                             0x10002ab4   Section        0  free_list.o(i.removeNode)
    i.removeNodes                            0x10002bcc   Section        0  bit_array.o(i.removeNodes)
    i.removeSpecificTCB                      0x10002e58   Section        0  ready_queue.o(i.removeSpecificTCB)
    i.removeTCB                              0x10002eb6   Section        0  ready_queue.o(i.removeTCB)
    i.scheduler                              0x10002eec   Section        0  k_task.o(i.scheduler)
    i.sendAll                                0x10002f38   Section        0  k_msg.o(i.sendAll)
    i.sendQScheduler                         0x10002f70   Section        0  k_msg.o(i.sendQScheduler)
    i.set_ae_init_tasks                      0x10002fc0   Section        0  ae_tasks.o(i.set_ae_init_tasks)
    i.set_ae_tasks                           0x10002fdc   Section        0  ae_tasks.o(i.set_ae_tasks)
    i.subtractTime                           0x1000302c   Section        0  timer.o(i.subtractTime)
    i.task1                                  0x1000306c   Section        0  ae_tasks.o(i.task1)
    i.task2                                  0x10003220   Section        0  ae_tasks.o(i.task2)
    i.task3                                  0x1000325c   Section        0  ae_tasks.o(i.task3)
    i.task_cdisp                             0x10003280   Section        0  cdisp_task.o(i.task_cdisp)
    i.task_kcd                               0x100032a8   Section        0  kcd_task.o(i.task_kcd)
    i.task_null                              0x10003470   Section        0  null_task.o(i.task_null)
    i.task_wall_clock                        0x10003478   Section        0  wall_clock_task.o(i.task_wall_clock)
    i.tfp_format                             0x10003588   Section        0  printf.o(i.tfp_format)
    i.tfp_printf                             0x100036b0   Section        0  printf.o(i.tfp_printf)
    i.tfp_sprintf                            0x100036dc   Section        0  printf.o(i.tfp_sprintf)
    i.timeFormat                             0x10003708   Section        0  wall_clock_task.o(i.timeFormat)
    i.timer_freerun_init                     0x100037d4   Section        0  timer.o(i.timer_freerun_init)
    i.timer_irq_init                         0x1000386c   Section        0  timer.o(i.timer_irq_init)
    i.uart_init                              0x100038ec   Section        0  uart_polling.o(i.uart_init)
    i.uart_irq_init                          0x10003958   Section        0  uart_irq.o(i.uart_irq_init)
    i.uart_put_char                          0x10003a10   Section        0  uart_polling.o(i.uart_put_char)
    i.uart_put_string                        0x10003a44   Section        0  uart_polling.o(i.uart_put_string)
    i.ui2a                                   0x10003a6a   Section        0  printf.o(i.ui2a)
    ui2a                                     0x10003a6b   Thumb Code    86  printf.o(i.ui2a)
    i.updateParentNodes                      0x10003ac0   Section        0  bit_array.o(i.updateParentNodes)
    .data                                    0x10004100   Section       16  uart_irq.o(.data)
    gp_buffer                                0x10004104   Data           4  uart_irq.o(.data)
    .data                                    0x10004110   Section       20  timer.o(.data)
    .data                                    0x10004124   Section        4  k_rtx_init.o(.data)
    .data                                    0x10004128   Section       10  k_task.o(.data)
    .data                                    0x10004132   Section        1  bit_array.o(.data)
    .data                                    0x10004133   Section        1  free_list.o(.data)
    .data                                    0x10004134   Section        8  printf.o(.data)
    stdout_putf                              0x10004134   Data           4  printf.o(.data)
    stdout_putp                              0x10004138   Data           4  printf.o(.data)
    .data                                    0x1000413c   Section       16  main.o(.data)
    sys                                      0x1000413c   Data           8  main.o(.data)
    p_tasks                                  0x10004144   Data           4  main.o(.data)
    num                                      0x10004148   Data           4  main.o(.data)
    .bss                                     0x1000414c   Section      488  k_mem.o(.bss)
    .bss                                     0x10004334   Section      104  k_rtx_init.o(.bss)
    .bss                                     0x1000439c   Section      800  k_task.o(.bss)
    .bss                                     0x100046bc   Section       62  kcd_task.o(.bss)
    .bss                                     0x100046fc   Section       96  libspace.o(.bss)
    .bss                                     0x1000475c   Section      306  ae_tasks.o(.bss)
    HEAP                                     0x10004890   Section        0  startup_lpc17xx.o(HEAP)
    STACK                                    0x10004890   Section      512  startup_lpc17xx.o(STACK)
    Heap_Mem                                 0x10004890   Data           0  startup_lpc17xx.o(HEAP)
    Stack_Mem                                0x10004890   Data         512  startup_lpc17xx.o(STACK)
    __initial_sp                             0x10004a90   Data           0  startup_lpc17xx.o(STACK)

    Global Symbols

    Symbol Name                              Value     Ov Type        Size  Object(Section)

    BuildAttributes$$THM_ISAv4$P$D$K$B$S$PE$A:L22UL41UL21$X:L11$S22US41US21$IEEE1$IW$USESV6$~STKCKD$USESV7$~SHL$OSPACE$ROPI$EBA8$UX$STANDARDLIB$REQ8$PRES8$EABIv2 0x00000000   Number         0  anon$$obj.o ABSOLUTE
    __ARM_use_no_argv                        0x00000000   Number         0  main.o ABSOLUTE
    __ARM_exceptions_init                     - Undefined Weak Reference
    __alloca_initialize                       - Undefined Weak Reference
    __arm_fini_                               - Undefined Weak Reference
    __arm_preinit_                            - Undefined Weak Reference
    __cpp_initialize__aeabi_                  - Undefined Weak Reference
    __cxa_finalize                            - Undefined Weak Reference
    __rt_locale                               - Undefined Weak Reference
    __sigvec_lookup                           - Undefined Weak Reference
    _atexit_init                              - Undefined Weak Reference
    _call_atexit_fns                          - Undefined Weak Reference
    _clock_init                               - Undefined Weak Reference
    _fp_trap_init                             - Undefined Weak Reference
    _fp_trap_shutdown                         - Undefined Weak Reference
    _get_lc_collate                           - Undefined Weak Reference
    _get_lc_ctype                             - Undefined Weak Reference
    _get_lc_monetary                          - Undefined Weak Reference
    _get_lc_numeric                           - Undefined Weak Reference
    _get_lc_time                              - Undefined Weak Reference
    _getenv_init                              - Undefined Weak Reference
    _handle_redirection                       - Undefined Weak Reference
    _init_alloc                               - Undefined Weak Reference
    _init_user_alloc                          - Undefined Weak Reference
    _initio                                   - Undefined Weak Reference
    _rand_init                                - Undefined Weak Reference
    _signal_finish                            - Undefined Weak Reference
    _signal_init                              - Undefined Weak Reference
    _terminate_alloc                          - Undefined Weak Reference
    _terminate_user_alloc                     - Undefined Weak Reference
    _terminateio                              - Undefined Weak Reference
    __Vectors                                0x10000000   Data           4  startup_lpc17xx.o(RESET)
    __main                                   0x100000cd   Thumb Code     8  __main.o(!!!main)
    __scatterload                            0x100000d5   Thumb Code     0  __scatter.o(!!!scatter)
    __scatterload_rt2                        0x100000d5   Thumb Code    44  __scatter.o(!!!scatter)
    __scatterload_rt2_thumb_only             0x100000d5   Thumb Code     0  __scatter.o(!!!scatter)
    __scatterload_null                       0x100000e3   Thumb Code     0  __scatter.o(!!!scatter)
    __scatterload_copy                       0x10000109   Thumb Code    26  __scatter_copy.o(!!handler_copy)
    __scatterload_zeroinit                   0x10000125   Thumb Code    28  __scatter_zi.o(!!handler_zi)
    __rt_lib_init                            0x10000141   Thumb Code     0  libinit.o(.ARM.Collect$$libinit$$00000000)
    __rt_lib_init_alloca_1                   0x10000143   Thumb Code     0  libinit2.o(.ARM.Collect$$libinit$$0000002E)
    __rt_lib_init_argv_1                     0x10000143   Thumb Code     0  libinit2.o(.ARM.Collect$$libinit$$0000002C)
    __rt_lib_init_atexit_1                   0x10000143   Thumb Code     0  libinit2.o(.ARM.Collect$$libinit$$0000001B)
    __rt_lib_init_clock_1                    0x10000143   Thumb Code     0  libinit2.o(.ARM.Collect$$libinit$$00000021)
    __rt_lib_init_cpp_1                      0x10000143   Thumb Code     0  libinit2.o(.ARM.Collect$$libinit$$00000032)
    __rt_lib_init_exceptions_1               0x10000143   Thumb Code     0  libinit2.o(.ARM.Collect$$libinit$$00000030)
    __rt_lib_init_fp_1                       0x10000143   Thumb Code     0  libinit2.o(.ARM.Collect$$libinit$$00000002)
    __rt_lib_init_fp_trap_1                  0x10000143   Thumb Code     0  libinit2.o(.ARM.Collect$$libinit$$0000001F)
    __rt_lib_init_getenv_1                   0x10000143   Thumb Code     0  libinit2.o(.ARM.Collect$$libinit$$00000023)
    __rt_lib_init_heap_1                     0x10000143   Thumb Code     0  libinit2.o(.ARM.Collect$$libinit$$0000000A)
    __rt_lib_init_lc_collate_1               0x10000143   Thumb Code     0  libinit2.o(.ARM.Collect$$libinit$$00000011)
    __rt_lib_init_lc_ctype_1                 0x10000143   Thumb Code     0  libinit2.o(.ARM.Collect$$libinit$$00000013)
    __rt_lib_init_lc_monetary_1              0x10000143   Thumb Code     0  libinit2.o(.ARM.Collect$$libinit$$00000015)
    __rt_lib_init_lc_numeric_1               0x10000143   Thumb Code     0  libinit2.o(.ARM.Collect$$libinit$$00000017)
    __rt_lib_init_lc_time_1                  0x10000143   Thumb Code     0  libinit2.o(.ARM.Collect$$libinit$$00000019)
    __rt_lib_init_preinit_1                  0x10000143   Thumb Code     0  libinit2.o(.ARM.Collect$$libinit$$00000004)
    __rt_lib_init_rand_1                     0x10000143   Thumb Code     0  libinit2.o(.ARM.Collect$$libinit$$0000000E)
    __rt_lib_init_return                     0x10000143   Thumb Code     0  libinit2.o(.ARM.Collect$$libinit$$00000033)
    __rt_lib_init_signal_1                   0x10000143   Thumb Code     0  libinit2.o(.ARM.Collect$$libinit$$0000001D)
    __rt_lib_init_stdio_1                    0x10000143   Thumb Code     0  libinit2.o(.ARM.Collect$$libinit$$00000025)
    __rt_lib_init_user_alloc_1               0x10000143   Thumb Code     0  libinit2.o(.ARM.Collect$$libinit$$0000000C)
    __rt_lib_shutdown                        0x10000145   Thumb Code     0  libshutdown.o(.ARM.Collect$$libshutdown$$00000000)
    __rt_lib_shutdown_cpp_1                  0x10000147   Thumb Code     0  libshutdown2.o(.ARM.Collect$$libshutdown$$00000004)
    __rt_lib_shutdown_fini_1                 0x10000147   Thumb Code     0  libshutdown2.o(.ARM.Collect$$libshutdown$$00000002)
    __rt_lib_shutdown_fp_trap_1              0x10000147   Thumb Code     0  libshutdown2.o(.ARM.Collect$$libshutdown$$00000009)
    __rt_lib_shutdown_heap_1                 0x10000147   Thumb Code     0  libshutdown2.o(.ARM.Collect$$libshutdown$$00000011)
    __rt_lib_shutdown_return                 0x10000147   Thumb Code     0  libshutdown2.o(.ARM.Collect$$libshutdown$$00000012)
    __rt_lib_shutdown_signal_1               0x10000147   Thumb Code     0  libshutdown2.o(.ARM.Collect$$libshutdown$$0000000C)
    __rt_lib_shutdown_stdio_1                0x10000147   Thumb Code     0  libshutdown2.o(.ARM.Collect$$libshutdown$$00000006)
    __rt_lib_shutdown_user_alloc_1           0x10000147   Thumb Code     0  libshutdown2.o(.ARM.Collect$$libshutdown$$0000000E)
    __rt_entry                               0x10000149   Thumb Code     0  __rtentry.o(.ARM.Collect$$rtentry$$00000000)
    __rt_entry_presh_1                       0x10000149   Thumb Code     0  __rtentry2.o(.ARM.Collect$$rtentry$$00000002)
    __rt_entry_sh                            0x10000149   Thumb Code     0  __rtentry4.o(.ARM.Collect$$rtentry$$00000004)
    __rt_entry_li                            0x1000014f   Thumb Code     0  __rtentry2.o(.ARM.Collect$$rtentry$$0000000A)
    __rt_entry_postsh_1                      0x1000014f   Thumb Code     0  __rtentry2.o(.ARM.Collect$$rtentry$$00000009)
    __rt_entry_main                          0x10000153   Thumb Code     0  __rtentry2.o(.ARM.Collect$$rtentry$$0000000D)
    __rt_entry_postli_1                      0x10000153   Thumb Code     0  __rtentry2.o(.ARM.Collect$$rtentry$$0000000C)
    __rt_exit                                0x1000015b   Thumb Code     0  rtexit.o(.ARM.Collect$$rtexit$$00000000)
    __rt_exit_ls                             0x1000015d   Thumb Code     0  rtexit2.o(.ARM.Collect$$rtexit$$00000003)
    __rt_exit_prels_1                        0x1000015d   Thumb Code     0  rtexit2.o(.ARM.Collect$$rtexit$$00000002)
    __rt_exit_exit                           0x10000161   Thumb Code     0  rtexit2.o(.ARM.Collect$$rtexit$$00000004)
    SVC_RTE                                  0x10000169   Thumb Code     0  hal.o(.emb_text)
    __rte                                    0x10000169   Thumb Code     8  hal.o(.emb_text)
    k_tsk_switch                             0x10000171   Thumb Code    44  k_task.o(.emb_text)
    K_RESTORE                                0x10000183   Thumb Code     0  k_task.o(.emb_text)
    k_tsk_start                              0x100001a1   Thumb Code     2  k_task.o(.emb_text)
    Reset_Handler                            0x100001a5   Thumb Code     8  startup_lpc17xx.o(.text)
    NMI_Handler                              0x100001ad   Thumb Code     2  startup_lpc17xx.o(.text)
    HardFault_Handler                        0x100001af   Thumb Code     2  startup_lpc17xx.o(.text)
    MemManage_Handler                        0x100001b1   Thumb Code     2  startup_lpc17xx.o(.text)
    BusFault_Handler                         0x100001b3   Thumb Code     2  startup_lpc17xx.o(.text)
    UsageFault_Handler                       0x100001b5   Thumb Code     2  startup_lpc17xx.o(.text)
    DebugMon_Handler                         0x100001b9   Thumb Code     2  startup_lpc17xx.o(.text)
    PendSV_Handler                           0x100001bb   Thumb Code     2  startup_lpc17xx.o(.text)
    SysTick_Handler                          0x100001bd   Thumb Code     2  startup_lpc17xx.o(.text)
    ADC_IRQHandler                           0x100001bf   Thumb Code     0  startup_lpc17xx.o(.text)
    BOD_IRQHandler                           0x100001bf   Thumb Code     0  startup_lpc17xx.o(.text)
    CANActivity_IRQHandler                   0x100001bf   Thumb Code     0  startup_lpc17xx.o(.text)
    CAN_IRQHandler                           0x100001bf   Thumb Code     0  startup_lpc17xx.o(.text)
    DMA_IRQHandler                           0x100001bf   Thumb Code     0  startup_lpc17xx.o(.text)
    EINT0_IRQHandler                         0x100001bf   Thumb Code     0  startup_lpc17xx.o(.text)
    EINT1_IRQHandler                         0x100001bf   Thumb Code     0  startup_lpc17xx.o(.text)
    EINT2_IRQHandler                         0x100001bf   Thumb Code     0  startup_lpc17xx.o(.text)
    EINT3_IRQHandler                         0x100001bf   Thumb Code     0  startup_lpc17xx.o(.text)
    ENET_IRQHandler                          0x100001bf   Thumb Code     0  startup_lpc17xx.o(.text)
    I2C0_IRQHandler                          0x100001bf   Thumb Code     0  startup_lpc17xx.o(.text)
    I2C1_IRQHandler                          0x100001bf   Thumb Code     0  startup_lpc17xx.o(.text)
    I2C2_IRQHandler                          0x100001bf   Thumb Code     0  startup_lpc17xx.o(.text)
    I2S_IRQHandler                           0x100001bf   Thumb Code     0  startup_lpc17xx.o(.text)
    MCPWM_IRQHandler                         0x100001bf   Thumb Code     0  startup_lpc17xx.o(.text)
    PLL0_IRQHandler                          0x100001bf   Thumb Code     0  startup_lpc17xx.o(.text)
    PLL1_IRQHandler                          0x100001bf   Thumb Code     0  startup_lpc17xx.o(.text)
    PWM1_IRQHandler                          0x100001bf   Thumb Code     0  startup_lpc17xx.o(.text)
    QEI_IRQHandler                           0x100001bf   Thumb Code     0  startup_lpc17xx.o(.text)
    RIT_IRQHandler                           0x100001bf   Thumb Code     0  startup_lpc17xx.o(.text)
    RTC_IRQHandler                           0x100001bf   Thumb Code     0  startup_lpc17xx.o(.text)
    SPI_IRQHandler                           0x100001bf   Thumb Code     0  startup_lpc17xx.o(.text)
    SSP0_IRQHandler                          0x100001bf   Thumb Code     0  startup_lpc17xx.o(.text)
    SSP1_IRQHandler                          0x100001bf   Thumb Code     0  startup_lpc17xx.o(.text)
    TIMER1_IRQHandler                        0x100001bf   Thumb Code     0  startup_lpc17xx.o(.text)
    TIMER2_IRQHandler                        0x100001bf   Thumb Code     0  startup_lpc17xx.o(.text)
    TIMER3_IRQHandler                        0x100001bf   Thumb Code     0  startup_lpc17xx.o(.text)
    UART1_IRQHandler                         0x100001bf   Thumb Code     0  startup_lpc17xx.o(.text)
    UART2_IRQHandler                         0x100001bf   Thumb Code     0  startup_lpc17xx.o(.text)
    UART3_IRQHandler                         0x100001bf   Thumb Code     0  startup_lpc17xx.o(.text)
    USBActivity_IRQHandler                   0x100001bf   Thumb Code     0  startup_lpc17xx.o(.text)
    USB_IRQHandler                           0x100001bf   Thumb Code     0  startup_lpc17xx.o(.text)
    WDT_IRQHandler                           0x100001bf   Thumb Code     0  startup_lpc17xx.o(.text)
    __user_initial_stackheap                 0x100001c1   Thumb Code     0  startup_lpc17xx.o(.text)
    __use_two_region_memory                  0x100001e1   Thumb Code     2  heapauxi.o(.text)
    __rt_heap_escrow$2region                 0x100001e3   Thumb Code     2  heapauxi.o(.text)
    __rt_heap_expand$2region                 0x100001e5   Thumb Code     2  heapauxi.o(.text)
    __user_setup_stackheap                   0x100001e7   Thumb Code    74  sys_stackheap_outer.o(.text)
    exit                                     0x10000231   Thumb Code    18  exit.o(.text)
    __user_libspace                          0x10000245   Thumb Code     8  libspace.o(.text)
    __user_perproc_libspace                  0x10000245   Thumb Code     0  libspace.o(.text)
    __user_perthread_libspace                0x10000245   Thumb Code     0  libspace.o(.text)
    _sys_exit                                0x1000024d   Thumb Code     8  sys_exit.o(.text)
    __I$use$semihosting                      0x10000259   Thumb Code     0  use_no_semi.o(.text)
    __use_no_semihosting_swi                 0x10000259   Thumb Code     2  use_no_semi.o(.text)
    SVC_Handler                              0x1000025b   Thumb Code   296  hal.o(i.SVC_Handler)
    __semihosting_library_function           0x1000025b   Thumb Code     0  indicate_semi.o(.text)
    SystemInit                               0x10000385   Thumb Code   302  system_lpc17xx.o(i.SystemInit)
    TIMER0_IRQHandler                        0x100004c5   Thumb Code   186  timer.o(i.TIMER0_IRQHandler)
    UART0_IRQHandler                         0x10000599   Thumb Code   202  uart_irq.o(i.UART0_IRQHandler)
    addMessage                               0x1000072d   Thumb Code   132  mailbox.o(i.addMessage)
    addNode                                  0x100007b1   Thumb Code   152  free_list.o(i.addNode)
    addTCBtoBack                             0x100008c9   Thumb Code    68  ready_queue.o(i.addTCBtoBack)
    addTCBtoFront                            0x1000090d   Thumb Code    60  ready_queue.o(i.addTCBtoFront)
    addTCBtoRecvBLK                          0x10000949   Thumb Code    68  ready_queue.o(i.addTCBtoRecvBLK)
    ae_init                                  0x1000098d   Thumb Code    48  ae.o(i.ae_init)
    ae_set_init_tasks_info                   0x100009bd   Thumb Code    22  ae.o(i.ae_set_init_tasks_info)
    ae_set_sys_info                          0x100009d3   Thumb Code    22  ae.o(i.ae_set_sys_info)
    allocate                                 0x100009e9   Thumb Code   302  free_list.o(i.allocate)
    allocateNode                             0x10000bf9   Thumb Code   150  bit_array.o(i.allocateNode)
    assignTaskId                             0x10000ca1   Thumb Code    58  kcd_task.o(i.assignTaskId)
    canSendMsg                               0x10000ce9   Thumb Code    66  ready_queue.o(i.canSendMsg)
    coalesce                                 0x10000d2d   Thumb Code   318  bit_array.o(i.coalesce)
    convertLevelToIndex                      0x10000ee1   Thumb Code    16  bit_array.o(i.convertLevelToIndex)
    countDigits                              0x10000ef1   Thumb Code    32  kcd_task.o(i.countDigits)
    deallocateMailbox                        0x10000f11   Thumb Code    26  mailbox.o(i.deallocateMailbox)
    findLevel                                0x10000f2b   Thumb Code    32  helper.o(i.findLevel)
    findSize                                 0x10000f4b   Thumb Code    20  helper.o(i.findSize)
    getBitPositionMask                       0x10000f5f   Thumb Code    16  bit_array.o(i.getBitPositionMask)
    getHeight                                0x10000f6f   Thumb Code    32  bit_array.o(i.getHeight)
    getMessage                               0x10000f91   Thumb Code   186  mailbox.o(i.getMessage)
    getTaskId                                0x10001051   Thumb Code    60  kcd_task.o(i.getTaskId)
    getTotalTimeMicroSeconds                 0x10001099   Thumb Code    18  k_task.o(i.getTotalTimeMicroSeconds)
    getXPosition                             0x100010ab   Thumb Code    20  bit_array.o(i.getXPosition)
    get_tick                                 0x100010c1   Thumb Code    58  timer.o(i.get_tick)
    init_printf                              0x10001129   Thumb Code    10  printf.o(i.init_printf)
    initializeArrayOfFreeLists               0x1000113d   Thumb Code    56  free_list.o(i.initializeArrayOfFreeLists)
    initializeArrayOfReadyQueues             0x10001175   Thumb Code    30  ready_queue.o(i.initializeArrayOfReadyQueues)
    initializeBitArray                       0x10001193   Thumb Code    82  bit_array.o(i.initializeBitArray)
    initializeMailbox                        0x100011e5   Thumb Code    44  mailbox.o(i.initializeMailbox)
    isShorter                                0x10001215   Thumb Code    44  edf.o(i.isShorter)
    k_mbx_create                             0x10001241   Thumb Code    82  k_msg.o(i.k_mbx_create)
    k_mbx_create_cstm_task                   0x1000129d   Thumb Code   104  k_msg.o(i.k_mbx_create_cstm_task)
    k_mbx_get                                0x10001311   Thumb Code    98  k_msg.o(i.k_mbx_get)
    k_mbx_ls                                 0x10001381   Thumb Code    88  k_msg.o(i.k_mbx_ls)
    k_mem_init                               0x100013e1   Thumb Code    48  k_mem.o(i.k_mem_init)
    k_mpool_alloc                            0x10001421   Thumb Code    70  k_mem.o(i.k_mpool_alloc)
    k_mpool_create                           0x10001475   Thumb Code    98  k_mem.o(i.k_mpool_create)
    k_mpool_dealloc                          0x10001505   Thumb Code   104  k_mem.o(i.k_mpool_dealloc)
    k_mpool_dump                             0x10001579   Thumb Code    92  k_mem.o(i.k_mpool_dump)
    k_pre_rtx_init                           0x1000161d   Thumb Code    46  k_rtx_init.o(i.k_pre_rtx_init)
    k_recv_msg                               0x1000164d   Thumb Code   166  k_msg.o(i.k_recv_msg)
    k_recv_msg_nb                            0x10001701   Thumb Code   112  k_msg.o(i.k_recv_msg_nb)
    k_recv_msg_nb_uart                       0x1000177d   Thumb Code    68  k_msg.o(i.k_recv_msg_nb_uart)
    k_rt_tsk_get                             0x100017c9   Thumb Code   116  k_task.o(i.k_rt_tsk_get)
    k_rt_tsk_set                             0x10001849   Thumb Code   180  k_task.o(i.k_rt_tsk_set)
    k_rt_tsk_susp                            0x1000190d   Thumb Code    78  k_task.o(i.k_rt_tsk_susp)
    k_rtx_init                               0x10001969   Thumb Code   248  k_rtx_init.o(i.k_rtx_init)
    k_send_msg                               0x10001a7d   Thumb Code   264  k_msg.o(i.k_send_msg)
    k_send_msg_nb                            0x10001b99   Thumb Code   292  k_msg.o(i.k_send_msg_nb)
    k_tsk_create                             0x10001cd1   Thumb Code   334  k_task.o(i.k_tsk_create)
    k_tsk_create_new                         0x10001e35   Thumb Code   330  k_task.o(i.k_tsk_create_new)
    k_tsk_exit                               0x10001f8d   Thumb Code   108  k_task.o(i.k_tsk_exit)
    k_tsk_get                                0x1000201d   Thumb Code   198  k_task.o(i.k_tsk_get)
    k_tsk_gettid                             0x100020ed   Thumb Code     8  k_task.o(i.k_tsk_gettid)
    k_tsk_init                               0x100020f9   Thumb Code   154  k_task.o(i.k_tsk_init)
    k_tsk_init_first                         0x100021a1   Thumb Code    22  k_task.o(i.k_tsk_init_first)
    k_tsk_ls                                 0x100021bd   Thumb Code    74  k_task.o(i.k_tsk_ls)
    k_tsk_run_new                            0x10002211   Thumb Code    88  k_task.o(i.k_tsk_run_new)
    k_tsk_run_new_put_current_task_to_rq     0x1000226d   Thumb Code    24  k_task.o(i.k_tsk_run_new_put_current_task_to_rq)
    k_tsk_set_prio                           0x1000228d   Thumb Code   308  k_task.o(i.k_tsk_set_prio)
    k_tsk_yield                              0x100023d9   Thumb Code    44  k_task.o(i.k_tsk_yield)
    locateNode                               0x10002435   Thumb Code    48  bit_array.o(i.locateNode)
    log_2                                    0x10002465   Thumb Code    16  helper.o(i.log_2)
    main                                     0x10002475   Thumb Code    84  main.o(i.main)
    parseTime                                0x100024dd   Thumb Code    64  wall_clock_task.o(i.parseTime)
    popFromEDF                               0x1000251d   Thumb Code    28  edf.o(i.popFromEDF)
    power                                    0x10002539   Thumb Code    36  helper.o(i.power)
    printLMbuffer                            0x1000255d   Thumb Code   198  kcd_task.o(i.printLMbuffer)
    printLTbuffer                            0x10002635   Thumb Code   152  kcd_task.o(i.printLTbuffer)
    printListLevelInOrder                    0x100026d9   Thumb Code    54  k_mem.o(i.printListLevelInOrder)
    printToConsole                           0x10002721   Thumb Code    64  kcd_task.o(i.printToConsole)
    printToConsole2                          0x10002761   Thumb Code    64  wall_clock_task.o(i.printToConsole2)
    printToUART                              0x100027a1   Thumb Code   116  cdisp_task.o(i.printToUART)
    priorityLevelToIndex                     0x10002821   Thumb Code    22  ready_queue.o(i.priorityLevelToIndex)
    priv_task1                               0x10002839   Thumb Code   114  ae_tasks.o(i.priv_task1)
    prnCNF                                   0x10002939   Thumb Code    30  kcd_task.o(i.prnCNF)
    pushToEDF                                0x10002971   Thumb Code   164  edf.o(i.pushToEDF)
    putc                                     0x10002a15   Thumb Code    28  uart_polling.o(i.putc)
    removeNode                               0x10002ab5   Thumb Code   168  free_list.o(i.removeNode)
    removeNodes                              0x10002bcd   Thumb Code   430  bit_array.o(i.removeNodes)
    removeSpecificTCB                        0x10002e59   Thumb Code    94  ready_queue.o(i.removeSpecificTCB)
    removeTCB                                0x10002eb7   Thumb Code    54  ready_queue.o(i.removeTCB)
    scheduler                                0x10002eed   Thumb Code    68  k_task.o(i.scheduler)
    sendAll                                  0x10002f39   Thumb Code    48  k_msg.o(i.sendAll)
    sendQScheduler                           0x10002f71   Thumb Code    72  k_msg.o(i.sendQScheduler)
    set_ae_init_tasks                        0x10002fc1   Thumb Code    24  ae_tasks.o(i.set_ae_init_tasks)
    set_ae_tasks                             0x10002fdd   Thumb Code    70  ae_tasks.o(i.set_ae_tasks)
    subtractTime                             0x1000302d   Thumb Code    60  timer.o(i.subtractTime)
    task1                                    0x1000306d   Thumb Code   248  ae_tasks.o(i.task1)
    task2                                    0x10003221   Thumb Code    40  ae_tasks.o(i.task2)
    task3                                    0x1000325d   Thumb Code    14  ae_tasks.o(i.task3)
    task_cdisp                               0x10003281   Thumb Code    40  cdisp_task.o(i.task_cdisp)
    task_kcd                                 0x100032a9   Thumb Code   402  kcd_task.o(i.task_kcd)
    task_null                                0x10003471   Thumb Code     6  null_task.o(i.task_null)
    task_wall_clock                          0x10003479   Thumb Code   250  wall_clock_task.o(i.task_wall_clock)
    tfp_format                               0x10003589   Thumb Code   296  printf.o(i.tfp_format)
    tfp_printf                               0x100036b1   Thumb Code    34  printf.o(i.tfp_printf)
    tfp_sprintf                              0x100036dd   Thumb Code    38  printf.o(i.tfp_sprintf)
    timeFormat                               0x10003709   Thumb Code   202  wall_clock_task.o(i.timeFormat)
    timer_freerun_init                       0x100037d5   Thumb Code   136  timer.o(i.timer_freerun_init)
    timer_irq_init                           0x1000386d   Thumb Code   114  timer.o(i.timer_irq_init)
    uart_init                                0x100038ed   Thumb Code    96  uart_polling.o(i.uart_init)
    uart_irq_init                            0x10003959   Thumb Code   168  uart_irq.o(i.uart_irq_init)
    uart_put_char                            0x10003a11   Thumb Code    42  uart_polling.o(i.uart_put_char)
    uart_put_string                          0x10003a45   Thumb Code    38  uart_polling.o(i.uart_put_string)
    updateParentNodes                        0x10003ac1   Thumb Code    74  bit_array.o(i.updateParentNodes)
    Region$$Table$$Base                      0x10003b0c   Number         0  anon$$obj.o(Region$$Table)
    Region$$Table$$Limit                     0x10003b2c   Number         0  anon$$obj.o(Region$$Table)
    g_buffer                                 0x10004100   Data           1  uart_irq.o(.data)
    g_send_char                              0x10004108   Data           1  uart_irq.o(.data)
    g_char_in                                0x10004109   Data           1  uart_irq.o(.data)
    g_tx_irq                                 0x1000410a   Data           1  uart_irq.o(.data)
    uart_mailbox                             0x1000410c   Data           4  uart_irq.o(.data)
    g_timer_count                            0x10004110   Data           4  timer.o(.data)
    previousTime                             0x10004114   Data           8  timer.o(.data)
    currentTime                              0x1000411c   Data           8  timer.o(.data)
    errno                                    0x10004124   Data           4  k_rtx_init.o(.data)
    gp_current_task                          0x10004128   Data           4  k_task.o(.data)
    g_num_active_tasks                       0x1000412c   Data           4  k_task.o(.data)
    debugEntryPrint                          0x10004130   Data           1  k_task.o(.data)
    letMeChangeToRT                          0x10004131   Data           1  k_task.o(.data)
    debugBA                                  0x10004132   Data           1  bit_array.o(.data)
    debug                                    0x10004133   Data           1  free_list.o(.data)
    array_RAM1                               0x1000414c   Data          24  k_mem.o(.bss)
    array_RAM2                               0x10004164   Data          24  k_mem.o(.bss)
    bitarray_RAM1                            0x1000417c   Data          31  k_mem.o(.bss)
    bitarray_RAM2                            0x1000419b   Data         255  k_mem.o(.bss)
    free_list_RAM1                           0x1000429c   Data          64  k_mem.o(.bss)
    free_list_RAM2                           0x100042dc   Data          88  k_mem.o(.bss)
    readyQueuesArray                         0x10004334   Data          64  k_rtx_init.o(.bss)
    sendQueuesArray                          0x10004374   Data          40  k_rtx_init.o(.bss)
    g_tcbs                                   0x1000439c   Data         800  k_task.o(.bss)
    lowercase                                0x100046bc   Data          26  kcd_task.o(.bss)
    uppercase                                0x100046d6   Data          26  kcd_task.o(.bss)
    digits                                   0x100046f0   Data          10  kcd_task.o(.bss)
    __libspace_start                         0x100046fc   Data          96  libspace.o(.bss)
    __temporary_stack_top$libspace           0x1000475c   Data           0  libspace.o(.bss)
    g_init_tasks                             0x1000475c   Data          40  ae_tasks.o(.bss)
    g_buf1                                   0x10004784   Data         128  ae_tasks.o(.bss)
    g_buf2                                   0x10004804   Data         128  ae_tasks.o(.bss)
    g_tasks                                  0x10004884   Data          10  ae_tasks.o(.bss)



==============================================================================

Memory Map of the image

  Image Entry point : 0x100000cd

  Load Region LR_IROM1 (Base: 0x10000000, Size: 0x00003b78, Max: 0x00004100, ABSOLUTE)

    Execution Region ER_IROM1 (Exec base: 0x10000000, Load base: 0x10000000, Size: 0x00003b2c, Max: 0x00004100, ABSOLUTE)

    Exec Addr    Load Addr    Size         Type   Attr      Idx    E Section Name        Object

    0x10000000   0x10000000   0x000000cc   Data   RO         1343    RESET               startup_lpc17xx.o
    0x100000cc   0x100000cc   0x00000008   Code   RO         1390  * !!!main             c_w.l(__main.o)
    0x100000d4   0x100000d4   0x00000034   Code   RO         1713    !!!scatter          c_w.l(__scatter.o)
    0x10000108   0x10000108   0x0000001a   Code   RO         1715    !!handler_copy      c_w.l(__scatter_copy.o)
    0x10000122   0x10000122   0x00000002   PAD
    0x10000124   0x10000124   0x0000001c   Code   RO         1717    !!handler_zi        c_w.l(__scatter_zi.o)
    0x10000140   0x10000140   0x00000002   Code   RO         1487    .ARM.Collect$$libinit$$00000000  c_w.l(libinit.o)
    0x10000142   0x10000142   0x00000000   Code   RO         1536    .ARM.Collect$$libinit$$00000002  c_w.l(libinit2.o)
    0x10000142   0x10000142   0x00000000   Code   RO         1538    .ARM.Collect$$libinit$$00000004  c_w.l(libinit2.o)
    0x10000142   0x10000142   0x00000000   Code   RO         1541    .ARM.Collect$$libinit$$0000000A  c_w.l(libinit2.o)
    0x10000142   0x10000142   0x00000000   Code   RO         1543    .ARM.Collect$$libinit$$0000000C  c_w.l(libinit2.o)
    0x10000142   0x10000142   0x00000000   Code   RO         1545    .ARM.Collect$$libinit$$0000000E  c_w.l(libinit2.o)
    0x10000142   0x10000142   0x00000000   Code   RO         1548    .ARM.Collect$$libinit$$00000011  c_w.l(libinit2.o)
    0x10000142   0x10000142   0x00000000   Code   RO         1550    .ARM.Collect$$libinit$$00000013  c_w.l(libinit2.o)
    0x10000142   0x10000142   0x00000000   Code   RO         1552    .ARM.Collect$$libinit$$00000015  c_w.l(libinit2.o)
    0x10000142   0x10000142   0x00000000   Code   RO         1554    .ARM.Collect$$libinit$$00000017  c_w.l(libinit2.o)
    0x10000142   0x10000142   0x00000000   Code   RO         1556    .ARM.Collect$$libinit$$00000019  c_w.l(libinit2.o)
    0x10000142   0x10000142   0x00000000   Code   RO         1558    .ARM.Collect$$libinit$$0000001B  c_w.l(libinit2.o)
    0x10000142   0x10000142   0x00000000   Code   RO         1560    .ARM.Collect$$libinit$$0000001D  c_w.l(libinit2.o)
    0x10000142   0x10000142   0x00000000   Code   RO         1562    .ARM.Collect$$libinit$$0000001F  c_w.l(libinit2.o)
    0x10000142   0x10000142   0x00000000   Code   RO         1564    .ARM.Collect$$libinit$$00000021  c_w.l(libinit2.o)
    0x10000142   0x10000142   0x00000000   Code   RO         1566    .ARM.Collect$$libinit$$00000023  c_w.l(libinit2.o)
    0x10000142   0x10000142   0x00000000   Code   RO         1568    .ARM.Collect$$libinit$$00000025  c_w.l(libinit2.o)
    0x10000142   0x10000142   0x00000000   Code   RO         1572    .ARM.Collect$$libinit$$0000002C  c_w.l(libinit2.o)
    0x10000142   0x10000142   0x00000000   Code   RO         1574    .ARM.Collect$$libinit$$0000002E  c_w.l(libinit2.o)
    0x10000142   0x10000142   0x00000000   Code   RO         1576    .ARM.Collect$$libinit$$00000030  c_w.l(libinit2.o)
    0x10000142   0x10000142   0x00000000   Code   RO         1578    .ARM.Collect$$libinit$$00000032  c_w.l(libinit2.o)
    0x10000142   0x10000142   0x00000002   Code   RO         1579    .ARM.Collect$$libinit$$00000033  c_w.l(libinit2.o)
    0x10000144   0x10000144   0x00000002   Code   RO         1668    .ARM.Collect$$libshutdown$$00000000  c_w.l(libshutdown.o)
    0x10000146   0x10000146   0x00000000   Code   RO         1694    .ARM.Collect$$libshutdown$$00000002  c_w.l(libshutdown2.o)
    0x10000146   0x10000146   0x00000000   Code   RO         1696    .ARM.Collect$$libshutdown$$00000004  c_w.l(libshutdown2.o)
    0x10000146   0x10000146   0x00000000   Code   RO         1698    .ARM.Collect$$libshutdown$$00000006  c_w.l(libshutdown2.o)
    0x10000146   0x10000146   0x00000000   Code   RO         1701    .ARM.Collect$$libshutdown$$00000009  c_w.l(libshutdown2.o)
    0x10000146   0x10000146   0x00000000   Code   RO         1704    .ARM.Collect$$libshutdown$$0000000C  c_w.l(libshutdown2.o)
    0x10000146   0x10000146   0x00000000   Code   RO         1706    .ARM.Collect$$libshutdown$$0000000E  c_w.l(libshutdown2.o)
    0x10000146   0x10000146   0x00000000   Code   RO         1709    .ARM.Collect$$libshutdown$$00000011  c_w.l(libshutdown2.o)
    0x10000146   0x10000146   0x00000002   Code   RO         1710    .ARM.Collect$$libshutdown$$00000012  c_w.l(libshutdown2.o)
    0x10000148   0x10000148   0x00000000   Code   RO         1392    .ARM.Collect$$rtentry$$00000000  c_w.l(__rtentry.o)
    0x10000148   0x10000148   0x00000000   Code   RO         1398    .ARM.Collect$$rtentry$$00000002  c_w.l(__rtentry2.o)
    0x10000148   0x10000148   0x00000006   Code   RO         1410    .ARM.Collect$$rtentry$$00000004  c_w.l(__rtentry4.o)
    0x1000014e   0x1000014e   0x00000000   Code   RO         1400    .ARM.Collect$$rtentry$$00000009  c_w.l(__rtentry2.o)
    0x1000014e   0x1000014e   0x00000004   Code   RO         1401    .ARM.Collect$$rtentry$$0000000A  c_w.l(__rtentry2.o)
    0x10000152   0x10000152   0x00000000   Code   RO         1403    .ARM.Collect$$rtentry$$0000000C  c_w.l(__rtentry2.o)
    0x10000152   0x10000152   0x00000008   Code   RO         1404    .ARM.Collect$$rtentry$$0000000D  c_w.l(__rtentry2.o)
    0x1000015a   0x1000015a   0x00000002   Code   RO         1527    .ARM.Collect$$rtexit$$00000000  c_w.l(rtexit.o)
    0x1000015c   0x1000015c   0x00000000   Code   RO         1641    .ARM.Collect$$rtexit$$00000002  c_w.l(rtexit2.o)
    0x1000015c   0x1000015c   0x00000004   Code   RO         1642    .ARM.Collect$$rtexit$$00000003  c_w.l(rtexit2.o)
    0x10000160   0x10000160   0x00000006   Code   RO         1643    .ARM.Collect$$rtexit$$00000004  c_w.l(rtexit2.o)
    0x10000166   0x10000166   0x00000002   PAD
    0x10000168   0x10000168   0x00000008   Code   RO          302    .emb_text           hal.o
    0x10000170   0x10000170   0x00000032   Code   RO          589    .emb_text           k_task.o
    0x100001a2   0x100001a2   0x00000002   PAD
    0x100001a4   0x100001a4   0x0000003c   Code   RO         1344    .text               startup_lpc17xx.o
    0x100001e0   0x100001e0   0x00000006   Code   RO         1388    .text               c_w.l(heapauxi.o)
    0x100001e6   0x100001e6   0x0000004a   Code   RO         1474    .text               c_w.l(sys_stackheap_outer.o)
    0x10000230   0x10000230   0x00000012   Code   RO         1476    .text               c_w.l(exit.o)
    0x10000242   0x10000242   0x00000002   PAD
    0x10000244   0x10000244   0x00000008   Code   RO         1524    .text               c_w.l(libspace.o)
    0x1000024c   0x1000024c   0x0000000c   Code   RO         1638    .text               c_w.l(sys_exit.o)
    0x10000258   0x10000258   0x00000002   Code   RO         1657    .text               c_w.l(use_no_semi.o)
    0x1000025a   0x1000025a   0x00000000   Code   RO         1659    .text               c_w.l(indicate_semi.o)
    0x1000025a   0x1000025a   0x00000128   Code   RO          303    i.SVC_Handler       hal.o
    0x10000382   0x10000382   0x00000002   PAD
    0x10000384   0x10000384   0x00000140   Code   RO         1352    i.SystemInit        system_lpc17xx.o
    0x100004c4   0x100004c4   0x000000d4   Code   RO          192    i.TIMER0_IRQHandler  timer.o
    0x10000598   0x10000598   0x000000dc   Code   RO           87    i.UART0_IRQHandler  uart_irq.o
    0x10000674   0x10000674   0x00000022   Code   RO           88    i.__NVIC_EnableIRQ  uart_irq.o
    0x10000696   0x10000696   0x00000002   PAD
    0x10000698   0x10000698   0x00000028   Code   RO           89    i.__NVIC_SetPriority  uart_irq.o
    0x100006c0   0x100006c0   0x00000032   Code   RO         1069    i.a2d               printf.o
    0x100006f2   0x100006f2   0x0000003a   Code   RO         1070    i.a2i               printf.o
    0x1000072c   0x1000072c   0x00000084   Code   RO          978    i.addMessage        mailbox.o
    0x100007b0   0x100007b0   0x00000118   Code   RO          819    i.addNode           free_list.o
    0x100008c8   0x100008c8   0x00000044   Code   RO          909    i.addTCBtoBack      ready_queue.o
    0x1000090c   0x1000090c   0x0000003c   Code   RO          910    i.addTCBtoFront     ready_queue.o
    0x10000948   0x10000948   0x00000044   Code   RO          911    i.addTCBtoRecvBLK   ready_queue.o
    0x1000098c   0x1000098c   0x00000030   Code   RO         1489    i.ae_init           ae-lib-ram.lib(ae.o)
    0x100009bc   0x100009bc   0x00000016   Code   RO         1490    i.ae_set_init_tasks_info  ae-lib-ram.lib(ae.o)
    0x100009d2   0x100009d2   0x00000016   Code   RO         1491    i.ae_set_sys_info   ae-lib-ram.lib(ae.o)
    0x100009e8   0x100009e8   0x00000210   Code   RO          820    i.allocate          free_list.o
    0x10000bf8   0x10000bf8   0x000000a8   Code   RO          735    i.allocateNode      bit_array.o
    0x10000ca0   0x10000ca0   0x00000048   Code   RO         1183    i.assignTaskId      kcd_task.o
    0x10000ce8   0x10000ce8   0x00000042   Code   RO          912    i.canSendMsg        ready_queue.o
    0x10000d2a   0x10000d2a   0x00000002   PAD
    0x10000d2c   0x10000d2c   0x000001b4   Code   RO          736    i.coalesce          bit_array.o
    0x10000ee0   0x10000ee0   0x00000010   Code   RO          737    i.convertLevelToIndex  bit_array.o
    0x10000ef0   0x10000ef0   0x00000020   Code   RO         1184    i.countDigits       kcd_task.o
    0x10000f10   0x10000f10   0x0000001a   Code   RO          979    i.deallocateMailbox  mailbox.o
    0x10000f2a   0x10000f2a   0x00000020   Code   RO          868    i.findLevel         helper.o
    0x10000f4a   0x10000f4a   0x00000014   Code   RO          869    i.findSize          helper.o
    0x10000f5e   0x10000f5e   0x00000010   Code   RO          738    i.getBitPositionMask  bit_array.o
    0x10000f6e   0x10000f6e   0x00000020   Code   RO          739    i.getHeight         bit_array.o
    0x10000f8e   0x10000f8e   0x00000002   PAD
    0x10000f90   0x10000f90   0x000000c0   Code   RO          980    i.getMessage        mailbox.o
    0x10001050   0x10001050   0x00000048   Code   RO         1185    i.getTaskId         kcd_task.o
    0x10001098   0x10001098   0x00000012   Code   RO          590    i.getTotalTimeMicroSeconds  k_task.o
    0x100010aa   0x100010aa   0x00000014   Code   RO          740    i.getXPosition      bit_array.o
    0x100010be   0x100010be   0x00000002   PAD
    0x100010c0   0x100010c0   0x00000048   Code   RO          193    i.get_tick          timer.o
    0x10001108   0x10001108   0x00000020   Code   RO         1071    i.i2a               printf.o
    0x10001128   0x10001128   0x00000014   Code   RO         1072    i.init_printf       printf.o
    0x1000113c   0x1000113c   0x00000038   Code   RO          821    i.initializeArrayOfFreeLists  free_list.o
    0x10001174   0x10001174   0x0000001e   Code   RO          913    i.initializeArrayOfReadyQueues  ready_queue.o
    0x10001192   0x10001192   0x00000052   Code   RO          741    i.initializeBitArray  bit_array.o
    0x100011e4   0x100011e4   0x00000030   Code   RO          981    i.initializeMailbox  mailbox.o
    0x10001214   0x10001214   0x0000002c   Code   RO         1033    i.isShorter         edf.o
    0x10001240   0x10001240   0x0000005c   Code   RO          453    i.k_mbx_create      k_msg.o
    0x1000129c   0x1000129c   0x00000074   Code   RO          454    i.k_mbx_create_cstm_task  k_msg.o
    0x10001310   0x10001310   0x00000070   Code   RO          455    i.k_mbx_get         k_msg.o
    0x10001380   0x10001380   0x00000060   Code   RO          456    i.k_mbx_ls          k_msg.o
    0x100013e0   0x100013e0   0x00000040   Code   RO          388    i.k_mem_init        k_mem.o
    0x10001420   0x10001420   0x00000054   Code   RO          389    i.k_mpool_alloc     k_mem.o
    0x10001474   0x10001474   0x00000090   Code   RO          390    i.k_mpool_create    k_mem.o
    0x10001504   0x10001504   0x00000074   Code   RO          391    i.k_mpool_dealloc   k_mem.o
    0x10001578   0x10001578   0x000000a4   Code   RO          392    i.k_mpool_dump      k_mem.o
    0x1000161c   0x1000161c   0x0000002e   Code   RO          538    i.k_pre_rtx_init    k_rtx_init.o
    0x1000164a   0x1000164a   0x00000002   PAD
    0x1000164c   0x1000164c   0x000000b4   Code   RO          457    i.k_recv_msg        k_msg.o
    0x10001700   0x10001700   0x0000007c   Code   RO          458    i.k_recv_msg_nb     k_msg.o
    0x1000177c   0x1000177c   0x0000004c   Code   RO          459    i.k_recv_msg_nb_uart  k_msg.o
    0x100017c8   0x100017c8   0x00000080   Code   RO          591    i.k_rt_tsk_get      k_task.o
    0x10001848   0x10001848   0x000000c4   Code   RO          592    i.k_rt_tsk_set      k_task.o
    0x1000190c   0x1000190c   0x0000005c   Code   RO          593    i.k_rt_tsk_susp     k_task.o
    0x10001968   0x10001968   0x00000114   Code   RO          539    i.k_rtx_init        k_rtx_init.o
    0x10001a7c   0x10001a7c   0x0000011c   Code   RO          460    i.k_send_msg        k_msg.o
    0x10001b98   0x10001b98   0x00000138   Code   RO          461    i.k_send_msg_nb     k_msg.o
    0x10001cd0   0x10001cd0   0x00000164   Code   RO          594    i.k_tsk_create      k_task.o
    0x10001e34   0x10001e34   0x00000158   Code   RO          595    i.k_tsk_create_new  k_task.o
    0x10001f8c   0x10001f8c   0x00000090   Code   RO          596    i.k_tsk_exit        k_task.o
    0x1000201c   0x1000201c   0x000000d0   Code   RO          597    i.k_tsk_get         k_task.o
    0x100020ec   0x100020ec   0x0000000c   Code   RO          598    i.k_tsk_gettid      k_task.o
    0x100020f8   0x100020f8   0x000000a8   Code   RO          599    i.k_tsk_init        k_task.o
    0x100021a0   0x100021a0   0x0000001c   Code   RO          600    i.k_tsk_init_first  k_task.o
    0x100021bc   0x100021bc   0x00000054   Code   RO          601    i.k_tsk_ls          k_task.o
    0x10002210   0x10002210   0x0000005c   Code   RO          602    i.k_tsk_run_new     k_task.o
    0x1000226c   0x1000226c   0x00000020   Code   RO          603    i.k_tsk_run_new_put_current_task_to_rq  k_task.o
    0x1000228c   0x1000228c   0x0000014c   Code   RO          604    i.k_tsk_set_prio    k_task.o
    0x100023d8   0x100023d8   0x0000005c   Code   RO          605    i.k_tsk_yield       k_task.o
    0x10002434   0x10002434   0x00000030   Code   RO          742    i.locateNode        bit_array.o
    0x10002464   0x10002464   0x00000010   Code   RO          870    i.log_2             helper.o
    0x10002474   0x10002474   0x00000068   Code   RO         1416    i.main              ae-lib-ram.lib(main.o)
    0x100024dc   0x100024dc   0x00000040   Code   RO         1296    i.parseTime         wall_clock_task.o
    0x1000251c   0x1000251c   0x0000001c   Code   RO         1034    i.popFromEDF        edf.o
    0x10002538   0x10002538   0x00000024   Code   RO          871    i.power             helper.o
    0x1000255c   0x1000255c   0x000000d8   Code   RO         1186    i.printLMbuffer     kcd_task.o
    0x10002634   0x10002634   0x000000a4   Code   RO         1187    i.printLTbuffer     kcd_task.o
    0x100026d8   0x100026d8   0x00000048   Code   RO          393    i.printListLevelInOrder  k_mem.o
    0x10002720   0x10002720   0x00000040   Code   RO         1188    i.printToConsole    kcd_task.o
    0x10002760   0x10002760   0x00000040   Code   RO         1297    i.printToConsole2   wall_clock_task.o
    0x100027a0   0x100027a0   0x00000080   Code   RO         1134    i.printToUART       cdisp_task.o
    0x10002820   0x10002820   0x00000016   Code   RO          914    i.priorityLevelToIndex  ready_queue.o
    0x10002836   0x10002836   0x00000002   PAD
    0x10002838   0x10002838   0x00000100   Code   RO         1580    i.priv_task1        ae-lib-ram.lib(ae_tasks.o)
    0x10002938   0x10002938   0x00000038   Code   RO         1189    i.prnCNF            kcd_task.o
    0x10002970   0x10002970   0x000000a4   Code   RO         1035    i.pushToEDF         edf.o
    0x10002a14   0x10002a14   0x00000044   Code   RO            4    i.putc              uart_polling.o
    0x10002a58   0x10002a58   0x00000052   Code   RO         1073    i.putchw            printf.o
    0x10002aaa   0x10002aaa   0x0000000a   Code   RO         1074    i.putcp             printf.o
    0x10002ab4   0x10002ab4   0x00000118   Code   RO          822    i.removeNode        free_list.o
    0x10002bcc   0x10002bcc   0x0000028c   Code   RO          743    i.removeNodes       bit_array.o
    0x10002e58   0x10002e58   0x0000005e   Code   RO          915    i.removeSpecificTCB  ready_queue.o
    0x10002eb6   0x10002eb6   0x00000036   Code   RO          916    i.removeTCB         ready_queue.o
    0x10002eec   0x10002eec   0x0000004c   Code   RO          606    i.scheduler         k_task.o
    0x10002f38   0x10002f38   0x00000038   Code   RO          462    i.sendAll           k_msg.o
    0x10002f70   0x10002f70   0x00000050   Code   RO          463    i.sendQScheduler    k_msg.o
    0x10002fc0   0x10002fc0   0x0000001c   Code   RO         1581    i.set_ae_init_tasks  ae-lib-ram.lib(ae_tasks.o)
    0x10002fdc   0x10002fdc   0x00000050   Code   RO         1582    i.set_ae_tasks      ae-lib-ram.lib(ae_tasks.o)
    0x1000302c   0x1000302c   0x00000040   Code   RO          194    i.subtractTime      timer.o
    0x1000306c   0x1000306c   0x000001b4   Code   RO         1583    i.task1             ae-lib-ram.lib(ae_tasks.o)
    0x10003220   0x10003220   0x0000003c   Code   RO         1584    i.task2             ae-lib-ram.lib(ae_tasks.o)
    0x1000325c   0x1000325c   0x00000024   Code   RO         1585    i.task3             ae-lib-ram.lib(ae_tasks.o)
    0x10003280   0x10003280   0x00000028   Code   RO         1135    i.task_cdisp        cdisp_task.o
    0x100032a8   0x100032a8   0x000001c8   Code   RO         1190    i.task_kcd          kcd_task.o
    0x10003470   0x10003470   0x00000006   Code   RO         1268    i.task_null         null_task.o
    0x10003476   0x10003476   0x00000002   PAD
    0x10003478   0x10003478   0x00000110   Code   RO         1298    i.task_wall_clock   wall_clock_task.o
    0x10003588   0x10003588   0x00000128   Code   RO         1075    i.tfp_format        printf.o
    0x100036b0   0x100036b0   0x0000002c   Code   RO         1076    i.tfp_printf        printf.o
    0x100036dc   0x100036dc   0x0000002c   Code   RO         1077    i.tfp_sprintf       printf.o
    0x10003708   0x10003708   0x000000ca   Code   RO         1299    i.timeFormat        wall_clock_task.o
    0x100037d2   0x100037d2   0x00000002   PAD
    0x100037d4   0x100037d4   0x00000098   Code   RO          195    i.timer_freerun_init  timer.o
    0x1000386c   0x1000386c   0x00000080   Code   RO          196    i.timer_irq_init    timer.o
    0x100038ec   0x100038ec   0x0000006c   Code   RO            6    i.uart_init         uart_polling.o
    0x10003958   0x10003958   0x000000b8   Code   RO           90    i.uart_irq_init     uart_irq.o
    0x10003a10   0x10003a10   0x00000034   Code   RO            7    i.uart_put_char     uart_polling.o
    0x10003a44   0x10003a44   0x00000026   Code   RO            8    i.uart_put_string   uart_polling.o
    0x10003a6a   0x10003a6a   0x00000056   Code   RO         1078    i.ui2a              printf.o
    0x10003ac0   0x10003ac0   0x0000004a   Code   RO          744    i.updateParentNodes  bit_array.o
    0x10003b0a   0x10003b0a   0x00000002   PAD
    0x10003b0c   0x10003b0c   0x00000020   Data   RO         1711    Region$$Table       anon$$obj.o


    Execution Region RW_IRAM1 (Exec base: 0x10004100, Load base: 0x10003b2c, Size: 0x00000990, Max: 0x00002900, ABSOLUTE)

    Exec Addr    Load Addr    Size         Type   Attr      Idx    E Section Name        Object

    0x10004100   0x10003b2c   0x00000010   Data   RW           91    .data               uart_irq.o
    0x10004110   0x10003b3c   0x00000014   Data   RW          197    .data               timer.o
    0x10004124   0x10003b50   0x00000004   Data   RW          541    .data               k_rtx_init.o
    0x10004128   0x10003b54   0x0000000a   Data   RW          608    .data               k_task.o
    0x10004132   0x10003b5e   0x00000001   Data   RW          745    .data               bit_array.o
    0x10004133   0x10003b5f   0x00000001   Data   RW          823    .data               free_list.o
    0x10004134   0x10003b60   0x00000008   Data   RW         1079    .data               printf.o
    0x1000413c   0x10003b68   0x00000010   Data   RW         1417    .data               ae-lib-ram.lib(main.o)
    0x1000414c        -       0x000001e8   Zero   RW          394    .bss                k_mem.o
    0x10004334        -       0x00000068   Zero   RW          540    .bss                k_rtx_init.o
    0x1000439c        -       0x00000320   Zero   RW          607    .bss                k_task.o
    0x100046bc        -       0x0000003e   Zero   RW         1191    .bss                kcd_task.o
    0x100046fa   0x10003b78   0x00000002   PAD
    0x100046fc        -       0x00000060   Zero   RW         1525    .bss                c_w.l(libspace.o)
    0x1000475c        -       0x00000132   Zero   RW         1586    .bss                ae-lib-ram.lib(ae_tasks.o)
    0x1000488e   0x10003b78   0x00000002   PAD
    0x10004890        -       0x00000000   Zero   RW         1342    HEAP                startup_lpc17xx.o
    0x10004890        -       0x00000200   Zero   RW         1341    STACK               startup_lpc17xx.o


==============================================================================

Image component sizes


      Code (inc. data)   RO Data    RW Data    ZI Data      Debug   Object Name

      1544        358          0          1          0       8054   bit_array.o
       168         12          0          0          0       1746   cdisp_task.o
       236          0          0          0          0       2205   edf.o
      1144        466          0          1          0       4103   free_list.o
       304         24          0          0          0       7591   hal.o
       104          0          0          0          0       2287   helper.o
       644        178          0          0        488       5035   k_mem.o
      1528        134          0          0          0       7641   k_msg.o
       322         28          0          4        104       6419   k_rtx_init.o
      2452        254          0         10        800      17581   k_task.o
      1132        136          0          0         62       6479   kcd_task.o
       398         10          0          0          0       4090   mailbox.o
         6          0          0          0          0        404   null_task.o
       722         26          0          8          0       6506   printf.o
       462          0          0          0          0       6012   ready_queue.o
        60         22        204          0        512        800   startup_lpc17xx.o
       320         18          0          0          0        581   system_lpc17xx.o
       628         74          0         20          0      35487   timer.o
       478         42          0         16          0       7206   uart_irq.o
       266         62          0          0          0      24289   uart_polling.o
       602         22          0          0          0       3853   wall_clock_task.o

    ----------------------------------------------------------------------
     13542       1866        236         60       1968     158369   Object Totals
         0          0         32          0          0          0   (incl. Generated)
        22          0          0          0          2          0   (incl. Padding)

    ----------------------------------------------------------------------

      Code (inc. data)   RO Data    RW Data    ZI Data      Debug   Library Member Name

        92          0          0          0          0       4569   ae.o
       896        386          0          0        306       4409   ae_tasks.o
       104         20          0         16          0       4963   main.o
         8          0          0          0          0         68   __main.o
         0          0          0          0          0          0   __rtentry.o
        12          0          0          0          0          0   __rtentry2.o
         6          0          0          0          0          0   __rtentry4.o
        52          8          0          0          0          0   __scatter.o
        26          0          0          0          0          0   __scatter_copy.o
        28          0          0          0          0          0   __scatter_zi.o
        18          0          0          0          0         80   exit.o
         6          0          0          0          0        152   heapauxi.o
         0          0          0          0          0          0   indicate_semi.o
         2          0          0          0          0          0   libinit.o
         2          0          0          0          0          0   libinit2.o
         2          0          0          0          0          0   libshutdown.o
         2          0          0          0          0          0   libshutdown2.o
         8          4          0          0         96         68   libspace.o
         2          0          0          0          0          0   rtexit.o
        10          0          0          0          0          0   rtexit2.o
        12          4          0          0          0         68   sys_exit.o
        74          0          0          0          0         80   sys_stackheap_outer.o
         2          0          0          0          0         68   use_no_semi.o

    ----------------------------------------------------------------------
      1370        422          0         16        404      14525   Library Totals
         6          0          0          0          2          0   (incl. Padding)

    ----------------------------------------------------------------------

      Code (inc. data)   RO Data    RW Data    ZI Data      Debug   Library Name

      1092        406          0         16        306      13941   ae-lib-ram.lib
       272         16          0          0         96        584   c_w.l

    ----------------------------------------------------------------------
      1370        422          0         16        404      14525   Library Totals

    ----------------------------------------------------------------------

==============================================================================


      Code (inc. data)   RO Data    RW Data    ZI Data      Debug   

     14912       2288        236         76       2372     166650   Grand Totals
     14912       2288        236         76       2372     166650   ELF Image Totals
     14912       2288        236         76          0          0   ROM Totals

==============================================================================

    Total RO  Size (Code + RO Data)                15148 (  14.79kB)
    Total RW  Size (RW Data + ZI Data)              2448 (   2.39kB)
    Total ROM Size (Code + RO Data + RW Data)      15224 (  14.87kB)

==============================================================================

