Component: ARM Compiler 5.06 update 7 (build 960) Tool: armlink [4d3601]

==============================================================================

Section Cross References

    uart_polling.o(i.putc) refers to uart_polling.o(i.uart_put_string) for uart_put_string
    uart_polling.o(i.putc) refers to uart_polling.o(i.uart_put_char) for uart_put_char
    uart_polling.o(i.uart_put_string) refers to uart_polling.o(i.uart_put_char) for uart_put_char
    uart_irq.o(i.UART0_IRQHandler) refers to k_mem.o(i.k_mpool_alloc) for k_mpool_alloc
    uart_irq.o(i.UART0_IRQHandler) refers to k_msg.o(i.k_send_msg_nb) for k_send_msg_nb
    uart_irq.o(i.UART0_IRQHandler) refers to k_mem.o(i.k_mpool_dealloc) for k_mpool_dealloc
    uart_irq.o(i.UART0_IRQHandler) refers to k_msg.o(i.k_recv_msg_nb_uart) for k_recv_msg_nb_uart
    uart_irq.o(i.UART0_IRQHandler) refers to k_task.o(i.k_tsk_run_new_put_current_task_to_rq) for k_tsk_run_new_put_current_task_to_rq
    uart_irq.o(i.UART0_IRQHandler) refers to uart_irq.o(.data) for g_send_char
    uart_irq.o(i.uart_irq_init) refers to k_mem.o(i.k_mpool_alloc) for k_mpool_alloc
    uart_irq.o(i.uart_irq_init) refers to mailbox.o(i.initializeMailbox) for initializeMailbox
    uart_irq.o(i.uart_irq_init) refers to uart_irq.o(i.__NVIC_SetPriority) for __NVIC_SetPriority
    uart_irq.o(i.uart_irq_init) refers to uart_irq.o(i.__NVIC_EnableIRQ) for __NVIC_EnableIRQ
    uart_irq.o(i.uart_irq_init) refers to uart_irq.o(.data) for uart_mailbox
    timer.o(i.TIMER0_IRQHandler) refers to timer.o(i.subtractTime) for subtractTime
    timer.o(i.TIMER0_IRQHandler) refers to ready_queue.o(i.removeSpecificTCB) for removeSpecificTCB
    timer.o(i.TIMER0_IRQHandler) refers to edf.o(i.pushToEDF) for pushToEDF
    timer.o(i.TIMER0_IRQHandler) refers to k_task.o(i.k_tsk_run_new) for k_tsk_run_new
    timer.o(i.TIMER0_IRQHandler) refers to k_rtx_init.o(.bss) for readyQueuesArray
    timer.o(i.TIMER0_IRQHandler) refers to timer.o(.data) for g_timer_count
    timer.o(i.timer_irq_init) refers to timer.o(.data) for g_timer_count
    hal.o(i.SVC_Handler) refers to k_rtx_init.o(i.k_rtx_init) for k_rtx_init
    hal.o(i.SVC_Handler) refers to k_mem.o(i.k_mpool_alloc) for k_mpool_alloc
    hal.o(i.SVC_Handler) refers to k_mem.o(i.k_mpool_dealloc) for k_mpool_dealloc
    hal.o(i.SVC_Handler) refers to k_mem.o(i.k_mpool_dump) for k_mpool_dump
    hal.o(i.SVC_Handler) refers to k_task.o(i.k_tsk_create) for k_tsk_create
    hal.o(i.SVC_Handler) refers to k_task.o(i.k_tsk_exit) for k_tsk_exit
    hal.o(i.SVC_Handler) refers to k_task.o(i.k_tsk_yield) for k_tsk_yield
    hal.o(i.SVC_Handler) refers to k_task.o(i.k_tsk_set_prio) for k_tsk_set_prio
    hal.o(i.SVC_Handler) refers to k_task.o(i.k_tsk_get) for k_tsk_get
    hal.o(i.SVC_Handler) refers to k_task.o(i.k_tsk_gettid) for k_tsk_gettid
    hal.o(i.SVC_Handler) refers to k_task.o(i.k_tsk_ls) for k_tsk_ls
    hal.o(i.SVC_Handler) refers to k_msg.o(i.k_mbx_create) for k_mbx_create
    hal.o(i.SVC_Handler) refers to k_msg.o(i.k_send_msg) for k_send_msg
    hal.o(i.SVC_Handler) refers to k_msg.o(i.k_send_msg_nb) for k_send_msg_nb
    hal.o(i.SVC_Handler) refers to k_msg.o(i.k_recv_msg) for k_recv_msg
    hal.o(i.SVC_Handler) refers to k_msg.o(i.k_recv_msg_nb) for k_recv_msg_nb
    hal.o(i.SVC_Handler) refers to k_msg.o(i.k_mbx_ls) for k_mbx_ls
    hal.o(i.SVC_Handler) refers to k_msg.o(i.k_mbx_get) for k_mbx_get
    hal.o(i.SVC_Handler) refers to k_task.o(i.k_rt_tsk_set) for k_rt_tsk_set
    hal.o(i.SVC_Handler) refers to k_task.o(i.k_rt_tsk_susp) for k_rt_tsk_susp
    hal.o(i.SVC_Handler) refers to k_task.o(i.k_rt_tsk_get) for k_rt_tsk_get
    k_mem.o(i.k_mem_init) refers to k_mem.o(i.k_mpool_create) for k_mpool_create
    k_mem.o(i.k_mpool_alloc) refers to bit_array.o(i.allocateNode) for allocateNode
    k_mem.o(i.k_mpool_alloc) refers to k_mem.o(.bss) for array_RAM1
    k_mem.o(i.k_mpool_alloc) refers to k_rtx_init.o(.data) for errno
    k_mem.o(i.k_mpool_create) refers to bit_array.o(i.initializeBitArray) for initializeBitArray
    k_mem.o(i.k_mpool_create) refers to k_rtx_init.o(.data) for errno
    k_mem.o(i.k_mpool_create) refers to k_mem.o(.bss) for bitarray_RAM1
    k_mem.o(i.k_mpool_dealloc) refers to bit_array.o(i.removeNodes) for removeNodes
    k_mem.o(i.k_mpool_dealloc) refers to k_rtx_init.o(.data) for errno
    k_mem.o(i.k_mpool_dealloc) refers to k_mem.o(.bss) for array_RAM1
    k_mem.o(i.k_mpool_dump) refers to k_mem.o(i.printListLevelInOrder) for printListLevelInOrder
    k_mem.o(i.k_mpool_dump) refers to printf.o(i.tfp_printf) for tfp_printf
    k_mem.o(i.k_mpool_dump) refers to k_mem.o(.bss) for free_list_RAM1
    k_mem.o(i.printListLevelInOrder) refers to helper.o(i.findSize) for findSize
    k_mem.o(i.printListLevelInOrder) refers to printf.o(i.tfp_printf) for tfp_printf
    k_msg.o(i.k_mbx_create) refers to mailbox.o(i.initializeMailbox) for initializeMailbox
[...]
    sys_wrch.o(.text) refers (Special) to indicate_semi.o(.text) for __semihosting_library_function
    defsig.o(CL$$defsig) refers to defsig_fpe_inner.o(.text) for __rt_SIGFPE_inner
    defsig.o(CL$$defsig) refers to defsig_rtmem_inner.o(.text) for __rt_SIGRTMEM_inner
    _get_argv_nomalloc.o(.text) refers (Special) to hrguard.o(.text) for __heap_region$guard
    _get_argv_nomalloc.o(.text) refers to defsig_rtmem_outer.o(.text) for __rt_SIGRTMEM
    _get_argv_nomalloc.o(.text) refers to sys_command.o(.text) for _sys_command_string
    libshutdown.o(.ARM.Collect$$libshutdown$$00000000) refers (Special) to libshutdown2.o(.ARM.Collect$$libshutdown$$00000004) for __rt_lib_shutdown_cpp_1
    libshutdown.o(.ARM.Collect$$libshutdown$$00000000) refers (Special) to libshutdown2.o(.ARM.Collect$$libshutdown$$00000002) for __rt_lib_shutdown_fini_1
    libshutdown.o(.ARM.Collect$$libshutdown$$00000000) refers (Special) to libshutdown2.o(.ARM.Collect$$libshutdown$$00000009) for __rt_lib_shutdown_fp_trap_1
    libshutdown.o(.ARM.Collect$$libshutdown$$00000000) refers (Special) to libshutdown2.o(.ARM.Collect$$libshutdown$$00000011) for __rt_lib_shutdown_heap_1
    libshutdown.o(.ARM.Collect$$libshutdown$$00000000) refers (Special) to libshutdown2.o(.ARM.Collect$$libshutdown$$00000012) for __rt_lib_shutdown_return
    libshutdown.o(.ARM.Collect$$libshutdown$$00000000) refers (Special) to libshutdown2.o(.ARM.Collect$$libshutdown$$0000000C) for __rt_lib_shutdown_signal_1
    libshutdown.o(.ARM.Collect$$libshutdown$$00000000) refers (Special) to libshutdown2.o(.ARM.Collect$$libshutdown$$00000006) for __rt_lib_shutdown_stdio_1
    libshutdown.o(.ARM.Collect$$libshutdown$$00000000) refers (Special) to libshutdown2.o(.ARM.Collect$$libshutdown$$0000000E) for __rt_lib_shutdown_user_alloc_1
    sys_command.o(.text) refers (Special) to use_no_semi.o(.text) for __I$use$semihosting
    sys_command.o(.text) refers (Special) to indicate_semi.o(.text) for __semihosting_library_function
    defsig_abrt_inner.o(.text) refers to defsig_general.o(.text) for __default_signal_display
    defsig_rtred_inner.o(.text) refers to defsig_general.o(.text) for __default_signal_display
    defsig_rtmem_inner.o(.text) refers to defsig_general.o(.text) for __default_signal_display
    defsig_rtmem_outer.o(.text) refers to defsig_rtmem_inner.o(.text) for __rt_SIGRTMEM_inner
    defsig_rtmem_outer.o(.text) refers to defsig_exit.o(.text) for __sig_exit
    defsig_rtmem_formal.o(.text) refers to rt_raise.o(.text) for __rt_raise
    defsig_stak_inner.o(.text) refers to defsig_general.o(.text) for __default_signal_display
    defsig_pvfn_inner.o(.text) refers to defsig_general.o(.text) for __default_signal_display
    defsig_cppl_inner.o(.text) refers to defsig_general.o(.text) for __default_signal_display
    defsig_segv_inner.o(.text) refers to defsig_general.o(.text) for __default_signal_display
    defsig_other.o(.text) refers to defsig_general.o(.text) for __default_signal_display


==============================================================================

Removing Unused input sections from the image.

    Removing uart_polling.o(.rev16_text), (4 bytes).
    Removing uart_polling.o(.revsh_text), (4 bytes).
    Removing uart_polling.o(.rrx_text), (6 bytes).
    Removing uart_polling.o(i.uart_get_char), (48 bytes).
    Removing uart_irq.o(.rev16_text), (4 bytes).
    Removing uart_irq.o(.revsh_text), (4 bytes).
    Removing uart_irq.o(.rrx_text), (6 bytes).
    Removing timer.o(.rev16_text), (4 bytes).
    Removing timer.o(.revsh_text), (4 bytes).
    Removing timer.o(.rrx_text), (6 bytes).
    Removing timer.o(i.get_tick), (72 bytes).
    Removing timer.o(i.timer_freerun_init), (152 bytes).
    Removing timer.o(i.timer_irq_init), (128 bytes).
    Removing hal.o(.rev16_text), (4 bytes).
    Removing hal.o(.revsh_text), (4 bytes).
    Removing hal.o(.rrx_text), (6 bytes).
    Removing k_mem.o(.rev16_text), (4 bytes).
    Removing k_mem.o(.revsh_text), (4 bytes).
    Removing k_mem.o(.rrx_text), (6 bytes).
    Removing k_mem.o(.constdata), (12 bytes).
    Removing k_msg.o(.rev16_text), (4 bytes).
    Removing k_msg.o(.revsh_text), (4 bytes).
    Removing k_msg.o(.rrx_text), (6 bytes).
    Removing k_rtx_init.o(.rev16_text), (4 bytes).
    Removing k_rtx_init.o(.revsh_text), (4 bytes).
    Removing k_rtx_init.o(.rrx_text), (6 bytes).
    Removing k_rtx_init.o(i.k_get_sys_info), (6 bytes).
    Removing k_task.o(.rev16_text), (4 bytes).
    Removing k_task.o(.revsh_text), (4 bytes).
    Removing k_task.o(.rrx_text), (6 bytes).
    Removing bit_array.o(.rev16_text), (4 bytes).
    Removing bit_array.o(.revsh_text), (4 bytes).
    Removing bit_array.o(.rrx_text), (6 bytes).
    Removing free_list.o(.rev16_text), (4 bytes).
    Removing free_list.o(.revsh_text), (4 bytes).
    Removing free_list.o(.rrx_text), (6 bytes).
    Removing helper.o(i.findAddressDelta), (20 bytes).
    Removing ready_queue.o(.rev16_text), (4 bytes).
    Removing ready_queue.o(.revsh_text), (4 bytes).
    Removing ready_queue.o(.rrx_text), (6 bytes).
    Removing mailbox.o(.rev16_text), (4 bytes).
    Removing mailbox.o(.revsh_text), (4 bytes).
    Removing mailbox.o(.rrx_text), (6 bytes).
    Removing mailbox.o(i.isMailboxFull), (18 bytes).
    Removing edf.o(.rev16_text), (4 bytes).
    Removing edf.o(.revsh_text), (4 bytes).
    Removing edf.o(.rrx_text), (6 bytes).
    Removing cdisp_task.o(.rev16_text), (4 bytes).
    Removing cdisp_task.o(.revsh_text), (4 bytes).
    Removing cdisp_task.o(.rrx_text), (6 bytes).
    Removing kcd_task.o(.rev16_text), (4 bytes).
    Removing kcd_task.o(.revsh_text), (4 bytes).
    Removing kcd_task.o(.rrx_text), (6 bytes).
    Removing null_task.o(.rev16_text), (4 bytes).
    Removing null_task.o(.revsh_text), (4 bytes).
    Removing null_task.o(.rrx_text), (6 bytes).
    Removing wall_clock_task.o(i.task_wall_clock), (2 bytes).
    Removing system_lpc17xx.o(.rev16_text), (4 bytes).
    Removing system_lpc17xx.o(.revsh_text), (4 bytes).
    Removing system_lpc17xx.o(.rrx_text), (6 bytes).
    Removing system_lpc17xx.o(i.SystemCoreClockUpdate), (424 bytes).
    Removing system_lpc17xx.o(.data), (4 bytes).
    Removing main.o(.rev16_text), (4 bytes).
    Removing main.o(.revsh_text), (4 bytes).
    Removing ae.o(i.ae_exit), (4 bytes).
    Removing ae_tasks.o(i.task3), (36 bytes).

66 unused section(s) (total 1172 bytes) removed from the image.

==============================================================================

Image Symbol Table

    Local Symbols

    Symbol Name                              Value     Ov Type        Size  Object(Section)

    RESET                                    0x00000000   Section      204  startup_lpc17xx.o(RESET)
    ../clib/angel/boardlib.s                 0x00000000   Number         0  boardshut.o ABSOLUTE
    ../clib/angel/boardlib.s                 0x00000000   Number         0  boardinit3.o ABSOLUTE
    ../clib/angel/boardlib.s                 0x00000000   Number         0  boardinit2.o ABSOLUTE
    ../clib/angel/boardlib.s                 0x00000000   Number         0  boardinit1.o ABSOLUTE
    ../clib/angel/handlers.s                 0x00000000   Number         0  __scatter_copy.o ABSOLUTE
    ../clib/angel/handlers.s                 0x00000000   Number         0  __scatter_zi.o ABSOLUTE
    ../clib/angel/kernel.s                   0x00000000   Number         0  __rtentry4.o ABSOLUTE
    ../clib/angel/kernel.s                   0x00000000   Number         0  rtexit.o ABSOLUTE
    ../clib/angel/kernel.s                   0x00000000   Number         0  __rtentry.o ABSOLUTE
    ../clib/angel/kernel.s                   0x00000000   Number         0  rtexit2.o ABSOLUTE
    ../clib/angel/kernel.s                   0x00000000   Number         0  __rtentry2.o ABSOLUTE
    ../clib/angel/rt.s                       0x00000000   Number         0  rt_div0.o ABSOLUTE
    ../clib/angel/rt.s                       0x00000000   Number         0  rt_raise.o ABSOLUTE
    ../clib/angel/rt.s                       0x00000000   Number         0  aeabi_ldiv0.o ABSOLUTE
    ../clib/angel/rt.s                       0x00000000   Number         0  aeabi_ldiv0_sigfpe.o ABSOLUTE
    ../clib/angel/scatter.s                  0x00000000   Number         0  __scatter.o ABSOLUTE
    ../clib/angel/startup.s                  0x00000000   Number         0  __main.o ABSOLUTE
    ../clib/angel/sys.s                      0x00000000   Number         0  libspace.o ABSOLUTE
    ../clib/angel/sys.s                      0x00000000   Number         0  sys_stackheap_outer.o ABSOLUTE
    ../clib/angel/sys.s                      0x00000000   Number         0  use_no_semi.o ABSOLUTE
    ../clib/angel/sys.s                      0x00000000   Number         0  indicate_semi.o ABSOLUTE
    ../clib/angel/sysapp.c                   0x00000000   Number         0  sys_wrch.o ABSOLUTE
    ../clib/angel/sysapp.c                   0x00000000   Number         0  sys_command.o ABSOLUTE
    ../clib/angel/sysapp.c                   0x00000000   Number         0  sys_exit.o ABSOLUTE
    ../clib/armsys.c                         0x00000000   Number         0  no_argv.o ABSOLUTE
    ../clib/armsys.c                         0x00000000   Number         0  argv_veneer.o ABSOLUTE
    ../clib/armsys.c                         0x00000000   Number         0  argv_veneer.o ABSOLUTE
    ../clib/armsys.c                         0x00000000   Number         0  _get_argv_nomalloc.o ABSOLUTE
    ../clib/heapalloc.c                      0x00000000   Number         0  hrguard.o ABSOLUTE
    ../clib/heapaux.c                        0x00000000   Number         0  heapauxi.o ABSOLUTE
    ../clib/libinit.s                        0x00000000   Number         0  libshutdown.o ABSOLUTE
    ../clib/libinit.s                        0x00000000   Number         0  libshutdown2.o ABSOLUTE
    ../clib/libinit.s                        0x00000000   Number         0  libinit2.o ABSOLUTE
    ../clib/libinit.s                        0x00000000   Number         0  libinit.o ABSOLUTE
    ../clib/longlong.s                       0x00000000   Number         0  lludivv7m.o ABSOLUTE
    ../clib/signal.c                         0x00000000   Number         0  defsig_stak_inner.o ABSOLUTE
    ../clib/signal.c                         0x00000000   Number         0  defsig_other.o ABSOLUTE
    ../clib/signal.c                         0x00000000   Number         0  defsig_exit.o ABSOLUTE
    ../clib/signal.c                         0x00000000   Number         0  defsig_general.o ABSOLUTE
    ../clib/signal.c                         0x00000000   Number         0  __raise.o ABSOLUTE
    ../clib/signal.c                         0x00000000   Number         0  defsig_rtred_inner.o ABSOLUTE
    ../clib/signal.c                         0x00000000   Number         0  defsig_fpe_outer.o ABSOLUTE
    ../clib/signal.c                         0x00000000   Number         0  defsig_fpe_formal.o ABSOLUTE
    ../clib/signal.c                         0x00000000   Number         0  defsig_segv_inner.o ABSOLUTE
    ../clib/signal.c                         0x00000000   Number         0  defsig_cppl_inner.o ABSOLUTE
    ../clib/signal.c                         0x00000000   Number         0  defsig_pvfn_inner.o ABSOLUTE
    ../clib/signal.c                         0x00000000   Number         0  defsig_fpe_inner.o ABSOLUTE
    ../clib/signal.c                         0x00000000   Number         0  defsig_rtmem_formal.o ABSOLUTE
    ../clib/signal.c                         0x00000000   Number         0  defsig_rtmem_outer.o ABSOLUTE
    ../clib/signal.c                         0x00000000   Number         0  defsig_rtmem_inner.o ABSOLUTE
    ../clib/signal.c                         0x00000000   Number         0  defsig_abrt_inner.o ABSOLUTE
    ../clib/signal.s                         0x00000000   Number         0  defsig.o ABSOLUTE
    ../clib/stdlib.c                         0x00000000   Number         0  exit.o ABSOLUTE
    ../fplib/fpinit.s                        0x00000000   Number         0  fpinit.o ABSOLUTE
    RTE\Device\LPC1768\startup_LPC17xx.s     0x00000000   Number         0  startup_lpc17xx.o ABSOLUTE
    RTE\Device\LPC1768\system_LPC17xx.c      0x00000000   Number         0  system_lpc17xx.o ABSOLUTE
    RTE\\Device\\LPC1768\\system_LPC17xx.c   0x00000000   Number         0  system_lpc17xx.o ABSOLUTE
    dc.s                                     0x00000000   Number         0  dc.o ABSOLUTE
    src\\bsp\\LPC1768\\timer.c               0x00000000   Number         0  timer.o ABSOLUTE
    src\\bsp\\LPC1768\\uart_irq.c            0x00000000   Number         0  uart_irq.o ABSOLUTE
    src\\bsp\\LPC1768\\uart_polling.c        0x00000000   Number         0  uart_polling.o ABSOLUTE
    src\\kernel\\EDF.c                       0x00000000   Number         0  edf.o ABSOLUTE
    src\\kernel\\HAL.c                       0x00000000   Number         0  hal.o ABSOLUTE
    src\\kernel\\bit_array.c                 0x00000000   Number         0  bit_array.o ABSOLUTE
    src\\kernel\\free_list.c                 0x00000000   Number         0  free_list.o ABSOLUTE
    src\\kernel\\k_mem.c                     0x00000000   Number         0  k_mem.o ABSOLUTE
    src\\kernel\\k_msg.c                     0x00000000   Number         0  k_msg.o ABSOLUTE
    src\\kernel\\k_rtx_init.c                0x00000000   Number         0  k_rtx_init.o ABSOLUTE
    src\\kernel\\k_task.c                    0x00000000   Number         0  k_task.o ABSOLUTE
    src\\kernel\\mailbox.c                   0x00000000   Number         0  mailbox.o ABSOLUTE
    src\\kernel\\ready_queue.c               0x00000000   Number         0  ready_queue.o ABSOLUTE
    src\\main.c                              0x00000000   Number         0  main.o ABSOLUTE
    src\\tasks\\cdisp_task.c                 0x00000000   Number         0  cdisp_task.o ABSOLUTE
    src\\tasks\\kcd_task.c                   0x00000000   Number         0  kcd_task.o ABSOLUTE
    src\\tasks\\null_task.c                  0x00000000   Number         0  null_task.o ABSOLUTE
    src\ae\ae.c                              0x00000000   Number         0  ae.o ABSOLUTE
    src\ae\ae_tasks.c                        0x00000000   Number         0  ae_tasks.o ABSOLUTE
    src\ae\ae_tasks_util.c                   0x00000000   Number         0  ae_tasks_util.o ABSOLUTE
    src\bsp\LPC1768\timer.c                  0x00000000   Number         0  timer.o ABSOLUTE
    src\bsp\LPC1768\uart_irq.c               0x00000000   Number         0  uart_irq.o ABSOLUTE
    src\bsp\LPC1768\uart_polling.c           0x00000000   Number         0  uart_polling.o ABSOLUTE
    src\kernel\EDF.c                         0x00000000   Number         0  edf.o ABSOLUTE
    src\kernel\HAL.c                         0x00000000   Number         0  hal.o ABSOLUTE
    src\kernel\bit_array.c                   0x00000000   Number         0  bit_array.o ABSOLUTE
    src\kernel\free_list.c                   0x00000000   Number         0  free_list.o ABSOLUTE
    src\kernel\helper.c                      0x00000000   Number         0  helper.o ABSOLUTE
    src\kernel\k_mem.c                       0x00000000   Number         0  k_mem.o ABSOLUTE
    src\kernel\k_msg.c                       0x00000000   Number         0  k_msg.o ABSOLUTE
    src\kernel\k_rtx_init.c                  0x00000000   Number         0  k_rtx_init.o ABSOLUTE
    src\kernel\k_task.c                      0x00000000   Number         0  k_task.o ABSOLUTE
    src\kernel\mailbox.c                     0x00000000   Number         0  mailbox.o ABSOLUTE
    src\kernel\ready_queue.c                 0x00000000   Number         0  ready_queue.o ABSOLUTE
    src\libu\printf.c                        0x00000000   Number         0  printf.o ABSOLUTE
    src\main.c                               0x00000000   Number         0  main.o ABSOLUTE
    src\tasks\cdisp_task.c                   0x00000000   Number         0  cdisp_task.o ABSOLUTE
    src\tasks\kcd_task.c                     0x00000000   Number         0  kcd_task.o ABSOLUTE
    src\tasks\null_task.c                    0x00000000   Number         0  null_task.o ABSOLUTE
    src\tasks\wall_clock_task.c              0x00000000   Number         0  wall_clock_task.o ABSOLUTE
    !!!main                                  0x000000cc   Section        8  __main.o(!!!main)
    !!!scatter                               0x000000d4   Section       52  __scatter.o(!!!scatter)
    !!handler_copy                           0x00000108   Section       26  __scatter_copy.o(!!handler_copy)
    !!handler_zi                             0x00000124   Section       28  __scatter_zi.o(!!handler_zi)
    .ARM.Collect$$libinit$$00000000          0x00000140   Section        2  libinit.o(.ARM.Collect$$libinit$$00000000)
    .ARM.Collect$$libinit$$00000002          0x00000142   Section        0  libinit2.o(.ARM.Collect$$libinit$$00000002)
    .ARM.Collect$$libinit$$00000004          0x00000142   Section        0  libinit2.o(.ARM.Collect$$libinit$$00000004)
    .ARM.Collect$$libinit$$0000000A          0x00000142   Section        0  libinit2.o(.ARM.Collect$$libinit$$0000000A)
    .ARM.Collect$$libinit$$0000000C          0x00000142   Section        0  libinit2.o(.ARM.Collect$$libinit$$0000000C)
    .ARM.Collect$$libinit$$0000000E          0x00000142   Section        0  libinit2.o(.ARM.Collect$$libinit$$0000000E)
    .ARM.Collect$$libinit$$00000011          0x00000142   Section        0  libinit2.o(.ARM.Collect$$libinit$$00000011)
    .ARM.Collect$$libinit$$00000013          0x00000142   Section        0  libinit2.o(.ARM.Collect$$libinit$$00000013)
    .ARM.Collect$$libinit$$00000015          0x00000142   Section        0  libinit2.o(.ARM.Collect$$libinit$$00000015)
    .ARM.Collect$$libinit$$00000017          0x00000142   Section        0  libinit2.o(.ARM.Collect$$libinit$$00000017)
    .ARM.Collect$$libinit$$00000019          0x00000142   Section        0  libinit2.o(.ARM.Collect$$libinit$$00000019)
    .ARM.Collect$$libinit$$0000001B          0x00000142   Section        0  libinit2.o(.ARM.Collect$$libinit$$0000001B)
    .ARM.Collect$$libinit$$0000001D          0x00000142   Section        0  libinit2.o(.ARM.Collect$$libinit$$0000001D)
    .ARM.Collect$$libinit$$0000001F          0x00000142   Section        0  libinit2.o(.ARM.Collect$$libinit$$0000001F)
    .ARM.Collect$$libinit$$00000021          0x00000142   Section        0  libinit2.o(.ARM.Collect$$libinit$$00000021)
    .ARM.Collect$$libinit$$00000023          0x00000142   Section        0  libinit2.o(.ARM.Collect$$libinit$$00000023)
    .ARM.Collect$$libinit$$00000025          0x00000142   Section        0  libinit2.o(.ARM.Collect$$libinit$$00000025)
    .ARM.Collect$$libinit$$0000002C          0x00000142   Section        0  libinit2.o(.ARM.Collect$$libinit$$0000002C)
    .ARM.Collect$$libinit$$0000002E          0x00000142   Section        0  libinit2.o(.ARM.Collect$$libinit$$0000002E)
    .ARM.Collect$$libinit$$00000030          0x00000142   Section        0  libinit2.o(.ARM.Collect$$libinit$$00000030)
    .ARM.Collect$$libinit$$00000032          0x00000142   Section        0  libinit2.o(.ARM.Collect$$libinit$$00000032)
    .ARM.Collect$$libinit$$00000033          0x00000142   Section        2  libinit2.o(.ARM.Collect$$libinit$$00000033)
    .ARM.Collect$$libshutdown$$00000000      0x00000144   Section        2  libshutdown.o(.ARM.Collect$$libshutdown$$00000000)
    .ARM.Collect$$libshutdown$$00000002      0x00000146   Section        0  libshutdown2.o(.ARM.Collect$$libshutdown$$00000002)
    .ARM.Collect$$libshutdown$$00000004      0x00000146   Section        0  libshutdown2.o(.ARM.Collect$$libshutdown$$00000004)
    .ARM.Collect$$libshutdown$$00000006      0x00000146   Section        0  libshutdown2.o(.ARM.Collect$$libshutdown$$00000006)
    .ARM.Collect$$libshutdown$$00000009      0x00000146   Section        0  libshutdown2.o(.ARM.Collect$$libshutdown$$00000009)
    .ARM.Collect$$libshutdown$$0000000C      0x00000146   Section        0  libshutdown2.o(.ARM.Collect$$libshutdown$$0000000C)
    .ARM.Collect$$libshutdown$$0000000E      0x00000146   Section        0  libshutdown2.o(.ARM.Collect$$libshutdown$$0000000E)
    .ARM.Collect$$libshutdown$$00000011      0x00000146   Section        0  libshutdown2.o(.ARM.Collect$$libshutdown$$00000011)
    .ARM.Collect$$libshutdown$$00000012      0x00000146   Section        2  libshutdown2.o(.ARM.Collect$$libshutdown$$00000012)
    .ARM.Collect$$rtentry$$00000000          0x00000148   Section        0  __rtentry.o(.ARM.Collect$$rtentry$$00000000)
    .ARM.Collect$$rtentry$$00000002          0x00000148   Section        0  __rtentry2.o(.ARM.Collect$$rtentry$$00000002)
    .ARM.Collect$$rtentry$$00000004          0x00000148   Section        6  __rtentry4.o(.ARM.Collect$$rtentry$$00000004)
    .ARM.Collect$$rtentry$$00000009          0x0000014e   Section        0  __rtentry2.o(.ARM.Collect$$rtentry$$00000009)
    .ARM.Collect$$rtentry$$0000000A          0x0000014e   Section        4  __rtentry2.o(.ARM.Collect$$rtentry$$0000000A)
    .ARM.Collect$$rtentry$$0000000C          0x00000152   Section        0  __rtentry2.o(.ARM.Collect$$rtentry$$0000000C)
    .ARM.Collect$$rtentry$$0000000D          0x00000152   Section        8  __rtentry2.o(.ARM.Collect$$rtentry$$0000000D)
    .ARM.Collect$$rtexit$$00000000           0x0000015a   Section        2  rtexit.o(.ARM.Collect$$rtexit$$00000000)
    .ARM.Collect$$rtexit$$00000002           0x0000015c   Section        0  rtexit2.o(.ARM.Collect$$rtexit$$00000002)
    .ARM.Collect$$rtexit$$00000003           0x0000015c   Section        4  rtexit2.o(.ARM.Collect$$rtexit$$00000003)
    .ARM.Collect$$rtexit$$00000004           0x00000160   Section        6  rtexit2.o(.ARM.Collect$$rtexit$$00000004)
    .emb_text                                0x00000168   Section        8  hal.o(.emb_text)
    .emb_text                                0x00000170   Section       50  k_task.o(.emb_text)
    .text                                    0x000001a4   Section       60  startup_lpc17xx.o(.text)
    .text                                    0x000001e0   Section        0  heapauxi.o(.text)
    .text                                    0x000001e6   Section       74  sys_stackheap_outer.o(.text)
    .text                                    0x00000230   Section        0  exit.o(.text)
    .text                                    0x00000244   Section        8  libspace.o(.text)
    .text                                    0x0000024c   Section        0  sys_exit.o(.text)
    .text                                    0x00000258   Section        2  use_no_semi.o(.text)
    .text                                    0x0000025a   Section        0  indicate_semi.o(.text)
    i.TIMER0_IRQHandler                      0x0000025c   Section        0  timer.o(i.TIMER0_IRQHandler)
    i.__NVIC_EnableIRQ                       0x000002ac   Section        0  uart_irq.o(i.__NVIC_EnableIRQ)
    __NVIC_EnableIRQ                         0x000002ad   Thumb Code    34  uart_irq.o(i.__NVIC_EnableIRQ)
    i.__NVIC_SetPriority                     0x000002d0   Section        0  uart_irq.o(i.__NVIC_SetPriority)
    __NVIC_SetPriority                       0x000002d1   Thumb Code    32  uart_irq.o(i.__NVIC_SetPriority)
    .ARM.__at_0x02FC                         0x000002fc   Section        4  startup_lpc17xx.o(.ARM.__at_0x02FC)
    i.SVC_Handler                            0x00000300   Section        0  hal.o(i.SVC_Handler)
    i.SystemInit                             0x00000428   Section        0  system_lpc17xx.o(i.SystemInit)
    i.UART0_IRQHandler                       0x00000568   Section        0  uart_irq.o(i.UART0_IRQHandler)
    i.a2d                                    0x00000644   Section        0  printf.o(i.a2d)
    a2d                                      0x00000645   Thumb Code    50  printf.o(i.a2d)
    i.a2i                                    0x00000676   Section        0  printf.o(i.a2i)
    a2i                                      0x00000677   Thumb Code    58  printf.o(i.a2i)
    i.addMessage                             0x000006b0   Section        0  mailbox.o(i.addMessage)
    i.addNode                                0x00000748   Section        0  free_list.o(i.addNode)
    i.addTCBtoBack                           0x00000860   Section        0  ready_queue.o(i.addTCBtoBack)
    i.addTCBtoFront                          0x000008a4   Section        0  ready_queue.o(i.addTCBtoFront)
    i.addTCBtoRecvBLK                        0x000008e0   Section        0  ready_queue.o(i.addTCBtoRecvBLK)
    i.ae_init                                0x00000924   Section        0  ae.o(i.ae_init)
    i.ae_set_init_tasks_info                 0x00000954   Section        0  ae.o(i.ae_set_init_tasks_info)
    i.ae_set_sys_info                        0x0000096a   Section        0  ae.o(i.ae_set_sys_info)
    i.allocate                               0x00000980   Section        0  free_list.o(i.allocate)
    i.allocateNode                           0x00000b90   Section        0  bit_array.o(i.allocateNode)
    i.assignTaskId                           0x00000c38   Section        0  kcd_task.o(i.assignTaskId)
    i.canSendMsg                             0x00000c80   Section        0  ready_queue.o(i.canSendMsg)
    i.coalesce                               0x00000cc4   Section        0  bit_array.o(i.coalesce)
    i.convertLevelToIndex                    0x00000e78   Section        0  bit_array.o(i.convertLevelToIndex)
    i.countDigits                            0x00000e88   Section        0  kcd_task.o(i.countDigits)
    i.deallocateMailbox                      0x00000ea8   Section        0  mailbox.o(i.deallocateMailbox)
    i.dump_mailboxes                         0x00000ec4   Section        0  ae_tasks_util.o(i.dump_mailboxes)
    i.dump_mbx_info                          0x00000f08   Section        0  ae_tasks_util.o(i.dump_mbx_info)
    i.dump_task_info                         0x00000f78   Section        0  ae_tasks_util.o(i.dump_task_info)
    i.dump_tasks                             0x000010d8   Section        0  ae_tasks_util.o(i.dump_tasks)
    i.findLevel                              0x00001128   Section        0  helper.o(i.findLevel)
    i.findSize                               0x00001148   Section        0  helper.o(i.findSize)
    i.getBitPositionMask                     0x0000115c   Section        0  bit_array.o(i.getBitPositionMask)
    i.getHeight                              0x0000116c   Section        0  bit_array.o(i.getHeight)
    i.getMessage                             0x0000118c   Section        0  mailbox.o(i.getMessage)
    i.getTaskId                              0x0000124c   Section        0  kcd_task.o(i.getTaskId)
    i.getTotalTimeMicroSeconds               0x00001294   Section        0  k_task.o(i.getTotalTimeMicroSeconds)
    i.getXPosition                           0x000012a6   Section        0  bit_array.o(i.getXPosition)
    i.i2a                                    0x000012ba   Section        0  printf.o(i.i2a)
    i2a                                      0x000012bb   Thumb Code    32  printf.o(i.i2a)
    i.init_printf                            0x000012dc   Section        0  printf.o(i.init_printf)
    i.initializeArrayOfFreeLists             0x000012f0   Section        0  free_list.o(i.initializeArrayOfFreeLists)
    i.initializeArrayOfReadyQueues           0x00001328   Section        0  ready_queue.o(i.initializeArrayOfReadyQueues)
    i.initializeBitArray                     0x00001346   Section        0  bit_array.o(i.initializeBitArray)
    i.initializeMailbox                      0x00001398   Section        0  mailbox.o(i.initializeMailbox)
    i.isShorter                              0x000013c8   Section        0  edf.o(i.isShorter)
    i.k_mbx_create                           0x000013f4   Section        0  k_msg.o(i.k_mbx_create)
    i.k_mbx_get                              0x00001450   Section        0  k_msg.o(i.k_mbx_get)
    i.k_mbx_ls                               0x000014c0   Section        0  k_msg.o(i.k_mbx_ls)
    i.k_mem_init                             0x00001520   Section        0  k_mem.o(i.k_mem_init)
    i.k_mpool_alloc                          0x00001560   Section        0  k_mem.o(i.k_mpool_alloc)
    i.k_mpool_create                         0x000015b4   Section        0  k_mem.o(i.k_mpool_create)
    i.k_mpool_dealloc                        0x00001644   Section        0  k_mem.o(i.k_mpool_dealloc)
    i.k_mpool_dump                           0x000016b8   Section        0  k_mem.o(i.k_mpool_dump)
    i.k_pre_rtx_init                         0x0000175c   Section        0  k_rtx_init.o(i.k_pre_rtx_init)
    i.k_recv_msg                             0x0000178c   Section        0  k_msg.o(i.k_recv_msg)
    i.k_recv_msg_nb                          0x00001840   Section        0  k_msg.o(i.k_recv_msg_nb)
    i.k_recv_msg_nb_uart                     0x000018bc   Section        0  k_msg.o(i.k_recv_msg_nb_uart)
    i.k_rt_tsk_get                           0x00001908   Section        0  k_task.o(i.k_rt_tsk_get)
    i.k_rt_tsk_set                           0x00001978   Section        0  k_task.o(i.k_rt_tsk_set)
    i.k_rt_tsk_susp                          0x000019fc   Section        0  k_task.o(i.k_rt_tsk_susp)
    i.k_rtx_init                             0x00001a38   Section        0  k_rtx_init.o(i.k_rtx_init)
    i.k_send_msg                             0x00001af0   Section        0  k_msg.o(i.k_send_msg)
    i.k_send_msg_nb                          0x00001c0c   Section        0  k_msg.o(i.k_send_msg_nb)
    i.k_tsk_create                           0x00001d44   Section        0  k_task.o(i.k_tsk_create)
    i.k_tsk_create_new                       0x00001ea8   Section        0  k_task.o(i.k_tsk_create_new)
    i.k_tsk_exit                             0x00001fc4   Section        0  k_task.o(i.k_tsk_exit)
    i.k_tsk_get                              0x00002054   Section        0  k_task.o(i.k_tsk_get)
    i.k_tsk_gettid                           0x00002124   Section        0  k_task.o(i.k_tsk_gettid)
    i.k_tsk_init                             0x00002130   Section        0  k_task.o(i.k_tsk_init)
    i.k_tsk_init_first                       0x000021d4   Section        0  k_task.o(i.k_tsk_init_first)
    i.k_tsk_ls                               0x000021f0   Section        0  k_task.o(i.k_tsk_ls)
    i.k_tsk_run_new                          0x00002244   Section        0  k_task.o(i.k_tsk_run_new)
    i.k_tsk_run_new_put_current_task_to_rq   0x000022a0   Section        0  k_task.o(i.k_tsk_run_new_put_current_task_to_rq)
    i.k_tsk_set_prio                         0x000022c0   Section        0  k_task.o(i.k_tsk_set_prio)
    i.k_tsk_yield                            0x000023c8   Section        0  k_task.o(i.k_tsk_yield)
    i.locateNode                             0x00002424   Section        0  bit_array.o(i.locateNode)
    i.log_2                                  0x00002454   Section        0  helper.o(i.log_2)
    i.main                                   0x00002464   Section        0  main.o(i.main)
    i.popFromEDF                             0x000024cc   Section        0  edf.o(i.popFromEDF)
    i.power                                  0x000024e2   Section        0  helper.o(i.power)
    i.printLMbuffer                          0x00002508   Section        0  kcd_task.o(i.printLMbuffer)
    i.printLTbuffer                          0x000025e0   Section        0  kcd_task.o(i.printLTbuffer)
    i.printListLevelInOrder                  0x00002684   Section        0  k_mem.o(i.printListLevelInOrder)
    i.printToConsole                         0x000026cc   Section        0  kcd_task.o(i.printToConsole)
    i.printToUART                            0x0000270c   Section        0  cdisp_task.o(i.printToUART)
    i.priorityLevelToIndex                   0x0000278c   Section        0  ready_queue.o(i.priorityLevelToIndex)
    i.priv_task1                             0x000027a4   Section        0  ae_tasks.o(i.priv_task1)
    i.prnCNF                                 0x000029ac   Section        0  kcd_task.o(i.prnCNF)
    i.pushToEDF                              0x000029e4   Section        0  edf.o(i.pushToEDF)
    i.putc                                   0x00002a48   Section        0  uart_polling.o(i.putc)
    i.putchw                                 0x00002a8c   Section        0  printf.o(i.putchw)
    putchw                                   0x00002a8d   Thumb Code    82  printf.o(i.putchw)
    i.putcp                                  0x00002ade   Section        0  printf.o(i.putcp)
    putcp                                    0x00002adf   Thumb Code    10  printf.o(i.putcp)
    i.removeNode                             0x00002ae8   Section        0  free_list.o(i.removeNode)
    i.removeNodes                            0x00002c00   Section        0  bit_array.o(i.removeNodes)
    i.removeSpecificTCB                      0x00002e8c   Section        0  ready_queue.o(i.removeSpecificTCB)
    i.removeTCB                              0x00002eea   Section        0  ready_queue.o(i.removeTCB)
    i.scheduler                              0x00002f20   Section        0  k_task.o(i.scheduler)
    i.sendAll                                0x00002f6c   Section        0  k_msg.o(i.sendAll)
    i.sendQScheduler                         0x00002fa4   Section        0  k_msg.o(i.sendQScheduler)
    i.set_ae_init_tasks                      0x00002ff4   Section        0  ae_tasks.o(i.set_ae_init_tasks)
    i.set_ae_tasks                           0x00003010   Section        0  ae_tasks.o(i.set_ae_tasks)
    i.subtractTime                           0x00003060   Section        0  timer.o(i.subtractTime)
    i.task1                                  0x000030ac   Section        0  ae_tasks.o(i.task1)
    i.task2                                  0x000031f8   Section        0  ae_tasks.o(i.task2)
    i.task_cdisp                             0x00003234   Section        0  cdisp_task.o(i.task_cdisp)
    i.task_kcd                               0x00003260   Section        0  kcd_task.o(i.task_kcd)
    i.task_null                              0x0000342c   Section        0  null_task.o(i.task_null)
    i.tfp_format                             0x00003432   Section        0  printf.o(i.tfp_format)
    i.tfp_printf                             0x0000355c   Section        0  printf.o(i.tfp_printf)
    i.tfp_sprintf                            0x00003588   Section        0  printf.o(i.tfp_sprintf)
    i.uart_init                              0x000035b4   Section        0  uart_polling.o(i.uart_init)
    i.uart_irq_init                          0x00003620   Section        0  uart_irq.o(i.uart_irq_init)
    i.uart_put_char                          0x000036d8   Section        0  uart_polling.o(i.uart_put_char)
    i.uart_put_string                        0x0000370c   Section        0  uart_polling.o(i.uart_put_string)
    i.ui2a                                   0x00003732   Section        0  printf.o(i.ui2a)
    ui2a                                     0x00003733   Thumb Code    86  printf.o(i.ui2a)
    i.updateParentNodes                      0x00003788   Section        0  bit_array.o(i.updateParentNodes)
    .conststring                             0x000037d4   Section       72  ae_tasks.o(.conststring)
    .data                                    0x10000000   Section       16  uart_irq.o(.data)
    gp_buffer                                0x10000004   Data           4  uart_irq.o(.data)
    .data                                    0x10000010   Section        4  timer.o(.data)
    .data                                    0x10000014   Section        4  k_rtx_init.o(.data)
    .data                                    0x10000018   Section        9  k_task.o(.data)
    .data                                    0x10000021   Section        1  bit_array.o(.data)
    .data                                    0x10000022   Section        1  free_list.o(.data)
    .data                                    0x10000024   Section        8  printf.o(.data)
    stdout_putf                              0x10000024   Data           4  printf.o(.data)
    stdout_putp                              0x10000028   Data           4  printf.o(.data)
    .data                                    0x1000002c   Section       16  main.o(.data)
    sys                                      0x1000002c   Data           8  main.o(.data)
    p_tasks                                  0x10000034   Data           4  main.o(.data)
    num                                      0x10000038   Data           4  main.o(.data)
    .bss                                     0x10000040   Section     2024  k_mem.o(.bss)
    .bss                                     0x10000828   Section      104  k_rtx_init.o(.bss)
    .bss                                     0x10000890   Section      800  k_task.o(.bss)
    .bss                                     0x10000bb0   Section       62  kcd_task.o(.bss)
    .bss                                     0x10000bf0   Section       96  libspace.o(.bss)
    .bss                                     0x10000c50   Section      290  ae_tasks.o(.bss)
    HEAP                                     0x10000d78   Section        0  startup_lpc17xx.o(HEAP)
    STACK                                    0x10000d78   Section      512  startup_lpc17xx.o(STACK)
    Heap_Mem                                 0x10000d78   Data           0  startup_lpc17xx.o(HEAP)
    Stack_Mem                                0x10000d78   Data         512  startup_lpc17xx.o(STACK)
    __initial_sp                             0x10000f78   Data           0  startup_lpc17xx.o(STACK)

    Global Symbols

    Symbol Name                              Value     Ov Type        Size  Object(Section)

    BuildAttributes$$THM_ISAv4$P$D$K$B$S$PE$A:L22UL41UL21$X:L11$S22US41US21$IEEE1$IW$USESV6$~STKCKD$USESV7$~SHL$OSPACE$ROPI$EBA8$UX$STANDARDLIB$REQ8$PRES8$EABIv2 0x00000000   Number         0  anon$$obj.o ABSOLUTE
    __ARM_use_no_argv                        0x00000000   Number         0  main.o ABSOLUTE
    __Vectors                                0x00000000   Data           4  startup_lpc17xx.o(RESET)
    __ARM_exceptions_init                     - Undefined Weak Reference
    __alloca_initialize                       - Undefined Weak Reference
    __arm_fini_                               - Undefined Weak Reference
    __arm_preinit_                            - Undefined Weak Reference
    __cpp_initialize__aeabi_                  - Undefined Weak Reference
    __cxa_finalize                            - Undefined Weak Reference
    __rt_locale                               - Undefined Weak Reference
    __sigvec_lookup                           - Undefined Weak Reference
    _atexit_init                              - Undefined Weak Reference
    _call_atexit_fns                          - Undefined Weak Reference
    _clock_init                               - Undefined Weak Reference
    _fp_trap_init                             - Undefined Weak Reference
    _fp_trap_shutdown                         - Undefined Weak Reference
    _get_lc_collate                           - Undefined Weak Reference
    _get_lc_ctype                             - Undefined Weak Reference
    _get_lc_monetary                          - Undefined Weak Reference
    _get_lc_numeric                           - Undefined Weak Reference
    _get_lc_time                              - Undefined Weak Reference
    _getenv_init                              - Undefined Weak Reference
    _handle_redirection                       - Undefined Weak Reference
    _init_alloc                               - Undefined Weak Reference
    _init_user_alloc                          - Undefined Weak Reference
    _initio                                   - Undefined Weak Reference
    _rand_init                                - Undefined Weak Reference
    _signal_finish                            - Undefined Weak Reference
    _signal_init                              - Undefined Weak Reference
    _terminate_alloc                          - Undefined Weak Reference
    _terminate_user_alloc                     - Undefined Weak Reference
    _terminateio                              - Undefined Weak Reference
    __main                                   0x000000cd   Thumb Code     8  __main.o(!!!main)
    __scatterload                            0x000000d5   Thumb Code     0  __scatter.o(!!!scatter)
    __scatterload_rt2                        0x000000d5   Thumb Code    44  __scatter.o(!!!scatter)
    __scatterload_rt2_thumb_only             0x000000d5   Thumb Code     0  __scatter.o(!!!scatter)
    __scatterload_null                       0x000000e3   Thumb Code     0  __scatter.o(!!!scatter)
    __scatterload_copy                       0x00000109   Thumb Code    26  __scatter_copy.o(!!handler_copy)
    __scatterload_zeroinit                   0x00000125   Thumb Code    28  __scatter_zi.o(!!handler_zi)
    __rt_lib_init                            0x00000141   Thumb Code     0  libinit.o(.ARM.Collect$$libinit$$00000000)
    __rt_lib_init_alloca_1                   0x00000143   Thumb Code     0  libinit2.o(.ARM.Collect$$libinit$$0000002E)
    __rt_lib_init_argv_1                     0x00000143   Thumb Code     0  libinit2.o(.ARM.Collect$$libinit$$0000002C)
    __rt_lib_init_atexit_1                   0x00000143   Thumb Code     0  libinit2.o(.ARM.Collect$$libinit$$0000001B)
    __rt_lib_init_clock_1                    0x00000143   Thumb Code     0  libinit2.o(.ARM.Collect$$libinit$$00000021)
    __rt_lib_init_cpp_1                      0x00000143   Thumb Code     0  libinit2.o(.ARM.Collect$$libinit$$00000032)
    __rt_lib_init_exceptions_1               0x00000143   Thumb Code     0  libinit2.o(.ARM.Collect$$libinit$$00000030)
    __rt_lib_init_fp_1                       0x00000143   Thumb Code     0  libinit2.o(.ARM.Collect$$libinit$$00000002)
    __rt_lib_init_fp_trap_1                  0x00000143   Thumb Code     0  libinit2.o(.ARM.Collect$$libinit$$0000001F)
    __rt_lib_init_getenv_1                   0x00000143   Thumb Code     0  libinit2.o(.ARM.Collect$$libinit$$00000023)
    __rt_lib_init_heap_1                     0x00000143   Thumb Code     0  libinit2.o(.ARM.Collect$$libinit$$0000000A)
    __rt_lib_init_lc_collate_1               0x00000143   Thumb Code     0  libinit2.o(.ARM.Collect$$libinit$$00000011)
    __rt_lib_init_lc_ctype_1                 0x00000143   Thumb Code     0  libinit2.o(.ARM.Collect$$libinit$$00000013)
    __rt_lib_init_lc_monetary_1              0x00000143   Thumb Code     0  libinit2.o(.ARM.Collect$$libinit$$00000015)
    __rt_lib_init_lc_numeric_1               0x00000143   Thumb Code     0  libinit2.o(.ARM.Collect$$libinit$$00000017)
    __rt_lib_init_lc_time_1                  0x00000143   Thumb Code     0  libinit2.o(.ARM.Collect$$libinit$$00000019)
    __rt_lib_init_preinit_1                  0x00000143   Thumb Code     0  libinit2.o(.ARM.Collect$$libinit$$00000004)
    __rt_lib_init_rand_1                     0x00000143   Thumb Code     0  libinit2.o(.ARM.Collect$$libinit$$0000000E)
    __rt_lib_init_return                     0x00000143   Thumb Code     0  libinit2.o(.ARM.Collect$$libinit$$00000033)
    __rt_lib_init_signal_1                   0x00000143   Thumb Code     0  libinit2.o(.ARM.Collect$$libinit$$0000001D)
    __rt_lib_init_stdio_1                    0x00000143   Thumb Code     0  libinit2.o(.ARM.Collect$$libinit$$00000025)
    __rt_lib_init_user_alloc_1               0x00000143   Thumb Code     0  libinit2.o(.ARM.Collect$$libinit$$0000000C)
    __rt_lib_shutdown                        0x00000145   Thumb Code     0  libshutdown.o(.ARM.Collect$$libshutdown$$00000000)
    __rt_lib_shutdown_cpp_1                  0x00000147   Thumb Code     0  libshutdown2.o(.ARM.Collect$$libshutdown$$00000004)
    __rt_lib_shutdown_fini_1                 0x00000147   Thumb Code     0  libshutdown2.o(.ARM.Collect$$libshutdown$$00000002)
    __rt_lib_shutdown_fp_trap_1              0x00000147   Thumb Code     0  libshutdown2.o(.ARM.Collect$$libshutdown$$00000009)
    __rt_lib_shutdown_heap_1                 0x00000147   Thumb Code     0  libshutdown2.o(.ARM.Collect$$libshutdown$$00000011)
    __rt_lib_shutdown_return                 0x00000147   Thumb Code     0  libshutdown2.o(.ARM.Collect$$libshutdown$$00000012)
    __rt_lib_shutdown_signal_1               0x00000147   Thumb Code     0  libshutdown2.o(.ARM.Collect$$libshutdown$$0000000C)
    __rt_lib_shutdown_stdio_1                0x00000147   Thumb Code     0  libshutdown2.o(.ARM.Collect$$libshutdown$$00000006)
    __rt_lib_shutdown_user_alloc_1           0x00000147   Thumb Code     0  libshutdown2.o(.ARM.Collect$$libshutdown$$0000000E)
    __rt_entry                               0x00000149   Thumb Code     0  __rtentry.o(.ARM.Collect$$rtentry$$00000000)
    __rt_entry_presh_1                       0x00000149   Thumb Code     0  __rtentry2.o(.ARM.Collect$$rtentry$$00000002)
    __rt_entry_sh                            0x00000149   Thumb Code     0  __rtentry4.o(.ARM.Collect$$rtentry$$00000004)
    __rt_entry_li                            0x0000014f   Thumb Code     0  __rtentry2.o(.ARM.Collect$$rtentry$$0000000A)
    __rt_entry_postsh_1                      0x0000014f   Thumb Code     0  __rtentry2.o(.ARM.Collect$$rtentry$$00000009)
    __rt_entry_main                          0x00000153   Thumb Code     0  __rtentry2.o(.ARM.Collect$$rtentry$$0000000D)
    __rt_entry_postli_1                      0x00000153   Thumb Code     0  __rtentry2.o(.ARM.Collect$$rtentry$$0000000C)
    __rt_exit                                0x0000015b   Thumb Code     0  rtexit.o(.ARM.Collect$$rtexit$$00000000)
    __rt_exit_ls                             0x0000015d   Thumb Code     0  rtexit2.o(.ARM.Collect$$rtexit$$00000003)
    __rt_exit_prels_1                        0x0000015d   Thumb Code     0  rtexit2.o(.ARM.Collect$$rtexit$$00000002)
    __rt_exit_exit                           0x00000161   Thumb Code     0  rtexit2.o(.ARM.Collect$$rtexit$$00000004)
    SVC_RTE                                  0x00000169   Thumb Code     0  hal.o(.emb_text)
    __rte                                    0x00000169   Thumb Code     8  hal.o(.emb_text)
    k_tsk_switch                             0x00000171   Thumb Code    44  k_task.o(.emb_text)
    K_RESTORE                                0x00000183   Thumb Code     0  k_task.o(.emb_text)
    k_tsk_start                              0x000001a1   Thumb Code     2  k_task.o(.emb_text)
    Reset_Handler                            0x000001a5   Thumb Code     8  startup_lpc17xx.o(.text)
    NMI_Handler                              0x000001ad   Thumb Code     2  startup_lpc17xx.o(.text)
    HardFault_Handler                        0x000001af   Thumb Code     2  startup_lpc17xx.o(.text)
    MemManage_Handler                        0x000001b1   Thumb Code     2  startup_lpc17xx.o(.text)
    BusFault_Handler                         0x000001b3   Thumb Code     2  startup_lpc17xx.o(.text)
    UsageFault_Handler                       0x000001b5   Thumb Code     2  startup_lpc17xx.o(.text)
    DebugMon_Handler                         0x000001b9   Thumb Code     2  startup_lpc17xx.o(.text)
    PendSV_Handler                           0x000001bb   Thumb Code     2  startup_lpc17xx.o(.text)
    SysTick_Handler                          0x000001bd   Thumb Code     2  startup_lpc17xx.o(.text)
    ADC_IRQHandler                           0x000001bf   Thumb Code     0  startup_lpc17xx.o(.text)
    BOD_IRQHandler                           0x000001bf   Thumb Code     0  startup_lpc17xx.o(.text)
    CANActivity_IRQHandler                   0x000001bf   Thumb Code     0  startup_lpc17xx.o(.text)
    CAN_IRQHandler                           0x000001bf   Thumb Code     0  startup_lpc17xx.o(.text)
    DMA_IRQHandler                           0x000001bf   Thumb Code     0  startup_lpc17xx.o(.text)
    EINT0_IRQHandler                         0x000001bf   Thumb Code     0  startup_lpc17xx.o(.text)
    EINT1_IRQHandler                         0x000001bf   Thumb Code     0  startup_lpc17xx.o(.text)
    EINT2_IRQHandler                         0x000001bf   Thumb Code     0  startup_lpc17xx.o(.text)
    EINT3_IRQHandler                         0x000001bf   Thumb Code     0  startup_lpc17xx.o(.text)
    ENET_IRQHandler                          0x000001bf   Thumb Code     0  startup_lpc17xx.o(.text)
    I2C0_IRQHandler                          0x000001bf   Thumb Code     0  startup_lpc17xx.o(.text)
    I2C1_IRQHandler                          0x000001bf   Thumb Code     0  startup_lpc17xx.o(.text)
    I2C2_IRQHandler                          0x000001bf   Thumb Code     0  startup_lpc17xx.o(.text)
    I2S_IRQHandler                           0x000001bf   Thumb Code     0  startup_lpc17xx.o(.text)
    MCPWM_IRQHandler                         0x000001bf   Thumb Code     0  startup_lpc17xx.o(.text)
    PLL0_IRQHandler                          0x000001bf   Thumb Code     0  startup_lpc17xx.o(.text)
    PLL1_IRQHandler                          0x000001bf   Thumb Code     0  startup_lpc17xx.o(.text)
    PWM1_IRQHandler                          0x000001bf   Thumb Code     0  startup_lpc17xx.o(.text)
    QEI_IRQHandler                           0x000001bf   Thumb Code     0  startup_lpc17xx.o(.text)
    RIT_IRQHandler                           0x000001bf   Thumb Code     0  startup_lpc17xx.o(.text)
    RTC_IRQHandler                           0x000001bf   Thumb Code     0  startup_lpc17xx.o(.text)
    SPI_IRQHandler                           0x000001bf   Thumb Code     0  startup_lpc17xx.o(.text)
    SSP0_IRQHandler                          0x000001bf   Thumb Code     0  startup_lpc17xx.o(.text)
    SSP1_IRQHandler                          0x000001bf   Thumb Code     0  startup_lpc17xx.o(.text)
    TIMER1_IRQHandler                        0x000001bf   Thumb Code     0  startup_lpc17xx.o(.text)
    TIMER2_IRQHandler                        0x000001bf   Thumb Code     0  startup_lpc17xx.o(.text)
    TIMER3_IRQHandler                        0x000001bf   Thumb Code     0  startup_lpc17xx.o(.text)
    UART1_IRQHandler                         0x000001bf   Thumb Code     0  startup_lpc17xx.o(.text)
    UART2_IRQHandler                         0x000001bf   Thumb Code     0  startup_lpc17xx.o(.text)
    UART3_IRQHandler                         0x000001bf   Thumb Code     0  startup_lpc17xx.o(.text)
    USBActivity_IRQHandler                   0x000001bf   Thumb Code     0  startup_lpc17xx.o(.text)
    USB_IRQHandler                           0x000001bf   Thumb Code     0  startup_lpc17xx.o(.text)
    WDT_IRQHandler                           0x000001bf   Thumb Code     0  startup_lpc17xx.o(.text)
    __user_initial_stackheap                 0x000001c1   Thumb Code     0  startup_lpc17xx.o(.text)
    __use_two_region_memory                  0x000001e1   Thumb Code     2  heapauxi.o(.text)
    __rt_heap_escrow$2region                 0x000001e3   Thumb Code     2  heapauxi.o(.text)
    __rt_heap_expand$2region                 0x000001e5   Thumb Code     2  heapauxi.o(.text)
    __user_setup_stackheap                   0x000001e7   Thumb Code    74  sys_stackheap_outer.o(.text)
    exit                                     0x00000231   Thumb Code    18  exit.o(.text)
    __user_libspace                          0x00000245   Thumb Code     8  libspace.o(.text)
    __user_perproc_libspace                  0x00000245   Thumb Code     0  libspace.o(.text)
    __user_perthread_libspace                0x00000245   Thumb Code     0  libspace.o(.text)
    _sys_exit                                0x0000024d   Thumb Code     8  sys_exit.o(.text)
    __I$use$semihosting                      0x00000259   Thumb Code     0  use_no_semi.o(.text)
    __use_no_semihosting_swi                 0x00000259   Thumb Code     2  use_no_semi.o(.text)
    __semihosting_library_function           0x0000025b   Thumb Code     0  indicate_semi.o(.text)
    TIMER0_IRQHandler                        0x0000025d   Thumb Code    70  timer.o(i.TIMER0_IRQHandler)
    SVC_Handler                              0x00000301   Thumb Code   296  hal.o(i.SVC_Handler)
    SystemInit                               0x00000429   Thumb Code   302  system_lpc17xx.o(i.SystemInit)
    UART0_IRQHandler                         0x00000569   Thumb Code   202  uart_irq.o(i.UART0_IRQHandler)
    addMessage                               0x000006b1   Thumb Code   150  mailbox.o(i.addMessage)
    addNode                                  0x00000749   Thumb Code   152  free_list.o(i.addNode)
    addTCBtoBack                             0x00000861   Thumb Code    68  ready_queue.o(i.addTCBtoBack)
    addTCBtoFront                            0x000008a5   Thumb Code    60  ready_queue.o(i.addTCBtoFront)
    addTCBtoRecvBLK                          0x000008e1   Thumb Code    68  ready_queue.o(i.addTCBtoRecvBLK)
    ae_init                                  0x00000925   Thumb Code    48  ae.o(i.ae_init)
    ae_set_init_tasks_info                   0x00000955   Thumb Code    22  ae.o(i.ae_set_init_tasks_info)
    ae_set_sys_info                          0x0000096b   Thumb Code    22  ae.o(i.ae_set_sys_info)
    allocate                                 0x00000981   Thumb Code   302  free_list.o(i.allocate)
    allocateNode                             0x00000b91   Thumb Code   150  bit_array.o(i.allocateNode)
    assignTaskId                             0x00000c39   Thumb Code    58  kcd_task.o(i.assignTaskId)
    canSendMsg                               0x00000c81   Thumb Code    66  ready_queue.o(i.canSendMsg)
    coalesce                                 0x00000cc5   Thumb Code   318  bit_array.o(i.coalesce)
    convertLevelToIndex                      0x00000e79   Thumb Code    16  bit_array.o(i.convertLevelToIndex)
    countDigits                              0x00000e89   Thumb Code    32  kcd_task.o(i.countDigits)
    deallocateMailbox                        0x00000ea9   Thumb Code    26  mailbox.o(i.deallocateMailbox)
    dump_mailboxes                           0x00000ec5   Thumb Code    42  ae_tasks_util.o(i.dump_mailboxes)
    dump_mbx_info                            0x00000f09   Thumb Code    42  ae_tasks_util.o(i.dump_mbx_info)
    dump_task_info                           0x00000f79   Thumb Code   104  ae_tasks_util.o(i.dump_task_info)
    dump_tasks                               0x000010d9   Thumb Code    56  ae_tasks_util.o(i.dump_tasks)
    findLevel                                0x00001129   Thumb Code    32  helper.o(i.findLevel)
    findSize                                 0x00001149   Thumb Code    20  helper.o(i.findSize)
    getBitPositionMask                       0x0000115d   Thumb Code    16  bit_array.o(i.getBitPositionMask)
    getHeight                                0x0000116d   Thumb Code    32  bit_array.o(i.getHeight)
    getMessage                               0x0000118d   Thumb Code   186  mailbox.o(i.getMessage)
    getTaskId                                0x0000124d   Thumb Code    60  kcd_task.o(i.getTaskId)
    getTotalTimeMicroSeconds                 0x00001295   Thumb Code    18  k_task.o(i.getTotalTimeMicroSeconds)
    getXPosition                             0x000012a7   Thumb Code    20  bit_array.o(i.getXPosition)
    init_printf                              0x000012dd   Thumb Code    10  printf.o(i.init_printf)
    initializeArrayOfFreeLists               0x000012f1   Thumb Code    56  free_list.o(i.initializeArrayOfFreeLists)
    initializeArrayOfReadyQueues             0x00001329   Thumb Code    30  ready_queue.o(i.initializeArrayOfReadyQueues)
    initializeBitArray                       0x00001347   Thumb Code    82  bit_array.o(i.initializeBitArray)
    initializeMailbox                        0x00001399   Thumb Code    44  mailbox.o(i.initializeMailbox)
    isShorter                                0x000013c9   Thumb Code    44  edf.o(i.isShorter)
    k_mbx_create                             0x000013f5   Thumb Code    82  k_msg.o(i.k_mbx_create)
    k_mbx_get                                0x00001451   Thumb Code    98  k_msg.o(i.k_mbx_get)
    k_mbx_ls                                 0x000014c1   Thumb Code    88  k_msg.o(i.k_mbx_ls)
    k_mem_init                               0x00001521   Thumb Code    48  k_mem.o(i.k_mem_init)
    k_mpool_alloc                            0x00001561   Thumb Code    70  k_mem.o(i.k_mpool_alloc)
    k_mpool_create                           0x000015b5   Thumb Code    98  k_mem.o(i.k_mpool_create)
    k_mpool_dealloc                          0x00001645   Thumb Code   104  k_mem.o(i.k_mpool_dealloc)
    k_mpool_dump                             0x000016b9   Thumb Code    92  k_mem.o(i.k_mpool_dump)
    k_pre_rtx_init                           0x0000175d   Thumb Code    46  k_rtx_init.o(i.k_pre_rtx_init)
    k_recv_msg                               0x0000178d   Thumb Code   166  k_msg.o(i.k_recv_msg)
    k_recv_msg_nb                            0x00001841   Thumb Code   112  k_msg.o(i.k_recv_msg_nb)
    k_recv_msg_nb_uart                       0x000018bd   Thumb Code    68  k_msg.o(i.k_recv_msg_nb_uart)
    k_rt_tsk_get                             0x00001909   Thumb Code   100  k_task.o(i.k_rt_tsk_get)
    k_rt_tsk_set                             0x00001979   Thumb Code   120  k_task.o(i.k_rt_tsk_set)
    k_rt_tsk_susp                            0x000019fd   Thumb Code    46  k_task.o(i.k_rt_tsk_susp)
    k_rtx_init                               0x00001a39   Thumb Code   160  k_rtx_init.o(i.k_rtx_init)
    k_send_msg                               0x00001af1   Thumb Code   264  k_msg.o(i.k_send_msg)
    k_send_msg_nb                            0x00001c0d   Thumb Code   292  k_msg.o(i.k_send_msg_nb)
    k_tsk_create                             0x00001d45   Thumb Code   334  k_task.o(i.k_tsk_create)
    k_tsk_create_new                         0x00001ea9   Thumb Code   272  k_task.o(i.k_tsk_create_new)
    k_tsk_exit                               0x00001fc5   Thumb Code   108  k_task.o(i.k_tsk_exit)
    k_tsk_get                                0x00002055   Thumb Code   198  k_task.o(i.k_tsk_get)
    k_tsk_gettid                             0x00002125   Thumb Code     8  k_task.o(i.k_tsk_gettid)
    k_tsk_init                               0x00002131   Thumb Code   150  k_task.o(i.k_tsk_init)
    k_tsk_init_first                         0x000021d5   Thumb Code    22  k_task.o(i.k_tsk_init_first)
    k_tsk_ls                                 0x000021f1   Thumb Code    74  k_task.o(i.k_tsk_ls)
    k_tsk_run_new                            0x00002245   Thumb Code    88  k_task.o(i.k_tsk_run_new)
    k_tsk_run_new_put_current_task_to_rq     0x000022a1   Thumb Code    24  k_task.o(i.k_tsk_run_new_put_current_task_to_rq)
    k_tsk_set_prio                           0x000022c1   Thumb Code   244  k_task.o(i.k_tsk_set_prio)
    k_tsk_yield                              0x000023c9   Thumb Code    44  k_task.o(i.k_tsk_yield)
    locateNode                               0x00002425   Thumb Code    48  bit_array.o(i.locateNode)
    log_2                                    0x00002455   Thumb Code    16  helper.o(i.log_2)
    main                                     0x00002465   Thumb Code    84  main.o(i.main)
    popFromEDF                               0x000024cd   Thumb Code    22  edf.o(i.popFromEDF)
    power                                    0x000024e3   Thumb Code    36  helper.o(i.power)
    printLMbuffer                            0x00002509   Thumb Code   198  kcd_task.o(i.printLMbuffer)
    printLTbuffer                            0x000025e1   Thumb Code   152  kcd_task.o(i.printLTbuffer)
    printListLevelInOrder                    0x00002685   Thumb Code    54  k_mem.o(i.printListLevelInOrder)
    printToConsole                           0x000026cd   Thumb Code    64  kcd_task.o(i.printToConsole)
    printToUART                              0x0000270d   Thumb Code   116  cdisp_task.o(i.printToUART)
    priorityLevelToIndex                     0x0000278d   Thumb Code    22  ready_queue.o(i.priorityLevelToIndex)
    priv_task1                               0x000027a5   Thumb Code   308  ae_tasks.o(i.priv_task1)
    prnCNF                                   0x000029ad   Thumb Code    30  kcd_task.o(i.prnCNF)
    pushToEDF                                0x000029e5   Thumb Code    98  edf.o(i.pushToEDF)
    putc                                     0x00002a49   Thumb Code    28  uart_polling.o(i.putc)
    removeNode                               0x00002ae9   Thumb Code   168  free_list.o(i.removeNode)
    removeNodes                              0x00002c01   Thumb Code   430  bit_array.o(i.removeNodes)
    removeSpecificTCB                        0x00002e8d   Thumb Code    94  ready_queue.o(i.removeSpecificTCB)
    removeTCB                                0x00002eeb   Thumb Code    54  ready_queue.o(i.removeTCB)
    scheduler                                0x00002f21   Thumb Code    66  k_task.o(i.scheduler)
    sendAll                                  0x00002f6d   Thumb Code    48  k_msg.o(i.sendAll)
    sendQScheduler                           0x00002fa5   Thumb Code    72  k_msg.o(i.sendQScheduler)
    set_ae_init_tasks                        0x00002ff5   Thumb Code    24  ae_tasks.o(i.set_ae_init_tasks)
    set_ae_tasks                             0x00003011   Thumb Code    70  ae_tasks.o(i.set_ae_tasks)
    subtractTime                             0x00003061   Thumb Code    70  timer.o(i.subtractTime)
    task1                                    0x000030ad   Thumb Code   200  ae_tasks.o(i.task1)
    task2                                    0x000031f9   Thumb Code    40  ae_tasks.o(i.task2)
    task_cdisp                               0x00003235   Thumb Code    44  cdisp_task.o(i.task_cdisp)
    task_kcd                                 0x00003261   Thumb Code   408  kcd_task.o(i.task_kcd)
    task_null                                0x0000342d   Thumb Code     6  null_task.o(i.task_null)
    tfp_format                               0x00003433   Thumb Code   296  printf.o(i.tfp_format)
    tfp_printf                               0x0000355d   Thumb Code    34  printf.o(i.tfp_printf)
    tfp_sprintf                              0x00003589   Thumb Code    38  printf.o(i.tfp_sprintf)
    uart_init                                0x000035b5   Thumb Code    96  uart_polling.o(i.uart_init)
    uart_irq_init                            0x00003621   Thumb Code   168  uart_irq.o(i.uart_irq_init)
    uart_put_char                            0x000036d9   Thumb Code    42  uart_polling.o(i.uart_put_char)
    uart_put_string                          0x0000370d   Thumb Code    38  uart_polling.o(i.uart_put_string)
    updateParentNodes                        0x00003789   Thumb Code    74  bit_array.o(i.updateParentNodes)
    Region$$Table$$Base                      0x0000381c   Number         0  anon$$obj.o(Region$$Table)
    Region$$Table$$Limit                     0x0000383c   Number         0  anon$$obj.o(Region$$Table)
    g_buffer                                 0x10000000   Data           1  uart_irq.o(.data)
    g_send_char                              0x10000008   Data           1  uart_irq.o(.data)
    g_char_in                                0x10000009   Data           1  uart_irq.o(.data)
    g_tx_irq                                 0x1000000a   Data           1  uart_irq.o(.data)
    uart_mailbox                             0x1000000c   Data           4  uart_irq.o(.data)
    g_timer_count                            0x10000010   Data           4  timer.o(.data)
    errno                                    0x10000014   Data           4  k_rtx_init.o(.data)
    gp_current_task                          0x10000018   Data           4  k_task.o(.data)
    g_num_active_tasks                       0x1000001c   Data           4  k_task.o(.data)
    debugEntryPrint                          0x10000020   Data           1  k_task.o(.data)
    debugBA                                  0x10000021   Data           1  bit_array.o(.data)
    debug                                    0x10000022   Data           1  free_list.o(.data)
    g_p_stacks                               0x10000040   Data        1536  k_mem.o(.bss)
    array_RAM1                               0x10000640   Data          24  k_mem.o(.bss)
    array_RAM2                               0x10000658   Data          24  k_mem.o(.bss)
    bitarray_RAM1                            0x10000670   Data          31  k_mem.o(.bss)
    bitarray_RAM2                            0x1000068f   Data         255  k_mem.o(.bss)
    free_list_RAM1                           0x10000790   Data          64  k_mem.o(.bss)
    free_list_RAM2                           0x100007d0   Data          88  k_mem.o(.bss)
    readyQueuesArray                         0x10000828   Data          64  k_rtx_init.o(.bss)
    sendQueuesArray                          0x10000868   Data          40  k_rtx_init.o(.bss)
    g_tcbs                                   0x10000890   Data         800  k_task.o(.bss)
    lowercase                                0x10000bb0   Data          26  kcd_task.o(.bss)
    uppercase                                0x10000bca   Data          26  kcd_task.o(.bss)
    digits                                   0x10000be4   Data          10  kcd_task.o(.bss)
    __libspace_start                         0x10000bf0   Data          96  libspace.o(.bss)
    __temporary_stack_top$libspace           0x10000c50   Data           0  libspace.o(.bss)
    g_init_tasks                             0x10000c50   Data          24  ae_tasks.o(.bss)
    g_buf1                                   0x10000c68   Data         128  ae_tasks.o(.bss)
    g_buf2                                   0x10000ce8   Data         128  ae_tasks.o(.bss)
    g_tasks                                  0x10000d68   Data          10  ae_tasks.o(.bss)



==============================================================================

Memory Map of the image

  Image Entry point : 0x000000cd

  Load Region LR_IROM1 (Base: 0x00000000, Size: 0x00003878, Max: 0x00080000, ABSOLUTE)

    Execution Region ER_IROM1 (Exec base: 0x00000000, Load base: 0x00000000, Size: 0x0000383c, Max: 0x00080000, ABSOLUTE)

    Exec Addr    Load Addr    Size         Type   Attr      Idx    E Section Name        Object

    0x00000000   0x00000000   0x000000cc   Data   RO         1301    RESET               startup_lpc17xx.o
    0x000000cc   0x000000cc   0x00000008   Code   RO         1351  * !!!main             c_w.l(__main.o)
    0x000000d4   0x000000d4   0x00000034   Code   RO         1709    !!!scatter          c_w.l(__scatter.o)
    0x00000108   0x00000108   0x0000001a   Code   RO         1711    !!handler_copy      c_w.l(__scatter_copy.o)
    0x00000122   0x00000122   0x00000002   PAD
    0x00000124   0x00000124   0x0000001c   Code   RO         1713    !!handler_zi        c_w.l(__scatter_zi.o)
    0x00000140   0x00000140   0x00000002   Code   RO         1448    .ARM.Collect$$libinit$$00000000  c_w.l(libinit.o)
    0x00000142   0x00000142   0x00000000   Code   RO         1497    .ARM.Collect$$libinit$$00000002  c_w.l(libinit2.o)
    0x00000142   0x00000142   0x00000000   Code   RO         1499    .ARM.Collect$$libinit$$00000004  c_w.l(libinit2.o)
    0x00000142   0x00000142   0x00000000   Code   RO         1502    .ARM.Collect$$libinit$$0000000A  c_w.l(libinit2.o)
    0x00000142   0x00000142   0x00000000   Code   RO         1504    .ARM.Collect$$libinit$$0000000C  c_w.l(libinit2.o)
    0x00000142   0x00000142   0x00000000   Code   RO         1506    .ARM.Collect$$libinit$$0000000E  c_w.l(libinit2.o)
    0x00000142   0x00000142   0x00000000   Code   RO         1509    .ARM.Collect$$libinit$$00000011  c_w.l(libinit2.o)
    0x00000142   0x00000142   0x00000000   Code   RO         1511    .ARM.Collect$$libinit$$00000013  c_w.l(libinit2.o)
    0x00000142   0x00000142   0x00000000   Code   RO         1513    .ARM.Collect$$libinit$$00000015  c_w.l(libinit2.o)
    0x00000142   0x00000142   0x00000000   Code   RO         1515    .ARM.Collect$$libinit$$00000017  c_w.l(libinit2.o)
    0x00000142   0x00000142   0x00000000   Code   RO         1517    .ARM.Collect$$libinit$$00000019  c_w.l(libinit2.o)
    0x00000142   0x00000142   0x00000000   Code   RO         1519    .ARM.Collect$$libinit$$0000001B  c_w.l(libinit2.o)
    0x00000142   0x00000142   0x00000000   Code   RO         1521    .ARM.Collect$$libinit$$0000001D  c_w.l(libinit2.o)
    0x00000142   0x00000142   0x00000000   Code   RO         1523    .ARM.Collect$$libinit$$0000001F  c_w.l(libinit2.o)
    0x00000142   0x00000142   0x00000000   Code   RO         1525    .ARM.Collect$$libinit$$00000021  c_w.l(libinit2.o)
    0x00000142   0x00000142   0x00000000   Code   RO         1527    .ARM.Collect$$libinit$$00000023  c_w.l(libinit2.o)
    0x00000142   0x00000142   0x00000000   Code   RO         1529    .ARM.Collect$$libinit$$00000025  c_w.l(libinit2.o)
    0x00000142   0x00000142   0x00000000   Code   RO         1533    .ARM.Collect$$libinit$$0000002C  c_w.l(libinit2.o)
    0x00000142   0x00000142   0x00000000   Code   RO         1535    .ARM.Collect$$libinit$$0000002E  c_w.l(libinit2.o)
    0x00000142   0x00000142   0x00000000   Code   RO         1537    .ARM.Collect$$libinit$$00000030  c_w.l(libinit2.o)
    0x00000142   0x00000142   0x00000000   Code   RO         1539    .ARM.Collect$$libinit$$00000032  c_w.l(libinit2.o)
    0x00000142   0x00000142   0x00000002   Code   RO         1540    .ARM.Collect$$libinit$$00000033  c_w.l(libinit2.o)
    0x00000144   0x00000144   0x00000002   Code   RO         1664    .ARM.Collect$$libshutdown$$00000000  c_w.l(libshutdown.o)
    0x00000146   0x00000146   0x00000000   Code   RO         1690    .ARM.Collect$$libshutdown$$00000002  c_w.l(libshutdown2.o)
    0x00000146   0x00000146   0x00000000   Code   RO         1692    .ARM.Collect$$libshutdown$$00000004  c_w.l(libshutdown2.o)
    0x00000146   0x00000146   0x00000000   Code   RO         1694    .ARM.Collect$$libshutdown$$00000006  c_w.l(libshutdown2.o)
    0x00000146   0x00000146   0x00000000   Code   RO         1697    .ARM.Collect$$libshutdown$$00000009  c_w.l(libshutdown2.o)
    0x00000146   0x00000146   0x00000000   Code   RO         1700    .ARM.Collect$$libshutdown$$0000000C  c_w.l(libshutdown2.o)
    0x00000146   0x00000146   0x00000000   Code   RO         1702    .ARM.Collect$$libshutdown$$0000000E  c_w.l(libshutdown2.o)
    0x00000146   0x00000146   0x00000000   Code   RO         1705    .ARM.Collect$$libshutdown$$00000011  c_w.l(libshutdown2.o)
    0x00000146   0x00000146   0x00000002   Code   RO         1706    .ARM.Collect$$libshutdown$$00000012  c_w.l(libshutdown2.o)
    0x00000148   0x00000148   0x00000000   Code   RO         1353    .ARM.Collect$$rtentry$$00000000  c_w.l(__rtentry.o)
    0x00000148   0x00000148   0x00000000   Code   RO         1359    .ARM.Collect$$rtentry$$00000002  c_w.l(__rtentry2.o)
    0x00000148   0x00000148   0x00000006   Code   RO         1371    .ARM.Collect$$rtentry$$00000004  c_w.l(__rtentry4.o)
    0x0000014e   0x0000014e   0x00000000   Code   RO         1361    .ARM.Collect$$rtentry$$00000009  c_w.l(__rtentry2.o)
    0x0000014e   0x0000014e   0x00000004   Code   RO         1362    .ARM.Collect$$rtentry$$0000000A  c_w.l(__rtentry2.o)
    0x00000152   0x00000152   0x00000000   Code   RO         1364    .ARM.Collect$$rtentry$$0000000C  c_w.l(__rtentry2.o)
    0x00000152   0x00000152   0x00000008   Code   RO         1365    .ARM.Collect$$rtentry$$0000000D  c_w.l(__rtentry2.o)
    0x0000015a   0x0000015a   0x00000002   Code   RO         1488    .ARM.Collect$$rtexit$$00000000  c_w.l(rtexit.o)
    0x0000015c   0x0000015c   0x00000000   Code   RO         1603    .ARM.Collect$$rtexit$$00000002  c_w.l(rtexit2.o)
    0x0000015c   0x0000015c   0x00000004   Code   RO         1604    .ARM.Collect$$rtexit$$00000003  c_w.l(rtexit2.o)
    0x00000160   0x00000160   0x00000006   Code   RO         1605    .ARM.Collect$$rtexit$$00000004  c_w.l(rtexit2.o)
    0x00000166   0x00000166   0x00000002   PAD
    0x00000168   0x00000168   0x00000008   Code   RO          302    .emb_text           hal.o
    0x00000170   0x00000170   0x00000032   Code   RO          583    .emb_text           k_task.o
    0x000001a2   0x000001a2   0x00000002   PAD
    0x000001a4   0x000001a4   0x0000003c   Code   RO         1303    .text               startup_lpc17xx.o
    0x000001e0   0x000001e0   0x00000006   Code   RO         1349    .text               c_w.l(heapauxi.o)
    0x000001e6   0x000001e6   0x0000004a   Code   RO         1435    .text               c_w.l(sys_stackheap_outer.o)
    0x00000230   0x00000230   0x00000012   Code   RO         1437    .text               c_w.l(exit.o)
    0x00000242   0x00000242   0x00000002   PAD
    0x00000244   0x00000244   0x00000008   Code   RO         1485    .text               c_w.l(libspace.o)
    0x0000024c   0x0000024c   0x0000000c   Code   RO         1600    .text               c_w.l(sys_exit.o)
    0x00000258   0x00000258   0x00000002   Code   RO         1653    .text               c_w.l(use_no_semi.o)
    0x0000025a   0x0000025a   0x00000000   Code   RO         1655    .text               c_w.l(indicate_semi.o)
    0x0000025a   0x0000025a   0x00000002   PAD
    0x0000025c   0x0000025c   0x00000050   Code   RO          192    i.TIMER0_IRQHandler  timer.o
    0x000002ac   0x000002ac   0x00000022   Code   RO           88    i.__NVIC_EnableIRQ  uart_irq.o
    0x000002ce   0x000002ce   0x00000002   PAD
    0x000002d0   0x000002d0   0x00000028   Code   RO           89    i.__NVIC_SetPriority  uart_irq.o
    0x000002f8   0x000002f8   0x00000004   PAD
    0x000002fc   0x000002fc   0x00000004   Code   RO         1302    .ARM.__at_0x02FC    startup_lpc17xx.o
    0x00000300   0x00000300   0x00000128   Code   RO          303    i.SVC_Handler       hal.o
    0x00000428   0x00000428   0x00000140   Code   RO         1313    i.SystemInit        system_lpc17xx.o
    0x00000568   0x00000568   0x000000dc   Code   RO           87    i.UART0_IRQHandler  uart_irq.o
    0x00000644   0x00000644   0x00000032   Code   RO         1063    i.a2d               printf.o
    0x00000676   0x00000676   0x0000003a   Code   RO         1064    i.a2i               printf.o
    0x000006b0   0x000006b0   0x00000096   Code   RO          972    i.addMessage        mailbox.o
    0x00000746   0x00000746   0x00000002   PAD
    0x00000748   0x00000748   0x00000118   Code   RO          813    i.addNode           free_list.o
    0x00000860   0x00000860   0x00000044   Code   RO          903    i.addTCBtoBack      ready_queue.o
    0x000008a4   0x000008a4   0x0000003c   Code   RO          904    i.addTCBtoFront     ready_queue.o
    0x000008e0   0x000008e0   0x00000044   Code   RO          905    i.addTCBtoRecvBLK   ready_queue.o
    0x00000924   0x00000924   0x00000030   Code   RO         1450    i.ae_init           ae-lib-sim.lib(ae.o)
    0x00000954   0x00000954   0x00000016   Code   RO         1451    i.ae_set_init_tasks_info  ae-lib-sim.lib(ae.o)
    0x0000096a   0x0000096a   0x00000016   Code   RO         1452    i.ae_set_sys_info   ae-lib-sim.lib(ae.o)
    0x00000980   0x00000980   0x00000210   Code   RO          814    i.allocate          free_list.o
    0x00000b90   0x00000b90   0x000000a8   Code   RO          729    i.allocateNode      bit_array.o
    0x00000c38   0x00000c38   0x00000048   Code   RO         1177    i.assignTaskId      kcd_task.o
    0x00000c80   0x00000c80   0x00000042   Code   RO          906    i.canSendMsg        ready_queue.o
    0x00000cc2   0x00000cc2   0x00000002   PAD
    0x00000cc4   0x00000cc4   0x000001b4   Code   RO          730    i.coalesce          bit_array.o
    0x00000e78   0x00000e78   0x00000010   Code   RO          731    i.convertLevelToIndex  bit_array.o
    0x00000e88   0x00000e88   0x00000020   Code   RO         1178    i.countDigits       kcd_task.o
    0x00000ea8   0x00000ea8   0x0000001a   Code   RO          973    i.deallocateMailbox  mailbox.o
    0x00000ec2   0x00000ec2   0x00000002   PAD
    0x00000ec4   0x00000ec4   0x00000044   Code   RO         1617    i.dump_mailboxes    ae-lib-sim.lib(ae_tasks_util.o)
    0x00000f08   0x00000f08   0x00000070   Code   RO         1618    i.dump_mbx_info     ae-lib-sim.lib(ae_tasks_util.o)
    0x00000f78   0x00000f78   0x00000160   Code   RO         1619    i.dump_task_info    ae-lib-sim.lib(ae_tasks_util.o)
    0x000010d8   0x000010d8   0x00000050   Code   RO         1620    i.dump_tasks        ae-lib-sim.lib(ae_tasks_util.o)
    0x00001128   0x00001128   0x00000020   Code   RO          862    i.findLevel         helper.o
    0x00001148   0x00001148   0x00000014   Code   RO          863    i.findSize          helper.o
    0x0000115c   0x0000115c   0x00000010   Code   RO          732    i.getBitPositionMask  bit_array.o
    0x0000116c   0x0000116c   0x00000020   Code   RO          733    i.getHeight         bit_array.o
    0x0000118c   0x0000118c   0x000000c0   Code   RO          974    i.getMessage        mailbox.o
    0x0000124c   0x0000124c   0x00000048   Code   RO         1179    i.getTaskId         kcd_task.o
    0x00001294   0x00001294   0x00000012   Code   RO          584    i.getTotalTimeMicroSeconds  k_task.o
    0x000012a6   0x000012a6   0x00000014   Code   RO          734    i.getXPosition      bit_array.o
    0x000012ba   0x000012ba   0x00000020   Code   RO         1065    i.i2a               printf.o
    0x000012da   0x000012da   0x00000002   PAD
    0x000012dc   0x000012dc   0x00000014   Code   RO         1066    i.init_printf       printf.o
    0x000012f0   0x000012f0   0x00000038   Code   RO          815    i.initializeArrayOfFreeLists  free_list.o
    0x00001328   0x00001328   0x0000001e   Code   RO          907    i.initializeArrayOfReadyQueues  ready_queue.o
    0x00001346   0x00001346   0x00000052   Code   RO          735    i.initializeBitArray  bit_array.o
    0x00001398   0x00001398   0x00000030   Code   RO          975    i.initializeMailbox  mailbox.o
    0x000013c8   0x000013c8   0x0000002c   Code   RO         1027    i.isShorter         edf.o
    0x000013f4   0x000013f4   0x0000005c   Code   RO          453    i.k_mbx_create      k_msg.o
    0x00001450   0x00001450   0x00000070   Code   RO          454    i.k_mbx_get         k_msg.o
    0x000014c0   0x000014c0   0x00000060   Code   RO          455    i.k_mbx_ls          k_msg.o
    0x00001520   0x00001520   0x00000040   Code   RO          388    i.k_mem_init        k_mem.o
    0x00001560   0x00001560   0x00000054   Code   RO          389    i.k_mpool_alloc     k_mem.o
    0x000015b4   0x000015b4   0x00000090   Code   RO          390    i.k_mpool_create    k_mem.o
    0x00001644   0x00001644   0x00000074   Code   RO          391    i.k_mpool_dealloc   k_mem.o
    0x000016b8   0x000016b8   0x000000a4   Code   RO          392    i.k_mpool_dump      k_mem.o
    0x0000175c   0x0000175c   0x0000002e   Code   RO          532    i.k_pre_rtx_init    k_rtx_init.o
    0x0000178a   0x0000178a   0x00000002   PAD
    0x0000178c   0x0000178c   0x000000b4   Code   RO          456    i.k_recv_msg        k_msg.o
    0x00001840   0x00001840   0x0000007c   Code   RO          457    i.k_recv_msg_nb     k_msg.o
    0x000018bc   0x000018bc   0x0000004c   Code   RO          458    i.k_recv_msg_nb_uart  k_msg.o
    0x00001908   0x00001908   0x00000070   Code   RO          585    i.k_rt_tsk_get      k_task.o
    0x00001978   0x00001978   0x00000084   Code   RO          586    i.k_rt_tsk_set      k_task.o
    0x000019fc   0x000019fc   0x0000003c   Code   RO          587    i.k_rt_tsk_susp     k_task.o
    0x00001a38   0x00001a38   0x000000b8   Code   RO          533    i.k_rtx_init        k_rtx_init.o
    0x00001af0   0x00001af0   0x0000011c   Code   RO          459    i.k_send_msg        k_msg.o
    0x00001c0c   0x00001c0c   0x00000138   Code   RO          460    i.k_send_msg_nb     k_msg.o
    0x00001d44   0x00001d44   0x00000164   Code   RO          588    i.k_tsk_create      k_task.o
    0x00001ea8   0x00001ea8   0x0000011c   Code   RO          589    i.k_tsk_create_new  k_task.o
    0x00001fc4   0x00001fc4   0x00000090   Code   RO          590    i.k_tsk_exit        k_task.o
    0x00002054   0x00002054   0x000000d0   Code   RO          591    i.k_tsk_get         k_task.o
    0x00002124   0x00002124   0x0000000c   Code   RO          592    i.k_tsk_gettid      k_task.o
    0x00002130   0x00002130   0x000000a4   Code   RO          593    i.k_tsk_init        k_task.o
    0x000021d4   0x000021d4   0x0000001c   Code   RO          594    i.k_tsk_init_first  k_task.o
    0x000021f0   0x000021f0   0x00000054   Code   RO          595    i.k_tsk_ls          k_task.o
    0x00002244   0x00002244   0x0000005c   Code   RO          596    i.k_tsk_run_new     k_task.o
    0x000022a0   0x000022a0   0x00000020   Code   RO          597    i.k_tsk_run_new_put_current_task_to_rq  k_task.o
    0x000022c0   0x000022c0   0x00000108   Code   RO          598    i.k_tsk_set_prio    k_task.o
    0x000023c8   0x000023c8   0x0000005c   Code   RO          599    i.k_tsk_yield       k_task.o
    0x00002424   0x00002424   0x00000030   Code   RO          736    i.locateNode        bit_array.o
    0x00002454   0x00002454   0x00000010   Code   RO          864    i.log_2             helper.o
    0x00002464   0x00002464   0x00000068   Code   RO         1377    i.main              ae-lib-sim.lib(main.o)
    0x000024cc   0x000024cc   0x00000016   Code   RO         1028    i.popFromEDF        edf.o
    0x000024e2   0x000024e2   0x00000024   Code   RO          865    i.power             helper.o
    0x00002506   0x00002506   0x00000002   PAD
    0x00002508   0x00002508   0x000000d8   Code   RO         1180    i.printLMbuffer     kcd_task.o
    0x000025e0   0x000025e0   0x000000a4   Code   RO         1181    i.printLTbuffer     kcd_task.o
    0x00002684   0x00002684   0x00000048   Code   RO          393    i.printListLevelInOrder  k_mem.o
    0x000026cc   0x000026cc   0x00000040   Code   RO         1182    i.printToConsole    kcd_task.o
    0x0000270c   0x0000270c   0x00000080   Code   RO         1128    i.printToUART       cdisp_task.o
    0x0000278c   0x0000278c   0x00000016   Code   RO          908    i.priorityLevelToIndex  ready_queue.o
    0x000027a2   0x000027a2   0x00000002   PAD
    0x000027a4   0x000027a4   0x00000208   Code   RO         1541    i.priv_task1        ae-lib-sim.lib(ae_tasks.o)
    0x000029ac   0x000029ac   0x00000038   Code   RO         1183    i.prnCNF            kcd_task.o
    0x000029e4   0x000029e4   0x00000062   Code   RO         1029    i.pushToEDF         edf.o
    0x00002a46   0x00002a46   0x00000002   PAD
    0x00002a48   0x00002a48   0x00000044   Code   RO            4    i.putc              uart_polling.o
    0x00002a8c   0x00002a8c   0x00000052   Code   RO         1067    i.putchw            printf.o
    0x00002ade   0x00002ade   0x0000000a   Code   RO         1068    i.putcp             printf.o
    0x00002ae8   0x00002ae8   0x00000118   Code   RO          816    i.removeNode        free_list.o
    0x00002c00   0x00002c00   0x0000028c   Code   RO          737    i.removeNodes       bit_array.o
    0x00002e8c   0x00002e8c   0x0000005e   Code   RO          909    i.removeSpecificTCB  ready_queue.o
    0x00002eea   0x00002eea   0x00000036   Code   RO          910    i.removeTCB         ready_queue.o
    0x00002f20   0x00002f20   0x0000004c   Code   RO          600    i.scheduler         k_task.o
    0x00002f6c   0x00002f6c   0x00000038   Code   RO          461    i.sendAll           k_msg.o
    0x00002fa4   0x00002fa4   0x00000050   Code   RO          462    i.sendQScheduler    k_msg.o
    0x00002ff4   0x00002ff4   0x0000001c   Code   RO         1542    i.set_ae_init_tasks  ae-lib-sim.lib(ae_tasks.o)
    0x00003010   0x00003010   0x00000050   Code   RO         1543    i.set_ae_tasks      ae-lib-sim.lib(ae_tasks.o)
    0x00003060   0x00003060   0x0000004c   Code   RO          194    i.subtractTime      timer.o
    0x000030ac   0x000030ac   0x0000014c   Code   RO         1544    i.task1             ae-lib-sim.lib(ae_tasks.o)
    0x000031f8   0x000031f8   0x0000003c   Code   RO         1545    i.task2             ae-lib-sim.lib(ae_tasks.o)
    0x00003234   0x00003234   0x0000002c   Code   RO         1129    i.task_cdisp        cdisp_task.o
    0x00003260   0x00003260   0x000001cc   Code   RO         1184    i.task_kcd          kcd_task.o
    0x0000342c   0x0000342c   0x00000006   Code   RO         1262    i.task_null         null_task.o
    0x00003432   0x00003432   0x00000128   Code   RO         1069    i.tfp_format        printf.o
    0x0000355a   0x0000355a   0x00000002   PAD
    0x0000355c   0x0000355c   0x0000002c   Code   RO         1070    i.tfp_printf        printf.o
    0x00003588   0x00003588   0x0000002c   Code   RO         1071    i.tfp_sprintf       printf.o
    0x000035b4   0x000035b4   0x0000006c   Code   RO            6    i.uart_init         uart_polling.o
    0x00003620   0x00003620   0x000000b8   Code   RO           90    i.uart_irq_init     uart_irq.o
    0x000036d8   0x000036d8   0x00000034   Code   RO            7    i.uart_put_char     uart_polling.o
    0x0000370c   0x0000370c   0x00000026   Code   RO            8    i.uart_put_string   uart_polling.o
    0x00003732   0x00003732   0x00000056   Code   RO         1072    i.ui2a              printf.o
    0x00003788   0x00003788   0x0000004a   Code   RO          738    i.updateParentNodes  bit_array.o
    0x000037d2   0x000037d2   0x00000002   PAD
    0x000037d4   0x000037d4   0x00000048   Data   RO         1548    .conststring        ae-lib-sim.lib(ae_tasks.o)
    0x0000381c   0x0000381c   0x00000020   Data   RO         1707    Region$$Table       anon$$obj.o


    Execution Region RW_IRAM1 (Exec base: 0x10000000, Load base: 0x0000383c, Size: 0x00000f78, Max: 0x00007000, ABSOLUTE)

    Exec Addr    Load Addr    Size         Type   Attr      Idx    E Section Name        Object

    0x10000000   0x0000383c   0x00000010   Data   RW           91    .data               uart_irq.o
    0x10000010   0x0000384c   0x00000004   Data   RW          197    .data               timer.o
    0x10000014   0x00003850   0x00000004   Data   RW          535    .data               k_rtx_init.o
    0x10000018   0x00003854   0x00000009   Data   RW          602    .data               k_task.o
    0x10000021   0x0000385d   0x00000001   Data   RW          739    .data               bit_array.o
    0x10000022   0x0000385e   0x00000001   Data   RW          817    .data               free_list.o
    0x10000023   0x0000385f   0x00000001   PAD
    0x10000024   0x00003860   0x00000008   Data   RW         1073    .data               printf.o
    0x1000002c   0x00003868   0x00000010   Data   RW         1378    .data               ae-lib-sim.lib(main.o)
    0x1000003c   0x00003878   0x00000004   PAD
    0x10000040        -       0x000007e8   Zero   RW          394    .bss                k_mem.o
    0x10000828        -       0x00000068   Zero   RW          534    .bss                k_rtx_init.o
    0x10000890        -       0x00000320   Zero   RW          601    .bss                k_task.o
    0x10000bb0        -       0x0000003e   Zero   RW         1185    .bss                kcd_task.o
    0x10000bee   0x00003878   0x00000002   PAD
    0x10000bf0        -       0x00000060   Zero   RW         1486    .bss                c_w.l(libspace.o)
    0x10000c50        -       0x00000122   Zero   RW         1547    .bss                ae-lib-sim.lib(ae_tasks.o)
    0x10000d72   0x00003878   0x00000006   PAD
    0x10000d78        -       0x00000000   Zero   RW         1300    HEAP                startup_lpc17xx.o
    0x10000d78        -       0x00000200   Zero   RW         1299    STACK               startup_lpc17xx.o


==============================================================================

Image component sizes


      Code (inc. data)   RO Data    RW Data    ZI Data      Debug   Object Name

      1544        358          0          1          0       8190   bit_array.o
       172         12          0          0          0       1782   cdisp_task.o
       164          0          0          0          0       2113   edf.o
      1144        466          0          1          0       4171   free_list.o
       304         24          0          0          0       7743   hal.o
       104          0          0          0          0       2335   helper.o
       644        178          0          0       2024       5174   k_mem.o
      1412        122          0          0          0       7120   k_msg.o
       230         24          0          4        104       6427   k_rtx_init.o
      2208        246          0          9        800      17689   k_task.o
      1136        134          0          0         62       6591   kcd_task.o
       416         10          0          0          0       4206   mailbox.o
         6          0          0          0          0        416   null_task.o
       722         26          0          8          0       6646   printf.o
       462          0          0          0          0       6120   ready_queue.o
        64         26        204          0        512       1036   startup_lpc17xx.o
       320         18          0          0          0        593   system_lpc17xx.o
       156         16          0          4          0       6758   timer.o
       478         42          0         16          0       7302   uart_irq.o
       266         62          0          0          0      24297   uart_polling.o

    ----------------------------------------------------------------------
     11980       1768        236         44       3504     126709   Object Totals
         0          0         32          0          0          0   (incl. Generated)
        28          4          0          1          2          0   (incl. Padding)

    ----------------------------------------------------------------------

      Code (inc. data)   RO Data    RW Data    ZI Data      Debug   Library Member Name

        92          0          0          0          0       4601   ae.o
      1020        378         72          0        290       4325   ae_tasks.o
       612        368          0          0          0       2943   ae_tasks_util.o
       104         20          0         16          0       4963   main.o
         8          0          0          0          0         68   __main.o
         0          0          0          0          0          0   __rtentry.o
        12          0          0          0          0          0   __rtentry2.o
         6          0          0          0          0          0   __rtentry4.o
        52          8          0          0          0          0   __scatter.o
        26          0          0          0          0          0   __scatter_copy.o
        28          0          0          0          0          0   __scatter_zi.o
        18          0          0          0          0         80   exit.o
         6          0          0          0          0        152   heapauxi.o
         0          0          0          0          0          0   indicate_semi.o
         2          0          0          0          0          0   libinit.o
         2          0          0          0          0          0   libinit2.o
         2          0          0          0          0          0   libshutdown.o
         2          0          0          0          0          0   libshutdown2.o
         8          4          0          0         96         68   libspace.o
         2          0          0          0          0          0   rtexit.o
        10          0          0          0          0          0   rtexit2.o
        12          4          0          0          0         68   sys_exit.o
        74          0          0          0          0         80   sys_stackheap_outer.o
         2          0          0          0          0         68   use_no_semi.o

    ----------------------------------------------------------------------
      2108        782         72         16        396      17416   Library Totals
         8          0          0          0         10          0   (incl. Padding)

    ----------------------------------------------------------------------

      Code (inc. data)   RO Data    RW Data    ZI Data      Debug   Library Name

      1828        766         72         16        290      16832   ae-lib-sim.lib
       272         16          0          0         96        584   c_w.l

    ----------------------------------------------------------------------
      2108        782         72         16        396      17416   Library Totals

    ----------------------------------------------------------------------

==============================================================================


      Code (inc. data)   RO Data    RW Data    ZI Data      Debug   

     14088       2550        308         60       3900     138141   Grand Totals
     14088       2550        308         60       3900     138141   ELF Image Totals
     14088       2550        308         60          0          0   ROM Totals

==============================================================================

    Total RO  Size (Code + RO Data)                14396 (  14.06kB)
    Total RW  Size (RW Data + ZI Data)              3960 (   3.87kB)
    Total ROM Size (Code + RO Data + RW Data)      14456 (  14.12kB)

==============================================================================

