Component: ARM Compiler 5.06 update 7 (build 960) Tool: armlink [4d3601]

==============================================================================

Section Cross References

    uart_polling.o(i.putc) refers to uart_polling.o(i.uart_put_string) for uart_put_string
    uart_polling.o(i.putc) refers to uart_polling.o(i.uart_put_char) for uart_put_char
    uart_polling.o(i.uart_put_string) refers to uart_polling.o(i.uart_put_char) for uart_put_char
    uart_irq.o(i.UART0_IRQHandler) refers to k_mem.o(i.k_mpool_alloc) for k_mpool_alloc
    uart_irq.o(i.UART0_IRQHandler) refers to k_msg.o(i.k_send_msg_nb) for k_send_msg_nb
    uart_irq.o(i.UART0_IRQHandler) refers to k_mem.o(i.k_mpool_dealloc) for k_mpool_dealloc
    uart_irq.o(i.UART0_IRQHandler) refers to k_msg.o(i.k_recv_msg_nb_uart) for k_recv_msg_nb_uart
    uart_irq.o(i.UART0_IRQHandler) refers to k_task.o(i.k_tsk_run_new_put_current_task_to_rq) for k_tsk_run_new_put_current_task_to_rq
    uart_irq.o(i.UART0_IRQHandler) refers to uart_irq.o(.data) for g_send_char
    uart_irq.o(i.uart_irq_init) refers to k_mem.o(i.k_mpool_alloc) for k_mpool_alloc
    uart_irq.o(i.uart_irq_init) refers to mailbox.o(i.initializeMailbox) for initializeMailbox
    uart_irq.o(i.uart_irq_init) refers to uart_irq.o(i.__NVIC_SetPriority) for __NVIC_SetPriority
    uart_irq.o(i.uart_irq_init) refers to uart_irq.o(i.__NVIC_EnableIRQ) for __NVIC_EnableIRQ
    uart_irq.o(i.uart_irq_init) refers to uart_irq.o(.data) for uart_mailbox
    timer.o(i.TIMER0_IRQHandler) refers to timer.o(i.get_tick) for get_tick
    timer.o(i.TIMER0_IRQHandler) refers to timer.o(i.subtractTime) for subtractTime
    timer.o(i.TIMER0_IRQHandler) refers to ready_queue.o(i.removeSpecificTCB) for removeSpecificTCB
    timer.o(i.TIMER0_IRQHandler) refers to edf.o(i.pushToEDF) for pushToEDF
    timer.o(i.TIMER0_IRQHandler) refers to k_task.o(i.k_tsk_run_new) for k_tsk_run_new
    timer.o(i.TIMER0_IRQHandler) refers to timer.o(.data) for currentTime
    timer.o(i.TIMER0_IRQHandler) refers to k_rtx_init.o(.bss) for readyQueuesArray
    timer.o(i.timer_irq_init) refers to timer.o(.data) for g_timer_count
    hal.o(i.SVC_Handler) refers to k_rtx_init.o(i.k_rtx_init) for k_rtx_init
    hal.o(i.SVC_Handler) refers to k_mem.o(i.k_mpool_alloc) for k_mpool_alloc
    hal.o(i.SVC_Handler) refers to k_mem.o(i.k_mpool_dealloc) for k_mpool_dealloc
    hal.o(i.SVC_Handler) refers to k_mem.o(i.k_mpool_dump) for k_mpool_dump
    hal.o(i.SVC_Handler) refers to k_task.o(i.k_tsk_create) for k_tsk_create
    hal.o(i.SVC_Handler) refers to k_task.o(i.k_tsk_exit) for k_tsk_exit
    hal.o(i.SVC_Handler) refers to k_task.o(i.k_tsk_yield) for k_tsk_yield
    hal.o(i.SVC_Handler) refers to k_task.o(i.k_tsk_set_prio) for k_tsk_set_prio
    hal.o(i.SVC_Handler) refers to k_task.o(i.k_tsk_get) for k_tsk_get
    hal.o(i.SVC_Handler) refers to k_task.o(i.k_tsk_gettid) for k_tsk_gettid
    hal.o(i.SVC_Handler) refers to k_task.o(i.k_tsk_ls) for k_tsk_ls
    hal.o(i.SVC_Handler) refers to k_msg.o(i.k_mbx_create) for k_mbx_create
    hal.o(i.SVC_Handler) refers to k_msg.o(i.k_send_msg) for k_send_msg
    hal.o(i.SVC_Handler) refers to k_msg.o(i.k_send_msg_nb) for k_send_msg_nb
    hal.o(i.SVC_Handler) refers to k_msg.o(i.k_recv_msg) for k_recv_msg
    hal.o(i.SVC_Handler) refers to k_msg.o(i.k_recv_msg_nb) for k_recv_msg_nb
    hal.o(i.SVC_Handler) refers to k_msg.o(i.k_mbx_ls) for k_mbx_ls
    hal.o(i.SVC_Handler) refers to k_msg.o(i.k_mbx_get) for k_mbx_get
    hal.o(i.SVC_Handler) refers to k_task.o(i.k_rt_tsk_set) for k_rt_tsk_set
    hal.o(i.SVC_Handler) refers to k_task.o(i.k_rt_tsk_susp) for k_rt_tsk_susp
    hal.o(i.SVC_Handler) refers to k_task.o(i.k_rt_tsk_get) for k_rt_tsk_get
    k_mem.o(i.k_mem_init) refers to k_mem.o(i.k_mpool_create) for k_mpool_create
    k_mem.o(i.k_mpool_alloc) refers to bit_array.o(i.allocateNode) for allocateNode
    k_mem.o(i.k_mpool_alloc) refers to k_mem.o(.bss) for array_RAM1
    k_mem.o(i.k_mpool_alloc) refers to k_rtx_init.o(.data) for errno
    k_mem.o(i.k_mpool_create) refers to bit_array.o(i.initializeBitArray) for initializeBitArray
    k_mem.o(i.k_mpool_create) refers to k_rtx_init.o(.data) for errno
    k_mem.o(i.k_mpool_create) refers to k_mem.o(.bss) for bitarray_RAM1
    k_mem.o(i.k_mpool_dealloc) refers to bit_array.o(i.removeNodes) for removeNodes
    k_mem.o(i.k_mpool_dealloc) refers to k_rtx_init.o(.data) for errno
    k_mem.o(i.k_mpool_dealloc) refers to k_mem.o(.bss) for array_RAM1
    k_mem.o(i.k_mpool_dump) refers to k_mem.o(i.printListLevelInOrder) for printListLevelInOrder
    k_mem.o(i.k_mpool_dump) refers to printf.o(i.tfp_printf) for tfp_printf
    k_mem.o(i.k_mpool_dump) refers to k_mem.o(.bss) for free_list_RAM1
    k_mem.o(i.printListLevelInOrder) refers to helper.o(i.findSize) for findSize
    k_mem.o(i.printListLevelInOrder) refers to printf.o(i.tfp_printf) for tfp_printf
    k_msg.o(i.k_mbx_create) refers to mailbox.o(i.initializeMailbox) for initializeMailbox
    k_msg.o(i.k_mbx_create) refers to k_task.o(.data) for gp_current_task
    k_msg.o(i.k_mbx_create) refers to k_rtx_init.o(.data) for errno
    k_msg.o(i.k_mbx_get) refers to uart_irq.o(.data) for uart_mailbox
    k_msg.o(i.k_mbx_get) refers to k_rtx_init.o(.data) for errno
    k_msg.o(i.k_mbx_get) refers to k_task.o(.bss) for g_tcbs
    k_msg.o(i.k_mbx_ls) refers to k_rtx_init.o(.data) for errno
    k_msg.o(i.k_mbx_ls) refers to k_task.o(.bss) for g_tcbs
    k_msg.o(i.k_recv_msg) refers to k_msg.o(i.sendAll) for sendAll
    k_msg.o(i.k_recv_msg) refers to mailbox.o(i.getMessage) for getMessage
    k_msg.o(i.k_recv_msg) refers to ready_queue.o(i.addTCBtoFront) for addTCBtoFront
    k_msg.o(i.k_recv_msg) refers to k_task.o(i.k_tsk_run_new) for k_tsk_run_new
    k_msg.o(i.k_recv_msg) refers to ready_queue.o(i.addTCBtoRecvBLK) for addTCBtoRecvBLK
    k_msg.o(i.k_recv_msg) refers to k_rtx_init.o(.data) for errno
    k_msg.o(i.k_recv_msg) refers to k_task.o(.data) for gp_current_task
    k_msg.o(i.k_recv_msg) refers to k_rtx_init.o(.bss) for readyQueuesArray
    k_msg.o(i.k_recv_msg_nb) refers to mailbox.o(i.getMessage) for getMessage
    k_msg.o(i.k_recv_msg_nb) refers to k_msg.o(i.sendAll) for sendAll
    k_msg.o(i.k_recv_msg_nb) refers to ready_queue.o(i.addTCBtoFront) for addTCBtoFront
    k_msg.o(i.k_recv_msg_nb) refers to k_task.o(i.k_tsk_run_new) for k_tsk_run_new
    k_msg.o(i.k_recv_msg_nb) refers to k_rtx_init.o(.data) for errno
    k_msg.o(i.k_recv_msg_nb) refers to k_task.o(.data) for gp_current_task
    k_msg.o(i.k_recv_msg_nb) refers to k_rtx_init.o(.bss) for readyQueuesArray
    k_msg.o(i.k_recv_msg_nb_uart) refers to mailbox.o(i.getMessage) for getMessage
    k_msg.o(i.k_recv_msg_nb_uart) refers to k_rtx_init.o(.data) for errno
    k_msg.o(i.k_recv_msg_nb_uart) refers to uart_irq.o(.data) for uart_mailbox
    k_msg.o(i.k_send_msg) refers to ready_queue.o(i.addTCBtoBack) for addTCBtoBack
    k_msg.o(i.k_send_msg) refers to k_task.o(i.k_tsk_run_new) for k_tsk_run_new
    k_msg.o(i.k_send_msg) refers to mailbox.o(i.addMessage) for addMessage
    k_msg.o(i.k_send_msg) refers to ready_queue.o(i.removeSpecificTCB) for removeSpecificTCB
    k_msg.o(i.k_send_msg) refers to ready_queue.o(i.addTCBtoFront) for addTCBtoFront
    k_msg.o(i.k_send_msg) refers to k_rtx_init.o(.data) for errno
    k_msg.o(i.k_send_msg) refers to k_task.o(.bss) for g_tcbs
    k_msg.o(i.k_send_msg) refers to k_task.o(.data) for gp_current_task
    k_msg.o(i.k_send_msg) refers to k_rtx_init.o(.bss) for sendQueuesArray
    k_msg.o(i.k_send_msg_nb) refers to mailbox.o(i.addMessage) for addMessage
    k_msg.o(i.k_send_msg_nb) refers to ready_queue.o(i.removeSpecificTCB) for removeSpecificTCB
    k_msg.o(i.k_send_msg_nb) refers to ready_queue.o(i.addTCBtoBack) for addTCBtoBack
    k_msg.o(i.k_send_msg_nb) refers to ready_queue.o(i.addTCBtoFront) for addTCBtoFront
    k_msg.o(i.k_send_msg_nb) refers to k_task.o(i.k_tsk_run_new) for k_tsk_run_new
    k_msg.o(i.k_send_msg_nb) refers to k_rtx_init.o(.data) for errno
    k_msg.o(i.k_send_msg_nb) refers to k_task.o(.bss) for g_tcbs
    k_msg.o(i.k_send_msg_nb) refers to uart_irq.o(.data) for uart_mailbox
    k_msg.o(i.k_send_msg_nb) refers to k_rtx_init.o(.bss) for readyQueuesArray
    k_msg.o(i.k_send_msg_nb) refers to k_task.o(.data) for gp_current_task
    k_msg.o(i.sendAll) refers to k_msg.o(i.sendQScheduler) for sendQScheduler
    k_msg.o(i.sendAll) refers to mailbox.o(i.addMessage) for addMessage
    k_msg.o(i.sendAll) refers to ready_queue.o(i.addTCBtoBack) for addTCBtoBack
    k_msg.o(i.sendAll) refers to k_task.o(.data) for gp_current_task
    k_msg.o(i.sendAll) refers to k_rtx_init.o(.bss) for readyQueuesArray
    k_msg.o(i.sendQScheduler) refers to ready_queue.o(i.canSendMsg) for canSendMsg
    k_msg.o(i.sendQScheduler) refers to k_task.o(.data) for gp_current_task
    k_msg.o(i.sendQScheduler) refers to k_rtx_init.o(.bss) for sendQueuesArray
    k_rtx_init.o(i.k_pre_rtx_init) refers to k_mem.o(i.k_mem_init) for k_mem_init
    k_rtx_init.o(i.k_pre_rtx_init) refers to k_mem.o(i.k_mpool_alloc) for k_mpool_alloc
    k_rtx_init.o(i.k_rtx_init) refers to uart_irq.o(i.uart_irq_init) for uart_irq_init
    k_rtx_init.o(i.k_rtx_init) refers to ready_queue.o(i.initializeArrayOfReadyQueues) for initializeArrayOfReadyQueues
    k_rtx_init.o(i.k_rtx_init) refers to k_task.o(i.k_tsk_create_new) for k_tsk_create_new
    k_rtx_init.o(i.k_rtx_init) refers to k_task.o(i.k_tsk_init) for k_tsk_init
    k_rtx_init.o(i.k_rtx_init) refers to k_task.o(.emb_text) for k_tsk_start
    k_rtx_init.o(i.k_rtx_init) refers to k_rtx_init.o(.data) for errno
    k_rtx_init.o(i.k_rtx_init) refers to k_rtx_init.o(.bss) for readyQueuesArray
    k_rtx_init.o(i.k_rtx_init) refers to kcd_task.o(i.task_kcd) for task_kcd
    k_rtx_init.o(i.k_rtx_init) refers to k_task.o(.bss) for g_tcbs
    k_rtx_init.o(i.k_rtx_init) refers to cdisp_task.o(i.task_cdisp) for task_cdisp
    k_task.o(.emb_text) refers to k_task.o(.data) for gp_current_task
    k_task.o(i.k_rt_tsk_get) refers to k_task.o(.data) for gp_current_task
    k_task.o(i.k_rt_tsk_get) refers to k_rtx_init.o(.data) for errno
    k_task.o(i.k_rt_tsk_get) refers to k_task.o(.bss) for g_tcbs
    k_task.o(i.k_rt_tsk_set) refers to k_task.o(i.getTotalTimeMicroSeconds) for getTotalTimeMicroSeconds
    k_task.o(i.k_rt_tsk_set) refers to k_mem.o(i.k_mpool_alloc) for k_mpool_alloc
    k_task.o(i.k_rt_tsk_set) refers to k_task.o(i.k_tsk_set_prio) for k_tsk_set_prio
    k_task.o(i.k_rt_tsk_set) refers to edf.o(i.pushToEDF) for pushToEDF
    k_task.o(i.k_rt_tsk_set) refers to k_task.o(i.k_tsk_run_new) for k_tsk_run_new
    k_task.o(i.k_rt_tsk_set) refers to k_task.o(.data) for gp_current_task
    k_task.o(i.k_rt_tsk_set) refers to k_rtx_init.o(.data) for errno
    k_task.o(i.k_rt_tsk_set) refers to k_rtx_init.o(.bss) for readyQueuesArray
    k_task.o(i.k_rt_tsk_susp) refers to ready_queue.o(i.addTCBtoBack) for addTCBtoBack
    k_task.o(i.k_rt_tsk_susp) refers to k_task.o(i.k_tsk_run_new) for k_tsk_run_new
    k_task.o(i.k_rt_tsk_susp) refers to k_task.o(.data) for gp_current_task
    k_task.o(i.k_rt_tsk_susp) refers to k_rtx_init.o(.data) for errno
    k_task.o(i.k_rt_tsk_susp) refers to k_rtx_init.o(.bss) for readyQueuesArray
    k_task.o(i.k_tsk_create) refers to k_mem.o(i.k_mpool_alloc) for k_mpool_alloc
    k_task.o(i.k_tsk_create) refers to ready_queue.o(i.addTCBtoBack) for addTCBtoBack
    k_task.o(i.k_tsk_create) refers to ready_queue.o(i.addTCBtoFront) for addTCBtoFront
    k_task.o(i.k_tsk_create) refers to k_task.o(i.k_tsk_run_new) for k_tsk_run_new
    k_task.o(i.k_tsk_create) refers to k_rtx_init.o(.data) for errno
    k_task.o(i.k_tsk_create) refers to k_task.o(.bss) for g_tcbs
    k_task.o(i.k_tsk_create) refers to hal.o(.emb_text) for SVC_RTE
    k_task.o(i.k_tsk_create) refers to k_rtx_init.o(.bss) for readyQueuesArray
    k_task.o(i.k_tsk_create) refers to k_task.o(.data) for gp_current_task
    k_task.o(i.k_tsk_create_new) refers to k_mem.o(i.k_mpool_alloc) for k_mpool_alloc
    k_task.o(i.k_tsk_create_new) refers to ready_queue.o(i.addTCBtoBack) for addTCBtoBack
    k_task.o(i.k_tsk_create_new) refers to k_rtx_init.o(.data) for errno
    k_task.o(i.k_tsk_create_new) refers to hal.o(.emb_text) for SVC_RTE
    k_task.o(i.k_tsk_create_new) refers to k_rtx_init.o(.bss) for readyQueuesArray
    k_task.o(i.k_tsk_exit) refers to printf.o(i.tfp_printf) for tfp_printf
    k_task.o(i.k_tsk_exit) refers to k_mem.o(i.k_mpool_dealloc) for k_mpool_dealloc
    k_task.o(i.k_tsk_exit) refers to k_msg.o(i.sendQScheduler) for sendQScheduler
    k_task.o(i.k_tsk_exit) refers to ready_queue.o(i.addTCBtoBack) for addTCBtoBack
    k_task.o(i.k_tsk_exit) refers to mailbox.o(i.deallocateMailbox) for deallocateMailbox
    k_task.o(i.k_tsk_exit) refers to k_task.o(i.k_tsk_run_new) for k_tsk_run_new
    k_task.o(i.k_tsk_exit) refers to k_task.o(.data) for debugEntryPrint
    k_task.o(i.k_tsk_exit) refers to k_rtx_init.o(.bss) for readyQueuesArray
    k_task.o(i.k_tsk_get) refers to k_rtx_init.o(.data) for errno
    k_task.o(i.k_tsk_get) refers to k_task.o(.bss) for g_tcbs
    k_task.o(i.k_tsk_gettid) refers to k_task.o(.data) for gp_current_task
    k_task.o(i.k_tsk_init) refers to k_task.o(i.k_tsk_init_first) for k_tsk_init_first
    k_task.o(i.k_tsk_init) refers to k_task.o(i.k_tsk_create_new) for k_tsk_create_new
    k_task.o(i.k_tsk_init) refers to k_task.o(.bss) for g_tcbs
    k_task.o(i.k_tsk_init) refers to k_task.o(.data) for g_num_active_tasks
    k_task.o(i.k_tsk_init_first) refers to null_task.o(i.task_null) for task_null
    k_task.o(i.k_tsk_ls) refers to k_rtx_init.o(.data) for errno
    k_task.o(i.k_tsk_ls) refers to k_task.o(.bss) for g_tcbs
    k_task.o(i.k_tsk_run_new) refers to k_task.o(i.scheduler) for scheduler
    k_task.o(i.k_tsk_run_new) refers to k_task.o(.emb_text) for k_tsk_switch
    k_task.o(i.k_tsk_run_new) refers to k_task.o(.data) for gp_current_task
    k_task.o(i.k_tsk_run_new_put_current_task_to_rq) refers to ready_queue.o(i.addTCBtoBack) for addTCBtoBack
    k_task.o(i.k_tsk_run_new_put_current_task_to_rq) refers to k_task.o(i.k_tsk_run_new) for k_tsk_run_new
    k_task.o(i.k_tsk_run_new_put_current_task_to_rq) refers to k_task.o(.data) for gp_current_task
    k_task.o(i.k_tsk_run_new_put_current_task_to_rq) refers to k_rtx_init.o(.bss) for readyQueuesArray
    k_task.o(i.k_tsk_set_prio) refers to ready_queue.o(i.addTCBtoBack) for addTCBtoBack
    k_task.o(i.k_tsk_set_prio) refers to k_task.o(i.k_tsk_run_new) for k_tsk_run_new
    k_task.o(i.k_tsk_set_prio) refers to ready_queue.o(i.removeSpecificTCB) for removeSpecificTCB
    k_task.o(i.k_tsk_set_prio) refers to ready_queue.o(i.addTCBtoFront) for addTCBtoFront
    k_task.o(i.k_tsk_set_prio) refers to k_rtx_init.o(.data) for errno
    k_task.o(i.k_tsk_set_prio) refers to k_task.o(.data) for gp_current_task
    k_task.o(i.k_tsk_set_prio) refers to k_rtx_init.o(.bss) for readyQueuesArray
    k_task.o(i.k_tsk_set_prio) refers to k_task.o(.bss) for g_tcbs
    k_task.o(i.k_tsk_yield) refers to printf.o(i.tfp_printf) for tfp_printf
    k_task.o(i.k_tsk_yield) refers to ready_queue.o(i.addTCBtoBack) for addTCBtoBack
    k_task.o(i.k_tsk_yield) refers to k_task.o(i.k_tsk_run_new) for k_tsk_run_new
    k_task.o(i.k_tsk_yield) refers to k_task.o(.data) for debugEntryPrint
    k_task.o(i.k_tsk_yield) refers to k_rtx_init.o(.bss) for readyQueuesArray
    k_task.o(i.scheduler) refers to edf.o(i.popFromEDF) for popFromEDF
    k_task.o(i.scheduler) refers to ready_queue.o(i.removeTCB) for removeTCB
    k_task.o(i.scheduler) refers to k_rtx_init.o(.bss) for readyQueuesArray
    k_task.o(i.scheduler) refers to k_task.o(.bss) for g_tcbs
    bit_array.o(i.allocateNode) refers to free_list.o(i.allocate) for allocate
    bit_array.o(i.allocateNode) refers to printf.o(i.tfp_printf) for tfp_printf
    bit_array.o(i.allocateNode) refers to helper.o(i.findLevel) for findLevel
    bit_array.o(i.allocateNode) refers to bit_array.o(i.convertLevelToIndex) for convertLevelToIndex
    bit_array.o(i.allocateNode) refers to bit_array.o(i.getBitPositionMask) for getBitPositionMask
    bit_array.o(i.allocateNode) refers to bit_array.o(i.updateParentNodes) for updateParentNodes
    bit_array.o(i.allocateNode) refers to bit_array.o(.data) for debugBA
    bit_array.o(i.coalesce) refers to printf.o(i.tfp_printf) for tfp_printf
    bit_array.o(i.coalesce) refers to bit_array.o(i.convertLevelToIndex) for convertLevelToIndex
    bit_array.o(i.coalesce) refers to bit_array.o(i.getBitPositionMask) for getBitPositionMask
    bit_array.o(i.coalesce) refers to free_list.o(i.removeNode) for removeNode
    bit_array.o(i.coalesce) refers to free_list.o(i.addNode) for addNode
    bit_array.o(i.coalesce) refers to bit_array.o(.data) for debugBA
    bit_array.o(i.getHeight) refers to helper.o(i.log_2) for log_2
    bit_array.o(i.initializeBitArray) refers to helper.o(i.log_2) for log_2
    bit_array.o(i.initializeBitArray) refers to free_list.o(i.initializeArrayOfFreeLists) for initializeArrayOfFreeLists
    bit_array.o(i.locateNode) refers to bit_array.o(i.getBitPositionMask) for getBitPositionMask
    bit_array.o(i.removeNodes) refers to printf.o(i.tfp_printf) for tfp_printf
    bit_array.o(i.removeNodes) refers to bit_array.o(i.getHeight) for getHeight
    bit_array.o(i.removeNodes) refers to bit_array.o(i.getXPosition) for getXPosition
    bit_array.o(i.removeNodes) refers to bit_array.o(i.convertLevelToIndex) for convertLevelToIndex
    bit_array.o(i.removeNodes) refers to bit_array.o(i.locateNode) for locateNode
    bit_array.o(i.removeNodes) refers to bit_array.o(i.getBitPositionMask) for getBitPositionMask
    bit_array.o(i.removeNodes) refers to helper.o(i.log_2) for log_2
    bit_array.o(i.removeNodes) refers to bit_array.o(i.coalesce) for coalesce
    bit_array.o(i.removeNodes) refers to free_list.o(i.addNode) for addNode
    bit_array.o(i.removeNodes) refers to bit_array.o(.data) for debugBA
    bit_array.o(i.updateParentNodes) refers to bit_array.o(i.getBitPositionMask) for getBitPositionMask
    free_list.o(i.addNode) refers to printf.o(i.tfp_printf) for tfp_printf
    free_list.o(i.addNode) refers to free_list.o(.data) for debug
    free_list.o(i.allocate) refers to printf.o(i.tfp_printf) for tfp_printf
    free_list.o(i.allocate) refers to helper.o(i.findLevel) for findLevel
    free_list.o(i.allocate) refers to helper.o(i.findSize) for findSize
    free_list.o(i.allocate) refers to free_list.o(.data) for debug
    free_list.o(i.removeNode) refers to printf.o(i.tfp_printf) for tfp_printf
    free_list.o(i.removeNode) refers to free_list.o(.data) for debug
    helper.o(i.findAddressDelta) refers to helper.o(i.findSize) for findSize
    helper.o(i.findLevel) refers to helper.o(i.log_2) for log_2
    helper.o(i.findSize) refers to helper.o(i.power) for power
    ready_queue.o(i.addTCBtoBack) refers to ready_queue.o(i.priorityLevelToIndex) for priorityLevelToIndex
    ready_queue.o(i.addTCBtoFront) refers to ready_queue.o(i.priorityLevelToIndex) for priorityLevelToIndex
    ready_queue.o(i.addTCBtoRecvBLK) refers to ready_queue.o(i.priorityLevelToIndex) for priorityLevelToIndex
    ready_queue.o(i.canSendMsg) refers to ready_queue.o(i.removeSpecificTCB) for removeSpecificTCB
    ready_queue.o(i.removeSpecificTCB) refers to ready_queue.o(i.priorityLevelToIndex) for priorityLevelToIndex
    mailbox.o(i.deallocateMailbox) refers to k_mem.o(i.k_mpool_dealloc) for k_mpool_dealloc
    mailbox.o(i.getMessage) refers to k_rtx_init.o(.data) for errno
    mailbox.o(i.initializeMailbox) refers to k_mem.o(i.k_mpool_alloc) for k_mpool_alloc
    mailbox.o(i.initializeMailbox) refers to k_rtx_init.o(.data) for errno
    edf.o(i.pushToEDF) refers to edf.o(i.isShorter) for isShorter
    printf.o(i.a2i) refers to printf.o(i.a2d) for a2d
    printf.o(i.i2a) refers to printf.o(i.ui2a) for ui2a
    printf.o(i.init_printf) refers to printf.o(.data) for stdout_putf
    printf.o(i.tfp_format) refers to printf.o(i.a2i) for a2i
    printf.o(i.tfp_format) refers to printf.o(i.ui2a) for ui2a
    printf.o(i.tfp_format) refers to printf.o(i.putchw) for putchw
    printf.o(i.tfp_format) refers to printf.o(i.i2a) for i2a
    printf.o(i.tfp_printf) refers to printf.o(i.tfp_format) for tfp_format
    printf.o(i.tfp_printf) refers to printf.o(.data) for stdout_putf
    printf.o(i.tfp_sprintf) refers to printf.o(i.tfp_format) for tfp_format
    printf.o(i.tfp_sprintf) refers to printf.o(i.putcp) for putcp
    cdisp_task.o(i.printToUART) refers to uart_irq.o(.data) for g_tx_irq
    cdisp_task.o(i.task_cdisp) refers to cdisp_task.o(i.printToUART) for printToUART
    kcd_task.o(i.assignTaskId) refers to kcd_task.o(.bss) for digits
    kcd_task.o(i.getTaskId) refers to kcd_task.o(.bss) for digits
    kcd_task.o(i.printLMbuffer) refers to k_mem.o(i.k_mpool_alloc) for k_mpool_alloc
    kcd_task.o(i.printLMbuffer) refers to k_msg.o(i.k_mbx_get) for k_mbx_get
    kcd_task.o(i.printLMbuffer) refers to printf.o(i.tfp_sprintf) for tfp_sprintf
    kcd_task.o(i.printLMbuffer) refers to kcd_task.o(i.countDigits) for countDigits
    kcd_task.o(i.printLMbuffer) refers to kcd_task.o(i.printToConsole) for printToConsole
    kcd_task.o(i.printLMbuffer) refers to k_mem.o(i.k_mpool_dealloc) for k_mpool_dealloc
    kcd_task.o(i.printLMbuffer) refers to k_task.o(.bss) for g_tcbs
    kcd_task.o(i.printLTbuffer) refers to k_mem.o(i.k_mpool_alloc) for k_mpool_alloc
    kcd_task.o(i.printLTbuffer) refers to printf.o(i.tfp_sprintf) for tfp_sprintf
    kcd_task.o(i.printLTbuffer) refers to kcd_task.o(i.countDigits) for countDigits
    kcd_task.o(i.printLTbuffer) refers to kcd_task.o(i.printToConsole) for printToConsole
    kcd_task.o(i.printLTbuffer) refers to k_mem.o(i.k_mpool_dealloc) for k_mpool_dealloc
    kcd_task.o(i.printLTbuffer) refers to k_task.o(.bss) for g_tcbs
    kcd_task.o(i.prnCNF) refers to printf.o(i.tfp_sprintf) for tfp_sprintf
    kcd_task.o(i.prnCNF) refers to kcd_task.o(i.printToConsole) for printToConsole
    kcd_task.o(i.task_kcd) refers to kcd_task.o(i.assignTaskId) for assignTaskId
    kcd_task.o(i.task_kcd) refers to k_task.o(i.k_tsk_ls) for k_tsk_ls
    kcd_task.o(i.task_kcd) refers to kcd_task.o(i.printLTbuffer) for printLTbuffer
    kcd_task.o(i.task_kcd) refers to k_msg.o(i.k_mbx_ls) for k_mbx_ls
    kcd_task.o(i.task_kcd) refers to kcd_task.o(i.printLMbuffer) for printLMbuffer
    kcd_task.o(i.task_kcd) refers to kcd_task.o(i.prnCNF) for prnCNF
    kcd_task.o(i.task_kcd) refers to printf.o(i.tfp_sprintf) for tfp_sprintf
    kcd_task.o(i.task_kcd) refers to kcd_task.o(i.printToConsole) for printToConsole
    kcd_task.o(i.task_kcd) refers to kcd_task.o(i.getTaskId) for getTaskId
    kcd_task.o(i.task_kcd) refers to kcd_task.o(.bss) for lowercase
    startup_lpc17xx.o(STACK) refers (Special) to heapauxi.o(.text) for __use_two_region_memory
    startup_lpc17xx.o(HEAP) refers (Special) to heapauxi.o(.text) for __use_two_region_memory
    startup_lpc17xx.o(RESET) refers (Special) to heapauxi.o(.text) for __use_two_region_memory
    startup_lpc17xx.o(RESET) refers to startup_lpc17xx.o(STACK) for __initial_sp
    startup_lpc17xx.o(RESET) refers to startup_lpc17xx.o(.text) for Reset_Handler
    startup_lpc17xx.o(RESET) refers to ae_util.o(i.HardFault_Handler) for HardFault_Handler
    startup_lpc17xx.o(RESET) refers to hal.o(i.SVC_Handler) for SVC_Handler
    startup_lpc17xx.o(RESET) refers to timer.o(i.TIMER0_IRQHandler) for TIMER0_IRQHandler
    startup_lpc17xx.o(RESET) refers to uart_irq.o(i.UART0_IRQHandler) for UART0_IRQHandler
    startup_lpc17xx.o(.text) refers (Special) to heapauxi.o(.text) for __use_two_region_memory
    startup_lpc17xx.o(.text) refers to system_lpc17xx.o(i.SystemInit) for SystemInit
    startup_lpc17xx.o(.text) refers to __main.o(!!!main) for __main
    startup_lpc17xx.o(.text) refers to startup_lpc17xx.o(HEAP) for Heap_Mem
    startup_lpc17xx.o(.text) refers to startup_lpc17xx.o(STACK) for Stack_Mem
    system_lpc17xx.o(i.SystemCoreClockUpdate) refers to lludivv7m.o(.text) for __aeabi_uldivmod
    system_lpc17xx.o(i.SystemCoreClockUpdate) refers to system_lpc17xx.o(.data) for SystemCoreClock
    __main.o(!!!main) refers to __rtentry.o(.ARM.Collect$$rtentry$$00000000) for __rt_entry
    __rtentry.o(.ARM.Collect$$rtentry$$00000000) refers (Special) to __rtentry2.o(.ARM.Collect$$rtentry$$0000000A) for __rt_entry_li
    __rtentry.o(.ARM.Collect$$rtentry$$00000000) refers (Special) to __rtentry2.o(.ARM.Collect$$rtentry$$0000000D) for __rt_entry_main
    __rtentry.o(.ARM.Collect$$rtentry$$00000000) refers (Special) to __rtentry2.o(.ARM.Collect$$rtentry$$0000000C) for __rt_entry_postli_1
    __rtentry.o(.ARM.Collect$$rtentry$$00000000) refers (Special) to __rtentry2.o(.ARM.Collect$$rtentry$$00000009) for __rt_entry_postsh_1
    __rtentry.o(.ARM.Collect$$rtentry$$00000000) refers (Special) to __rtentry2.o(.ARM.Collect$$rtentry$$00000002) for __rt_entry_presh_1
    __rtentry.o(.ARM.Collect$$rtentry$$00000000) refers (Special) to __rtentry4.o(.ARM.Collect$$rtentry$$00000004) for __rt_entry_sh
    aeabi_ldiv0_sigfpe.o(.text) refers to rt_div0.o(.text) for __rt_div0
    __rtentry2.o(.ARM.Collect$$rtentry$$00000008) refers to boardinit2.o(.text) for _platform_post_stackheap_init
    __rtentry2.o(.ARM.Collect$$rtentry$$0000000A) refers to libinit.o(.ARM.Collect$$libinit$$00000000) for __rt_lib_init
    __rtentry2.o(.ARM.Collect$$rtentry$$0000000B) refers to boardinit3.o(.text) for _platform_post_lib_init
    __rtentry2.o(.ARM.Collect$$rtentry$$0000000D) refers to main.o(i.main) for main
    __rtentry2.o(.ARM.Collect$$rtentry$$0000000D) refers to exit.o(.text) for exit
    __rtentry2.o(.ARM.exidx) refers to __rtentry2.o(.ARM.Collect$$rtentry$$00000001) for .ARM.Collect$$rtentry$$00000001
    __rtentry2.o(.ARM.exidx) refers to __rtentry2.o(.ARM.Collect$$rtentry$$00000008) for .ARM.Collect$$rtentry$$00000008
    __rtentry2.o(.ARM.exidx) refers to __rtentry2.o(.ARM.Collect$$rtentry$$0000000A) for .ARM.Collect$$rtentry$$0000000A
    __rtentry2.o(.ARM.exidx) refers to __rtentry2.o(.ARM.Collect$$rtentry$$0000000B) for .ARM.Collect$$rtentry$$0000000B
    __rtentry2.o(.ARM.exidx) refers to __rtentry2.o(.ARM.Collect$$rtentry$$0000000D) for .ARM.Collect$$rtentry$$0000000D
    __rtentry4.o(.ARM.Collect$$rtentry$$00000004) refers to sys_stackheap_outer.o(.text) for __user_setup_stackheap
    __rtentry4.o(.ARM.exidx) refers to __rtentry4.o(.ARM.Collect$$rtentry$$00000004) for .ARM.Collect$$rtentry$$00000004
    rt_div0.o(.text) refers to defsig_fpe_outer.o(.text) for __rt_SIGFPE
    main.o(i.main) refers to system_lpc17xx.o(i.SystemInit) for SystemInit
    main.o(i.main) refers to uart_polling.o(i.uart_init) for uart_init
    main.o(i.main) refers to printf.o(i.init_printf) for init_printf
    main.o(i.main) refers to ae.o(i.ae_init) for ae_init
    main.o(i.main) refers to uart_polling.o(i.putc) for putc
    main.o(i.main) refers to main.o(.data) for sys
    main.o(i.main) refers to k_rtx_init.o(i.k_pre_rtx_init) for k_pre_rtx_init
    sys_stackheap_outer.o(.text) refers to libspace.o(.text) for __user_perproc_libspace
    sys_stackheap_outer.o(.text) refers to startup_lpc17xx.o(.text) for __user_initial_stackheap
    exit.o(.text) refers to rtexit.o(.ARM.Collect$$rtexit$$00000000) for __rt_exit
    defsig_fpe_outer.o(.text) refers to defsig_fpe_inner.o(.text) for __rt_SIGFPE_inner
    defsig_fpe_outer.o(.text) refers to defsig_exit.o(.text) for __sig_exit
    defsig_fpe_formal.o(.text) refers to rt_raise.o(.text) for __rt_raise
    libinit.o(.ARM.Collect$$libinit$$00000000) refers (Special) to libinit2.o(.ARM.Collect$$libinit$$0000002E) for __rt_lib_init_alloca_1
    libinit.o(.ARM.Collect$$libinit$$00000000) refers (Special) to libinit2.o(.ARM.Collect$$libinit$$0000002C) for __rt_lib_init_argv_1
    libinit.o(.ARM.Collect$$libinit$$00000000) refers (Special) to libinit2.o(.ARM.Collect$$libinit$$0000001B) for __rt_lib_init_atexit_1
    libinit.o(.ARM.Collect$$libinit$$00000000) refers (Special) to libinit2.o(.ARM.Collect$$libinit$$00000021) for __rt_lib_init_clock_1
    libinit.o(.ARM.Collect$$libinit$$00000000) refers (Special) to libinit2.o(.ARM.Collect$$libinit$$00000032) for __rt_lib_init_cpp_1
    libinit.o(.ARM.Collect$$libinit$$00000000) refers (Special) to libinit2.o(.ARM.Collect$$libinit$$00000030) for __rt_lib_init_exceptions_1
    libinit.o(.ARM.Collect$$libinit$$00000000) refers (Special) to libinit2.o(.ARM.Collect$$libinit$$00000002) for __rt_lib_init_fp_1
    libinit.o(.ARM.Collect$$libinit$$00000000) refers (Special) to libinit2.o(.ARM.Collect$$libinit$$0000001F) for __rt_lib_init_fp_trap_1
    libinit.o(.ARM.Collect$$libinit$$00000000) refers (Special) to libinit2.o(.ARM.Collect$$libinit$$00000023) for __rt_lib_init_getenv_1
    libinit.o(.ARM.Collect$$libinit$$00000000) refers (Special) to libinit2.o(.ARM.Collect$$libinit$$0000000A) for __rt_lib_init_heap_1
    libinit.o(.ARM.Collect$$libinit$$00000000) refers (Special) to libinit2.o(.ARM.Collect$$libinit$$00000011) for __rt_lib_init_lc_collate_1
    libinit.o(.ARM.Collect$$libinit$$00000000) refers (Special) to libinit2.o(.ARM.Collect$$libinit$$00000013) for __rt_lib_init_lc_ctype_1
    libinit.o(.ARM.Collect$$libinit$$00000000) refers (Special) to libinit2.o(.ARM.Collect$$libinit$$00000015) for __rt_lib_init_lc_monetary_1
    libinit.o(.ARM.Collect$$libinit$$00000000) refers (Special) to libinit2.o(.ARM.Collect$$libinit$$00000017) for __rt_lib_init_lc_numeric_1
    libinit.o(.ARM.Collect$$libinit$$00000000) refers (Special) to libinit2.o(.ARM.Collect$$libinit$$00000019) for __rt_lib_init_lc_time_1
    libinit.o(.ARM.Collect$$libinit$$00000000) refers (Special) to libinit2.o(.ARM.Collect$$libinit$$00000004) for __rt_lib_init_preinit_1
    libinit.o(.ARM.Collect$$libinit$$00000000) refers (Special) to libinit2.o(.ARM.Collect$$libinit$$0000000E) for __rt_lib_init_rand_1
    libinit.o(.ARM.Collect$$libinit$$00000000) refers (Special) to libinit2.o(.ARM.Collect$$libinit$$00000033) for __rt_lib_init_return
    libinit.o(.ARM.Collect$$libinit$$00000000) refers (Special) to libinit2.o(.ARM.Collect$$libinit$$0000001D) for __rt_lib_init_signal_1
    libinit.o(.ARM.Collect$$libinit$$00000000) refers (Special) to libinit2.o(.ARM.Collect$$libinit$$00000025) for __rt_lib_init_stdio_1
    libinit.o(.ARM.Collect$$libinit$$00000000) refers (Special) to libinit2.o(.ARM.Collect$$libinit$$0000000C) for __rt_lib_init_user_alloc_1
    ae.o(i.ae_init) refers to ae.o(i.ae_set_sys_info) for ae_set_sys_info
    ae.o(i.ae_init) refers to ae.o(i.ae_set_init_tasks_info) for ae_set_init_tasks_info
    ae.o(i.ae_set_init_tasks_info) refers to ae_tasks310_g99.o(i.set_ae_init_tasks) for set_ae_init_tasks
    libspace.o(.text) refers to libspace.o(.bss) for __libspace_start
    rtexit.o(.ARM.Collect$$rtexit$$00000000) refers (Special) to rtexit2.o(.ARM.Collect$$rtexit$$00000004) for __rt_exit_exit
    rtexit.o(.ARM.Collect$$rtexit$$00000000) refers (Special) to rtexit2.o(.ARM.Collect$$rtexit$$00000003) for __rt_exit_ls
    rtexit.o(.ARM.Collect$$rtexit$$00000000) refers (Special) to rtexit2.o(.ARM.Collect$$rtexit$$00000002) for __rt_exit_prels_1
    rtexit.o(.ARM.exidx) refers (Special) to rtexit2.o(.ARM.Collect$$rtexit$$00000004) for __rt_exit_exit
    rtexit.o(.ARM.exidx) refers (Special) to rtexit2.o(.ARM.Collect$$rtexit$$00000003) for __rt_exit_ls
    rtexit.o(.ARM.exidx) refers (Special) to rtexit2.o(.ARM.Collect$$rtexit$$00000002) for __rt_exit_prels_1
    rtexit.o(.ARM.exidx) refers to rtexit.o(.ARM.Collect$$rtexit$$00000000) for .ARM.Collect$$rtexit$$00000000
    rt_raise.o(.text) refers to __raise.o(.text) for __raise
    rt_raise.o(.text) refers to sys_exit.o(.text) for _sys_exit
    defsig_exit.o(.text) refers to sys_exit.o(.text) for _sys_exit
    defsig_fpe_inner.o(.text) refers to defsig_general.o(.text) for __default_signal_display
    libinit2.o(.ARM.Collect$$libinit$$00000010) refers to libinit2.o(.ARM.Collect$$libinit$$0000000F) for .ARM.Collect$$libinit$$0000000F
    libinit2.o(.ARM.Collect$$libinit$$00000012) refers to libinit2.o(.ARM.Collect$$libinit$$0000000F) for .ARM.Collect$$libinit$$0000000F
    libinit2.o(.ARM.Collect$$libinit$$00000014) refers to libinit2.o(.ARM.Collect$$libinit$$0000000F) for .ARM.Collect$$libinit$$0000000F
    libinit2.o(.ARM.Collect$$libinit$$00000016) refers to libinit2.o(.ARM.Collect$$libinit$$0000000F) for .ARM.Collect$$libinit$$0000000F
    libinit2.o(.ARM.Collect$$libinit$$00000018) refers to libinit2.o(.ARM.Collect$$libinit$$0000000F) for .ARM.Collect$$libinit$$0000000F
    libinit2.o(.ARM.Collect$$libinit$$00000026) refers to argv_veneer.o(.emb_text) for __ARM_argv_veneer
    libinit2.o(.ARM.Collect$$libinit$$00000027) refers to argv_veneer.o(.emb_text) for __ARM_argv_veneer
    ae_tasks310_g99.o(i.gen_req1) refers to ae_tasks310_g99.o(i.update_ae_xtest) for update_ae_xtest
    ae_tasks310_g99.o(i.gen_req1) refers to ae_tasks310_g99.o(.bss) for g_tsk_cases
    ae_tasks310_g99.o(i.gen_req2) refers to ae_tasks310_g99.o(i.update_ae_xtest) for update_ae_xtest
    ae_tasks310_g99.o(i.gen_req2) refers to ae_tasks310_g99.o(.bss) for g_tsk_cases
    ae_tasks310_g99.o(i.gen_req3) refers to ae_tasks310_g99.o(i.update_ae_xtest) for update_ae_xtest
    ae_tasks310_g99.o(i.gen_req3) refers to ae_tasks310_g99.o(.bss) for g_tsk_cases
    ae_tasks310_g99.o(i.gen_req4) refers to ae_tasks310_g99.o(i.update_ae_xtest) for update_ae_xtest
    ae_tasks310_g99.o(i.gen_req4) refers to ae_tasks310_g99.o(.bss) for g_tsk_cases
    ae_tasks310_g99.o(i.init_ae_tsk_test) refers to printf.o(i.tfp_printf) for tfp_printf
    ae_tasks310_g99.o(i.init_ae_tsk_test) refers to ae_tasks310_g99.o(.bss) for g_ae_xtest
    ae_tasks310_g99.o(i.init_ae_tsk_test) refers to ae_tasks310_g99.o(.constdata) for PREFIX
    ae_tasks310_g99.o(i.set_ae_init_tasks) refers to ae_tasks310_g99.o(i.set_ae_tasks) for set_ae_tasks
    ae_tasks310_g99.o(i.set_ae_init_tasks) refers to ae_tasks310_g99.o(.bss) for g_init_tasks
    ae_tasks310_g99.o(i.set_ae_tasks) refers to ae_tasks310_g99.o(i.init_ae_tsk_test) for init_ae_tsk_test
    ae_tasks310_g99.o(i.set_ae_tasks) refers to ae_tasks310_g99.o(i.task0) for task0
    ae_tasks310_g99.o(i.task0) refers to printf.o(i.tfp_printf) for tfp_printf
    ae_tasks310_g99.o(i.task0) refers to ae_tasks310_g99.o(i.update_exec_seq) for update_exec_seq
    ae_tasks310_g99.o(i.task0) refers to ae_tasks310_g99.o(i.test0_start) for test0_start
    ae_tasks310_g99.o(i.task0) refers to ae_tasks310_g99.o(i.test1_start) for test1_start
    ae_tasks310_g99.o(i.task0) refers to ae_tasks310_g99.o(i.test2_start) for test2_start
    ae_tasks310_g99.o(i.task0) refers to ae_tasks310_g99.o(i.test3_start) for test3_start
    ae_tasks310_g99.o(i.task0) refers to ae_util.o(i.test_exit) for test_exit
    ae_tasks310_g99.o(i.task0) refers to ae_tasks310_g99.o(.bss) for g_tids
    ae_tasks310_g99.o(i.task0_recieve_msg) refers to printf.o(i.tfp_printf) for tfp_printf
    ae_tasks310_g99.o(i.task0_recieve_msg) refers to ae_tasks310_g99.o(.constdata) for PREFIX_LOG2
    ae_tasks310_g99.o(i.task0_recieve_msg) refers to ae_tasks310_g99.o(.data) for test0_mbx_id
    ae_tasks310_g99.o(i.task0_send_msg_0) refers to printf.o(i.tfp_printf) for tfp_printf
    ae_tasks310_g99.o(i.task0_send_msg_0) refers to ae_tasks310_g99.o(.data) for task0_msg_0_turn_style
    ae_tasks310_g99.o(i.task0_send_msg_1) refers to printf.o(i.tfp_printf) for tfp_printf
    ae_tasks310_g99.o(i.task0_send_msg_1) refers to ae_tasks310_g99.o(.data) for task0_msg_1_turn_style
    ae_tasks310_g99.o(i.task0_send_msg_2) refers to printf.o(i.tfp_printf) for tfp_printf
    ae_tasks310_g99.o(i.task0_send_msg_2) refers to ae_tasks310_g99.o(.data) for task0_msg_2_turn_style
    ae_tasks310_g99.o(i.task1_recieve_msg) refers to printf.o(i.tfp_printf) for tfp_printf
    ae_tasks310_g99.o(i.task1_recieve_msg) refers to ae_tasks310_g99.o(.constdata) for PREFIX_LOG2
    ae_tasks310_g99.o(i.task1_recieve_msg) refers to ae_tasks310_g99.o(.data) for test1_mbx_id
    ae_tasks310_g99.o(i.task1_send_msg_0) refers to printf.o(i.tfp_printf) for tfp_printf
    ae_tasks310_g99.o(i.task1_send_msg_0) refers to ae_tasks310_g99.o(.data) for test1_mbx_id
    ae_tasks310_g99.o(i.task2_recieve_msg) refers to printf.o(i.tfp_printf) for tfp_printf
    ae_tasks310_g99.o(i.task2_recieve_msg) refers to ae_tasks310_g99.o(.constdata) for PREFIX_LOG2
    ae_tasks310_g99.o(i.task2_recieve_msg) refers to ae_tasks310_g99.o(.data) for test2_mbx_id
    ae_tasks310_g99.o(i.task2_send_msg_0) refers to printf.o(i.tfp_printf) for tfp_printf
    ae_tasks310_g99.o(i.task2_send_msg_0) refers to ae_tasks310_g99.o(.data) for test2_mbx_id
    ae_tasks310_g99.o(i.task3_recieve_msg) refers to printf.o(i.tfp_printf) for tfp_printf
    ae_tasks310_g99.o(i.task3_recieve_msg) refers to ae_tasks310_g99.o(.constdata) for PREFIX_LOG2
    ae_tasks310_g99.o(i.task3_recieve_msg) refers to ae_tasks310_g99.o(.data) for test3_mbx_id
    ae_tasks310_g99.o(i.task3_send_msg_0) refers to printf.o(i.tfp_printf) for tfp_printf
    ae_tasks310_g99.o(i.task3_send_msg_0) refers to ae_tasks310_g99.o(.data) for test3_mbx_id
    ae_tasks310_g99.o(i.task3_send_msg_1) refers to printf.o(i.tfp_printf) for tfp_printf
    ae_tasks310_g99.o(i.task3_send_msg_1) refers to ae_tasks310_g99.o(.data) for test3_mbx_id
    ae_tasks310_g99.o(i.test0_start) refers to ae_tasks310_g99.o(i.gen_req1) for gen_req1
    ae_tasks310_g99.o(i.test0_start) refers to printf.o(i.tfp_printf) for tfp_printf
    ae_tasks310_g99.o(i.test0_start) refers to ae_util.o(i.process_sub_result) for process_sub_result
    ae_tasks310_g99.o(i.test0_start) refers to ae_tasks310_g99.o(.bss) for g_ae_xtest
    ae_tasks310_g99.o(i.test0_start) refers to ae_tasks310_g99.o(.constdata) for PREFIX_LOG2
    ae_tasks310_g99.o(i.test0_start) refers to ae_tasks310_g99.o(.conststring) for .conststring
    ae_tasks310_g99.o(i.test0_start) refers to ae_tasks310_g99.o(i.task0_recieve_msg) for task0_recieve_msg
    ae_tasks310_g99.o(i.test0_start) refers to ae_tasks310_g99.o(i.task0_send_msg_0) for task0_send_msg_0
    ae_tasks310_g99.o(i.test0_start) refers to ae_tasks310_g99.o(i.task0_send_msg_1) for task0_send_msg_1
    ae_tasks310_g99.o(i.test0_start) refers to ae_tasks310_g99.o(i.task0_send_msg_2) for task0_send_msg_2
    ae_tasks310_g99.o(i.test0_start) refers to ae_tasks310_g99.o(.data) for task0_msg_2_turn_style
    ae_tasks310_g99.o(i.test1_start) refers to ae_tasks310_g99.o(i.gen_req2) for gen_req2
    ae_tasks310_g99.o(i.test1_start) refers to printf.o(i.tfp_printf) for tfp_printf
    ae_tasks310_g99.o(i.test1_start) refers to ae_util.o(i.process_sub_result) for process_sub_result
    ae_tasks310_g99.o(i.test1_start) refers to ae_tasks310_g99.o(.bss) for g_ae_xtest
    ae_tasks310_g99.o(i.test1_start) refers to ae_tasks310_g99.o(.constdata) for PREFIX_LOG2
    ae_tasks310_g99.o(i.test1_start) refers to ae_tasks310_g99.o(.conststring) for .conststring
    ae_tasks310_g99.o(i.test1_start) refers to ae_tasks310_g99.o(i.task1_recieve_msg) for task1_recieve_msg
    ae_tasks310_g99.o(i.test1_start) refers to ae_tasks310_g99.o(i.task1_send_msg_0) for task1_send_msg_0
    ae_tasks310_g99.o(i.test1_start) refers to ae_tasks310_g99.o(.data) for test1_messages
    ae_tasks310_g99.o(i.test2_start) refers to ae_tasks310_g99.o(i.gen_req3) for gen_req3
    ae_tasks310_g99.o(i.test2_start) refers to printf.o(i.tfp_printf) for tfp_printf
    ae_tasks310_g99.o(i.test2_start) refers to ae_util.o(i.process_sub_result) for process_sub_result
    ae_tasks310_g99.o(i.test2_start) refers to ae_tasks310_g99.o(.bss) for g_ae_xtest
    ae_tasks310_g99.o(i.test2_start) refers to ae_tasks310_g99.o(.constdata) for PREFIX_LOG2
    ae_tasks310_g99.o(i.test2_start) refers to ae_tasks310_g99.o(.conststring) for .conststring
    ae_tasks310_g99.o(i.test2_start) refers to ae_tasks310_g99.o(i.task2_recieve_msg) for task2_recieve_msg
    ae_tasks310_g99.o(i.test2_start) refers to ae_tasks310_g99.o(i.task2_send_msg_0) for task2_send_msg_0
    ae_tasks310_g99.o(i.test2_start) refers to ae_tasks310_g99.o(.data) for test2_messages
    ae_tasks310_g99.o(i.test3_start) refers to ae_tasks310_g99.o(i.gen_req4) for gen_req4
    ae_tasks310_g99.o(i.test3_start) refers to printf.o(i.tfp_printf) for tfp_printf
    ae_tasks310_g99.o(i.test3_start) refers to ae_util.o(i.process_sub_result) for process_sub_result
    ae_tasks310_g99.o(i.test3_start) refers to ae_tasks310_g99.o(.bss) for g_ae_xtest
    ae_tasks310_g99.o(i.test3_start) refers to ae_tasks310_g99.o(.constdata) for PREFIX_LOG2
    ae_tasks310_g99.o(i.test3_start) refers to ae_tasks310_g99.o(.conststring) for .conststring
    ae_tasks310_g99.o(i.test3_start) refers to ae_tasks310_g99.o(i.task3_recieve_msg) for task3_recieve_msg
    ae_tasks310_g99.o(i.test3_start) refers to ae_tasks310_g99.o(i.task3_send_msg_0) for task3_send_msg_0
    ae_tasks310_g99.o(i.test3_start) refers to ae_tasks310_g99.o(i.task3_send_msg_1) for task3_send_msg_1
    ae_tasks310_g99.o(i.test3_start) refers to ae_tasks310_g99.o(.data) for test3_messages
    ae_tasks310_g99.o(i.update_ae_xtest) refers to ae_tasks310_g99.o(.bss) for g_ae_xtest
    ae_tasks310_g99.o(i.update_exec_seq) refers to ae_tasks310_g99.o(.bss) for g_tsk_cases
    sys_exit.o(.text) refers (Special) to use_no_semi.o(.text) for __I$use$semihosting
    sys_exit.o(.text) refers (Special) to indicate_semi.o(.text) for __semihosting_library_function
    rtexit2.o(.ARM.Collect$$rtexit$$00000003) refers to libshutdown.o(.ARM.Collect$$libshutdown$$00000000) for __rt_lib_shutdown
    rtexit2.o(.ARM.Collect$$rtexit$$00000004) refers to sys_exit.o(.text) for _sys_exit
    rtexit2.o(.ARM.exidx) refers to rtexit2.o(.ARM.Collect$$rtexit$$00000001) for .ARM.Collect$$rtexit$$00000001
    rtexit2.o(.ARM.exidx) refers to rtexit2.o(.ARM.Collect$$rtexit$$00000003) for .ARM.Collect$$rtexit$$00000003
    rtexit2.o(.ARM.exidx) refers to rtexit2.o(.ARM.Collect$$rtexit$$00000004) for .ARM.Collect$$rtexit$$00000004
    __raise.o(.text) refers to defsig.o(CL$$defsig) for __default_signal_handler
    defsig_general.o(.text) refers to sys_wrch.o(.text) for _ttywrch
    argv_veneer.o(.emb_text) refers to no_argv.o(.text) for __ARM_get_argv
    ae_util.o(i.HardFault_Handler) refers to printf.o(i.tfp_printf) for tfp_printf
    ae_util.o(i.HardFault_Handler) refers to ae_util.o(i.test_abort) for test_abort
    ae_util.o(i.HardFault_Handler) refers to ae_tasks310_g99.o(.constdata) for PREFIX
    ae_util.o(i.HardFault_Handler) refers to ae_tasks310_g99.o(.bss) for g_ae_xtest
    ae_util.o(i.print_log) refers to printf.o(i.tfp_printf) for tfp_printf
    ae_util.o(i.print_log) refers to ae_tasks310_g99.o(.constdata) for PREFIX_LOG
    ae_util.o(i.print_results) refers to ae_util.o(i.count_set_bits) for count_set_bits
    ae_util.o(i.print_results) refers to printf.o(i.tfp_printf) for tfp_printf
    ae_util.o(i.print_results) refers to ae_tasks310_g99.o(.constdata) for PREFIX_LOG
    ae_util.o(i.print_results) refers to ae_tasks310_g99.o(.bss) for g_ae_xtest
    ae_util.o(i.print_summary) refers to ae_util.o(i.print_results) for print_results
    ae_util.o(i.print_summary) refers to printf.o(i.tfp_printf) for tfp_printf
    ae_util.o(i.print_summary) refers to ae.o(i.ae_exit) for ae_exit
    ae_util.o(i.print_summary) refers to ae_tasks310_g99.o(.bss) for g_ae_cases
    ae_util.o(i.print_summary) refers to ae_tasks310_g99.o(.constdata) for PREFIX
    ae_util.o(i.process_sub_result) refers to ae_util.o(i.print_log) for print_log
    ae_util.o(i.process_sub_result) refers to ae_tasks310_g99.o(.bss) for g_ae_cases
    ae_util.o(i.test_abort) refers to printf.o(i.tfp_printf) for tfp_printf
    ae_util.o(i.test_abort) refers to ae_util.o(i.print_summary) for print_summary
    ae_util.o(i.test_abort) refers to ae_tasks310_g99.o(.bss) for g_ae_xtest
    ae_util.o(i.test_abort) refers to ae_tasks310_g99.o(.constdata) for PREFIX
    ae_util.o(i.test_exit) refers to printf.o(i.tfp_printf) for tfp_printf
    ae_util.o(i.test_exit) refers to ae_util.o(i.print_summary) for print_summary
    ae_util.o(i.test_exit) refers to ae_tasks310_g99.o(.constdata) for PREFIX
    sys_wrch.o(.text) refers (Special) to use_no_semi.o(.text) for __I$use$semihosting
    sys_wrch.o(.text) refers (Special) to indicate_semi.o(.text) for __semihosting_library_function
    defsig.o(CL$$defsig) refers to defsig_fpe_inner.o(.text) for __rt_SIGFPE_inner
    defsig.o(CL$$defsig) refers to defsig_rtmem_inner.o(.text) for __rt_SIGRTMEM_inner
    _get_argv_nomalloc.o(.text) refers (Special) to hrguard.o(.text) for __heap_region$guard
    _get_argv_nomalloc.o(.text) refers to defsig_rtmem_outer.o(.text) for __rt_SIGRTMEM
    _get_argv_nomalloc.o(.text) refers to sys_command.o(.text) for _sys_command_string
    libshutdown.o(.ARM.Collect$$libshutdown$$00000000) refers (Special) to libshutdown2.o(.ARM.Collect$$libshutdown$$00000004) for __rt_lib_shutdown_cpp_1
    libshutdown.o(.ARM.Collect$$libshutdown$$00000000) refers (Special) to libshutdown2.o(.ARM.Collect$$libshutdown$$00000002) for __rt_lib_shutdown_fini_1
    libshutdown.o(.ARM.Collect$$libshutdown$$00000000) refers (Special) to libshutdown2.o(.ARM.Collect$$libshutdown$$00000009) for __rt_lib_shutdown_fp_trap_1
    libshutdown.o(.ARM.Collect$$libshutdown$$00000000) refers (Special) to libshutdown2.o(.ARM.Collect$$libshutdown$$00000011) for __rt_lib_shutdown_heap_1
    libshutdown.o(.ARM.Collect$$libshutdown$$00000000) refers (Special) to libshutdown2.o(.ARM.Collect$$libshutdown$$00000012) for __rt_lib_shutdown_return
    libshutdown.o(.ARM.Collect$$libshutdown$$00000000) refers (Special) to libshutdown2.o(.ARM.Collect$$libshutdown$$0000000C) for __rt_lib_shutdown_signal_1
    libshutdown.o(.ARM.Collect$$libshutdown$$00000000) refers (Special) to libshutdown2.o(.ARM.Collect$$libshutdown$$00000006) for __rt_lib_shutdown_stdio_1
    libshutdown.o(.ARM.Collect$$libshutdown$$00000000) refers (Special) to libshutdown2.o(.ARM.Collect$$libshutdown$$0000000E) for __rt_lib_shutdown_user_alloc_1
    sys_command.o(.text) refers (Special) to use_no_semi.o(.text) for __I$use$semihosting
    sys_command.o(.text) refers (Special) to indicate_semi.o(.text) for __semihosting_library_function
    defsig_abrt_inner.o(.text) refers to defsig_general.o(.text) for __default_signal_display
    defsig_rtred_inner.o(.text) refers to defsig_general.o(.text) for __default_signal_display
    defsig_rtmem_inner.o(.text) refers to defsig_general.o(.text) for __default_signal_display
    defsig_rtmem_outer.o(.text) refers to defsig_rtmem_inner.o(.text) for __rt_SIGRTMEM_inner
    defsig_rtmem_outer.o(.text) refers to defsig_exit.o(.text) for __sig_exit
    defsig_rtmem_formal.o(.text) refers to rt_raise.o(.text) for __rt_raise
    defsig_stak_inner.o(.text) refers to defsig_general.o(.text) for __default_signal_display
    defsig_pvfn_inner.o(.text) refers to defsig_general.o(.text) for __default_signal_display
    defsig_cppl_inner.o(.text) refers to defsig_general.o(.text) for __default_signal_display
    defsig_segv_inner.o(.text) refers to defsig_general.o(.text) for __default_signal_display
    defsig_other.o(.text) refers to defsig_general.o(.text) for __default_signal_display


==============================================================================

Removing Unused input sections from the image.

    Removing uart_polling.o(.rev16_text), (4 bytes).
    Removing uart_polling.o(.revsh_text), (4 bytes).
    Removing uart_polling.o(.rrx_text), (6 bytes).
    Removing uart_polling.o(i.uart_get_char), (48 bytes).
    Removing uart_irq.o(.rev16_text), (4 bytes).
    Removing uart_irq.o(.revsh_text), (4 bytes).
    Removing uart_irq.o(.rrx_text), (6 bytes).
    Removing timer.o(.rev16_text), (4 bytes).
    Removing timer.o(.revsh_text), (4 bytes).
    Removing timer.o(.rrx_text), (6 bytes).
    Removing timer.o(i.timer_freerun_init), (152 bytes).
    Removing timer.o(i.timer_irq_init), (128 bytes).
    Removing hal.o(.rev16_text), (4 bytes).
    Removing hal.o(.revsh_text), (4 bytes).
    Removing hal.o(.rrx_text), (6 bytes).
    Removing k_mem.o(.rev16_text), (4 bytes).
    Removing k_mem.o(.revsh_text), (4 bytes).
    Removing k_mem.o(.rrx_text), (6 bytes).
    Removing k_mem.o(.constdata), (12 bytes).
    Removing k_msg.o(.rev16_text), (4 bytes).
    Removing k_msg.o(.revsh_text), (4 bytes).
    Removing k_msg.o(.rrx_text), (6 bytes).
    Removing k_rtx_init.o(.rev16_text), (4 bytes).
    Removing k_rtx_init.o(.revsh_text), (4 bytes).
    Removing k_rtx_init.o(.rrx_text), (6 bytes).
    Removing k_rtx_init.o(i.k_get_sys_info), (6 bytes).
    Removing k_task.o(.rev16_text), (4 bytes).
    Removing k_task.o(.revsh_text), (4 bytes).
    Removing k_task.o(.rrx_text), (6 bytes).
    Removing bit_array.o(.rev16_text), (4 bytes).
    Removing bit_array.o(.revsh_text), (4 bytes).
    Removing bit_array.o(.rrx_text), (6 bytes).
    Removing free_list.o(.rev16_text), (4 bytes).
    Removing free_list.o(.revsh_text), (4 bytes).
    Removing free_list.o(.rrx_text), (6 bytes).
    Removing helper.o(i.findAddressDelta), (20 bytes).
    Removing ready_queue.o(.rev16_text), (4 bytes).
    Removing ready_queue.o(.revsh_text), (4 bytes).
    Removing ready_queue.o(.rrx_text), (6 bytes).
    Removing mailbox.o(.rev16_text), (4 bytes).
    Removing mailbox.o(.revsh_text), (4 bytes).
    Removing mailbox.o(.rrx_text), (6 bytes).
    Removing mailbox.o(i.isMailboxFull), (18 bytes).
    Removing edf.o(.rev16_text), (4 bytes).
    Removing edf.o(.revsh_text), (4 bytes).
    Removing edf.o(.rrx_text), (6 bytes).
    Removing cdisp_task.o(.rev16_text), (4 bytes).
    Removing cdisp_task.o(.revsh_text), (4 bytes).
    Removing cdisp_task.o(.rrx_text), (6 bytes).
    Removing kcd_task.o(.rev16_text), (4 bytes).
    Removing kcd_task.o(.revsh_text), (4 bytes).
    Removing kcd_task.o(.rrx_text), (6 bytes).
    Removing null_task.o(.rev16_text), (4 bytes).
    Removing null_task.o(.revsh_text), (4 bytes).
    Removing null_task.o(.rrx_text), (6 bytes).
    Removing wall_clock_task.o(i.task_wall_clock), (2 bytes).
    Removing system_lpc17xx.o(.rev16_text), (4 bytes).
    Removing system_lpc17xx.o(.revsh_text), (4 bytes).
    Removing system_lpc17xx.o(.rrx_text), (6 bytes).
    Removing system_lpc17xx.o(i.SystemCoreClockUpdate), (424 bytes).
    Removing system_lpc17xx.o(.data), (4 bytes).
    Removing main.o(.rev16_text), (4 bytes).
    Removing main.o(.revsh_text), (4 bytes).
    Removing ae_util.o(i.strcpy), (32 bytes).

64 unused section(s) (total 1092 bytes) removed from the image.
