Component: ARM Compiler 5.06 update 7 (build 960) Tool: armlink [4d3601]

==============================================================================

Section Cross References

    uart_polling.o(i.putc) refers to uart_polling.o(i.uart_put_string) for uart_put_string
    uart_polling.o(i.putc) refers to uart_polling.o(i.uart_put_char) for uart_put_char
    uart_polling.o(i.uart_put_string) refers to uart_polling.o(i.uart_put_char) for uart_put_char
    uart_irq.o(i.UART0_IRQHandler) refers to k_mem.o(i.k_mpool_alloc) for k_mpool_alloc
    uart_irq.o(i.UART0_IRQHandler) refers to k_msg.o(i.k_send_msg_nb) for k_send_msg_nb
    uart_irq.o(i.UART0_IRQHandler) refers to k_mem.o(i.k_mpool_dealloc) for k_mpool_dealloc
    uart_irq.o(i.UART0_IRQHandler) refers to k_msg.o(i.k_recv_msg_nb_uart) for k_recv_msg_nb_uart
    uart_irq.o(i.UART0_IRQHandler) refers to k_task.o(i.k_tsk_run_new_put_current_task_to_rq) for k_tsk_run_new_put_current_task_to_rq
    uart_irq.o(i.UART0_IRQHandler) refers to uart_irq.o(.data) for g_send_char
    uart_irq.o(i.uart_irq_init) refers to k_mem.o(i.k_mpool_alloc) for k_mpool_alloc
    uart_irq.o(i.uart_irq_init) refers to mailbox.o(i.initializeMailbox) for initializeMailbox
    uart_irq.o(i.uart_irq_init) refers to uart_irq.o(i.__NVIC_SetPriority) for __NVIC_SetPriority
    uart_irq.o(i.uart_irq_init) refers to uart_irq.o(i.__NVIC_EnableIRQ) for __NVIC_EnableIRQ
    uart_irq.o(i.uart_irq_init) refers to uart_irq.o(.data) for uart_mailbox
    timer.o(i.TIMER0_IRQHandler) refers to timer.o(i.get_tick) for get_tick
    timer.o(i.TIMER0_IRQHandler) refers to timer.o(i.subtractTime) for subtractTime
    timer.o(i.TIMER0_IRQHandler) refers to edf.o(i.popFromEDF) for popFromEDF
    timer.o(i.TIMER0_IRQHandler) refers to edf.o(i.pushToEDF) for pushToEDF
    timer.o(i.TIMER0_IRQHandler) refers to ready_queue.o(i.addTCBtoFront) for addTCBtoFront
    timer.o(i.TIMER0_IRQHandler) refers to k_task.o(i.k_tsk_run_new) for k_tsk_run_new
    timer.o(i.TIMER0_IRQHandler) refers to timer.o(.data) for currentTime
    timer.o(i.TIMER0_IRQHandler) refers to k_rtx_init.o(.bss) for readyQueuesArray
    timer.o(i.TIMER0_IRQHandler) refers to k_task.o(.data) for gp_current_task
    timer.o(i.timer_irq_init) refers to timer.o(.data) for g_timer_count
    hal.o(i.SVC_Handler) refers to k_rtx_init.o(i.k_rtx_init) for k_rtx_init
    hal.o(i.SVC_Handler) refers to k_mem.o(i.k_mpool_alloc) for k_mpool_alloc
    hal.o(i.SVC_Handler) refers to k_mem.o(i.k_mpool_dealloc) for k_mpool_dealloc
    hal.o(i.SVC_Handler) refers to k_mem.o(i.k_mpool_dump) for k_mpool_dump
    hal.o(i.SVC_Handler) refers to k_task.o(i.k_tsk_create) for k_tsk_create
    hal.o(i.SVC_Handler) refers to k_task.o(i.k_tsk_exit) for k_tsk_exit
    hal.o(i.SVC_Handler) refers to k_task.o(i.k_tsk_yield) for k_tsk_yield
    hal.o(i.SVC_Handler) refers to k_task.o(i.k_tsk_set_prio) for k_tsk_set_prio
    hal.o(i.SVC_Handler) refers to k_task.o(i.k_tsk_get) for k_tsk_get
    hal.o(i.SVC_Handler) refers to k_task.o(i.k_tsk_gettid) for k_tsk_gettid
    hal.o(i.SVC_Handler) refers to k_task.o(i.k_tsk_ls) for k_tsk_ls
    hal.o(i.SVC_Handler) refers to k_msg.o(i.k_mbx_create) for k_mbx_create
    hal.o(i.SVC_Handler) refers to k_msg.o(i.k_send_msg) for k_send_msg
    hal.o(i.SVC_Handler) refers to k_msg.o(i.k_send_msg_nb) for k_send_msg_nb
    hal.o(i.SVC_Handler) refers to k_msg.o(i.k_recv_msg) for k_recv_msg
    hal.o(i.SVC_Handler) refers to k_msg.o(i.k_recv_msg_nb) for k_recv_msg_nb
    hal.o(i.SVC_Handler) refers to k_msg.o(i.k_mbx_ls) for k_mbx_ls
    hal.o(i.SVC_Handler) refers to k_msg.o(i.k_mbx_get) for k_mbx_get
    hal.o(i.SVC_Handler) refers to k_task.o(i.k_rt_tsk_set) for k_rt_tsk_set
    hal.o(i.SVC_Handler) refers to k_task.o(i.k_rt_tsk_susp) for k_rt_tsk_susp
    hal.o(i.SVC_Handler) refers to k_task.o(i.k_rt_tsk_get) for k_rt_tsk_get
    k_mem.o(i.k_mem_init) refers to k_mem.o(i.k_mpool_create) for k_mpool_create
    k_mem.o(i.k_mpool_alloc) refers to bit_array.o(i.allocateNode) for allocateNode
    k_mem.o(i.k_mpool_alloc) refers to k_mem.o(.bss) for array_RAM1
    k_mem.o(i.k_mpool_alloc) refers to k_rtx_init.o(.data) for errno
    k_mem.o(i.k_mpool_create) refers to bit_array.o(i.initializeBitArray) for initializeBitArray
    k_mem.o(i.k_mpool_create) refers to k_rtx_init.o(.data) for errno
    k_mem.o(i.k_mpool_create) refers to k_mem.o(.bss) for bitarray_RAM1
    k_mem.o(i.k_mpool_dealloc) refers to bit_array.o(i.removeNodes) for removeNodes
    k_mem.o(i.k_mpool_dealloc) refers to k_rtx_init.o(.data) for errno
    k_mem.o(i.k_mpool_dealloc) refers to k_mem.o(.bss) for array_RAM1
    k_mem.o(i.k_mpool_dump) refers to k_mem.o(i.printListLevelInOrder) for printListLevelInOrder
    k_mem.o(i.k_mpool_dump) refers to printf.o(i.tfp_printf) for tfp_printf
    k_mem.o(i.k_mpool_dump) refers to k_mem.o(.bss) for free_list_RAM1
[...]
    ../clib/angel/kernel.s                   0x00000000   Number         0  __rtentry2.o ABSOLUTE
    ../clib/angel/kernel.s                   0x00000000   Number         0  __rtentry4.o ABSOLUTE
    ../clib/angel/kernel.s                   0x00000000   Number         0  rtexit.o ABSOLUTE
    ../clib/angel/kernel.s                   0x00000000   Number         0  __rtentry.o ABSOLUTE
    ../clib/angel/kernel.s                   0x00000000   Number         0  rtexit2.o ABSOLUTE
    ../clib/angel/rt.s                       0x00000000   Number         0  aeabi_ldiv0_sigfpe.o ABSOLUTE
    ../clib/angel/rt.s                       0x00000000   Number         0  rt_div0.o ABSOLUTE
    ../clib/angel/rt.s                       0x00000000   Number         0  rt_raise.o ABSOLUTE
    ../clib/angel/rt.s                       0x00000000   Number         0  aeabi_ldiv0.o ABSOLUTE
    ../clib/angel/scatter.s                  0x00000000   Number         0  __scatter.o ABSOLUTE
    ../clib/angel/startup.s                  0x00000000   Number         0  __main.o ABSOLUTE
    ../clib/angel/sys.s                      0x00000000   Number         0  libspace.o ABSOLUTE
    ../clib/angel/sys.s                      0x00000000   Number         0  sys_stackheap_outer.o ABSOLUTE
    ../clib/angel/sys.s                      0x00000000   Number         0  indicate_semi.o ABSOLUTE
    ../clib/angel/sys.s                      0x00000000   Number         0  use_no_semi.o ABSOLUTE
    ../clib/angel/sysapp.c                   0x00000000   Number         0  sys_wrch.o ABSOLUTE
    ../clib/angel/sysapp.c                   0x00000000   Number         0  sys_command.o ABSOLUTE
    ../clib/angel/sysapp.c                   0x00000000   Number         0  sys_exit.o ABSOLUTE
    ../clib/armsys.c                         0x00000000   Number         0  argv_veneer.o ABSOLUTE
    ../clib/armsys.c                         0x00000000   Number         0  no_argv.o ABSOLUTE
    ../clib/armsys.c                         0x00000000   Number         0  _get_argv_nomalloc.o ABSOLUTE
    ../clib/armsys.c                         0x00000000   Number         0  argv_veneer.o ABSOLUTE
    ../clib/heapalloc.c                      0x00000000   Number         0  hrguard.o ABSOLUTE
    ../clib/heapaux.c                        0x00000000   Number         0  heapauxi.o ABSOLUTE
    ../clib/libinit.s                        0x00000000   Number         0  libinit2.o ABSOLUTE
    ../clib/libinit.s                        0x00000000   Number         0  libshutdown2.o ABSOLUTE
    ../clib/libinit.s                        0x00000000   Number         0  libinit.o ABSOLUTE
    ../clib/libinit.s                        0x00000000   Number         0  libshutdown.o ABSOLUTE
    ../clib/longlong.s                       0x00000000   Number         0  lludivv7m.o ABSOLUTE
    ../clib/signal.c                         0x00000000   Number         0  defsig_rtmem_outer.o ABSOLUTE
    ../clib/signal.c                         0x00000000   Number         0  defsig_rtmem_inner.o ABSOLUTE
    ../clib/signal.c                         0x00000000   Number         0  defsig_rtred_inner.o ABSOLUTE
    ../clib/signal.c                         0x00000000   Number         0  defsig_stak_inner.o ABSOLUTE
    ../clib/signal.c                         0x00000000   Number         0  defsig_fpe_outer.o ABSOLUTE
    ../clib/signal.c                         0x00000000   Number         0  defsig_abrt_inner.o ABSOLUTE
    ../clib/signal.c                         0x00000000   Number         0  defsig_fpe_inner.o ABSOLUTE
    ../clib/signal.c                         0x00000000   Number         0  defsig_exit.o ABSOLUTE
    ../clib/signal.c                         0x00000000   Number         0  defsig_other.o ABSOLUTE
    ../clib/signal.c                         0x00000000   Number         0  __raise.o ABSOLUTE
    ../clib/signal.c                         0x00000000   Number         0  defsig_rtmem_formal.o ABSOLUTE
    ../clib/signal.c                         0x00000000   Number         0  defsig_fpe_formal.o ABSOLUTE
    ../clib/signal.c                         0x00000000   Number         0  defsig_general.o ABSOLUTE
    ../clib/signal.c                         0x00000000   Number         0  defsig_segv_inner.o ABSOLUTE
    ../clib/signal.c                         0x00000000   Number         0  defsig_cppl_inner.o ABSOLUTE
    ../clib/signal.c                         0x00000000   Number         0  defsig_pvfn_inner.o ABSOLUTE
    ../clib/signal.s                         0x00000000   Number         0  defsig.o ABSOLUTE
    ../clib/stdlib.c                         0x00000000   Number         0  exit.o ABSOLUTE
    ../fplib/fpinit.s                        0x00000000   Number         0  fpinit.o ABSOLUTE
    RTE\Device\LPC1768\startup_LPC17xx.s     0x00000000   Number         0  startup_lpc17xx.o ABSOLUTE
    RTE\Device\LPC1768\system_LPC17xx.c      0x00000000   Number         0  system_lpc17xx.o ABSOLUTE
    RTE\\Device\\LPC1768\\system_LPC17xx.c   0x00000000   Number         0  system_lpc17xx.o ABSOLUTE
    dc.s                                     0x00000000   Number         0  dc.o ABSOLUTE
    src\\bsp\\LPC1768\\timer.c               0x00000000   Number         0  timer.o ABSOLUTE
    src\\bsp\\LPC1768\\uart_irq.c            0x00000000   Number         0  uart_irq.o ABSOLUTE
    src\\bsp\\LPC1768\\uart_polling.c        0x00000000   Number         0  uart_polling.o ABSOLUTE
    src\\kernel\\EDF.c                       0x00000000   Number         0  edf.o ABSOLUTE
    src\\kernel\\HAL.c                       0x00000000   Number         0  hal.o ABSOLUTE
    src\\kernel\\bit_array.c                 0x00000000   Number         0  bit_array.o ABSOLUTE
    src\\kernel\\free_list.c                 0x00000000   Number         0  free_list.o ABSOLUTE
    src\\kernel\\k_mem.c                     0x00000000   Number         0  k_mem.o ABSOLUTE
    src\\kernel\\k_msg.c                     0x00000000   Number         0  k_msg.o ABSOLUTE
    src\\kernel\\k_rtx_init.c                0x00000000   Number         0  k_rtx_init.o ABSOLUTE
    src\\kernel\\k_task.c                    0x00000000   Number         0  k_task.o ABSOLUTE
    src\\kernel\\mailbox.c                   0x00000000   Number         0  mailbox.o ABSOLUTE
    src\\kernel\\ready_queue.c               0x00000000   Number         0  ready_queue.o ABSOLUTE
    src\\main.c                              0x00000000   Number         0  main.o ABSOLUTE
    src\\tasks\\cdisp_task.c                 0x00000000   Number         0  cdisp_task.o ABSOLUTE
    src\\tasks\\kcd_task.c                   0x00000000   Number         0  kcd_task.o ABSOLUTE
    src\\tasks\\null_task.c                  0x00000000   Number         0  null_task.o ABSOLUTE
    src\\tasks\\wall_clock_task.c            0x00000000   Number         0  wall_clock_task.o ABSOLUTE
    src\ae\ae.c                              0x00000000   Number         0  ae.o ABSOLUTE
    src\ae\ae_tasks3_G25.c                   0x00000000   Number         0  ae_tasks3_g25.o ABSOLUTE
    src\ae\ae_util.c                         0x00000000   Number         0  ae_util.o ABSOLUTE
    src\bsp\LPC1768\timer.c                  0x00000000   Number         0  timer.o ABSOLUTE
    src\bsp\LPC1768\uart_irq.c               0x00000000   Number         0  uart_irq.o ABSOLUTE
    src\bsp\LPC1768\uart_polling.c           0x00000000   Number         0  uart_polling.o ABSOLUTE
    src\kernel\EDF.c                         0x00000000   Number         0  edf.o ABSOLUTE
    src\kernel\HAL.c                         0x00000000   Number         0  hal.o ABSOLUTE
    src\kernel\bit_array.c                   0x00000000   Number         0  bit_array.o ABSOLUTE
    src\kernel\free_list.c                   0x00000000   Number         0  free_list.o ABSOLUTE
    src\kernel\helper.c                      0x00000000   Number         0  helper.o ABSOLUTE
    src\kernel\k_mem.c                       0x00000000   Number         0  k_mem.o ABSOLUTE
    src\kernel\k_msg.c                       0x00000000   Number         0  k_msg.o ABSOLUTE
    src\kernel\k_rtx_init.c                  0x00000000   Number         0  k_rtx_init.o ABSOLUTE
    src\kernel\k_task.c                      0x00000000   Number         0  k_task.o ABSOLUTE
    src\kernel\mailbox.c                     0x00000000   Number         0  mailbox.o ABSOLUTE
    src\kernel\ready_queue.c                 0x00000000   Number         0  ready_queue.o ABSOLUTE
    src\libu\printf.c                        0x00000000   Number         0  printf.o ABSOLUTE
    src\main.c                               0x00000000   Number         0  main.o ABSOLUTE
    src\tasks\cdisp_task.c                   0x00000000   Number         0  cdisp_task.o ABSOLUTE
    src\tasks\kcd_task.c                     0x00000000   Number         0  kcd_task.o ABSOLUTE
    src\tasks\null_task.c                    0x00000000   Number         0  null_task.o ABSOLUTE
    src\tasks\wall_clock_task.c              0x00000000   Number         0  wall_clock_task.o ABSOLUTE
    !!!main                                  0x000000cc   Section        8  __main.o(!!!main)
    !!!scatter                               0x000000d4   Section       52  __scatter.o(!!!scatter)
    !!handler_copy                           0x00000108   Section       26  __scatter_copy.o(!!handler_copy)
    !!handler_zi                             0x00000124   Section       28  __scatter_zi.o(!!handler_zi)
    .ARM.Collect$$libinit$$00000000          0x00000140   Section        2  libinit.o(.ARM.Collect$$libinit$$00000000)
    .ARM.Collect$$libinit$$00000002          0x00000142   Section        0  libinit2.o(.ARM.Collect$$libinit$$00000002)
    .ARM.Collect$$libinit$$00000004          0x00000142   Section        0  libinit2.o(.ARM.Collect$$libinit$$00000004)
    .ARM.Collect$$libinit$$0000000A          0x00000142   Section        0  libinit2.o(.ARM.Collect$$libinit$$0000000A)
    .ARM.Collect$$libinit$$0000000C          0x00000142   Section        0  libinit2.o(.ARM.Collect$$libinit$$0000000C)
    .ARM.Collect$$libinit$$0000000E          0x00000142   Section        0  libinit2.o(.ARM.Collect$$libinit$$0000000E)
    .ARM.Collect$$libinit$$00000011          0x00000142   Section        0  libinit2.o(.ARM.Collect$$libinit$$00000011)
    .ARM.Collect$$libinit$$00000013          0x00000142   Section        0  libinit2.o(.ARM.Collect$$libinit$$00000013)
    .ARM.Collect$$libinit$$00000015          0x00000142   Section        0  libinit2.o(.ARM.Collect$$libinit$$00000015)
    .ARM.Collect$$libinit$$00000017          0x00000142   Section        0  libinit2.o(.ARM.Collect$$libinit$$00000017)
    .ARM.Collect$$libinit$$00000019          0x00000142   Section        0  libinit2.o(.ARM.Collect$$libinit$$00000019)
    .ARM.Collect$$libinit$$0000001B          0x00000142   Section        0  libinit2.o(.ARM.Collect$$libinit$$0000001B)
    .ARM.Collect$$libinit$$0000001D          0x00000142   Section        0  libinit2.o(.ARM.Collect$$libinit$$0000001D)
    .ARM.Collect$$libinit$$0000001F          0x00000142   Section        0  libinit2.o(.ARM.Collect$$libinit$$0000001F)
    .ARM.Collect$$libinit$$00000021          0x00000142   Section        0  libinit2.o(.ARM.Collect$$libinit$$00000021)
    .ARM.Collect$$libinit$$00000023          0x00000142   Section        0  libinit2.o(.ARM.Collect$$libinit$$00000023)
    .ARM.Collect$$libinit$$00000025          0x00000142   Section        0  libinit2.o(.ARM.Collect$$libinit$$00000025)
    .ARM.Collect$$libinit$$0000002C          0x00000142   Section        0  libinit2.o(.ARM.Collect$$libinit$$0000002C)
    .ARM.Collect$$libinit$$0000002E          0x00000142   Section        0  libinit2.o(.ARM.Collect$$libinit$$0000002E)
    .ARM.Collect$$libinit$$00000030          0x00000142   Section        0  libinit2.o(.ARM.Collect$$libinit$$00000030)
    .ARM.Collect$$libinit$$00000032          0x00000142   Section        0  libinit2.o(.ARM.Collect$$libinit$$00000032)
    .ARM.Collect$$libinit$$00000033          0x00000142   Section        2  libinit2.o(.ARM.Collect$$libinit$$00000033)
    .ARM.Collect$$libshutdown$$00000000      0x00000144   Section        2  libshutdown.o(.ARM.Collect$$libshutdown$$00000000)
    .ARM.Collect$$libshutdown$$00000002      0x00000146   Section        0  libshutdown2.o(.ARM.Collect$$libshutdown$$00000002)
    .ARM.Collect$$libshutdown$$00000004      0x00000146   Section        0  libshutdown2.o(.ARM.Collect$$libshutdown$$00000004)
    .ARM.Collect$$libshutdown$$00000006      0x00000146   Section        0  libshutdown2.o(.ARM.Collect$$libshutdown$$00000006)
    .ARM.Collect$$libshutdown$$00000009      0x00000146   Section        0  libshutdown2.o(.ARM.Collect$$libshutdown$$00000009)
    .ARM.Collect$$libshutdown$$0000000C      0x00000146   Section        0  libshutdown2.o(.ARM.Collect$$libshutdown$$0000000C)
    .ARM.Collect$$libshutdown$$0000000E      0x00000146   Section        0  libshutdown2.o(.ARM.Collect$$libshutdown$$0000000E)
    .ARM.Collect$$libshutdown$$00000011      0x00000146   Section        0  libshutdown2.o(.ARM.Collect$$libshutdown$$00000011)
    .ARM.Collect$$libshutdown$$00000012      0x00000146   Section        2  libshutdown2.o(.ARM.Collect$$libshutdown$$00000012)
    .ARM.Collect$$rtentry$$00000000          0x00000148   Section        0  __rtentry.o(.ARM.Collect$$rtentry$$00000000)
    .ARM.Collect$$rtentry$$00000002          0x00000148   Section        0  __rtentry2.o(.ARM.Collect$$rtentry$$00000002)
    .ARM.Collect$$rtentry$$00000004          0x00000148   Section        6  __rtentry4.o(.ARM.Collect$$rtentry$$00000004)
    .ARM.Collect$$rtentry$$00000009          0x0000014e   Section        0  __rtentry2.o(.ARM.Collect$$rtentry$$00000009)
    .ARM.Collect$$rtentry$$0000000A          0x0000014e   Section        4  __rtentry2.o(.ARM.Collect$$rtentry$$0000000A)
    .ARM.Collect$$rtentry$$0000000C          0x00000152   Section        0  __rtentry2.o(.ARM.Collect$$rtentry$$0000000C)
    .ARM.Collect$$rtentry$$0000000D          0x00000152   Section        8  __rtentry2.o(.ARM.Collect$$rtentry$$0000000D)
    .ARM.Collect$$rtexit$$00000000           0x0000015a   Section        2  rtexit.o(.ARM.Collect$$rtexit$$00000000)
    .ARM.Collect$$rtexit$$00000002           0x0000015c   Section        0  rtexit2.o(.ARM.Collect$$rtexit$$00000002)
    .ARM.Collect$$rtexit$$00000003           0x0000015c   Section        4  rtexit2.o(.ARM.Collect$$rtexit$$00000003)
    .ARM.Collect$$rtexit$$00000004           0x00000160   Section        6  rtexit2.o(.ARM.Collect$$rtexit$$00000004)
    .emb_text                                0x00000168   Section        8  hal.o(.emb_text)
    .emb_text                                0x00000170   Section       50  k_task.o(.emb_text)
    .text                                    0x000001a4   Section       60  startup_lpc17xx.o(.text)
    .text                                    0x000001e0   Section        0  heapauxi.o(.text)
    .text                                    0x000001e6   Section       74  sys_stackheap_outer.o(.text)
    .text                                    0x00000230   Section        0  exit.o(.text)
    .text                                    0x00000244   Section        8  libspace.o(.text)
    .text                                    0x0000024c   Section        0  sys_exit.o(.text)
    .text                                    0x00000258   Section        2  use_no_semi.o(.text)
    .text                                    0x0000025a   Section        0  indicate_semi.o(.text)
    i.HardFault_Handler                      0x0000025c   Section        0  ae_util.o(i.HardFault_Handler)
    i.__NVIC_EnableIRQ                       0x0000028c   Section        0  uart_irq.o(i.__NVIC_EnableIRQ)
    __NVIC_EnableIRQ                         0x0000028d   Thumb Code    34  uart_irq.o(i.__NVIC_EnableIRQ)
    i.__NVIC_SetPriority                     0x000002b0   Section        0  uart_irq.o(i.__NVIC_SetPriority)
    __NVIC_SetPriority                       0x000002b1   Thumb Code    32  uart_irq.o(i.__NVIC_SetPriority)
    i.ae_exit                                0x000002d8   Section        0  ae.o(i.ae_exit)
    i.ae_set_init_tasks_info                 0x000002de   Section        0  ae.o(i.ae_set_init_tasks_info)
    i.task1                                  0x000002f4   Section        0  ae_tasks3_g25.o(i.task1)
    i.task2                                  0x000002f8   Section        0  ae_tasks3_g25.o(i.task2)
    .ARM.__at_0x02FC                         0x000002fc   Section        4  startup_lpc17xx.o(.ARM.__at_0x02FC)
    i.SVC_Handler                            0x00000300   Section        0  hal.o(i.SVC_Handler)
    i.SystemInit                             0x00000428   Section        0  system_lpc17xx.o(i.SystemInit)
    i.TIMER0_IRQHandler                      0x00000568   Section        0  timer.o(i.TIMER0_IRQHandler)
    i.UART0_IRQHandler                       0x0000063c   Section        0  uart_irq.o(i.UART0_IRQHandler)
    i.a2d                                    0x00000718   Section        0  printf.o(i.a2d)
    a2d                                      0x00000719   Thumb Code    50  printf.o(i.a2d)
    i.a2i                                    0x0000074a   Section        0  printf.o(i.a2i)
    a2i                                      0x0000074b   Thumb Code    58  printf.o(i.a2i)
    i.addMessage                             0x00000784   Section        0  mailbox.o(i.addMessage)
    i.addNode                                0x00000808   Section        0  free_list.o(i.addNode)
    i.addTCBtoBack                           0x00000920   Section        0  ready_queue.o(i.addTCBtoBack)
    i.addTCBtoFront                          0x00000964   Section        0  ready_queue.o(i.addTCBtoFront)
    i.addTCBtoRecvBLK                        0x000009a0   Section        0  ready_queue.o(i.addTCBtoRecvBLK)
    i.ae_init                                0x000009e4   Section        0  ae.o(i.ae_init)
    i.ae_set_sys_info                        0x00000a14   Section        0  ae.o(i.ae_set_sys_info)
    i.allocate                               0x00000a2c   Section        0  free_list.o(i.allocate)
    i.allocateNode                           0x00000c3c   Section        0  bit_array.o(i.allocateNode)
    i.assignTaskId                           0x00000ce4   Section        0  kcd_task.o(i.assignTaskId)
    i.canSendMsg                             0x00000d2c   Section        0  ready_queue.o(i.canSendMsg)
    i.coalesce                               0x00000d70   Section        0  bit_array.o(i.coalesce)
    i.convertLevelToIndex                    0x00000f24   Section        0  bit_array.o(i.convertLevelToIndex)
    i.countDigits                            0x00000f34   Section        0  kcd_task.o(i.countDigits)
    i.count_set_bits                         0x00000f54   Section        0  ae_util.o(i.count_set_bits)
    i.deallocateMailbox                      0x00000f66   Section        0  mailbox.o(i.deallocateMailbox)
    i.findLevel                              0x00000f80   Section        0  helper.o(i.findLevel)
    i.findSize                               0x00000fa0   Section        0  helper.o(i.findSize)
    i.gen_req0                               0x00000fb4   Section        0  ae_tasks3_g25.o(i.gen_req0)
    i.getBitPositionMask                     0x00001000   Section        0  bit_array.o(i.getBitPositionMask)
    i.getHeight                              0x00001010   Section        0  bit_array.o(i.getHeight)
    i.getMessage                             0x00001030   Section        0  mailbox.o(i.getMessage)
    i.getTaskId                              0x000010f0   Section        0  kcd_task.o(i.getTaskId)
    i.getTotalTimeMicroSeconds               0x00001138   Section        0  k_task.o(i.getTotalTimeMicroSeconds)
    i.getXPosition                           0x0000114a   Section        0  bit_array.o(i.getXPosition)
    i.get_tick                               0x00001160   Section        0  timer.o(i.get_tick)
    i.i2a                                    0x000011a8   Section        0  printf.o(i.i2a)
    i2a                                      0x000011a9   Thumb Code    32  printf.o(i.i2a)
    i.init_ae_tsk_test                       0x000011c8   Section        0  ae_tasks3_g25.o(i.init_ae_tsk_test)
    i.init_printf                            0x00001244   Section        0  printf.o(i.init_printf)
    i.initializeArrayOfFreeLists             0x00001258   Section        0  free_list.o(i.initializeArrayOfFreeLists)
    i.initializeArrayOfReadyQueues           0x00001290   Section        0  ready_queue.o(i.initializeArrayOfReadyQueues)
    i.initializeBitArray                     0x000012ae   Section        0  bit_array.o(i.initializeBitArray)
    i.initializeMailbox                      0x00001300   Section        0  mailbox.o(i.initializeMailbox)
    i.isShorter                              0x00001330   Section        0  edf.o(i.isShorter)
    i.k_mbx_create                           0x0000135c   Section        0  k_msg.o(i.k_mbx_create)
    i.k_mbx_create_cstm_task                 0x000013b8   Section        0  k_msg.o(i.k_mbx_create_cstm_task)
    i.k_mbx_get                              0x0000142c   Section        0  k_msg.o(i.k_mbx_get)
    i.k_mbx_ls                               0x0000149c   Section        0  k_msg.o(i.k_mbx_ls)
    i.k_mem_init                             0x000014fc   Section        0  k_mem.o(i.k_mem_init)
    i.k_mpool_alloc                          0x0000153c   Section        0  k_mem.o(i.k_mpool_alloc)
    i.k_mpool_create                         0x00001590   Section        0  k_mem.o(i.k_mpool_create)
    i.k_mpool_dealloc                        0x00001620   Section        0  k_mem.o(i.k_mpool_dealloc)
    i.k_mpool_dump                           0x00001694   Section        0  k_mem.o(i.k_mpool_dump)
    i.k_pre_rtx_init                         0x00001738   Section        0  k_rtx_init.o(i.k_pre_rtx_init)
    i.k_recv_msg                             0x00001768   Section        0  k_msg.o(i.k_recv_msg)
    i.k_recv_msg_nb                          0x0000181c   Section        0  k_msg.o(i.k_recv_msg_nb)
    i.k_recv_msg_nb_uart                     0x00001898   Section        0  k_msg.o(i.k_recv_msg_nb_uart)
    i.k_rt_tsk_get                           0x000018e4   Section        0  k_task.o(i.k_rt_tsk_get)
    i.k_rt_tsk_set                           0x00001964   Section        0  k_task.o(i.k_rt_tsk_set)
    i.k_rt_tsk_susp                          0x00001a28   Section        0  k_task.o(i.k_rt_tsk_susp)
    i.k_rtx_init                             0x00001a84   Section        0  k_rtx_init.o(i.k_rtx_init)
    i.k_send_msg                             0x00001b98   Section        0  k_msg.o(i.k_send_msg)
    i.k_send_msg_nb                          0x00001cb4   Section        0  k_msg.o(i.k_send_msg_nb)
    i.k_tsk_create                           0x00001dec   Section        0  k_task.o(i.k_tsk_create)
    i.k_tsk_create_new                       0x00001f50   Section        0  k_task.o(i.k_tsk_create_new)
    i.k_tsk_exit                             0x000020a8   Section        0  k_task.o(i.k_tsk_exit)
    i.k_tsk_get                              0x00002138   Section        0  k_task.o(i.k_tsk_get)
    i.k_tsk_gettid                           0x00002208   Section        0  k_task.o(i.k_tsk_gettid)
    i.k_tsk_init                             0x00002214   Section        0  k_task.o(i.k_tsk_init)
    i.k_tsk_init_first                       0x000022bc   Section        0  k_task.o(i.k_tsk_init_first)
    i.k_tsk_ls                               0x000022d8   Section        0  k_task.o(i.k_tsk_ls)
    i.k_tsk_run_new                          0x0000232c   Section        0  k_task.o(i.k_tsk_run_new)
    i.k_tsk_run_new_put_current_task_to_rq   0x00002388   Section        0  k_task.o(i.k_tsk_run_new_put_current_task_to_rq)
    i.k_tsk_set_prio                         0x000023a8   Section        0  k_task.o(i.k_tsk_set_prio)
    i.k_tsk_yield                            0x000024f4   Section        0  k_task.o(i.k_tsk_yield)
    i.locateNode                             0x00002550   Section        0  bit_array.o(i.locateNode)
    i.log_2                                  0x00002580   Section        0  helper.o(i.log_2)
    i.main                                   0x00002590   Section        0  main.o(i.main)
    i.parseTime                              0x000025f8   Section        0  wall_clock_task.o(i.parseTime)
    i.popFromEDF                             0x00002638   Section        0  edf.o(i.popFromEDF)
    i.power                                  0x00002654   Section        0  helper.o(i.power)
    i.printLMbuffer                          0x00002678   Section        0  kcd_task.o(i.printLMbuffer)
    i.printLTbuffer                          0x00002750   Section        0  kcd_task.o(i.printLTbuffer)
    i.printListLevelInOrder                  0x000027f4   Section        0  k_mem.o(i.printListLevelInOrder)
    i.printToConsole                         0x0000283c   Section        0  kcd_task.o(i.printToConsole)
    i.printToConsole2                        0x0000287c   Section        0  wall_clock_task.o(i.printToConsole2)
    i.printToUART                            0x000028bc   Section        0  cdisp_task.o(i.printToUART)
    i.print_log                              0x0000293c   Section        0  ae_util.o(i.print_log)
    i.print_results                          0x000029ac   Section        0  ae_util.o(i.print_results)
    i.print_summary                          0x00002acc   Section        0  ae_util.o(i.print_summary)
    i.priorityLevelToIndex                   0x00002af8   Section        0  ready_queue.o(i.priorityLevelToIndex)
    i.prnCNF                                 0x00002b10   Section        0  kcd_task.o(i.prnCNF)
    i.process_sub_result                     0x00002b48   Section        0  ae_util.o(i.process_sub_result)
    i.pushToEDF                              0x00002b80   Section        0  edf.o(i.pushToEDF)
    i.putc                                   0x00002c24   Section        0  uart_polling.o(i.putc)
    i.putchw                                 0x00002c68   Section        0  printf.o(i.putchw)
    putchw                                   0x00002c69   Thumb Code    82  printf.o(i.putchw)
    i.putcp                                  0x00002cba   Section        0  printf.o(i.putcp)
    putcp                                    0x00002cbb   Thumb Code    10  printf.o(i.putcp)
    i.removeNode                             0x00002cc4   Section        0  free_list.o(i.removeNode)
    i.removeNodes                            0x00002ddc   Section        0  bit_array.o(i.removeNodes)
    i.removeSpecificTCB                      0x00003068   Section        0  ready_queue.o(i.removeSpecificTCB)
    i.removeTCB                              0x000030c6   Section        0  ready_queue.o(i.removeTCB)
    i.scheduler                              0x000030fc   Section        0  k_task.o(i.scheduler)
    i.sendAll                                0x00003148   Section        0  k_msg.o(i.sendAll)
    i.sendQScheduler                         0x00003180   Section        0  k_msg.o(i.sendQScheduler)
    i.set_ae_init_tasks                      0x000031d0   Section        0  ae_tasks3_g25.o(i.set_ae_init_tasks)
    i.set_ae_tasks                           0x000031ec   Section        0  ae_tasks3_g25.o(i.set_ae_tasks)
    i.strcpy                                 0x00003230   Section        0  ae_util.o(i.strcpy)
    i.subtractTime                           0x00003250   Section        0  timer.o(i.subtractTime)
    i.task0                                  0x00003290   Section        0  ae_tasks3_g25.o(i.task0)
    i.task_cdisp                             0x000032f0   Section        0  cdisp_task.o(i.task_cdisp)
    i.task_kcd                               0x00003318   Section        0  kcd_task.o(i.task_kcd)
    i.task_null                              0x000034e0   Section        0  null_task.o(i.task_null)
    i.task_wall_clock                        0x000034e8   Section        0  wall_clock_task.o(i.task_wall_clock)
    i.test0_start                            0x000035f8   Section        0  ae_tasks3_g25.o(i.test0_start)
    i.test_abort                             0x00003878   Section        0  ae_util.o(i.test_abort)
    i.test_exit                              0x000038e4   Section        0  ae_util.o(i.test_exit)
    i.tfp_format                             0x00003908   Section        0  printf.o(i.tfp_format)
    i.tfp_printf                             0x00003a30   Section        0  printf.o(i.tfp_printf)
    i.tfp_sprintf                            0x00003a5c   Section        0  printf.o(i.tfp_sprintf)
    i.timeFormat                             0x00003a88   Section        0  wall_clock_task.o(i.timeFormat)
    i.timer_freerun_init                     0x00003b54   Section        0  timer.o(i.timer_freerun_init)
    i.timer_irq_init                         0x00003bec   Section        0  timer.o(i.timer_irq_init)
    i.uart_init                              0x00003c6c   Section        0  uart_polling.o(i.uart_init)
    i.uart_irq_init                          0x00003cd8   Section        0  uart_irq.o(i.uart_irq_init)
    i.uart_put_char                          0x00003d90   Section        0  uart_polling.o(i.uart_put_char)
    i.uart_put_string                        0x00003dc4   Section        0  uart_polling.o(i.uart_put_string)
    i.ui2a                                   0x00003dea   Section        0  printf.o(i.ui2a)
    ui2a                                     0x00003deb   Thumb Code    86  printf.o(i.ui2a)
    i.updateParentNodes                      0x00003e40   Section        0  bit_array.o(i.updateParentNodes)
    i.update_ae_xtest                        0x00003e8c   Section        0  ae_tasks3_g25.o(i.update_ae_xtest)
    i.update_exec_seq                        0x00003ea4   Section        0  ae_tasks3_g25.o(i.update_exec_seq)
    .constdata                               0x00003ee8   Section       33  ae_tasks3_g25.o(.constdata)
    .conststring                             0x00003f0c   Section      249  ae_tasks3_g25.o(.conststring)
    .data                                    0x10000000   Section       16  uart_irq.o(.data)
    gp_buffer                                0x10000004   Data           4  uart_irq.o(.data)
    .data                                    0x10000010   Section       20  timer.o(.data)
    .data                                    0x10000024   Section        4  k_rtx_init.o(.data)
    .data                                    0x10000028   Section       10  k_task.o(.data)
    .data                                    0x10000032   Section        1  bit_array.o(.data)
    .data                                    0x10000033   Section        1  free_list.o(.data)
    .data                                    0x10000034   Section        8  printf.o(.data)
    stdout_putf                              0x10000034   Data           4  printf.o(.data)
    stdout_putp                              0x10000038   Data           4  printf.o(.data)
    .data                                    0x1000003c   Section       16  main.o(.data)
    sys                                      0x1000003c   Data           8  main.o(.data)
    p_tasks                                  0x10000044   Data           4  main.o(.data)
    num                                      0x10000048   Data           4  main.o(.data)
    .data                                    0x1000004c   Section        8  ae_tasks3_g25.o(.data)
    .bss                                     0x10000054   Section      488  k_mem.o(.bss)
    .bss                                     0x1000023c   Section      104  k_rtx_init.o(.bss)
    .bss                                     0x100002a4   Section      800  k_task.o(.bss)
    .bss                                     0x100005c4   Section       62  kcd_task.o(.bss)
    .bss                                     0x10000604   Section       96  libspace.o(.bss)
    .bss                                     0x10000664   Section      500  ae_tasks3_g25.o(.bss)
    HEAP                                     0x10000858   Section        0  startup_lpc17xx.o(HEAP)
    STACK                                    0x10000858   Section      512  startup_lpc17xx.o(STACK)
    Heap_Mem                                 0x10000858   Data           0  startup_lpc17xx.o(HEAP)
    Stack_Mem                                0x10000858   Data         512  startup_lpc17xx.o(STACK)
    __initial_sp                             0x10000a58   Data           0  startup_lpc17xx.o(STACK)

    Global Symbols

    Symbol Name                              Value     Ov Type        Size  Object(Section)

    BuildAttributes$$THM_ISAv4$P$D$K$B$S$PE$A:L22UL41UL21$X:L11$S22US41US21$IEEE1$IW$USESV6$~STKCKD$USESV7$~SHL$OSPACE$ROPI$EBA8$UX$STANDARDLIB$REQ8$PRES8$EABIv2 0x00000000   Number         0  anon$$obj.o ABSOLUTE
    __ARM_use_no_argv                        0x00000000   Number         0  main.o ABSOLUTE
    __Vectors                                0x00000000   Data           4  startup_lpc17xx.o(RESET)
    __ARM_exceptions_init                     - Undefined Weak Reference
    __alloca_initialize                       - Undefined Weak Reference
    __arm_fini_                               - Undefined Weak Reference
    __arm_preinit_                            - Undefined Weak Reference
    __cpp_initialize__aeabi_                  - Undefined Weak Reference
    __cxa_finalize                            - Undefined Weak Reference
    __rt_locale                               - Undefined Weak Reference
    __sigvec_lookup                           - Undefined Weak Reference
    _atexit_init                              - Undefined Weak Reference
    _call_atexit_fns                          - Undefined Weak Reference
    _clock_init                               - Undefined Weak Reference
    _fp_trap_init                             - Undefined Weak Reference
    _fp_trap_shutdown                         - Undefined Weak Reference
    _get_lc_collate                           - Undefined Weak Reference
    _get_lc_ctype                             - Undefined Weak Reference
    _get_lc_monetary                          - Undefined Weak Reference
    _get_lc_numeric                           - Undefined Weak Reference
    _get_lc_time                              - Undefined Weak Reference
    _getenv_init                              - Undefined Weak Reference
    _handle_redirection                       - Undefined Weak Reference
    _init_alloc                               - Undefined Weak Reference
    _init_user_alloc                          - Undefined Weak Reference
    _initio                                   - Undefined Weak Reference
    _rand_init                                - Undefined Weak Reference
    _signal_finish                            - Undefined Weak Reference
    _signal_init                              - Undefined Weak Reference
    _terminate_alloc                          - Undefined Weak Reference
    _terminate_user_alloc                     - Undefined Weak Reference
    _terminateio                              - Undefined Weak Reference
    __main                                   0x000000cd   Thumb Code     8  __main.o(!!!main)
    __scatterload                            0x000000d5   Thumb Code     0  __scatter.o(!!!scatter)
    __scatterload_rt2                        0x000000d5   Thumb Code    44  __scatter.o(!!!scatter)
    __scatterload_rt2_thumb_only             0x000000d5   Thumb Code     0  __scatter.o(!!!scatter)
    __scatterload_null                       0x000000e3   Thumb Code     0  __scatter.o(!!!scatter)
    __scatterload_copy                       0x00000109   Thumb Code    26  __scatter_copy.o(!!handler_copy)
    __scatterload_zeroinit                   0x00000125   Thumb Code    28  __scatter_zi.o(!!handler_zi)
    __rt_lib_init                            0x00000141   Thumb Code     0  libinit.o(.ARM.Collect$$libinit$$00000000)
    __rt_lib_init_alloca_1                   0x00000143   Thumb Code     0  libinit2.o(.ARM.Collect$$libinit$$0000002E)
    __rt_lib_init_argv_1                     0x00000143   Thumb Code     0  libinit2.o(.ARM.Collect$$libinit$$0000002C)
    __rt_lib_init_atexit_1                   0x00000143   Thumb Code     0  libinit2.o(.ARM.Collect$$libinit$$0000001B)
    __rt_lib_init_clock_1                    0x00000143   Thumb Code     0  libinit2.o(.ARM.Collect$$libinit$$00000021)
    __rt_lib_init_cpp_1                      0x00000143   Thumb Code     0  libinit2.o(.ARM.Collect$$libinit$$00000032)
    __rt_lib_init_exceptions_1               0x00000143   Thumb Code     0  libinit2.o(.ARM.Collect$$libinit$$00000030)
    __rt_lib_init_fp_1                       0x00000143   Thumb Code     0  libinit2.o(.ARM.Collect$$libinit$$00000002)
    __rt_lib_init_fp_trap_1                  0x00000143   Thumb Code     0  libinit2.o(.ARM.Collect$$libinit$$0000001F)
    __rt_lib_init_getenv_1                   0x00000143   Thumb Code     0  libinit2.o(.ARM.Collect$$libinit$$00000023)
    __rt_lib_init_heap_1                     0x00000143   Thumb Code     0  libinit2.o(.ARM.Collect$$libinit$$0000000A)
    __rt_lib_init_lc_collate_1               0x00000143   Thumb Code     0  libinit2.o(.ARM.Collect$$libinit$$00000011)
    __rt_lib_init_lc_ctype_1                 0x00000143   Thumb Code     0  libinit2.o(.ARM.Collect$$libinit$$00000013)
    __rt_lib_init_lc_monetary_1              0x00000143   Thumb Code     0  libinit2.o(.ARM.Collect$$libinit$$00000015)
    __rt_lib_init_lc_numeric_1               0x00000143   Thumb Code     0  libinit2.o(.ARM.Collect$$libinit$$00000017)
    __rt_lib_init_lc_time_1                  0x00000143   Thumb Code     0  libinit2.o(.ARM.Collect$$libinit$$00000019)
    __rt_lib_init_preinit_1                  0x00000143   Thumb Code     0  libinit2.o(.ARM.Collect$$libinit$$00000004)
    __rt_lib_init_rand_1                     0x00000143   Thumb Code     0  libinit2.o(.ARM.Collect$$libinit$$0000000E)
    __rt_lib_init_return                     0x00000143   Thumb Code     0  libinit2.o(.ARM.Collect$$libinit$$00000033)
    __rt_lib_init_signal_1                   0x00000143   Thumb Code     0  libinit2.o(.ARM.Collect$$libinit$$0000001D)
    __rt_lib_init_stdio_1                    0x00000143   Thumb Code     0  libinit2.o(.ARM.Collect$$libinit$$00000025)
    __rt_lib_init_user_alloc_1               0x00000143   Thumb Code     0  libinit2.o(.ARM.Collect$$libinit$$0000000C)
    __rt_lib_shutdown                        0x00000145   Thumb Code     0  libshutdown.o(.ARM.Collect$$libshutdown$$00000000)
    __rt_lib_shutdown_cpp_1                  0x00000147   Thumb Code     0  libshutdown2.o(.ARM.Collect$$libshutdown$$00000004)
    __rt_lib_shutdown_fini_1                 0x00000147   Thumb Code     0  libshutdown2.o(.ARM.Collect$$libshutdown$$00000002)
    __rt_lib_shutdown_fp_trap_1              0x00000147   Thumb Code     0  libshutdown2.o(.ARM.Collect$$libshutdown$$00000009)
    __rt_lib_shutdown_heap_1                 0x00000147   Thumb Code     0  libshutdown2.o(.ARM.Collect$$libshutdown$$00000011)
    __rt_lib_shutdown_return                 0x00000147   Thumb Code     0  libshutdown2.o(.ARM.Collect$$libshutdown$$00000012)
    __rt_lib_shutdown_signal_1               0x00000147   Thumb Code     0  libshutdown2.o(.ARM.Collect$$libshutdown$$0000000C)
    __rt_lib_shutdown_stdio_1                0x00000147   Thumb Code     0  libshutdown2.o(.ARM.Collect$$libshutdown$$00000006)
    __rt_lib_shutdown_user_alloc_1           0x00000147   Thumb Code     0  libshutdown2.o(.ARM.Collect$$libshutdown$$0000000E)
    __rt_entry                               0x00000149   Thumb Code     0  __rtentry.o(.ARM.Collect$$rtentry$$00000000)
    __rt_entry_presh_1                       0x00000149   Thumb Code     0  __rtentry2.o(.ARM.Collect$$rtentry$$00000002)
    __rt_entry_sh                            0x00000149   Thumb Code     0  __rtentry4.o(.ARM.Collect$$rtentry$$00000004)
    __rt_entry_li                            0x0000014f   Thumb Code     0  __rtentry2.o(.ARM.Collect$$rtentry$$0000000A)
    __rt_entry_postsh_1                      0x0000014f   Thumb Code     0  __rtentry2.o(.ARM.Collect$$rtentry$$00000009)
    __rt_entry_main                          0x00000153   Thumb Code     0  __rtentry2.o(.ARM.Collect$$rtentry$$0000000D)
    __rt_entry_postli_1                      0x00000153   Thumb Code     0  __rtentry2.o(.ARM.Collect$$rtentry$$0000000C)
    __rt_exit                                0x0000015b   Thumb Code     0  rtexit.o(.ARM.Collect$$rtexit$$00000000)
    __rt_exit_ls                             0x0000015d   Thumb Code     0  rtexit2.o(.ARM.Collect$$rtexit$$00000003)
    __rt_exit_prels_1                        0x0000015d   Thumb Code     0  rtexit2.o(.ARM.Collect$$rtexit$$00000002)
    __rt_exit_exit                           0x00000161   Thumb Code     0  rtexit2.o(.ARM.Collect$$rtexit$$00000004)
    SVC_RTE                                  0x00000169   Thumb Code     0  hal.o(.emb_text)
    __rte                                    0x00000169   Thumb Code     8  hal.o(.emb_text)
    k_tsk_switch                             0x00000171   Thumb Code    44  k_task.o(.emb_text)
    K_RESTORE                                0x00000183   Thumb Code     0  k_task.o(.emb_text)
    k_tsk_start                              0x000001a1   Thumb Code     2  k_task.o(.emb_text)
    Reset_Handler                            0x000001a5   Thumb Code     8  startup_lpc17xx.o(.text)
    NMI_Handler                              0x000001ad   Thumb Code     2  startup_lpc17xx.o(.text)
    MemManage_Handler                        0x000001b1   Thumb Code     2  startup_lpc17xx.o(.text)
    BusFault_Handler                         0x000001b3   Thumb Code     2  startup_lpc17xx.o(.text)
    UsageFault_Handler                       0x000001b5   Thumb Code     2  startup_lpc17xx.o(.text)
    DebugMon_Handler                         0x000001b9   Thumb Code     2  startup_lpc17xx.o(.text)
    PendSV_Handler                           0x000001bb   Thumb Code     2  startup_lpc17xx.o(.text)
    SysTick_Handler                          0x000001bd   Thumb Code     2  startup_lpc17xx.o(.text)
    ADC_IRQHandler                           0x000001bf   Thumb Code     0  startup_lpc17xx.o(.text)
    BOD_IRQHandler                           0x000001bf   Thumb Code     0  startup_lpc17xx.o(.text)
    CANActivity_IRQHandler                   0x000001bf   Thumb Code     0  startup_lpc17xx.o(.text)
    CAN_IRQHandler                           0x000001bf   Thumb Code     0  startup_lpc17xx.o(.text)
    DMA_IRQHandler                           0x000001bf   Thumb Code     0  startup_lpc17xx.o(.text)
    EINT0_IRQHandler                         0x000001bf   Thumb Code     0  startup_lpc17xx.o(.text)
    EINT1_IRQHandler                         0x000001bf   Thumb Code     0  startup_lpc17xx.o(.text)
    EINT2_IRQHandler                         0x000001bf   Thumb Code     0  startup_lpc17xx.o(.text)
    EINT3_IRQHandler                         0x000001bf   Thumb Code     0  startup_lpc17xx.o(.text)
    ENET_IRQHandler                          0x000001bf   Thumb Code     0  startup_lpc17xx.o(.text)
    I2C0_IRQHandler                          0x000001bf   Thumb Code     0  startup_lpc17xx.o(.text)
    I2C1_IRQHandler                          0x000001bf   Thumb Code     0  startup_lpc17xx.o(.text)
    I2C2_IRQHandler                          0x000001bf   Thumb Code     0  startup_lpc17xx.o(.text)
    I2S_IRQHandler                           0x000001bf   Thumb Code     0  startup_lpc17xx.o(.text)
    MCPWM_IRQHandler                         0x000001bf   Thumb Code     0  startup_lpc17xx.o(.text)
    PLL0_IRQHandler                          0x000001bf   Thumb Code     0  startup_lpc17xx.o(.text)
    PLL1_IRQHandler                          0x000001bf   Thumb Code     0  startup_lpc17xx.o(.text)
    PWM1_IRQHandler                          0x000001bf   Thumb Code     0  startup_lpc17xx.o(.text)
    QEI_IRQHandler                           0x000001bf   Thumb Code     0  startup_lpc17xx.o(.text)
    RIT_IRQHandler                           0x000001bf   Thumb Code     0  startup_lpc17xx.o(.text)
    RTC_IRQHandler                           0x000001bf   Thumb Code     0  startup_lpc17xx.o(.text)
    SPI_IRQHandler                           0x000001bf   Thumb Code     0  startup_lpc17xx.o(.text)
    SSP0_IRQHandler                          0x000001bf   Thumb Code     0  startup_lpc17xx.o(.text)
    SSP1_IRQHandler                          0x000001bf   Thumb Code     0  startup_lpc17xx.o(.text)
    TIMER1_IRQHandler                        0x000001bf   Thumb Code     0  startup_lpc17xx.o(.text)
    TIMER2_IRQHandler                        0x000001bf   Thumb Code     0  startup_lpc17xx.o(.text)
    TIMER3_IRQHandler                        0x000001bf   Thumb Code     0  startup_lpc17xx.o(.text)
    UART1_IRQHandler                         0x000001bf   Thumb Code     0  startup_lpc17xx.o(.text)
    UART2_IRQHandler                         0x000001bf   Thumb Code     0  startup_lpc17xx.o(.text)
    UART3_IRQHandler                         0x000001bf   Thumb Code     0  startup_lpc17xx.o(.text)
    USBActivity_IRQHandler                   0x000001bf   Thumb Code     0  startup_lpc17xx.o(.text)
    USB_IRQHandler                           0x000001bf   Thumb Code     0  startup_lpc17xx.o(.text)
    WDT_IRQHandler                           0x000001bf   Thumb Code     0  startup_lpc17xx.o(.text)
    __user_initial_stackheap                 0x000001c1   Thumb Code     0  startup_lpc17xx.o(.text)
    __use_two_region_memory                  0x000001e1   Thumb Code     2  heapauxi.o(.text)
    __rt_heap_escrow$2region                 0x000001e3   Thumb Code     2  heapauxi.o(.text)
    __rt_heap_expand$2region                 0x000001e5   Thumb Code     2  heapauxi.o(.text)
    __user_setup_stackheap                   0x000001e7   Thumb Code    74  sys_stackheap_outer.o(.text)
    exit                                     0x00000231   Thumb Code    18  exit.o(.text)
    __user_libspace                          0x00000245   Thumb Code     8  libspace.o(.text)
    __user_perproc_libspace                  0x00000245   Thumb Code     0  libspace.o(.text)
    __user_perthread_libspace                0x00000245   Thumb Code     0  libspace.o(.text)
    _sys_exit                                0x0000024d   Thumb Code     8  sys_exit.o(.text)
    __I$use$semihosting                      0x00000259   Thumb Code     0  use_no_semi.o(.text)
    __use_no_semihosting_swi                 0x00000259   Thumb Code     2  use_no_semi.o(.text)
    __semihosting_library_function           0x0000025b   Thumb Code     0  indicate_semi.o(.text)
    HardFault_Handler                        0x0000025d   Thumb Code    22  ae_util.o(i.HardFault_Handler)
    ae_exit                                  0x000002d9   Thumb Code     6  ae.o(i.ae_exit)
    ae_set_init_tasks_info                   0x000002df   Thumb Code    22  ae.o(i.ae_set_init_tasks_info)
    task1                                    0x000002f5   Thumb Code     4  ae_tasks3_g25.o(i.task1)
    task2                                    0x000002f9   Thumb Code     4  ae_tasks3_g25.o(i.task2)
    SVC_Handler                              0x00000301   Thumb Code   296  hal.o(i.SVC_Handler)
    SystemInit                               0x00000429   Thumb Code   302  system_lpc17xx.o(i.SystemInit)
    TIMER0_IRQHandler                        0x00000569   Thumb Code   186  timer.o(i.TIMER0_IRQHandler)
    UART0_IRQHandler                         0x0000063d   Thumb Code   202  uart_irq.o(i.UART0_IRQHandler)
    addMessage                               0x00000785   Thumb Code   132  mailbox.o(i.addMessage)
    addNode                                  0x00000809   Thumb Code   152  free_list.o(i.addNode)
    addTCBtoBack                             0x00000921   Thumb Code    68  ready_queue.o(i.addTCBtoBack)
    addTCBtoFront                            0x00000965   Thumb Code    60  ready_queue.o(i.addTCBtoFront)
    addTCBtoRecvBLK                          0x000009a1   Thumb Code    68  ready_queue.o(i.addTCBtoRecvBLK)
    ae_init                                  0x000009e5   Thumb Code    48  ae.o(i.ae_init)
    ae_set_sys_info                          0x00000a15   Thumb Code    22  ae.o(i.ae_set_sys_info)
    allocate                                 0x00000a2d   Thumb Code   302  free_list.o(i.allocate)
    allocateNode                             0x00000c3d   Thumb Code   150  bit_array.o(i.allocateNode)
    assignTaskId                             0x00000ce5   Thumb Code    58  kcd_task.o(i.assignTaskId)
    canSendMsg                               0x00000d2d   Thumb Code    66  ready_queue.o(i.canSendMsg)
    coalesce                                 0x00000d71   Thumb Code   318  bit_array.o(i.coalesce)
    convertLevelToIndex                      0x00000f25   Thumb Code    16  bit_array.o(i.convertLevelToIndex)
    countDigits                              0x00000f35   Thumb Code    32  kcd_task.o(i.countDigits)
    count_set_bits                           0x00000f55   Thumb Code    18  ae_util.o(i.count_set_bits)
    deallocateMailbox                        0x00000f67   Thumb Code    26  mailbox.o(i.deallocateMailbox)
    findLevel                                0x00000f81   Thumb Code    32  helper.o(i.findLevel)
    findSize                                 0x00000fa1   Thumb Code    20  helper.o(i.findSize)
    gen_req0                                 0x00000fb5   Thumb Code    72  ae_tasks3_g25.o(i.gen_req0)
    getBitPositionMask                       0x00001001   Thumb Code    16  bit_array.o(i.getBitPositionMask)
    getHeight                                0x00001011   Thumb Code    32  bit_array.o(i.getHeight)
    getMessage                               0x00001031   Thumb Code   186  mailbox.o(i.getMessage)
    getTaskId                                0x000010f1   Thumb Code    60  kcd_task.o(i.getTaskId)
    getTotalTimeMicroSeconds                 0x00001139   Thumb Code    18  k_task.o(i.getTotalTimeMicroSeconds)
    getXPosition                             0x0000114b   Thumb Code    20  bit_array.o(i.getXPosition)
    get_tick                                 0x00001161   Thumb Code    58  timer.o(i.get_tick)
    init_ae_tsk_test                         0x000011c9   Thumb Code    96  ae_tasks3_g25.o(i.init_ae_tsk_test)
    init_printf                              0x00001245   Thumb Code    10  printf.o(i.init_printf)
    initializeArrayOfFreeLists               0x00001259   Thumb Code    56  free_list.o(i.initializeArrayOfFreeLists)
    initializeArrayOfReadyQueues             0x00001291   Thumb Code    30  ready_queue.o(i.initializeArrayOfReadyQueues)
    initializeBitArray                       0x000012af   Thumb Code    82  bit_array.o(i.initializeBitArray)
    initializeMailbox                        0x00001301   Thumb Code    44  mailbox.o(i.initializeMailbox)
    isShorter                                0x00001331   Thumb Code    44  edf.o(i.isShorter)
    k_mbx_create                             0x0000135d   Thumb Code    82  k_msg.o(i.k_mbx_create)
    k_mbx_create_cstm_task                   0x000013b9   Thumb Code   104  k_msg.o(i.k_mbx_create_cstm_task)
    k_mbx_get                                0x0000142d   Thumb Code    98  k_msg.o(i.k_mbx_get)
    k_mbx_ls                                 0x0000149d   Thumb Code    88  k_msg.o(i.k_mbx_ls)
    k_mem_init                               0x000014fd   Thumb Code    48  k_mem.o(i.k_mem_init)
    k_mpool_alloc                            0x0000153d   Thumb Code    70  k_mem.o(i.k_mpool_alloc)
    k_mpool_create                           0x00001591   Thumb Code    98  k_mem.o(i.k_mpool_create)
    k_mpool_dealloc                          0x00001621   Thumb Code   104  k_mem.o(i.k_mpool_dealloc)
    k_mpool_dump                             0x00001695   Thumb Code    92  k_mem.o(i.k_mpool_dump)
    k_pre_rtx_init                           0x00001739   Thumb Code    46  k_rtx_init.o(i.k_pre_rtx_init)
    k_recv_msg                               0x00001769   Thumb Code   166  k_msg.o(i.k_recv_msg)
    k_recv_msg_nb                            0x0000181d   Thumb Code   112  k_msg.o(i.k_recv_msg_nb)
    k_recv_msg_nb_uart                       0x00001899   Thumb Code    68  k_msg.o(i.k_recv_msg_nb_uart)
    k_rt_tsk_get                             0x000018e5   Thumb Code   116  k_task.o(i.k_rt_tsk_get)
    k_rt_tsk_set                             0x00001965   Thumb Code   180  k_task.o(i.k_rt_tsk_set)
    k_rt_tsk_susp                            0x00001a29   Thumb Code    78  k_task.o(i.k_rt_tsk_susp)
    k_rtx_init                               0x00001a85   Thumb Code   248  k_rtx_init.o(i.k_rtx_init)
    k_send_msg                               0x00001b99   Thumb Code   264  k_msg.o(i.k_send_msg)
    k_send_msg_nb                            0x00001cb5   Thumb Code   292  k_msg.o(i.k_send_msg_nb)
    k_tsk_create                             0x00001ded   Thumb Code   334  k_task.o(i.k_tsk_create)
    k_tsk_create_new                         0x00001f51   Thumb Code   330  k_task.o(i.k_tsk_create_new)
    k_tsk_exit                               0x000020a9   Thumb Code   108  k_task.o(i.k_tsk_exit)
    k_tsk_get                                0x00002139   Thumb Code   198  k_task.o(i.k_tsk_get)
    k_tsk_gettid                             0x00002209   Thumb Code     8  k_task.o(i.k_tsk_gettid)
    k_tsk_init                               0x00002215   Thumb Code   154  k_task.o(i.k_tsk_init)
    k_tsk_init_first                         0x000022bd   Thumb Code    22  k_task.o(i.k_tsk_init_first)
    k_tsk_ls                                 0x000022d9   Thumb Code    74  k_task.o(i.k_tsk_ls)
    k_tsk_run_new                            0x0000232d   Thumb Code    88  k_task.o(i.k_tsk_run_new)
    k_tsk_run_new_put_current_task_to_rq     0x00002389   Thumb Code    24  k_task.o(i.k_tsk_run_new_put_current_task_to_rq)
    k_tsk_set_prio                           0x000023a9   Thumb Code   308  k_task.o(i.k_tsk_set_prio)
    k_tsk_yield                              0x000024f5   Thumb Code    44  k_task.o(i.k_tsk_yield)
    locateNode                               0x00002551   Thumb Code    48  bit_array.o(i.locateNode)
    log_2                                    0x00002581   Thumb Code    16  helper.o(i.log_2)
    main                                     0x00002591   Thumb Code    84  main.o(i.main)
    parseTime                                0x000025f9   Thumb Code    64  wall_clock_task.o(i.parseTime)
    popFromEDF                               0x00002639   Thumb Code    28  edf.o(i.popFromEDF)
    power                                    0x00002655   Thumb Code    36  helper.o(i.power)
    printLMbuffer                            0x00002679   Thumb Code   198  kcd_task.o(i.printLMbuffer)
    printLTbuffer                            0x00002751   Thumb Code   152  kcd_task.o(i.printLTbuffer)
    printListLevelInOrder                    0x000027f5   Thumb Code    54  k_mem.o(i.printListLevelInOrder)
    printToConsole                           0x0000283d   Thumb Code    64  kcd_task.o(i.printToConsole)
    printToConsole2                          0x0000287d   Thumb Code    64  wall_clock_task.o(i.printToConsole2)
    printToUART                              0x000028bd   Thumb Code   116  cdisp_task.o(i.printToUART)
    print_log                                0x0000293d   Thumb Code    42  ae_util.o(i.print_log)
    print_results                            0x000029ad   Thumb Code   118  ae_util.o(i.print_results)
    print_summary                            0x00002acd   Thumb Code    22  ae_util.o(i.print_summary)
    priorityLevelToIndex                     0x00002af9   Thumb Code    22  ready_queue.o(i.priorityLevelToIndex)
    prnCNF                                   0x00002b11   Thumb Code    30  kcd_task.o(i.prnCNF)
    process_sub_result                       0x00002b49   Thumb Code    46  ae_util.o(i.process_sub_result)
    pushToEDF                                0x00002b81   Thumb Code   164  edf.o(i.pushToEDF)
    putc                                     0x00002c25   Thumb Code    28  uart_polling.o(i.putc)
    removeNode                               0x00002cc5   Thumb Code   168  free_list.o(i.removeNode)
    removeNodes                              0x00002ddd   Thumb Code   430  bit_array.o(i.removeNodes)
    removeSpecificTCB                        0x00003069   Thumb Code    94  ready_queue.o(i.removeSpecificTCB)
    removeTCB                                0x000030c7   Thumb Code    54  ready_queue.o(i.removeTCB)
    scheduler                                0x000030fd   Thumb Code    68  k_task.o(i.scheduler)
    sendAll                                  0x00003149   Thumb Code    48  k_msg.o(i.sendAll)
    sendQScheduler                           0x00003181   Thumb Code    72  k_msg.o(i.sendQScheduler)
    set_ae_init_tasks                        0x000031d1   Thumb Code    24  ae_tasks3_g25.o(i.set_ae_init_tasks)
    set_ae_tasks                             0x000031ed   Thumb Code    64  ae_tasks3_g25.o(i.set_ae_tasks)
    strcpy                                   0x00003231   Thumb Code    32  ae_util.o(i.strcpy)
    subtractTime                             0x00003251   Thumb Code    60  timer.o(i.subtractTime)
    task0                                    0x00003291   Thumb Code    50  ae_tasks3_g25.o(i.task0)
    task_cdisp                               0x000032f1   Thumb Code    40  cdisp_task.o(i.task_cdisp)
    task_kcd                                 0x00003319   Thumb Code   402  kcd_task.o(i.task_kcd)
    task_null                                0x000034e1   Thumb Code     6  null_task.o(i.task_null)
    task_wall_clock                          0x000034e9   Thumb Code   250  wall_clock_task.o(i.task_wall_clock)
    test0_start                              0x000035f9   Thumb Code   380  ae_tasks3_g25.o(i.test0_start)
    test_abort                               0x00003879   Thumb Code    36  ae_util.o(i.test_abort)
    test_exit                                0x000038e5   Thumb Code    16  ae_util.o(i.test_exit)
    tfp_format                               0x00003909   Thumb Code   296  printf.o(i.tfp_format)
    tfp_printf                               0x00003a31   Thumb Code    34  printf.o(i.tfp_printf)
    tfp_sprintf                              0x00003a5d   Thumb Code    38  printf.o(i.tfp_sprintf)
    timeFormat                               0x00003a89   Thumb Code   202  wall_clock_task.o(i.timeFormat)
    timer_freerun_init                       0x00003b55   Thumb Code   136  timer.o(i.timer_freerun_init)
    timer_irq_init                           0x00003bed   Thumb Code   114  timer.o(i.timer_irq_init)
    uart_init                                0x00003c6d   Thumb Code    96  uart_polling.o(i.uart_init)
    uart_irq_init                            0x00003cd9   Thumb Code   168  uart_irq.o(i.uart_irq_init)
    uart_put_char                            0x00003d91   Thumb Code    42  uart_polling.o(i.uart_put_char)
    uart_put_string                          0x00003dc5   Thumb Code    38  uart_polling.o(i.uart_put_string)
    updateParentNodes                        0x00003e41   Thumb Code    74  bit_array.o(i.updateParentNodes)
    update_ae_xtest                          0x00003e8d   Thumb Code    18  ae_tasks3_g25.o(i.update_ae_xtest)
    update_exec_seq                          0x00003ea5   Thumb Code    64  ae_tasks3_g25.o(i.update_exec_seq)
    PREFIX                                   0x00003ee8   Data           8  ae_tasks3_g25.o(.constdata)
    PREFIX_LOG                               0x00003ef0   Data          12  ae_tasks3_g25.o(.constdata)
    PREFIX_LOG2                              0x00003efc   Data          13  ae_tasks3_g25.o(.constdata)
    Region$$Table$$Base                      0x00004008   Number         0  anon$$obj.o(Region$$Table)
    Region$$Table$$Limit                     0x00004028   Number         0  anon$$obj.o(Region$$Table)
    g_buffer                                 0x10000000   Data           1  uart_irq.o(.data)
    g_send_char                              0x10000008   Data           1  uart_irq.o(.data)
    g_char_in                                0x10000009   Data           1  uart_irq.o(.data)
    g_tx_irq                                 0x1000000a   Data           1  uart_irq.o(.data)
    uart_mailbox                             0x1000000c   Data           4  uart_irq.o(.data)
    g_timer_count                            0x10000010   Data           4  timer.o(.data)
    previousTime                             0x10000014   Data           8  timer.o(.data)
    currentTime                              0x1000001c   Data           8  timer.o(.data)
    errno                                    0x10000024   Data           4  k_rtx_init.o(.data)
    gp_current_task                          0x10000028   Data           4  k_task.o(.data)
    g_num_active_tasks                       0x1000002c   Data           4  k_task.o(.data)
    debugEntryPrint                          0x10000030   Data           1  k_task.o(.data)
    letMeChangeToRT                          0x10000031   Data           1  k_task.o(.data)
    debugBA                                  0x10000032   Data           1  bit_array.o(.data)
    debug                                    0x10000033   Data           1  free_list.o(.data)
    g_ae_cases                               0x1000004c   Data           8  ae_tasks3_g25.o(.data)
    array_RAM1                               0x10000054   Data          24  k_mem.o(.bss)
    array_RAM2                               0x1000006c   Data          24  k_mem.o(.bss)
    bitarray_RAM1                            0x10000084   Data          31  k_mem.o(.bss)
    bitarray_RAM2                            0x100000a3   Data         255  k_mem.o(.bss)
    free_list_RAM1                           0x100001a4   Data          64  k_mem.o(.bss)
    free_list_RAM2                           0x100001e4   Data          88  k_mem.o(.bss)
    readyQueuesArray                         0x1000023c   Data          64  k_rtx_init.o(.bss)
    sendQueuesArray                          0x1000027c   Data          40  k_rtx_init.o(.bss)
    g_tcbs                                   0x100002a4   Data         800  k_task.o(.bss)
    lowercase                                0x100005c4   Data          26  kcd_task.o(.bss)
    uppercase                                0x100005de   Data          26  kcd_task.o(.bss)
    digits                                   0x100005f8   Data          10  kcd_task.o(.bss)
    __libspace_start                         0x10000604   Data          96  libspace.o(.bss)
    __temporary_stack_top$libspace           0x10000664   Data           0  libspace.o(.bss)
    g_init_tasks                             0x10000664   Data          20  ae_tasks3_g25.o(.bss)
    g_ae_xtest                               0x10000678   Data         132  ae_tasks3_g25.o(.bss)
    g_tsk_cases                              0x100006fc   Data          72  ae_tasks3_g25.o(.bss)
    g_buf1                                   0x10000744   Data         128  ae_tasks3_g25.o(.bss)
    g_buf2                                   0x100007c4   Data         128  ae_tasks3_g25.o(.bss)
    g_tasks                                  0x10000844   Data          10  ae_tasks3_g25.o(.bss)
    g_tids                                   0x1000084e   Data          10  ae_tasks3_g25.o(.bss)



==============================================================================

Memory Map of the image

  Image Entry point : 0x000000cd

  Load Region LR_IROM1 (Base: 0x00000000, Size: 0x0000407c, Max: 0x00080000, ABSOLUTE)

    Execution Region ER_IROM1 (Exec base: 0x00000000, Load base: 0x00000000, Size: 0x00004028, Max: 0x00080000, ABSOLUTE)

    Exec Addr    Load Addr    Size         Type   Attr      Idx    E Section Name        Object

    0x00000000   0x00000000   0x000000cc   Data   RO         1343    RESET               startup_lpc17xx.o
    0x000000cc   0x000000cc   0x00000008   Code   RO         1393  * !!!main             c_w.l(__main.o)
    0x000000d4   0x000000d4   0x00000034   Code   RO         1812    !!!scatter          c_w.l(__scatter.o)
    0x00000108   0x00000108   0x0000001a   Code   RO         1814    !!handler_copy      c_w.l(__scatter_copy.o)
    0x00000122   0x00000122   0x00000002   PAD
    0x00000124   0x00000124   0x0000001c   Code   RO         1816    !!handler_zi        c_w.l(__scatter_zi.o)
    0x00000140   0x00000140   0x00000002   Code   RO         1490    .ARM.Collect$$libinit$$00000000  c_w.l(libinit.o)
    0x00000142   0x00000142   0x00000000   Code   RO         1539    .ARM.Collect$$libinit$$00000002  c_w.l(libinit2.o)
    0x00000142   0x00000142   0x00000000   Code   RO         1541    .ARM.Collect$$libinit$$00000004  c_w.l(libinit2.o)
    0x00000142   0x00000142   0x00000000   Code   RO         1544    .ARM.Collect$$libinit$$0000000A  c_w.l(libinit2.o)
    0x00000142   0x00000142   0x00000000   Code   RO         1546    .ARM.Collect$$libinit$$0000000C  c_w.l(libinit2.o)
    0x00000142   0x00000142   0x00000000   Code   RO         1548    .ARM.Collect$$libinit$$0000000E  c_w.l(libinit2.o)
    0x00000142   0x00000142   0x00000000   Code   RO         1551    .ARM.Collect$$libinit$$00000011  c_w.l(libinit2.o)
    0x00000142   0x00000142   0x00000000   Code   RO         1553    .ARM.Collect$$libinit$$00000013  c_w.l(libinit2.o)
    0x00000142   0x00000142   0x00000000   Code   RO         1555    .ARM.Collect$$libinit$$00000015  c_w.l(libinit2.o)
    0x00000142   0x00000142   0x00000000   Code   RO         1557    .ARM.Collect$$libinit$$00000017  c_w.l(libinit2.o)
    0x00000142   0x00000142   0x00000000   Code   RO         1559    .ARM.Collect$$libinit$$00000019  c_w.l(libinit2.o)
    0x00000142   0x00000142   0x00000000   Code   RO         1561    .ARM.Collect$$libinit$$0000001B  c_w.l(libinit2.o)
    0x00000142   0x00000142   0x00000000   Code   RO         1563    .ARM.Collect$$libinit$$0000001D  c_w.l(libinit2.o)
    0x00000142   0x00000142   0x00000000   Code   RO         1565    .ARM.Collect$$libinit$$0000001F  c_w.l(libinit2.o)
    0x00000142   0x00000142   0x00000000   Code   RO         1567    .ARM.Collect$$libinit$$00000021  c_w.l(libinit2.o)
    0x00000142   0x00000142   0x00000000   Code   RO         1569    .ARM.Collect$$libinit$$00000023  c_w.l(libinit2.o)
    0x00000142   0x00000142   0x00000000   Code   RO         1571    .ARM.Collect$$libinit$$00000025  c_w.l(libinit2.o)
    0x00000142   0x00000142   0x00000000   Code   RO         1575    .ARM.Collect$$libinit$$0000002C  c_w.l(libinit2.o)
    0x00000142   0x00000142   0x00000000   Code   RO         1577    .ARM.Collect$$libinit$$0000002E  c_w.l(libinit2.o)
    0x00000142   0x00000142   0x00000000   Code   RO         1579    .ARM.Collect$$libinit$$00000030  c_w.l(libinit2.o)
    0x00000142   0x00000142   0x00000000   Code   RO         1581    .ARM.Collect$$libinit$$00000032  c_w.l(libinit2.o)
    0x00000142   0x00000142   0x00000002   Code   RO         1582    .ARM.Collect$$libinit$$00000033  c_w.l(libinit2.o)
    0x00000144   0x00000144   0x00000002   Code   RO         1767    .ARM.Collect$$libshutdown$$00000000  c_w.l(libshutdown.o)
    0x00000146   0x00000146   0x00000000   Code   RO         1793    .ARM.Collect$$libshutdown$$00000002  c_w.l(libshutdown2.o)
    0x00000146   0x00000146   0x00000000   Code   RO         1795    .ARM.Collect$$libshutdown$$00000004  c_w.l(libshutdown2.o)
    0x00000146   0x00000146   0x00000000   Code   RO         1797    .ARM.Collect$$libshutdown$$00000006  c_w.l(libshutdown2.o)
    0x00000146   0x00000146   0x00000000   Code   RO         1800    .ARM.Collect$$libshutdown$$00000009  c_w.l(libshutdown2.o)
    0x00000146   0x00000146   0x00000000   Code   RO         1803    .ARM.Collect$$libshutdown$$0000000C  c_w.l(libshutdown2.o)
    0x00000146   0x00000146   0x00000000   Code   RO         1805    .ARM.Collect$$libshutdown$$0000000E  c_w.l(libshutdown2.o)
    0x00000146   0x00000146   0x00000000   Code   RO         1808    .ARM.Collect$$libshutdown$$00000011  c_w.l(libshutdown2.o)
    0x00000146   0x00000146   0x00000002   Code   RO         1809    .ARM.Collect$$libshutdown$$00000012  c_w.l(libshutdown2.o)
    0x00000148   0x00000148   0x00000000   Code   RO         1395    .ARM.Collect$$rtentry$$00000000  c_w.l(__rtentry.o)
    0x00000148   0x00000148   0x00000000   Code   RO         1401    .ARM.Collect$$rtentry$$00000002  c_w.l(__rtentry2.o)
    0x00000148   0x00000148   0x00000006   Code   RO         1413    .ARM.Collect$$rtentry$$00000004  c_w.l(__rtentry4.o)
    0x0000014e   0x0000014e   0x00000000   Code   RO         1403    .ARM.Collect$$rtentry$$00000009  c_w.l(__rtentry2.o)
    0x0000014e   0x0000014e   0x00000004   Code   RO         1404    .ARM.Collect$$rtentry$$0000000A  c_w.l(__rtentry2.o)
    0x00000152   0x00000152   0x00000000   Code   RO         1406    .ARM.Collect$$rtentry$$0000000C  c_w.l(__rtentry2.o)
    0x00000152   0x00000152   0x00000008   Code   RO         1407    .ARM.Collect$$rtentry$$0000000D  c_w.l(__rtentry2.o)
    0x0000015a   0x0000015a   0x00000002   Code   RO         1530    .ARM.Collect$$rtexit$$00000000  c_w.l(rtexit.o)
    0x0000015c   0x0000015c   0x00000000   Code   RO         1676    .ARM.Collect$$rtexit$$00000002  c_w.l(rtexit2.o)
    0x0000015c   0x0000015c   0x00000004   Code   RO         1677    .ARM.Collect$$rtexit$$00000003  c_w.l(rtexit2.o)
    0x00000160   0x00000160   0x00000006   Code   RO         1678    .ARM.Collect$$rtexit$$00000004  c_w.l(rtexit2.o)
    0x00000166   0x00000166   0x00000002   PAD
    0x00000168   0x00000168   0x00000008   Code   RO          302    .emb_text           hal.o
    0x00000170   0x00000170   0x00000032   Code   RO          589    .emb_text           k_task.o
    0x000001a2   0x000001a2   0x00000002   PAD
    0x000001a4   0x000001a4   0x0000003c   Code   RO         1345    .text               startup_lpc17xx.o
    0x000001e0   0x000001e0   0x00000006   Code   RO         1391    .text               c_w.l(heapauxi.o)
    0x000001e6   0x000001e6   0x0000004a   Code   RO         1477    .text               c_w.l(sys_stackheap_outer.o)
    0x00000230   0x00000230   0x00000012   Code   RO         1479    .text               c_w.l(exit.o)
    0x00000242   0x00000242   0x00000002   PAD
    0x00000244   0x00000244   0x00000008   Code   RO         1527    .text               c_w.l(libspace.o)
    0x0000024c   0x0000024c   0x0000000c   Code   RO         1673    .text               c_w.l(sys_exit.o)
    0x00000258   0x00000258   0x00000002   Code   RO         1756    .text               c_w.l(use_no_semi.o)
    0x0000025a   0x0000025a   0x00000000   Code   RO         1758    .text               c_w.l(indicate_semi.o)
    0x0000025a   0x0000025a   0x00000002   PAD
    0x0000025c   0x0000025c   0x00000030   Code   RO         1690    i.HardFault_Handler  ae-lib-sim.lib(ae_util.o)
    0x0000028c   0x0000028c   0x00000022   Code   RO           88    i.__NVIC_EnableIRQ  uart_irq.o
    0x000002ae   0x000002ae   0x00000002   PAD
    0x000002b0   0x000002b0   0x00000028   Code   RO           89    i.__NVIC_SetPriority  uart_irq.o
    0x000002d8   0x000002d8   0x00000006   Code   RO         1491    i.ae_exit           ae-lib-sim.lib(ae.o)
    0x000002de   0x000002de   0x00000016   Code   RO         1493    i.ae_set_init_tasks_info  ae-lib-sim.lib(ae.o)
    0x000002f4   0x000002f4   0x00000004   Code   RO         1589    i.task1             ae-lib-sim.lib(ae_tasks3_g25.o)
    0x000002f8   0x000002f8   0x00000004   Code   RO         1590    i.task2             ae-lib-sim.lib(ae_tasks3_g25.o)
    0x000002fc   0x000002fc   0x00000004   Code   RO         1344    .ARM.__at_0x02FC    startup_lpc17xx.o
    0x00000300   0x00000300   0x00000128   Code   RO          303    i.SVC_Handler       hal.o
    0x00000428   0x00000428   0x00000140   Code   RO         1355    i.SystemInit        system_lpc17xx.o
    0x00000568   0x00000568   0x000000d4   Code   RO          192    i.TIMER0_IRQHandler  timer.o
    0x0000063c   0x0000063c   0x000000dc   Code   RO           87    i.UART0_IRQHandler  uart_irq.o
    0x00000718   0x00000718   0x00000032   Code   RO         1069    i.a2d               printf.o
    0x0000074a   0x0000074a   0x0000003a   Code   RO         1070    i.a2i               printf.o
    0x00000784   0x00000784   0x00000084   Code   RO          978    i.addMessage        mailbox.o
    0x00000808   0x00000808   0x00000118   Code   RO          819    i.addNode           free_list.o
    0x00000920   0x00000920   0x00000044   Code   RO          909    i.addTCBtoBack      ready_queue.o
    0x00000964   0x00000964   0x0000003c   Code   RO          910    i.addTCBtoFront     ready_queue.o
    0x000009a0   0x000009a0   0x00000044   Code   RO          911    i.addTCBtoRecvBLK   ready_queue.o
    0x000009e4   0x000009e4   0x00000030   Code   RO         1492    i.ae_init           ae-lib-sim.lib(ae.o)
    0x00000a14   0x00000a14   0x00000016   Code   RO         1494    i.ae_set_sys_info   ae-lib-sim.lib(ae.o)
    0x00000a2a   0x00000a2a   0x00000002   PAD
    0x00000a2c   0x00000a2c   0x00000210   Code   RO          820    i.allocate          free_list.o
    0x00000c3c   0x00000c3c   0x000000a8   Code   RO          735    i.allocateNode      bit_array.o
    0x00000ce4   0x00000ce4   0x00000048   Code   RO         1183    i.assignTaskId      kcd_task.o
    0x00000d2c   0x00000d2c   0x00000042   Code   RO          912    i.canSendMsg        ready_queue.o
    0x00000d6e   0x00000d6e   0x00000002   PAD
    0x00000d70   0x00000d70   0x000001b4   Code   RO          736    i.coalesce          bit_array.o
    0x00000f24   0x00000f24   0x00000010   Code   RO          737    i.convertLevelToIndex  bit_array.o
    0x00000f34   0x00000f34   0x00000020   Code   RO         1184    i.countDigits       kcd_task.o
    0x00000f54   0x00000f54   0x00000012   Code   RO         1691    i.count_set_bits    ae-lib-sim.lib(ae_util.o)
    0x00000f66   0x00000f66   0x0000001a   Code   RO          979    i.deallocateMailbox  mailbox.o
    0x00000f80   0x00000f80   0x00000020   Code   RO          868    i.findLevel         helper.o
    0x00000fa0   0x00000fa0   0x00000014   Code   RO          869    i.findSize          helper.o
    0x00000fb4   0x00000fb4   0x0000004c   Code   RO         1583    i.gen_req0          ae-lib-sim.lib(ae_tasks3_g25.o)
    0x00001000   0x00001000   0x00000010   Code   RO          738    i.getBitPositionMask  bit_array.o
    0x00001010   0x00001010   0x00000020   Code   RO          739    i.getHeight         bit_array.o
    0x00001030   0x00001030   0x000000c0   Code   RO          980    i.getMessage        mailbox.o
    0x000010f0   0x000010f0   0x00000048   Code   RO         1185    i.getTaskId         kcd_task.o
    0x00001138   0x00001138   0x00000012   Code   RO          590    i.getTotalTimeMicroSeconds  k_task.o
    0x0000114a   0x0000114a   0x00000014   Code   RO          740    i.getXPosition      bit_array.o
    0x0000115e   0x0000115e   0x00000002   PAD
    0x00001160   0x00001160   0x00000048   Code   RO          193    i.get_tick          timer.o
    0x000011a8   0x000011a8   0x00000020   Code   RO         1071    i.i2a               printf.o
    0x000011c8   0x000011c8   0x0000007c   Code   RO         1585    i.init_ae_tsk_test  ae-lib-sim.lib(ae_tasks3_g25.o)
    0x00001244   0x00001244   0x00000014   Code   RO         1072    i.init_printf       printf.o
    0x00001258   0x00001258   0x00000038   Code   RO          821    i.initializeArrayOfFreeLists  free_list.o
    0x00001290   0x00001290   0x0000001e   Code   RO          913    i.initializeArrayOfReadyQueues  ready_queue.o
    0x000012ae   0x000012ae   0x00000052   Code   RO          741    i.initializeBitArray  bit_array.o
    0x00001300   0x00001300   0x00000030   Code   RO          981    i.initializeMailbox  mailbox.o
    0x00001330   0x00001330   0x0000002c   Code   RO         1033    i.isShorter         edf.o
    0x0000135c   0x0000135c   0x0000005c   Code   RO          453    i.k_mbx_create      k_msg.o
    0x000013b8   0x000013b8   0x00000074   Code   RO          454    i.k_mbx_create_cstm_task  k_msg.o
    0x0000142c   0x0000142c   0x00000070   Code   RO          455    i.k_mbx_get         k_msg.o
    0x0000149c   0x0000149c   0x00000060   Code   RO          456    i.k_mbx_ls          k_msg.o
    0x000014fc   0x000014fc   0x00000040   Code   RO          388    i.k_mem_init        k_mem.o
    0x0000153c   0x0000153c   0x00000054   Code   RO          389    i.k_mpool_alloc     k_mem.o
    0x00001590   0x00001590   0x00000090   Code   RO          390    i.k_mpool_create    k_mem.o
    0x00001620   0x00001620   0x00000074   Code   RO          391    i.k_mpool_dealloc   k_mem.o
    0x00001694   0x00001694   0x000000a4   Code   RO          392    i.k_mpool_dump      k_mem.o
    0x00001738   0x00001738   0x0000002e   Code   RO          538    i.k_pre_rtx_init    k_rtx_init.o
    0x00001766   0x00001766   0x00000002   PAD
    0x00001768   0x00001768   0x000000b4   Code   RO          457    i.k_recv_msg        k_msg.o
    0x0000181c   0x0000181c   0x0000007c   Code   RO          458    i.k_recv_msg_nb     k_msg.o
    0x00001898   0x00001898   0x0000004c   Code   RO          459    i.k_recv_msg_nb_uart  k_msg.o
    0x000018e4   0x000018e4   0x00000080   Code   RO          591    i.k_rt_tsk_get      k_task.o
    0x00001964   0x00001964   0x000000c4   Code   RO          592    i.k_rt_tsk_set      k_task.o
    0x00001a28   0x00001a28   0x0000005c   Code   RO          593    i.k_rt_tsk_susp     k_task.o
    0x00001a84   0x00001a84   0x00000114   Code   RO          539    i.k_rtx_init        k_rtx_init.o
    0x00001b98   0x00001b98   0x0000011c   Code   RO          460    i.k_send_msg        k_msg.o
    0x00001cb4   0x00001cb4   0x00000138   Code   RO          461    i.k_send_msg_nb     k_msg.o
    0x00001dec   0x00001dec   0x00000164   Code   RO          594    i.k_tsk_create      k_task.o
    0x00001f50   0x00001f50   0x00000158   Code   RO          595    i.k_tsk_create_new  k_task.o
    0x000020a8   0x000020a8   0x00000090   Code   RO          596    i.k_tsk_exit        k_task.o
    0x00002138   0x00002138   0x000000d0   Code   RO          597    i.k_tsk_get         k_task.o
    0x00002208   0x00002208   0x0000000c   Code   RO          598    i.k_tsk_gettid      k_task.o
    0x00002214   0x00002214   0x000000a8   Code   RO          599    i.k_tsk_init        k_task.o
    0x000022bc   0x000022bc   0x0000001c   Code   RO          600    i.k_tsk_init_first  k_task.o
    0x000022d8   0x000022d8   0x00000054   Code   RO          601    i.k_tsk_ls          k_task.o
    0x0000232c   0x0000232c   0x0000005c   Code   RO          602    i.k_tsk_run_new     k_task.o
    0x00002388   0x00002388   0x00000020   Code   RO          603    i.k_tsk_run_new_put_current_task_to_rq  k_task.o
    0x000023a8   0x000023a8   0x0000014c   Code   RO          604    i.k_tsk_set_prio    k_task.o
    0x000024f4   0x000024f4   0x0000005c   Code   RO          605    i.k_tsk_yield       k_task.o
    0x00002550   0x00002550   0x00000030   Code   RO          742    i.locateNode        bit_array.o
    0x00002580   0x00002580   0x00000010   Code   RO          870    i.log_2             helper.o
    0x00002590   0x00002590   0x00000068   Code   RO         1419    i.main              ae-lib-sim.lib(main.o)
    0x000025f8   0x000025f8   0x00000040   Code   RO         1296    i.parseTime         wall_clock_task.o
    0x00002638   0x00002638   0x0000001c   Code   RO         1034    i.popFromEDF        edf.o
    0x00002654   0x00002654   0x00000024   Code   RO          871    i.power             helper.o
    0x00002678   0x00002678   0x000000d8   Code   RO         1186    i.printLMbuffer     kcd_task.o
    0x00002750   0x00002750   0x000000a4   Code   RO         1187    i.printLTbuffer     kcd_task.o
    0x000027f4   0x000027f4   0x00000048   Code   RO          393    i.printListLevelInOrder  k_mem.o
    0x0000283c   0x0000283c   0x00000040   Code   RO         1188    i.printToConsole    kcd_task.o
    0x0000287c   0x0000287c   0x00000040   Code   RO         1297    i.printToConsole2   wall_clock_task.o
    0x000028bc   0x000028bc   0x00000080   Code   RO         1134    i.printToUART       cdisp_task.o
    0x0000293c   0x0000293c   0x00000070   Code   RO         1692    i.print_log         ae-lib-sim.lib(ae_util.o)
    0x000029ac   0x000029ac   0x00000120   Code   RO         1693    i.print_results     ae-lib-sim.lib(ae_util.o)
    0x00002acc   0x00002acc   0x0000002c   Code   RO         1694    i.print_summary     ae-lib-sim.lib(ae_util.o)
    0x00002af8   0x00002af8   0x00000016   Code   RO          914    i.priorityLevelToIndex  ready_queue.o
    0x00002b0e   0x00002b0e   0x00000002   PAD
    0x00002b10   0x00002b10   0x00000038   Code   RO         1189    i.prnCNF            kcd_task.o
    0x00002b48   0x00002b48   0x00000038   Code   RO         1695    i.process_sub_result  ae-lib-sim.lib(ae_util.o)
    0x00002b80   0x00002b80   0x000000a4   Code   RO         1035    i.pushToEDF         edf.o
    0x00002c24   0x00002c24   0x00000044   Code   RO            4    i.putc              uart_polling.o
    0x00002c68   0x00002c68   0x00000052   Code   RO         1073    i.putchw            printf.o
    0x00002cba   0x00002cba   0x0000000a   Code   RO         1074    i.putcp             printf.o
    0x00002cc4   0x00002cc4   0x00000118   Code   RO          822    i.removeNode        free_list.o
    0x00002ddc   0x00002ddc   0x0000028c   Code   RO          743    i.removeNodes       bit_array.o
    0x00003068   0x00003068   0x0000005e   Code   RO          915    i.removeSpecificTCB  ready_queue.o
    0x000030c6   0x000030c6   0x00000036   Code   RO          916    i.removeTCB         ready_queue.o
    0x000030fc   0x000030fc   0x0000004c   Code   RO          606    i.scheduler         k_task.o
    0x00003148   0x00003148   0x00000038   Code   RO          462    i.sendAll           k_msg.o
    0x00003180   0x00003180   0x00000050   Code   RO          463    i.sendQScheduler    k_msg.o
    0x000031d0   0x000031d0   0x0000001c   Code   RO         1586    i.set_ae_init_tasks  ae-lib-sim.lib(ae_tasks3_g25.o)
    0x000031ec   0x000031ec   0x00000044   Code   RO         1587    i.set_ae_tasks      ae-lib-sim.lib(ae_tasks3_g25.o)
    0x00003230   0x00003230   0x00000020   Code   RO         1696    i.strcpy            ae-lib-sim.lib(ae_util.o)
    0x00003250   0x00003250   0x00000040   Code   RO          194    i.subtractTime      timer.o
    0x00003290   0x00003290   0x00000060   Code   RO         1588    i.task0             ae-lib-sim.lib(ae_tasks3_g25.o)
    0x000032f0   0x000032f0   0x00000028   Code   RO         1135    i.task_cdisp        cdisp_task.o
    0x00003318   0x00003318   0x000001c8   Code   RO         1190    i.task_kcd          kcd_task.o
    0x000034e0   0x000034e0   0x00000006   Code   RO         1268    i.task_null         null_task.o
    0x000034e6   0x000034e6   0x00000002   PAD
    0x000034e8   0x000034e8   0x00000110   Code   RO         1298    i.task_wall_clock   wall_clock_task.o
    0x000035f8   0x000035f8   0x00000280   Code   RO         1591    i.test0_start       ae-lib-sim.lib(ae_tasks3_g25.o)
    0x00003878   0x00003878   0x0000006c   Code   RO         1697    i.test_abort        ae-lib-sim.lib(ae_util.o)
    0x000038e4   0x000038e4   0x00000024   Code   RO         1698    i.test_exit         ae-lib-sim.lib(ae_util.o)
    0x00003908   0x00003908   0x00000128   Code   RO         1075    i.tfp_format        printf.o
    0x00003a30   0x00003a30   0x0000002c   Code   RO         1076    i.tfp_printf        printf.o
    0x00003a5c   0x00003a5c   0x0000002c   Code   RO         1077    i.tfp_sprintf       printf.o
    0x00003a88   0x00003a88   0x000000ca   Code   RO         1299    i.timeFormat        wall_clock_task.o
    0x00003b52   0x00003b52   0x00000002   PAD
    0x00003b54   0x00003b54   0x00000098   Code   RO          195    i.timer_freerun_init  timer.o
    0x00003bec   0x00003bec   0x00000080   Code   RO          196    i.timer_irq_init    timer.o
    0x00003c6c   0x00003c6c   0x0000006c   Code   RO            6    i.uart_init         uart_polling.o
    0x00003cd8   0x00003cd8   0x000000b8   Code   RO           90    i.uart_irq_init     uart_irq.o
    0x00003d90   0x00003d90   0x00000034   Code   RO            7    i.uart_put_char     uart_polling.o
    0x00003dc4   0x00003dc4   0x00000026   Code   RO            8    i.uart_put_string   uart_polling.o
    0x00003dea   0x00003dea   0x00000056   Code   RO         1078    i.ui2a              printf.o
    0x00003e40   0x00003e40   0x0000004a   Code   RO          744    i.updateParentNodes  bit_array.o
    0x00003e8a   0x00003e8a   0x00000002   PAD
    0x00003e8c   0x00003e8c   0x00000018   Code   RO         1592    i.update_ae_xtest   ae-lib-sim.lib(ae_tasks3_g25.o)
    0x00003ea4   0x00003ea4   0x00000044   Code   RO         1593    i.update_exec_seq   ae-lib-sim.lib(ae_tasks3_g25.o)
    0x00003ee8   0x00003ee8   0x00000021   Data   RO         1595    .constdata          ae-lib-sim.lib(ae_tasks3_g25.o)
    0x00003f09   0x00003f09   0x00000003   PAD
    0x00003f0c   0x00003f0c   0x000000f9   Data   RO         1596    .conststring        ae-lib-sim.lib(ae_tasks3_g25.o)
    0x00004005   0x00004005   0x00000003   PAD
    0x00004008   0x00004008   0x00000020   Data   RO         1810    Region$$Table       anon$$obj.o


    Execution Region RW_IRAM1 (Exec base: 0x10000000, Load base: 0x00004028, Size: 0x00000a58, Max: 0x00007000, ABSOLUTE)

    Exec Addr    Load Addr    Size         Type   Attr      Idx    E Section Name        Object

    0x10000000   0x00004028   0x00000010   Data   RW           91    .data               uart_irq.o
    0x10000010   0x00004038   0x00000014   Data   RW          197    .data               timer.o
    0x10000024   0x0000404c   0x00000004   Data   RW          541    .data               k_rtx_init.o
    0x10000028   0x00004050   0x0000000a   Data   RW          608    .data               k_task.o
    0x10000032   0x0000405a   0x00000001   Data   RW          745    .data               bit_array.o
    0x10000033   0x0000405b   0x00000001   Data   RW          823    .data               free_list.o
    0x10000034   0x0000405c   0x00000008   Data   RW         1079    .data               printf.o
    0x1000003c   0x00004064   0x00000010   Data   RW         1420    .data               ae-lib-sim.lib(main.o)
    0x1000004c   0x00004074   0x00000008   Data   RW         1597    .data               ae-lib-sim.lib(ae_tasks3_g25.o)
    0x10000054        -       0x000001e8   Zero   RW          394    .bss                k_mem.o
    0x1000023c        -       0x00000068   Zero   RW          540    .bss                k_rtx_init.o
    0x100002a4        -       0x00000320   Zero   RW          607    .bss                k_task.o
    0x100005c4        -       0x0000003e   Zero   RW         1191    .bss                kcd_task.o
    0x10000602   0x0000407c   0x00000002   PAD
    0x10000604        -       0x00000060   Zero   RW         1528    .bss                c_w.l(libspace.o)
    0x10000664        -       0x000001f4   Zero   RW         1594    .bss                ae-lib-sim.lib(ae_tasks3_g25.o)
    0x10000858        -       0x00000000   Zero   RW         1342    HEAP                startup_lpc17xx.o
    0x10000858        -       0x00000200   Zero   RW         1341    STACK               startup_lpc17xx.o


==============================================================================

Image component sizes


      Code (inc. data)   RO Data    RW Data    ZI Data      Debug   Object Name

      1544        358          0          1          0       8054   bit_array.o
       168         12          0          0          0       1746   cdisp_task.o
       236          0          0          0          0       2205   edf.o
      1144        466          0          1          0       4103   free_list.o
       304         24          0          0          0       7591   hal.o
       104          0          0          0          0       2287   helper.o
       644        178          0          0        488       5035   k_mem.o
      1528        134          0          0          0       7641   k_msg.o
       322         28          0          4        104       6419   k_rtx_init.o
      2452        254          0         10        800      17581   k_task.o
      1132        136          0          0         62       6479   kcd_task.o
       398         10          0          0          0       4090   mailbox.o
         6          0          0          0          0        404   null_task.o
       722         26          0          8          0       6506   printf.o
       462          0          0          0          0       6012   ready_queue.o
        64         26        204          0        512       1016   startup_lpc17xx.o
       320         18          0          0          0        581   system_lpc17xx.o
       628         74          0         20          0      35487   timer.o
       478         42          0         16          0       7206   uart_irq.o
       266         62          0          0          0      24289   uart_polling.o
       602         22          0          0          0       3853   wall_clock_task.o

    ----------------------------------------------------------------------
     13542       1870        236         60       1968     158585   Object Totals
         0          0         32          0          0          0   (incl. Generated)
        18          0          0          0          2          0   (incl. Padding)

    ----------------------------------------------------------------------

      Code (inc. data)   RO Data    RW Data    ZI Data      Debug   Library Member Name

        98          0          0          0          0       4947   ae.o
      1132        356        282          8        500       7383   ae_tasks3_g25.o
       742        390          0          0          0       5766   ae_util.o
       104         20          0         16          0       4963   main.o
         8          0          0          0          0         68   __main.o
         0          0          0          0          0          0   __rtentry.o
        12          0          0          0          0          0   __rtentry2.o
         6          0          0          0          0          0   __rtentry4.o
        52          8          0          0          0          0   __scatter.o
        26          0          0          0          0          0   __scatter_copy.o
        28          0          0          0          0          0   __scatter_zi.o
        18          0          0          0          0         80   exit.o
         6          0          0          0          0        152   heapauxi.o
         0          0          0          0          0          0   indicate_semi.o
         2          0          0          0          0          0   libinit.o
         2          0          0          0          0          0   libinit2.o
         2          0          0          0          0          0   libshutdown.o
         2          0          0          0          0          0   libshutdown2.o
         8          4          0          0         96         68   libspace.o
         2          0          0          0          0          0   rtexit.o
        10          0          0          0          0          0   rtexit2.o
        12          4          0          0          0         68   sys_exit.o
        74          0          0          0          0         80   sys_stackheap_outer.o
         2          0          0          0          0         68   use_no_semi.o

    ----------------------------------------------------------------------
      2358        782        288         24        596      23643   Library Totals
        10          0          6          0          0          0   (incl. Padding)

    ----------------------------------------------------------------------

      Code (inc. data)   RO Data    RW Data    ZI Data      Debug   Library Name

      2076        766        282         24        500      23059   ae-lib-sim.lib
       272         16          0          0         96        584   c_w.l

    ----------------------------------------------------------------------
      2358        782        288         24        596      23643   Library Totals

    ----------------------------------------------------------------------

==============================================================================


      Code (inc. data)   RO Data    RW Data    ZI Data      Debug   

     15900       2652        524         84       2564     175256   Grand Totals
     15900       2652        524         84       2564     175256   ELF Image Totals
     15900       2652        524         84          0          0   ROM Totals

==============================================================================

    Total RO  Size (Code + RO Data)                16424 (  16.04kB)
    Total RW  Size (RW Data + ZI Data)              2648 (   2.59kB)
    Total ROM Size (Code + RO Data + RW Data)      16508 (  16.12kB)

==============================================================================

